 noiseless_dylib

 Timestamp is 5bd763de (Mon Oct 29 20:47:42 2018)

 Preferred load address is 0000000180000000

 Start         Length     Name                   Class
 0001:00000000 00000060H .text$di                CODE
 0001:00000060 00010720H .text$mn                CODE
 0001:00010780 000000e0H .text$mn$00             CODE
 0001:00010860 000009d0H .text$x                 CODE
 0001:00011230 0000002cH .text$yd                CODE
 0002:00000000 00000440H .idata$5                DATA
 0002:00000440 00000020H .00cfg                  DATA
 0002:00000460 00000008H .CRT$XCA                DATA
 0002:00000468 00000018H .CRT$XCU                DATA
 0002:00000480 00000008H .CRT$XCZ                DATA
 0002:00000488 00000008H .CRT$XIA                DATA
 0002:00000490 00000008H .CRT$XIZ                DATA
 0002:00000498 00000008H .CRT$XPA                DATA
 0002:000004a0 00000008H .CRT$XPZ                DATA
 0002:000004a8 00000008H .CRT$XTA                DATA
 0002:000004b0 00000010H .CRT$XTZ                DATA
 0002:000004b8 00000000H .gfids$y                DATA
 0002:000004c0 00001a00H .rdata                  DATA
 0002:00001ec0 000001f4H .rdata$r                DATA
 0002:000020b4 0000033cH .rdata$zzzdbg           DATA
 0002:000023f0 00000008H .rtc$IAA                DATA
 0002:000023f8 00000008H .rtc$IZZ                DATA
 0002:00002400 00000008H .rtc$TAA                DATA
 0002:00002408 00000008H .rtc$TZZ                DATA
 0002:00002410 00002b18H .xdata                  DATA
 0002:00004f28 00000218H .xdata$x                DATA
 0002:00005140 00000260H .edata                  DATA
 0002:000053a0 000000f0H .idata$2                DATA
 0002:00005490 00000018H .idata$3                DATA
 0002:000054a8 00000440H .idata$4                DATA
 0002:000058e8 00000f64H .idata$6                DATA
 0003:00000000 00000058H .data                   DATA
 0003:00000058 00000168H .data$r                 DATA
 0003:000001c0 00000600H .bss                    DATA
 0004:00000000 0000135cH .pdata                  DATA
 0005:00000000 000006e0H _RDATA                  DATA
 0006:00000000 00000060H .rsrc$01                DATA
 0006:00000060 00000180H .rsrc$02                DATA

  Address         Publics by Value              Rva+Base               Lib:Object

 0000:00000000       ___safe_se_handler_count   0000000000000000     <absolute>
 0000:00000000       __guard_longjmp_count      0000000000000000     <absolute>
 0000:00000000       __guard_longjmp_table      0000000000000000     <absolute>
 0000:00000000       __guard_iat_count          0000000000000000     <absolute>
 0000:00000000       __guard_iat_table          0000000000000000     <absolute>
 0000:00000000       __dynamic_value_reloc_table 0000000000000000     <absolute>
 0000:00000000       __hybrid_code_map          0000000000000000     <absolute>
 0000:00000000       ___safe_se_handler_table   0000000000000000     <absolute>
 0000:00000000       __enclave_config           0000000000000000     <absolute>
 0000:00000000       __hybrid_code_map_count    0000000000000000     <absolute>
 0000:00000000       __guard_fids_count         0000000000000000     <absolute>
 0000:00000000       __guard_fids_table         0000000000000000     <absolute>
 0000:00000000       __hybrid_auxiliary_iat     0000000000000000     <absolute>
 0000:00000100       __guard_flags              0000000000000100     <absolute>
 0000:00000000       __ImageBase                0000000180000000     <linker-defined>
 0001:00000060       nl_create_allocator        0000000180001060 f   allocator_c_api.obj
 0001:00000090       nl_destroy_allocator       0000000180001090 f   allocator_c_api.obj
 0001:000000b0       ??1?$Vector@D@bento@@QEAA@XZ 00000001800010b0 f i asset_database_c_api.obj
 0001:000000f0       ?clear@?$Vector@D@bento@@QEAAXXZ 00000001800010f0 f i asset_database_c_api.obj
 0001:00000100       ?free@?$Vector@D@bento@@QEAAXXZ 0000000180001100 f i asset_database_c_api.obj
 0001:00000130       nl_adb_build               0000000180001130 f   asset_database_c_api.obj
 0001:000001e0       nl_create_adb              00000001800011e0 f   asset_database_c_api.obj
 0001:00000210       nl_destroy_adb             0000000180001210 f   asset_database_c_api.obj
 0001:00000220       nl_create_integrator       0000000180001220 f   integrator_c_api.obj
 0001:00000250       nl_destroy_integrator      0000000180001250 f   integrator_c_api.obj
 0001:00000260       nl_integrator_clear_scene  0000000180001260 f   integrator_c_api.obj
 0001:00000270       nl_integrator_initialize_resources 0000000180001270 f   integrator_c_api.obj
 0001:00000280       nl_integrator_release_resources 0000000180001280 f   integrator_c_api.obj
 0001:00000290       nl_integrator_render       0000000180001290 f   integrator_c_api.obj
 0001:00000310       nl_integrator_set_resolution 0000000180001310 f   integrator_c_api.obj
 0001:00000320       nl_integrator_setup_scene  0000000180001320 f   integrator_c_api.obj
 0001:00000330       ?clear@?$Vector@UIVector3@bento@@@bento@@QEAAXXZ 0000000180001330 f i scene_c_api.obj
 0001:00000340       ?clear@?$Vector@UVector3@bento@@@bento@@QEAAXXZ 0000000180001340 f i scene_c_api.obj
 0001:00000350       ?reserve@?$Vector@UIVector3@bento@@@bento@@QEAAXI@Z 0000000180001350 f i scene_c_api.obj
 0001:000003d0       ?reserve@?$Vector@UVector3@bento@@@bento@@QEAAXI@Z 00000001800013d0 f i scene_c_api.obj
 0001:00000450       ?resize@?$Vector@UIVector3@bento@@@bento@@QEAAXI@Z 0000000180001450 f i scene_c_api.obj
 0001:000004f0       ?resize@?$Vector@UVector3@bento@@@bento@@QEAAXI@Z 00000001800014f0 f i scene_c_api.obj
 0001:00000590       nl_create_scene            0000000180001590 f   scene_c_api.obj
 0001:000005c0       nl_destroy_scene           00000001800015c0 f   scene_c_api.obj
 0001:000005d0       nl_scene_set_mesh_data     00000001800015d0 f   scene_c_api.obj
 0001:00000720       nl_scene_set_num_meshes    0000000180001720 f   scene_c_api.obj
 0001:00000730       ??0?$Vector@D@bento@@QEAA@AEAVIAllocator@1@@Z 0000000180001730 f i noiseless_sdk:compiler.obj
 0001:00000750       ??0?$Vector@VDynamicString@bento@@@bento@@QEAA@AEAVIAllocator@1@@Z 0000000180001750 f i noiseless_sdk:compiler.obj
 0001:00000770       ??1?$Vector@VDynamicString@bento@@@bento@@QEAA@XZ 0000000180001770 f i noiseless_sdk:compiler.obj
 0001:00000800       ??1DynamicString@bento@@QEAA@XZ 0000000180001800 f i noiseless_sdk:compiler.obj
 0001:00000840       ??1TKernelSource@noiseless@@QEAA@XZ 0000000180001840 f i noiseless_sdk:compiler.obj
 0001:00000880       ?clear@?$Vector@VDynamicString@bento@@@bento@@QEAAXXZ 0000000180001880 f i noiseless_sdk:compiler.obj
 0001:00000900       ?compile@asset_compiler@noiseless@@YA_NAEBUTCompilerOptions@2@AEAVTAssetDatabase@bento@@@Z 0000000180001900 f   noiseless_sdk:compiler.obj
 0001:00000b00       ?free@?$Vector@VDynamicString@bento@@@bento@@QEAAXXZ 0000000180001b00 f i noiseless_sdk:compiler.obj
 0001:00000b90       ?write@asset_compiler@noiseless@@YAXAEBUTCompilerOptions@2@AEBVTAssetDatabase@bento@@@Z 0000000180001b90 f   noiseless_sdk:compiler.obj
 0001:00000c40       ??0TIntegrator@noiseless@@QEAA@AEAVIAllocator@bento@@@Z 0000000180001c40 f   noiseless_sdk:integrator.obj
 0001:00000c60       ??1TIntegrator@noiseless@@QEAA@XZ 0000000180001c60 f   noiseless_sdk:integrator.obj
 0001:00000c70       ?clear@?$Vector@UVector4@bento@@@bento@@QEAAXXZ 0000000180001c70 f i noiseless_sdk:integrator.obj
 0001:00000c80       ?clear_scene@TIntegrator@noiseless@@QEAAXXZ 0000000180001c80 f   noiseless_sdk:integrator.obj
 0001:00000c90       ?init_resources@TIntegrator@noiseless@@QEAAXAEBVTAssetDatabase@bento@@@Z 0000000180001c90 f   noiseless_sdk:integrator.obj
 0001:00000e00       ?read_color_buffer@TIntegrator@noiseless@@QEBAXAEAV?$Vector@UVector4@bento@@@bento@@@Z 0000000180001e00 f   noiseless_sdk:integrator.obj
 0001:00000eb0       ?release_resources@TIntegrator@noiseless@@QEAAXXZ 0000000180001eb0 f   noiseless_sdk:integrator.obj
 0001:00000ef0       ?render@TIntegrator@noiseless@@QEAAXAEBUTCamera@2@@Z 0000000180001ef0 f   noiseless_sdk:integrator.obj
 0001:00000ff0       ?reserve@?$Vector@UVector4@bento@@@bento@@QEAAXI@Z 0000000180001ff0 f i noiseless_sdk:integrator.obj
 0001:00001060       ?resize@?$Vector@UVector4@bento@@@bento@@QEAAXI@Z 0000000180002060 f i noiseless_sdk:integrator.obj
 0001:00001100       ?set_resolution@TIntegrator@noiseless@@QEAAXII@Z 0000000180002100 f   noiseless_sdk:integrator.obj
 0001:000011a0       ?setup_scene@TIntegrator@noiseless@@QEAAXAEBVTScene@2@@Z 00000001800021a0 f   noiseless_sdk:integrator.obj
 0001:000011b0       ??0?$Vector@UIVector3@bento@@@bento@@QEAA@AEAVIAllocator@1@@Z 00000001800021b0 f i noiseless_sdk:scene.obj
 0001:000011d0       ??0?$Vector@UTMesh@noiseless@@@bento@@QEAA@AEAVIAllocator@1@@Z 00000001800021d0 f i noiseless_sdk:scene.obj
 0001:000011f0       ??0?$Vector@UVector3@bento@@@bento@@QEAA@AEAVIAllocator@1@@Z 00000001800021f0 f i noiseless_sdk:scene.obj
 0001:00001210       ??0TScene@noiseless@@QEAA@AEAVIAllocator@bento@@@Z 0000000180002210 f   noiseless_sdk:scene.obj
 0001:00001230       ??1?$Vector@UIVector3@bento@@@bento@@QEAA@XZ 0000000180002230 f i noiseless_sdk:scene.obj
 0001:00001270       ??1?$Vector@UTMesh@noiseless@@@bento@@QEAA@XZ 0000000180002270 f i noiseless_sdk:scene.obj
 0001:000012b0       ??1?$Vector@UVector3@bento@@@bento@@QEAA@XZ 00000001800022b0 f i noiseless_sdk:scene.obj
 0001:000012f0       ?clear@?$Vector@UTMesh@noiseless@@@bento@@QEAAXXZ 00000001800022f0 f i noiseless_sdk:scene.obj
 0001:00001390       ?free@?$Vector@UIVector3@bento@@@bento@@QEAAXXZ 0000000180002390 f i noiseless_sdk:scene.obj
 0001:000013c0       ?free@?$Vector@UTMesh@noiseless@@@bento@@QEAAXXZ 00000001800023c0 f i noiseless_sdk:scene.obj
 0001:000013f0       ?free@?$Vector@UVector3@bento@@@bento@@QEAAXXZ 00000001800023f0 f i noiseless_sdk:scene.obj
 0001:00001420       ?reserve@?$Vector@UTMesh@noiseless@@@bento@@QEAAXI@Z 0000000180002420 f i noiseless_sdk:scene.obj
 0001:000014a0       ?resize@?$Vector@UTMesh@noiseless@@@bento@@QEAAXI@Z 00000001800024a0 f i noiseless_sdk:scene.obj
 0001:00001650       ?set_num_meshes@TScene@noiseless@@QEAAXI@Z 0000000180002650 f   noiseless_sdk:scene.obj
 0001:00001660       ??$pack_bytes@I@bento@@YAXAEAV?$Vector@D@0@AEBI@Z 0000000180002660 f i noiseless_sdk:kernel_source.obj
 0001:00001670       ??$pack_vector_bytes@D@bento@@YAXAEAV?$Vector@D@0@AEBV10@@Z 0000000180002670 f i noiseless_sdk:kernel_source.obj
 0001:000016c0       ??$unpack_bytes@I@bento@@YAXAEAPEBDAEAI@Z 00000001800026c0 f i noiseless_sdk:kernel_source.obj
 0001:000016d0       ??$unpack_vector_bytes@D@bento@@YAXAEAPEBDAEAV?$Vector@D@0@@Z 00000001800026d0 f i noiseless_sdk:kernel_source.obj
 0001:00001790       ?pack_type@bento@@YAXAEAV?$Vector@D@1@AEBUTKernelSource@noiseless@@@Z 0000000180002790 f   noiseless_sdk:kernel_source.obj
 0001:000017f0       ?reserve@?$Vector@D@bento@@QEAAXI@Z 00000001800027f0 f i noiseless_sdk:kernel_source.obj
 0001:00001860       ?resize@?$Vector@D@bento@@QEAAXI@Z 0000000180002860 f i noiseless_sdk:kernel_source.obj
 0001:00001900       ?unpack_type@bento@@YA_NAEAPEBDAEAUTKernelSource@noiseless@@@Z 0000000180002900 f   noiseless_sdk:kernel_source.obj
 0001:000019e0       ?read_shader_source@noiseless@@YA_NPEBDAEAUTKernelSource@1@@Z 00000001800029e0 f   noiseless_sdk:kernel_source_helpers.obj
 0001:000019f0       ??$_Getvals@_W@?$time_get@DV?$istreambuf_iterator@DU?$char_traits@D@std@@@std@@@std@@IEAAX_WAEBV_Locinfo@1@@Z 00000001800029f0 f i noiseless_sdk:asset_database_helpers.obj
 0001:00001ac0       ??$_Getvals@_W@?$time_get@_WV?$istreambuf_iterator@_WU?$char_traits@_W@std@@@std@@@std@@IEAAX_WAEBV_Locinfo@1@@Z 0000000180002ac0 f i noiseless_sdk:asset_database_helpers.obj
 0001:00001b90       ??1DiskSerializer@bento@@QEAA@XZ 0000000180002b90 f i noiseless_sdk:asset_database_helpers.obj
 0001:00001bd0       ?_Maklocwcs@std@@YAPEA_WPEB_W@Z 0000000180002bd0 f i noiseless_sdk:asset_database_helpers.obj
 0001:00001c40       ?read_database@noiseless@@YA_NPEBDAEAVTAssetDatabase@bento@@@Z 0000000180002c40 f   noiseless_sdk:asset_database_helpers.obj
 0001:00001db0       ?write_database@noiseless@@YA_NPEBDAEBVTAssetDatabase@bento@@@Z 0000000180002db0 f   noiseless_sdk:asset_database_helpers.obj
 0001:00001f00       ?write_database_debug@noiseless@@YA_NPEBDAEBVTAssetDatabase@bento@@@Z 0000000180002f00 f   noiseless_sdk:asset_database_helpers.obj
 0001:00002040       ??$_Allocate@U?$_Default_allocate_traits@$00@std@@@std@@YAPEAX_K0_K@Z 0000000180003040 f i noiseless_sdk:compute_api.obj
 0001:000020c0       ??1?$vector@PEAU_cl_platform_id@@V?$allocator@PEAU_cl_platform_id@@@std@@@std@@QEAA@XZ 00000001800030c0 f i noiseless_sdk:compute_api.obj
 0001:000020d0       ?_Fail@?$_Default_allocate_traits@$00@std@@SAXXZ 00000001800030d0 f i noiseless_sdk:compute_api.obj
 0001:000020e0       ?_Tidy@?$vector@PEAU_cl_platform_id@@V?$allocator@PEAU_cl_platform_id@@@std@@@std@@AEAAXXZ 00000001800030e0 f i noiseless_sdk:compute_api.obj
 0001:00002170       ?create_buffer@noiseless@@YA_K_K0W4Type@ComputeBufferType@1@@Z 0000000180003170 f   noiseless_sdk:compute_api.obj
 0001:00002220       ?create_compute_context@noiseless@@YA_KXZ 0000000180003220 f   noiseless_sdk:compute_api.obj
 0001:000024f0       ?create_kernel@noiseless@@YA_K_KPEBD@Z 00000001800034f0 f   noiseless_sdk:compute_api.obj
 0001:00002530       ?create_program_source@noiseless@@YA_K_KPEBD@Z 0000000180003530 f   noiseless_sdk:compute_api.obj
 0001:00002630       ?destroy_buffer@noiseless@@YAX_K@Z 0000000180003630 f   noiseless_sdk:compute_api.obj
 0001:00002660       ?destroy_compute_context@noiseless@@YAX_K@Z 0000000180003660 f   noiseless_sdk:compute_api.obj
 0001:00002690       ?destroy_kernel@noiseless@@YAX_K@Z 0000000180003690 f   noiseless_sdk:compute_api.obj
 0001:000026a0       ?destroy_program@noiseless@@YAX_K@Z 00000001800036a0 f   noiseless_sdk:compute_api.obj
 0001:000026b0       ?evaluate_platforms@noiseless@@YA_KAEAV?$vector@PEAU_cl_platform_id@@V?$allocator@PEAU_cl_platform_id@@@std@@@std@@@Z 00000001800036b0 f   noiseless_sdk:compute_api.obj
 0001:00002760       ?kernel_argument@noiseless@@YA_N_KH0@Z 0000000180003760 f   noiseless_sdk:compute_api.obj
 0001:000027a0       ?kernel_argument@noiseless@@YA_N_KHIPEAE@Z 00000001800037a0 f   noiseless_sdk:compute_api.obj
 0001:000027e0       ?launch_kernel_1D@noiseless@@YA_N_K00@Z 00000001800037e0 f   noiseless_sdk:compute_api.obj
 0001:00002850       ?launch_kernel_2D@noiseless@@YA_N_K000@Z 0000000180003850 f   noiseless_sdk:compute_api.obj
 0001:000028d0       ?read_buffer@noiseless@@YA_N_K0PEAE@Z 00000001800038d0 f   noiseless_sdk:compute_api.obj
 0001:00002930       ?wait_command_queue@noiseless@@YAX_K@Z 0000000180003930 f   noiseless_sdk:compute_api.obj
 0001:00002940       ?write_buffer@noiseless@@YA_N_K0PEAE@Z 0000000180003940 f   noiseless_sdk:compute_api.obj
 0001:000029a0       ??0?$Vector@UIVector4@bento@@@bento@@QEAA@AEAVIAllocator@1@I@Z 00000001800039a0 f i noiseless_sdk:compute_scene.obj
 0001:00002a40       ??0?$Vector@UVector4@bento@@@bento@@QEAA@AEAVIAllocator@1@I@Z 0000000180003a40 f i noiseless_sdk:compute_scene.obj
 0001:00002ae0       ??1?$Vector@UIVector4@bento@@@bento@@QEAA@XZ 0000000180003ae0 f i noiseless_sdk:compute_scene.obj
 0001:00002b20       ??1?$Vector@UVector4@bento@@@bento@@QEAA@XZ 0000000180003b20 f i noiseless_sdk:compute_scene.obj
 0001:00002b60       ?clear@?$Vector@UIVector4@bento@@@bento@@QEAAXXZ 0000000180003b60 f i noiseless_sdk:compute_scene.obj
 0001:00002b70       ?create_compute_scene@noiseless@@YAX_KAEBVTScene@1@AEAUTComputeScene@1@@Z 0000000180003b70 f   noiseless_sdk:compute_scene.obj
 0001:00002fa0       ?destroy_compute_scene@noiseless@@YAXAEAUTComputeScene@1@@Z 0000000180003fa0 f   noiseless_sdk:compute_scene.obj
 0001:00002fe0       ?free@?$Vector@UIVector4@bento@@@bento@@QEAAXXZ 0000000180003fe0 f i noiseless_sdk:compute_scene.obj
 0001:00003010       ?free@?$Vector@UVector4@bento@@@bento@@QEAAXXZ 0000000180004010 f i noiseless_sdk:compute_scene.obj
 0001:00003040       ?reserve@?$Vector@UIVector4@bento@@@bento@@QEAAXI@Z 0000000180004040 f i noiseless_sdk:compute_scene.obj
 0001:000030b0       ?resize@?$Vector@UIVector4@bento@@@bento@@QEAAXI@Z 00000001800040b0 f i noiseless_sdk:compute_scene.obj
 0001:00003150       ?build_ray_generation_data@noiseless@@YAXAEBUTCamera@1@IIAEAUTCameraRaySettings@1@@Z 0000000180004150 f   noiseless_sdk:camera_ray_generation.obj
 0001:000034d0       ??0SystemAllocator@bento@@QEAA@XZ 00000001800044d0 f   bento_sdk:system_allocator.obj
 0001:00003500       ??1SystemAllocator@bento@@UEAA@XZ 0000000180004500 f   bento_sdk:system_allocator.obj
 0001:00003510       ??_ESystemAllocator@bento@@UEAAPEAXI@Z 0000000180004510 f i bento_sdk:system_allocator.obj
 0001:00003510       ??_GSystemAllocator@bento@@UEAAPEAXI@Z 0000000180004510 f i bento_sdk:system_allocator.obj
 0001:00003550       ?allocate@SystemAllocator@bento@@UEAAPEAX_K0@Z 0000000180004550 f   bento_sdk:system_allocator.obj
 0001:00003560       ?deallocate@SystemAllocator@bento@@UEAAXPEAX@Z 0000000180004560 f   bento_sdk:system_allocator.obj
 0001:00003570       ?reallocate@SystemAllocator@bento@@UEAAPEAXPEAX_K11@Z 0000000180004570 f   bento_sdk:system_allocator.obj
 0001:000035f0       ?common_allocator@bento@@YAPEAVIAllocator@1@XZ 00000001800045f0 f   bento_sdk:common.obj
 0001:00003600       ??0DynamicString@bento@@QEAA@AEAVIAllocator@1@@Z 0000000180004600 f   bento_sdk:dynamic_string.obj
 0001:000036a0       ??0DynamicString@bento@@QEAA@AEAVIAllocator@1@I@Z 00000001800046a0 f   bento_sdk:dynamic_string.obj
 0001:000036f0       ??0DynamicString@bento@@QEAA@AEAVIAllocator@1@PEBD@Z 00000001800046f0 f   bento_sdk:dynamic_string.obj
 0001:00003770       ??0DynamicString@bento@@QEAA@AEBV01@@Z 0000000180004770 f   bento_sdk:dynamic_string.obj
 0001:000037f0       ??4DynamicString@bento@@QEAAAEAV01@AEBV01@@Z 00000001800047f0 f   bento_sdk:dynamic_string.obj
 0001:00003850       ??4DynamicString@bento@@QEAAAEAV01@PEBD@Z 0000000180004850 f   bento_sdk:dynamic_string.obj
 0001:000038b0       ??8DynamicString@bento@@QEBA_NPEBD@Z 00000001800048b0 f   bento_sdk:dynamic_string.obj
 0001:000038e0       ??9DynamicString@bento@@QEBA_NPEBD@Z 00000001800048e0 f   bento_sdk:dynamic_string.obj
 0001:00003910       ??YDynamicString@bento@@QEAAAEAV01@AEBV01@@Z 0000000180004910 f   bento_sdk:dynamic_string.obj
 0001:00003980       ??YDynamicString@bento@@QEAAAEAV01@PEBD@Z 0000000180004980 f   bento_sdk:dynamic_string.obj
 0001:000039e0       ?find_last_of@bento@@YAIPEBDD@Z 00000001800049e0 f   bento_sdk:dynamic_string.obj
 0001:00003a20       ?pack_type@bento@@YAXAEAV?$Vector@D@1@AEBVDynamicString@1@@Z 0000000180004a20 f   bento_sdk:dynamic_string.obj
 0001:00003a70       ?resize@DynamicString@bento@@QEAAXI@Z 0000000180004a70 f   bento_sdk:dynamic_string.obj
 0001:00003b20       ?size@DynamicString@bento@@QEBAIXZ 0000000180004b20 f   bento_sdk:dynamic_string.obj
 0001:00003b30       ?strlen32@bento@@YAIPEBD@Z 0000000180004b30 f   bento_sdk:dynamic_string.obj
 0001:00003b40       ?substr@string@bento@@YA?AVDynamicString@2@AEBV32@II@Z 0000000180004b40 f   bento_sdk:dynamic_string.obj
 0001:00003be0       ?to_lower_case@string@bento@@YAXAEAVDynamicString@2@@Z 0000000180004be0 f   bento_sdk:dynamic_string.obj
 0001:00003c30       ?unpack_type@bento@@YAXAEAPEBDAEAVDynamicString@1@@Z 0000000180004c30 f   bento_sdk:dynamic_string.obj
 0001:00003c80       ??$?6DU?$char_traits@D@std@@D@std@@YAAEAV?$basic_ostream@DU?$char_traits@D@std@@@0@AEAV10@AEBU?$_Fillobj@D@0@@Z 0000000180004c80 f i bento_sdk:asset_database.obj
 0001:00003ca0       ??$?6DU?$char_traits@D@std@@_J@std@@YAAEAV?$basic_ostream@DU?$char_traits@D@std@@@0@AEAV10@AEBU?$_Smanip@_J@0@@Z 0000000180004ca0 f i bento_sdk:asset_database.obj
 0001:00003ce0       ??$?HDU?$char_traits@D@std@@V?$allocator@D@1@@std@@YA?AV?$basic_string@DU?$char_traits@D@std@@V?$allocator@D@2@@0@$$QEAV10@0@Z 0000000180004ce0 f i bento_sdk:asset_database.obj
 0001:00003d70       ??$?HDU?$char_traits@D@std@@V?$allocator@D@1@@std@@YA?AV?$basic_string@DU?$char_traits@D@std@@V?$allocator@D@2@@0@$$QEAV10@QEBD@Z 0000000180004d70 f i bento_sdk:asset_database.obj
 0001:00003dd0       ??$?HDU?$char_traits@D@std@@V?$allocator@D@1@@std@@YA?AV?$basic_string@DU?$char_traits@D@std@@V?$allocator@D@2@@0@QEBD$$QEAV10@@Z 0000000180004dd0 f i bento_sdk:asset_database.obj
 0001:00003e30       ??$?HDU?$char_traits@D@std@@V?$allocator@D@1@@std@@YA?AV?$basic_string@DU?$char_traits@D@std@@V?$allocator@D@2@@0@QEBDAEBV10@@Z 0000000180004e30 f i bento_sdk:asset_database.obj
 0001:00004020       ??$_Copy_nodes@U_Copy_tag@?$_Tree@V?$_Tmap_traits@V?$basic_string@DU?$char_traits@D@std@@V?$allocator@D@2@@std@@V?$basic_json@Vmap@std@@Vvector@2@V?$basic_string@DU?$char_traits@D@std@@V?$allocator@D@2@@2@_N_J_KNVallocator@2@Uadl_serializer@nlohmann@@@nlohmann@@U?$less@V?$basic_string@DU?$char_traits@D@std@@V?$allocator@D@2@@std@@@2@V?$allocator@U?$pair@$$CBV?$basic_string@DU?$char_traits@D@std@@V?$allocator@D@2@@std@@V?$basic_json@Vmap@std@@Vvector@2@V?$basic_string@DU?$char_traits@D@std@@V?$allocator@D@2@@2@_N_J_KNVallocator@2@Uadl_serializer@nlohmann@@@nlohmann@@@std@@@2@$0A@@std@@@std@@@?$_Tree@V?$_Tmap_traits@V?$basic_string@DU?$char_traits@D@std@@V?$allocator@D@2@@std@@V?$basic_json@Vmap@std@@Vvector@2@V?$basic_string@DU?$char_traits@D@std@@V?$allocator@D@2@@2@_N_J_KNVallocator@2@Uadl_serializer@nlohmann@@@nlohmann@@U?$less@V?$basic_string@DU?$char_traits@D@std@@V?$allocator@D@2@@std@@@2@V?$allocator@U?$pair@$$CBV?$basic_string@DU?$char_traits@D@std@@V?$allocator@D@2@@std@@V?$basic_json@Vmap@std@@Vvector@2@V?$basic_string@DU?$char_traits@D@std@@V?$allocator@D@2@@2@_N_J_KNVallocator@2@Uadl_serializer@nlohmann@@@nlohmann@@@std@@@2@$0A@@std@@@std@@IEAAPEAU?$_Tree_node@U?$pair@$$CBV?$basic_string@DU?$char_traits@D@std@@V?$allocator@D@2@@std@@V?$basic_json@Vmap@std@@Vvector@2@V?$basic_string@DU?$char_traits@D@std@@V?$allocator@D@2@@2@_N_J_KNVallocator@2@Uadl_serializer@nlohmann@@@nlohmann@@@std@@PEAX@1@PEAU21@0U_Copy_tag@01@@Z 0000000180005020 f i bento_sdk:asset_database.obj
 0001:00004120       ??$_Enable_shared_from_this1@V?$output_string_adapter@DV?$basic_string@DU?$char_traits@D@std@@V?$allocator@D@2@@std@@@detail@nlohmann@@V123@@std@@YAXAEBV?$shared_ptr@V?$output_string_adapter@DV?$basic_string@DU?$char_traits@D@std@@V?$allocator@D@2@@std@@@detail@nlohmann@@@0@PEAV?$output_string_adapter@DV?$basic_string@DU?$char_traits@D@std@@V?$allocator@D@2@@std@@@detail@nlohmann@@U?$integral_constant@_N$0A@@0@@Z 0000000180005120 f i bento_sdk:asset_database.obj
 0001:00004130       ??$_Enable_shared_from_this@V?$output_string_adapter@DV?$basic_string@DU?$char_traits@D@std@@V?$allocator@D@2@@std@@@detail@nlohmann@@V123@@std@@YAXAEBV?$shared_ptr@V?$output_string_adapter@DV?$basic_string@DU?$char_traits@D@std@@V?$allocator@D@2@@std@@@detail@nlohmann@@@0@PEAV?$output_string_adapter@DV?$basic_string@DU?$char_traits@D@std@@V?$allocator@D@2@@std@@@detail@nlohmann@@@Z 0000000180005130 f i bento_sdk:asset_database.obj
 0001:00004140       ??$_Insert_at@AEAU?$pair@$$CBV?$basic_string@DU?$char_traits@D@std@@V?$allocator@D@2@@std@@V?$basic_json@Vmap@std@@Vvector@2@V?$basic_string@DU?$char_traits@D@std@@V?$allocator@D@2@@2@_N_J_KNVallocator@2@Uadl_serializer@nlohmann@@@nlohmann@@@std@@PEAU?$_Tree_node@U?$pair@$$CBV?$basic_string@DU?$char_traits@D@std@@V?$allocator@D@2@@std@@V?$basic_json@Vmap@std@@Vvector@2@V?$basic_string@DU?$char_traits@D@std@@V?$allocator@D@2@@2@_N_J_KNVallocator@2@Uadl_serializer@nlohmann@@@nlohmann@@@std@@PEAX@2@@?$_Tree@V?$_Tmap_traits@V?$basic_string@DU?$char_traits@D@std@@V?$allocator@D@2@@std@@V?$basic_json@Vmap@std@@Vvector@2@V?$basic_string@DU?$char_traits@D@std@@V?$allocator@D@2@@2@_N_J_KNVallocator@2@Uadl_serializer@nlohmann@@@nlohmann@@U?$less@V?$basic_string@DU?$char_traits@D@std@@V?$allocator@D@2@@std@@@2@V?$allocator@U?$pair@$$CBV?$basic_string@DU?$char_traits@D@std@@V?$allocator@D@2@@std@@V?$basic_json@Vmap@std@@Vvector@2@V?$basic_string@DU?$char_traits@D@std@@V?$allocator@D@2@@2@_N_J_KNVallocator@2@Uadl_serializer@nlohmann@@@nlohmann@@@std@@@2@$0A@@std@@@std@@IEAA?AV?$_Tree_iterator@V?$_Tree_val@U?$_Tree_simple_types@U?$pair@$$CBV?$basic_string@DU?$char_traits@D@std@@V?$allocator@D@2@@std@@V?$basic_json@Vmap@std@@Vvector@2@V?$basic_string@DU?$char_traits@D@std@@V?$allocator@D@2@@2@_N_J_KNVallocator@2@Uadl_serializer@nlohmann@@@nlohmann@@@std@@@std@@@std@@@1@_NPEAU?$_Tree_node@U?$pair@$$CBV?$basic_string@DU?$char_traits@D@std@@V?$allocator@D@2@@std@@V?$basic_json@Vmap@std@@Vvector@2@V?$basic_string@DU?$char_traits@D@std@@V?$allocator@D@2@@2@_N_J_KNVallocator@2@Uadl_serializer@nlohmann@@@nlohmann@@@std@@PEAX@1@AEAU?$pair@$$CBV?$basic_string@DU?$char_traits@D@std@@V?$allocator@D@2@@std@@V?$basic_json@Vmap@std@@Vvector@2@V?$basic_string@DU?$char_traits@D@std@@V?$allocator@D@2@@2@_N_J_KNVallocator@2@Uadl_serializer@nlohmann@@@nlohmann@@@1@1@Z 0000000180005140 f i bento_sdk:asset_database.obj
 0001:00004410       ??$_Insert_hint@AEAU?$pair@$$CBV?$basic_string@DU?$char_traits@D@std@@V?$allocator@D@2@@std@@V?$basic_json@Vmap@std@@Vvector@2@V?$basic_string@DU?$char_traits@D@std@@V?$allocator@D@2@@2@_N_J_KNVallocator@2@Uadl_serializer@nlohmann@@@nlohmann@@@std@@PEAU?$_Tree_node@U?$pair@$$CBV?$basic_string@DU?$char_traits@D@std@@V?$allocator@D@2@@std@@V?$basic_json@Vmap@std@@Vvector@2@V?$basic_string@DU?$char_traits@D@std@@V?$allocator@D@2@@2@_N_J_KNVallocator@2@Uadl_serializer@nlohmann@@@nlohmann@@@std@@PEAX@2@@?$_Tree@V?$_Tmap_traits@V?$basic_string@DU?$char_traits@D@std@@V?$allocator@D@2@@std@@V?$basic_json@Vmap@std@@Vvector@2@V?$basic_string@DU?$char_traits@D@std@@V?$allocator@D@2@@2@_N_J_KNVallocator@2@Uadl_serializer@nlohmann@@@nlohmann@@U?$less@V?$basic_string@DU?$char_traits@D@std@@V?$allocator@D@2@@std@@@2@V?$allocator@U?$pair@$$CBV?$basic_string@DU?$char_traits@D@std@@V?$allocator@D@2@@std@@V?$basic_json@Vmap@std@@Vvector@2@V?$basic_string@DU?$char_traits@D@std@@V?$allocator@D@2@@2@_N_J_KNVallocator@2@Uadl_serializer@nlohmann@@@nlohmann@@@std@@@2@$0A@@std@@@std@@IEAA?AV?$_Tree_iterator@V?$_Tree_val@U?$_Tree_simple_types@U?$pair@$$CBV?$basic_string@DU?$char_traits@D@std@@V?$allocator@D@2@@std@@V?$basic_json@Vmap@std@@Vvector@2@V?$basic_string@DU?$char_traits@D@std@@V?$allocator@D@2@@2@_N_J_KNVallocator@2@Uadl_serializer@nlohmann@@@nlohmann@@@std@@@std@@@std@@@1@V?$_Tree_const_iterator@V?$_Tree_val@U?$_Tree_simple_types@U?$pair@$$CBV?$basic_string@DU?$char_traits@D@std@@V?$allocator@D@2@@std@@V?$basic_json@Vmap@std@@Vvector@2@V?$basic_string@DU?$char_traits@D@std@@V?$allocator@D@2@@2@_N_J_KNVallocator@2@Uadl_serializer@nlohmann@@@nlohmann@@@std@@@std@@@std@@@1@AEAU?$pair@$$CBV?$basic_string@DU?$char_traits@D@std@@V?$allocator@D@2@@std@@V?$basic_json@Vmap@std@@Vvector@2@V?$basic_string@DU?$char_traits@D@std@@V?$allocator@D@2@@2@_N_J_KNVallocator@2@Uadl_serializer@nlohmann@@@nlohmann@@@1@PEAU?$_Tree_node@U?$pair@$$CBV?$basic_string@DU?$char_traits@D@std@@V?$allocator@D@2@@std@@V?$basic_json@Vmap@std@@Vvector@2@V?$basic_string@DU?$char_traits@D@std@@V?$allocator@D@2@@2@_N_J_KNVallocator@2@Uadl_serializer@nlohmann@@@nlohmann@@@std@@PEAX@1@@Z 0000000180005410 f i bento_sdk:asset_database.obj
 0001:000046c0       ??$_Insert_nohint@AEAU?$pair@$$CBV?$basic_string@DU?$char_traits@D@std@@V?$allocator@D@2@@std@@V?$basic_json@Vmap@std@@Vvector@2@V?$basic_string@DU?$char_traits@D@std@@V?$allocator@D@2@@2@_N_J_KNVallocator@2@Uadl_serializer@nlohmann@@@nlohmann@@@std@@PEAU?$_Tree_node@U?$pair@$$CBV?$basic_string@DU?$char_traits@D@std@@V?$allocator@D@2@@std@@V?$basic_json@Vmap@std@@Vvector@2@V?$basic_string@DU?$char_traits@D@std@@V?$allocator@D@2@@2@_N_J_KNVallocator@2@Uadl_serializer@nlohmann@@@nlohmann@@@std@@PEAX@2@@?$_Tree@V?$_Tmap_traits@V?$basic_string@DU?$char_traits@D@std@@V?$allocator@D@2@@std@@V?$basic_json@Vmap@std@@Vvector@2@V?$basic_string@DU?$char_traits@D@std@@V?$allocator@D@2@@2@_N_J_KNVallocator@2@Uadl_serializer@nlohmann@@@nlohmann@@U?$less@V?$basic_string@DU?$char_traits@D@std@@V?$allocator@D@2@@std@@@2@V?$allocator@U?$pair@$$CBV?$basic_string@DU?$char_traits@D@std@@V?$allocator@D@2@@std@@V?$basic_json@Vmap@std@@Vvector@2@V?$basic_string@DU?$char_traits@D@std@@V?$allocator@D@2@@2@_N_J_KNVallocator@2@Uadl_serializer@nlohmann@@@nlohmann@@@std@@@2@$0A@@std@@@std@@IEAA?AU?$pair@V?$_Tree_iterator@V?$_Tree_val@U?$_Tree_simple_types@U?$pair@$$CBV?$basic_string@DU?$char_traits@D@std@@V?$allocator@D@2@@std@@V?$basic_json@Vmap@std@@Vvector@2@V?$basic_string@DU?$char_traits@D@std@@V?$allocator@D@2@@2@_N_J_KNVallocator@2@Uadl_serializer@nlohmann@@@nlohmann@@@std@@@std@@@std@@@std@@_N@1@_NAEAU?$pair@$$CBV?$basic_string@DU?$char_traits@D@std@@V?$allocator@D@2@@std@@V?$basic_json@Vmap@std@@Vvector@2@V?$basic_string@DU?$char_traits@D@std@@V?$allocator@D@2@@2@_N_J_KNVallocator@2@Uadl_serializer@nlohmann@@@nlohmann@@@1@PEAU?$_Tree_node@U?$pair@$$CBV?$basic_string@DU?$char_traits@D@std@@V?$allocator@D@2@@std@@V?$basic_json@Vmap@std@@Vvector@2@V?$basic_string@DU?$char_traits@D@std@@V?$allocator@D@2@@2@_N_J_KNVallocator@2@Uadl_serializer@nlohmann@@@nlohmann@@@std@@PEAX@1@@Z 00000001800056c0 f i bento_sdk:asset_database.obj
 0001:000049d0       ??$_UIntegral_to_buff@DI@std@@YAPEADPEADI@Z 00000001800059d0 f i bento_sdk:asset_database.obj
 0001:00004a10       ??$_UIntegral_to_buff@D_K@std@@YAPEADPEAD_K@Z 0000000180005a10 f i bento_sdk:asset_database.obj
 0001:00004a50       ??$__vcrt_va_start_verify_argument_type@QEBD@@YAXXZ 0000000180005a50 f i bento_sdk:asset_database.obj
 0001:00004a60       ??$compute_boundaries@N@dtoa_impl@detail@nlohmann@@YA?AUboundaries@012@N@Z 0000000180005a60 f i bento_sdk:asset_database.obj
 0001:00004bb0       ??$construct@V?$basic_json@Vmap@std@@Vvector@2@V?$basic_string@DU?$char_traits@D@std@@V?$allocator@D@2@@2@_N_J_KNVallocator@2@Uadl_serializer@nlohmann@@@nlohmann@@@?$external_constructor@$02@detail@nlohmann@@SAXAEAV?$basic_json@Vmap@std@@Vvector@2@V?$basic_string@DU?$char_traits@D@std@@V?$allocator@D@2@@2@_N_J_KNVallocator@2@Uadl_serializer@nlohmann@@@2@$$QEAV?$basic_string@DU?$char_traits@D@std@@V?$allocator@D@2@@std@@@Z 0000000180005bb0 f i bento_sdk:asset_database.obj
 0001:00004c10       ??$create@V?$map@V?$basic_string@DU?$char_traits@D@std@@V?$allocator@D@2@@std@@V?$basic_json@Vmap@std@@Vvector@2@V?$basic_string@DU?$char_traits@D@std@@V?$allocator@D@2@@2@_N_J_KNVallocator@2@Uadl_serializer@nlohmann@@@nlohmann@@U?$less@V?$basic_string@DU?$char_traits@D@std@@V?$allocator@D@2@@std@@@2@V?$allocator@U?$pair@$$CBV?$basic_string@DU?$char_traits@D@std@@V?$allocator@D@2@@std@@V?$basic_json@Vmap@std@@Vvector@2@V?$basic_string@DU?$char_traits@D@std@@V?$allocator@D@2@@2@_N_J_KNVallocator@2@Uadl_serializer@nlohmann@@@nlohmann@@@std@@@2@@std@@$$V@?$basic_json@Vmap@std@@Vvector@2@V?$basic_string@DU?$char_traits@D@std@@V?$allocator@D@2@@2@_N_J_KNVallocator@2@Uadl_serializer@nlohmann@@@nlohmann@@CAPEAV?$map@V?$basic_string@DU?$char_traits@D@std@@V?$allocator@D@2@@std@@V?$basic_json@Vmap@std@@Vvector@2@V?$basic_string@DU?$char_traits@D@std@@V?$allocator@D@2@@2@_N_J_KNVallocator@2@Uadl_serializer@nlohmann@@@nlohmann@@U?$less@V?$basic_string@DU?$char_traits@D@std@@V?$allocator@D@2@@std@@@2@V?$allocator@U?$pair@$$CBV?$basic_string@DU?$char_traits@D@std@@V?$allocator@D@2@@std@@V?$basic_json@Vmap@std@@Vvector@2@V?$basic_string@DU?$char_traits@D@std@@V?$allocator@D@2@@2@_N_J_KNVallocator@2@Uadl_serializer@nlohmann@@@nlohmann@@@std@@@2@@std@@XZ 0000000180005c10 f i bento_sdk:asset_database.obj
 0001:00004c90       ??$emplace@V?$basic_string@DU?$char_traits@D@std@@V?$allocator@D@2@@std@@V?$basic_json@Vmap@std@@Vvector@2@V?$basic_string@DU?$char_traits@D@std@@V?$allocator@D@2@@2@_N_J_KNVallocator@2@Uadl_serializer@nlohmann@@@nlohmann@@@?$_Tree@V?$_Tmap_traits@V?$basic_string@DU?$char_traits@D@std@@V?$allocator@D@2@@std@@V?$basic_json@Vmap@std@@Vvector@2@V?$basic_string@DU?$char_traits@D@std@@V?$allocator@D@2@@2@_N_J_KNVallocator@2@Uadl_serializer@nlohmann@@@nlohmann@@U?$less@V?$basic_string@DU?$char_traits@D@std@@V?$allocator@D@2@@std@@@2@V?$allocator@U?$pair@$$CBV?$basic_string@DU?$char_traits@D@std@@V?$allocator@D@2@@std@@V?$basic_json@Vmap@std@@Vvector@2@V?$basic_string@DU?$char_traits@D@std@@V?$allocator@D@2@@2@_N_J_KNVallocator@2@Uadl_serializer@nlohmann@@@nlohmann@@@std@@@2@$0A@@std@@@std@@QEAA?AU?$pair@V?$_Tree_iterator@V?$_Tree_val@U?$_Tree_simple_types@U?$pair@$$CBV?$basic_string@DU?$char_traits@D@std@@V?$allocator@D@2@@std@@V?$basic_json@Vmap@std@@Vvector@2@V?$basic_string@DU?$char_traits@D@std@@V?$allocator@D@2@@2@_N_J_KNVallocator@2@Uadl_serializer@nlohmann@@@nlohmann@@@std@@@std@@@std@@@std@@_N@1@$$QEAV?$basic_string@DU?$char_traits@D@std@@V?$allocator@D@2@@1@$$QEAV?$basic_json@Vmap@std@@Vvector@2@V?$basic_string@DU?$char_traits@D@std@@V?$allocator@D@2@@2@_N_J_KNVallocator@2@Uadl_serializer@nlohmann@@@nlohmann@@@Z 0000000180005c90 f i bento_sdk:asset_database.obj
 0001:00004d60       ??$grisu2@N@dtoa_impl@detail@nlohmann@@YAXPEADAEAH1N@Z 0000000180005d60 f i bento_sdk:asset_database.obj
 0001:00004f00       ??$pack_bytes@_K@bento@@YAXAEAV?$Vector@D@0@AEB_K@Z 0000000180005f00 f i bento_sdk:asset_database.obj
 0001:00004f10       ??$pack_vector_types@UTAsset@bento@@@bento@@YAXAEAV?$Vector@D@0@AEBV?$Vector@UTAsset@bento@@@0@@Z 0000000180005f10 f i bento_sdk:asset_database.obj
 0001:00004ff0       ??$reinterpret_bits@_KN@dtoa_impl@detail@nlohmann@@YA_KN@Z 0000000180005ff0 f i bento_sdk:asset_database.obj
 0001:00005000       ??$setfill@D@std@@YA?AU?$_Fillobj@D@0@D@Z 0000000180006000 f i bento_sdk:asset_database.obj
 0001:00005010       ??$to_chars@N@detail@nlohmann@@YAPEADPEAD0N@Z 0000000180006010 f i bento_sdk:asset_database.obj
 0001:00005200       ??$to_json@V?$basic_json@Vmap@std@@Vvector@2@V?$basic_string@DU?$char_traits@D@std@@V?$allocator@D@2@@2@_N_J_KNVallocator@2@Uadl_serializer@nlohmann@@@nlohmann@@$$BY04D$0A@@detail@nlohmann@@YAXAEAV?$basic_json@Vmap@std@@Vvector@2@V?$basic_string@DU?$char_traits@D@std@@V?$allocator@D@2@@2@_N_J_KNVallocator@2@Uadl_serializer@nlohmann@@@1@AEAY04$$CBD@Z 0000000180006200 f i bento_sdk:asset_database.obj
 0001:000052a0       ??$to_json@V?$basic_json@Vmap@std@@Vvector@2@V?$basic_string@DU?$char_traits@D@std@@V?$allocator@D@2@@2@_N_J_KNVallocator@2@Uadl_serializer@nlohmann@@@nlohmann@@@detail@nlohmann@@YAXAEAV?$basic_json@Vmap@std@@Vvector@2@V?$basic_string@DU?$char_traits@D@std@@V?$allocator@D@2@@2@_N_J_KNVallocator@2@Uadl_serializer@nlohmann@@@1@$$QEAV?$basic_string@DU?$char_traits@D@std@@V?$allocator@D@2@@std@@@Z 00000001800062a0 f i bento_sdk:asset_database.obj
 0001:00005300       ??$to_json@V?$basic_json@Vmap@std@@Vvector@2@V?$basic_string@DU?$char_traits@D@std@@V?$allocator@D@2@@2@_N_J_KNVallocator@2@Uadl_serializer@nlohmann@@@nlohmann@@I$0A@@detail@nlohmann@@YAXAEAV?$basic_json@Vmap@std@@Vvector@2@V?$basic_string@DU?$char_traits@D@std@@V?$allocator@D@2@@2@_N_J_KNVallocator@2@Uadl_serializer@nlohmann@@@1@I@Z 0000000180006300 f i bento_sdk:asset_database.obj
 0001:00005310       ??$to_json@V?$basic_json@Vmap@std@@Vvector@2@V?$basic_string@DU?$char_traits@D@std@@V?$allocator@D@2@@2@_N_J_KNVallocator@2@Uadl_serializer@nlohmann@@@nlohmann@@PEBD$0A@@detail@nlohmann@@YAXAEAV?$basic_json@Vmap@std@@Vvector@2@V?$basic_string@DU?$char_traits@D@std@@V?$allocator@D@2@@2@_N_J_KNVallocator@2@Uadl_serializer@nlohmann@@@1@AEBQEBD@Z 0000000180006310 f i bento_sdk:asset_database.obj
 0001:000053b0       ??$unpack_bytes@_K@bento@@YAXAEAPEBDAEA_K@Z 00000001800063b0 f i bento_sdk:asset_database.obj
 0001:000053c0       ??$unpack_vector_types@UTAsset@bento@@@bento@@YAXAEAPEBDAEAV?$Vector@UTAsset@bento@@@0@@Z 00000001800063c0 f i bento_sdk:asset_database.obj
 0001:000054a0       ??0?$Vector@UTAsset@bento@@@bento@@QEAA@AEAVIAllocator@1@@Z 00000001800064a0 f i bento_sdk:asset_database.obj
 0001:000054c0       ??0?$basic_json@Vmap@std@@Vvector@2@V?$basic_string@DU?$char_traits@D@std@@V?$allocator@D@2@@2@_N_J_KNVallocator@2@Uadl_serializer@nlohmann@@@nlohmann@@QEAA@AEBV01@@Z 00000001800064c0 f i bento_sdk:asset_database.obj
 0001:00005770       ??0?$basic_json@Vmap@std@@Vvector@2@V?$basic_string@DU?$char_traits@D@std@@V?$allocator@D@2@@2@_N_J_KNVallocator@2@Uadl_serializer@nlohmann@@@nlohmann@@QEAA@V?$initializer_list@V?$json_ref@V?$basic_json@Vmap@std@@Vvector@2@V?$basic_string@DU?$char_traits@D@std@@V?$allocator@D@2@@2@_N_J_KNVallocator@2@Uadl_serializer@nlohmann@@@nlohmann@@@detail@nlohmann@@@std@@_NW4value_t@detail@1@@Z 0000000180006770 f i bento_sdk:asset_database.obj
 0001:00005a40       ??0?$basic_string@DU?$char_traits@D@std@@V?$allocator@D@2@@std@@QEAA@AEBV01@@Z 0000000180006a40 f i bento_sdk:asset_database.obj
 0001:00005ae0       ??0?$basic_string@DU?$char_traits@D@std@@V?$allocator@D@2@@std@@QEAA@QEBD@Z 0000000180006ae0 f i bento_sdk:asset_database.obj
 0001:00005b20       ??0?$basic_string@DU?$char_traits@D@std@@V?$allocator@D@2@@std@@QEAA@_KD@Z 0000000180006b20 f i bento_sdk:asset_database.obj
 0001:00005c70       ??0TAssetDatabase@bento@@QEAA@AEAVIAllocator@1@@Z 0000000180006c70 f   bento_sdk:asset_database.obj
 0001:00005c90       ??0exception@detail@nlohmann@@QEAA@AEBV012@@Z 0000000180006c90 f i bento_sdk:asset_database.obj
 0001:00005cd0       ??0exception@stdext@@QEAA@AEBV01@@Z 0000000180006cd0 f i bento_sdk:asset_database.obj
 0001:00005cf0       ??0json_value@?$basic_json@Vmap@std@@Vvector@2@V?$basic_string@DU?$char_traits@D@std@@V?$allocator@D@2@@2@_N_J_KNVallocator@2@Uadl_serializer@nlohmann@@@nlohmann@@QEAA@W4value_t@detail@2@@Z 0000000180006cf0 f i bento_sdk:asset_database.obj
 0001:00005e70       ??0other_error@detail@nlohmann@@QEAA@AEBV012@@Z 0000000180006e70 f i bento_sdk:asset_database.obj
 0001:00005ec0       ??0type_error@detail@nlohmann@@QEAA@AEBV012@@Z 0000000180006ec0 f i bento_sdk:asset_database.obj
 0001:00005f10       ??1?$Vector@UTAsset@bento@@@bento@@QEAA@XZ 0000000180006f10 f i bento_sdk:asset_database.obj
 0001:00005f50       ??1?$_Tree_comp_alloc@V?$_Tmap_traits@V?$basic_string@DU?$char_traits@D@std@@V?$allocator@D@2@@std@@V?$basic_json@Vmap@std@@Vvector@2@V?$basic_string@DU?$char_traits@D@std@@V?$allocator@D@2@@2@_N_J_KNVallocator@2@Uadl_serializer@nlohmann@@@nlohmann@@U?$less@V?$basic_string@DU?$char_traits@D@std@@V?$allocator@D@2@@std@@@2@V?$allocator@U?$pair@$$CBV?$basic_string@DU?$char_traits@D@std@@V?$allocator@D@2@@std@@V?$basic_json@Vmap@std@@Vvector@2@V?$basic_string@DU?$char_traits@D@std@@V?$allocator@D@2@@2@_N_J_KNVallocator@2@Uadl_serializer@nlohmann@@@nlohmann@@@std@@@2@$0A@@std@@@std@@QEAA@XZ 0000000180006f50 f i bento_sdk:asset_database.obj
 0001:00005f60       ??1?$basic_json@Vmap@std@@Vvector@2@V?$basic_string@DU?$char_traits@D@std@@V?$allocator@D@2@@2@_N_J_KNVallocator@2@Uadl_serializer@nlohmann@@@nlohmann@@QEAA@XZ 0000000180006f60 f i bento_sdk:asset_database.obj
 0001:00005f70       ??1?$basic_string@DU?$char_traits@D@std@@V?$allocator@D@2@@std@@QEAA@XZ 0000000180006f70 f i bento_sdk:asset_database.obj
 0001:00005f80       ??1?$basic_stringbuf@DU?$char_traits@D@std@@V?$allocator@D@2@@std@@UEAA@XZ 0000000180006f80 f i bento_sdk:asset_database.obj
 0001:00006050       ??1?$basic_stringstream@DU?$char_traits@D@std@@V?$allocator@D@2@@std@@UEAA@XZ 0000000180007050 f i bento_sdk:asset_database.obj
 0001:000060b0       ??1?$json_ref@V?$basic_json@Vmap@std@@Vvector@2@V?$basic_string@DU?$char_traits@D@std@@V?$allocator@D@2@@2@_N_J_KNVallocator@2@Uadl_serializer@nlohmann@@@nlohmann@@@detail@nlohmann@@QEAA@XZ 00000001800070b0 f i bento_sdk:asset_database.obj
 0001:000060c0       ??1?$output_adapter@DV?$basic_string@DU?$char_traits@D@std@@V?$allocator@D@2@@std@@@detail@nlohmann@@QEAA@XZ 00000001800070c0 f i bento_sdk:asset_database.obj
 0001:00006110       ??1?$output_adapter_protocol@D@detail@nlohmann@@UEAA@XZ 0000000180007110 f i bento_sdk:asset_database.obj
 0001:00006120       ??1?$serializer@V?$basic_json@Vmap@std@@Vvector@2@V?$basic_string@DU?$char_traits@D@std@@V?$allocator@D@2@@2@_N_J_KNVallocator@2@Uadl_serializer@nlohmann@@@nlohmann@@@detail@nlohmann@@QEAA@XZ 0000000180007120 f i bento_sdk:asset_database.obj
 0001:00006180       ??1?$shared_ptr@U?$output_adapter_protocol@D@detail@nlohmann@@@std@@QEAA@XZ 0000000180007180 f i bento_sdk:asset_database.obj
 0001:00006290       ??1TAssetDatabase@bento@@QEAA@XZ 0000000180007290 f   bento_sdk:asset_database.obj
 0001:000062d0       ??1_Ref_count_base@std@@UEAA@XZ 00000001800072d0 f i bento_sdk:asset_database.obj
 0001:000062e0       ??1exception@stdext@@UEAA@XZ 00000001800072e0 f i bento_sdk:asset_database.obj
 0001:000062f0       ??1other_error@detail@nlohmann@@UEAA@XZ 00000001800072f0 f i bento_sdk:asset_database.obj
 0001:00006300       ??1type_error@detail@nlohmann@@UEAA@XZ 0000000180007300 f i bento_sdk:asset_database.obj
 0001:00006310       ??3@YAXPEAX0@Z             0000000180007310 f i bento_sdk:asset_database.obj
 0001:00006320       ??4?$Vector@D@bento@@QEAAXAEBV01@@Z 0000000180007320 f i bento_sdk:asset_database.obj
 0001:00006380       ??A?$basic_json@Vmap@std@@Vvector@2@V?$basic_string@DU?$char_traits@D@std@@V?$allocator@D@2@@2@_N_J_KNVallocator@2@Uadl_serializer@nlohmann@@@nlohmann@@QEAAAEAV01@AEBV?$basic_string@DU?$char_traits@D@std@@V?$allocator@D@2@@std@@@Z 0000000180007380 f i bento_sdk:asset_database.obj
 0001:00006530       ??_D?$basic_stringstream@DU?$char_traits@D@std@@V?$allocator@D@2@@std@@QEAAXXZ 0000000180007530 f i bento_sdk:asset_database.obj
 0001:00006590       ??_E?$basic_stringstream@DU?$char_traits@D@std@@V?$allocator@D@2@@std@@$4PPPPPPPM@A@EAAPEAXI@Z 0000000180007590 f i bento_sdk:asset_database.obj
 0001:000065a0       ??_G?$_Ref_count_obj@V?$output_string_adapter@DV?$basic_string@DU?$char_traits@D@std@@V?$allocator@D@2@@std@@@detail@nlohmann@@@std@@UEAAPEAXI@Z 00000001800075a0 f i bento_sdk:asset_database.obj
 0001:000065a0       ??_E?$_Ref_count_obj@V?$output_string_adapter@DV?$basic_string@DU?$char_traits@D@std@@V?$allocator@D@2@@std@@@detail@nlohmann@@@std@@UEAAPEAXI@Z 00000001800075a0 f i bento_sdk:asset_database.obj
 0001:000065d0       ??_E?$basic_stringbuf@DU?$char_traits@D@std@@V?$allocator@D@2@@std@@UEAAPEAXI@Z 00000001800075d0 f i bento_sdk:asset_database.obj
 0001:000065d0       ??_G?$basic_stringbuf@DU?$char_traits@D@std@@V?$allocator@D@2@@std@@UEAAPEAXI@Z 00000001800075d0 f i bento_sdk:asset_database.obj
 0001:00006610       ??_E?$basic_stringstream@DU?$char_traits@D@std@@V?$allocator@D@2@@std@@UEAAPEAXI@Z 0000000180007610 f i bento_sdk:asset_database.obj
 0001:00006610       ??_G?$basic_stringstream@DU?$char_traits@D@std@@V?$allocator@D@2@@std@@UEAAPEAXI@Z 0000000180007610 f i bento_sdk:asset_database.obj
 0001:000066b0       ??_E?$output_adapter_protocol@D@detail@nlohmann@@UEAAPEAXI@Z 00000001800076b0 f i bento_sdk:asset_database.obj
 0001:000066b0       ??_G?$output_adapter_protocol@D@detail@nlohmann@@UEAAPEAXI@Z 00000001800076b0 f i bento_sdk:asset_database.obj
 0001:000066e0       ??_G?$output_string_adapter@DV?$basic_string@DU?$char_traits@D@std@@V?$allocator@D@2@@std@@@detail@nlohmann@@UEAAPEAXI@Z 00000001800076e0 f i bento_sdk:asset_database.obj
 0001:000066e0       ??_E?$output_string_adapter@DV?$basic_string@DU?$char_traits@D@std@@V?$allocator@D@2@@std@@@detail@nlohmann@@UEAAPEAXI@Z 00000001800076e0 f i bento_sdk:asset_database.obj
 0001:00006710       ??_E_Ref_count_base@std@@UEAAPEAXI@Z 0000000180007710 f i bento_sdk:asset_database.obj
 0001:00006710       ??_G_Ref_count_base@std@@UEAAPEAXI@Z 0000000180007710 f i bento_sdk:asset_database.obj
 0001:00006740       ??_Eexception@detail@nlohmann@@UEAAPEAXI@Z 0000000180007740 f i bento_sdk:asset_database.obj
 0001:00006740       ??_Gexception@detail@nlohmann@@UEAAPEAXI@Z 0000000180007740 f i bento_sdk:asset_database.obj
 0001:00006770       ??_Eexception@stdext@@UEAAPEAXI@Z 0000000180007770 f i bento_sdk:asset_database.obj
 0001:00006770       ??_Gexception@stdext@@UEAAPEAXI@Z 0000000180007770 f i bento_sdk:asset_database.obj
 0001:000067a0       ??_Eother_error@detail@nlohmann@@UEAAPEAXI@Z 00000001800077a0 f i bento_sdk:asset_database.obj
 0001:000067a0       ??_Gother_error@detail@nlohmann@@UEAAPEAXI@Z 00000001800077a0 f i bento_sdk:asset_database.obj
 0001:000067d0       ??_Eruntime_error@std@@UEAAPEAXI@Z 00000001800077d0 f i bento_sdk:asset_database.obj
 0001:000067d0       ??_Gruntime_error@std@@UEAAPEAXI@Z 00000001800077d0 f i bento_sdk:asset_database.obj
 0001:00006800       ??_Gtype_error@detail@nlohmann@@UEAAPEAXI@Z 0000000180007800 f i bento_sdk:asset_database.obj
 0001:00006800       ??_Etype_error@detail@nlohmann@@UEAAPEAXI@Z 0000000180007800 f i bento_sdk:asset_database.obj
 0001:00006830       ?_Become_small@?$basic_string@DU?$char_traits@D@std@@V?$allocator@D@2@@std@@QEAAXXZ 0000000180007830 f i bento_sdk:asset_database.obj
 0001:000068b0       ?_Buy@?$vector@V?$basic_json@Vmap@std@@Vvector@2@V?$basic_string@DU?$char_traits@D@std@@V?$allocator@D@2@@2@_N_J_KNVallocator@2@Uadl_serializer@nlohmann@@@nlohmann@@V?$allocator@V?$basic_json@Vmap@std@@Vvector@2@V?$basic_string@DU?$char_traits@D@std@@V?$allocator@D@2@@2@_N_J_KNVallocator@2@Uadl_serializer@nlohmann@@@nlohmann@@@std@@@std@@AEAA_N_K@Z 00000001800078b0 f i bento_sdk:asset_database.obj
 0001:00006920       ?_Delete_this@?$_Ref_count_obj@V?$output_string_adapter@DV?$basic_string@DU?$char_traits@D@std@@V?$allocator@D@2@@std@@@detail@nlohmann@@@std@@EEAAXXZ 0000000180007920 f i bento_sdk:asset_database.obj
 0001:00006940       ?_Destroy@?$_Ref_count_obj@V?$output_string_adapter@DV?$basic_string@DU?$char_traits@D@std@@V?$allocator@D@2@@std@@@detail@nlohmann@@@std@@EEAAXXZ 0000000180007940 f i bento_sdk:asset_database.obj
 0001:00006950       ?_Destroy_if_node@?$_Tree@V?$_Tmap_traits@V?$basic_string@DU?$char_traits@D@std@@V?$allocator@D@2@@std@@V?$basic_json@Vmap@std@@Vvector@2@V?$basic_string@DU?$char_traits@D@std@@V?$allocator@D@2@@2@_N_J_KNVallocator@2@Uadl_serializer@nlohmann@@@nlohmann@@U?$less@V?$basic_string@DU?$char_traits@D@std@@V?$allocator@D@2@@std@@@2@V?$allocator@U?$pair@$$CBV?$basic_string@DU?$char_traits@D@std@@V?$allocator@D@2@@std@@V?$basic_json@Vmap@std@@Vvector@2@V?$basic_string@DU?$char_traits@D@std@@V?$allocator@D@2@@2@_N_J_KNVallocator@2@Uadl_serializer@nlohmann@@@nlohmann@@@std@@@2@$0A@@std@@@std@@IEAAXPEAU?$_Tree_node@U?$pair@$$CBV?$basic_string@DU?$char_traits@D@std@@V?$allocator@D@2@@std@@V?$basic_json@Vmap@std@@Vvector@2@V?$basic_string@DU?$char_traits@D@std@@V?$allocator@D@2@@2@_N_J_KNVallocator@2@Uadl_serializer@nlohmann@@@nlohmann@@@std@@PEAX@2@@Z 0000000180007950 f i bento_sdk:asset_database.obj
 0001:00006990       ?_Doraise@exception@stdext@@MEBAXXZ 0000000180007990 f i bento_sdk:asset_database.obj
 0001:000069a0       ?_Doraise@runtime_error@std@@MEBAXXZ 00000001800079a0 f i bento_sdk:asset_database.obj
 0001:000069c0       ?_Erase@?$_Tree@V?$_Tmap_traits@V?$basic_string@DU?$char_traits@D@std@@V?$allocator@D@2@@std@@V?$basic_json@Vmap@std@@Vvector@2@V?$basic_string@DU?$char_traits@D@std@@V?$allocator@D@2@@2@_N_J_KNVallocator@2@Uadl_serializer@nlohmann@@@nlohmann@@U?$less@V?$basic_string@DU?$char_traits@D@std@@V?$allocator@D@2@@std@@@2@V?$allocator@U?$pair@$$CBV?$basic_string@DU?$char_traits@D@std@@V?$allocator@D@2@@std@@V?$basic_json@Vmap@std@@Vvector@2@V?$basic_string@DU?$char_traits@D@std@@V?$allocator@D@2@@2@_N_J_KNVallocator@2@Uadl_serializer@nlohmann@@@nlohmann@@@std@@@2@$0A@@std@@@std@@IEAAXPEAU?$_Tree_node@U?$pair@$$CBV?$basic_string@DU?$char_traits@D@std@@V?$allocator@D@2@@std@@V?$basic_json@Vmap@std@@Vvector@2@V?$basic_string@DU?$char_traits@D@std@@V?$allocator@D@2@@2@_N_J_KNVallocator@2@Uadl_serializer@nlohmann@@@nlohmann@@@std@@PEAX@2@@Z 00000001800079c0 f i bento_sdk:asset_database.obj
 0001:00006a40       ?_Get_deleter@_Ref_count_base@std@@UEBAPEAXAEBVtype_info@@@Z 0000000180007a40 f i bento_sdk:asset_database.obj
 0001:00006a50       ?_Tidy@?$vector@V?$basic_json@Vmap@std@@Vvector@2@V?$basic_string@DU?$char_traits@D@std@@V?$allocator@D@2@@2@_N_J_KNVallocator@2@Uadl_serializer@nlohmann@@@nlohmann@@V?$allocator@V?$basic_json@Vmap@std@@Vvector@2@V?$basic_string@DU?$char_traits@D@std@@V?$allocator@D@2@@2@_N_J_KNVallocator@2@Uadl_serializer@nlohmann@@@nlohmann@@@std@@@std@@AEAAXXZ 0000000180007a50 f i bento_sdk:asset_database.obj
 0001:00006b20       ?_Tidy_deallocate@?$basic_string@DU?$char_traits@D@std@@V?$allocator@D@2@@std@@QEAAXXZ 0000000180007b20 f i bento_sdk:asset_database.obj
 0001:00006ba0       ?_Xlen@?$basic_string@DU?$char_traits@D@std@@V?$allocator@D@2@@std@@SAXXZ 0000000180007ba0 f i bento_sdk:asset_database.obj
 0001:00006bc0       ?_Xlength@?$vector@V?$basic_json@Vmap@std@@Vvector@2@V?$basic_string@DU?$char_traits@D@std@@V?$allocator@D@2@@2@_N_J_KNVallocator@2@Uadl_serializer@nlohmann@@@nlohmann@@V?$allocator@V?$basic_json@Vmap@std@@Vvector@2@V?$basic_string@DU?$char_traits@D@std@@V?$allocator@D@2@@2@_N_J_KNVallocator@2@Uadl_serializer@nlohmann@@@nlohmann@@@std@@@std@@CAXXZ 0000000180007bc0 f i bento_sdk:asset_database.obj
 0001:00006be0       ?_Xran@?$_String_val@U?$_Simple_types@D@std@@@std@@SAXXZ 0000000180007be0 f i bento_sdk:asset_database.obj
 0001:00006c00       ?append@?$basic_string@DU?$char_traits@D@std@@V?$allocator@D@2@@std@@QEAAAEAV12@QEBD_K@Z 0000000180007c00 f i bento_sdk:asset_database.obj
 0001:00006d80       ?append@?$basic_string@DU?$char_traits@D@std@@V?$allocator@D@2@@std@@QEAAAEAV12@_KD@Z 0000000180007d80 f i bento_sdk:asset_database.obj
 0001:00006f10       ?assign@?$basic_string@DU?$char_traits@D@std@@V?$allocator@D@2@@std@@QEAAAEAV12@QEBD_K@Z 0000000180007f10 f i bento_sdk:asset_database.obj
 0001:00007040       ?back@?$basic_string@DU?$char_traits@D@std@@V?$allocator@D@2@@std@@QEBAAEBDXZ 0000000180008040 f i bento_sdk:asset_database.obj
 0001:00007060       ?clear@?$Vector@UTAsset@bento@@@bento@@QEAAXXZ 0000000180008060 f i bento_sdk:asset_database.obj
 0001:00007110       ?compare@?$basic_string@DU?$char_traits@D@std@@V?$allocator@D@2@@std@@QEBAHAEBV12@@Z 0000000180008110 f i bento_sdk:asset_database.obj
 0001:00007180       ?create@other_error@detail@nlohmann@@SA?AV123@HAEBV?$basic_string@DU?$char_traits@D@std@@V?$allocator@D@2@@std@@@Z 0000000180008180 f i bento_sdk:asset_database.obj
 0001:00007390       ?create@type_error@detail@nlohmann@@SA?AV123@HAEBV?$basic_string@DU?$char_traits@D@std@@V?$allocator@D@2@@std@@@Z 0000000180008390 f i bento_sdk:asset_database.obj
 0001:000075a0       ?destroy@json_value@?$basic_json@Vmap@std@@Vvector@2@V?$basic_string@DU?$char_traits@D@std@@V?$allocator@D@2@@2@_N_J_KNVallocator@2@Uadl_serializer@nlohmann@@@nlohmann@@QEAAXW4value_t@detail@3@@Z 00000001800085a0 f i bento_sdk:asset_database.obj
 0001:00007670       ?dump@?$basic_json@Vmap@std@@Vvector@2@V?$basic_string@DU?$char_traits@D@std@@V?$allocator@D@2@@2@_N_J_KNVallocator@2@Uadl_serializer@nlohmann@@@nlohmann@@QEBA?AV?$basic_string@DU?$char_traits@D@std@@V?$allocator@D@2@@std@@HD_N@Z 0000000180008670 f i bento_sdk:asset_database.obj
 0001:000078f0       ?dump@?$serializer@V?$basic_json@Vmap@std@@Vvector@2@V?$basic_string@DU?$char_traits@D@std@@V?$allocator@D@2@@2@_N_J_KNVallocator@2@Uadl_serializer@nlohmann@@@nlohmann@@@detail@nlohmann@@QEAAXAEBV?$basic_json@Vmap@std@@Vvector@2@V?$basic_string@DU?$char_traits@D@std@@V?$allocator@D@2@@2@_N_J_KNVallocator@2@Uadl_serializer@nlohmann@@@3@_N1II@Z 00000001800088f0 f i bento_sdk:asset_database.obj
 0001:00008160       ?dump_escaped@?$serializer@V?$basic_json@Vmap@std@@Vvector@2@V?$basic_string@DU?$char_traits@D@std@@V?$allocator@D@2@@2@_N_J_KNVallocator@2@Uadl_serializer@nlohmann@@@nlohmann@@@detail@nlohmann@@AEAAXAEBV?$basic_string@DU?$char_traits@D@std@@V?$allocator@D@2@@std@@_N@Z 0000000180009160 f i bento_sdk:asset_database.obj
 0001:00008790       ?format_buffer@dtoa_impl@detail@nlohmann@@YAPEADPEADHHHH@Z 0000000180009790 f i bento_sdk:asset_database.obj
 0001:00008950       ?free@?$Vector@UTAsset@bento@@@bento@@QEAAXXZ 0000000180009950 f i bento_sdk:asset_database.obj
 0001:00008980       ?grisu2@dtoa_impl@detail@nlohmann@@YAXPEADAEAH1Udiyfp@123@22@Z 0000000180009980 f i bento_sdk:asset_database.obj
 0001:00008bd0       ?grisu2_digit_gen@dtoa_impl@detail@nlohmann@@YAXPEADAEAH1Udiyfp@123@22@Z 0000000180009bd0 f i bento_sdk:asset_database.obj
 0001:00008e20       ?hex@std@@YAAEAVios_base@1@AEAV21@@Z 0000000180009e20 f i bento_sdk:asset_database.obj
 0001:00008e40       ?insert@?$basic_string@DU?$char_traits@D@std@@V?$allocator@D@2@@std@@QEAAAEAV12@_KQEBD0@Z 0000000180009e40 f i bento_sdk:asset_database.obj
 0001:00008f50       ?insert_asset@TAssetDatabase@bento@@QEAAXPEBD0IAEAV?$Vector@D@2@@Z 0000000180009f50 f   bento_sdk:asset_database.obj
 0001:00009020       ?name@exception@detail@nlohmann@@KA?AV?$basic_string@DU?$char_traits@D@std@@V?$allocator@D@2@@std@@AEBV45@H@Z 000000018000a020 f i bento_sdk:asset_database.obj
 0001:000093a0       ?overflow@?$basic_stringbuf@DU?$char_traits@D@std@@V?$allocator@D@2@@std@@MEAAHH@Z 000000018000a3a0 f i bento_sdk:asset_database.obj
 0001:00009620       ?pack_type@bento@@YAXAEAV?$Vector@D@1@AEBUTAsset@1@@Z 000000018000a620 f   bento_sdk:asset_database.obj
 0001:000096a0       ?pack_type@bento@@YAXAEAV?$Vector@D@1@AEBVTAssetDatabase@1@@Z 000000018000a6a0 f   bento_sdk:asset_database.obj
 0001:00009790       ?pbackfail@?$basic_stringbuf@DU?$char_traits@D@std@@V?$allocator@D@2@@std@@MEAAHH@Z 000000018000a790 f i bento_sdk:asset_database.obj
 0001:000097e0       ?push_back@?$basic_string@DU?$char_traits@D@std@@V?$allocator@D@2@@std@@QEAAXD@Z 000000018000a7e0 f i bento_sdk:asset_database.obj
 0001:00009940       ?request_asset@TAssetDatabase@bento@@QEBAPEBUTAsset@2@PEBD@Z 000000018000a940 f   bento_sdk:asset_database.obj
 0001:000099b0       ?request_asset@TAssetDatabase@bento@@QEBAPEBUTAsset@2@_K@Z 000000018000a9b0 f   bento_sdk:asset_database.obj
 0001:000099e0       ?reserve@?$Vector@UTAsset@bento@@@bento@@QEAAXI@Z 000000018000a9e0 f i bento_sdk:asset_database.obj
 0001:00009a50       ?resize@?$Vector@UTAsset@bento@@@bento@@QEAAXI@Z 000000018000aa50 f i bento_sdk:asset_database.obj
 0001:00009c40       ?seekoff@?$basic_stringbuf@DU?$char_traits@D@std@@V?$allocator@D@2@@std@@MEAA?AV?$fpos@U_Mbstatet@@@2@_JHH@Z 000000018000ac40 f i bento_sdk:asset_database.obj
 0001:00009df0       ?seekpos@?$basic_stringbuf@DU?$char_traits@D@std@@V?$allocator@D@2@@std@@MEAA?AV?$fpos@U_Mbstatet@@@2@V32@H@Z 000000018000adf0 f i bento_sdk:asset_database.obj
 0001:00009f00       ?str@?$basic_stringstream@DU?$char_traits@D@std@@V?$allocator@D@2@@std@@QEBA?AV?$basic_string@DU?$char_traits@D@std@@V?$allocator@D@2@@2@XZ 000000018000af00 f i bento_sdk:asset_database.obj
 0001:00009ff0       ?to_string@bento@@YAXAEAVDynamicString@1@AEBVTAssetDatabase@1@@Z 000000018000aff0 f   bento_sdk:asset_database.obj
 0001:0000a760       ?to_string@std@@YA?AV?$basic_string@DU?$char_traits@D@std@@V?$allocator@D@2@@1@_K@Z 000000018000b760 f i bento_sdk:asset_database.obj
 0001:0000a800       ?type_name@?$basic_json@Vmap@std@@Vvector@2@V?$basic_string@DU?$char_traits@D@std@@V?$allocator@D@2@@2@_N_J_KNVallocator@2@Uadl_serializer@nlohmann@@@nlohmann@@QEBAPEBDXZ 000000018000b800 f i bento_sdk:asset_database.obj
 0001:0000a880       ?underflow@?$basic_stringbuf@DU?$char_traits@D@std@@V?$allocator@D@2@@std@@MEAAHXZ 000000018000b880 f i bento_sdk:asset_database.obj
 0001:0000a8f0       ?unpack_type@bento@@YAXAEAPEBDAEAUTAsset@1@@Z 000000018000b8f0 f   bento_sdk:asset_database.obj
 0001:0000a980       ?unpack_type@bento@@YA_NAEAPEBDAEAVTAssetDatabase@1@@Z 000000018000b980 f   bento_sdk:asset_database.obj
 0001:0000aa90       ?uppercase@std@@YAAEAVios_base@1@AEAV21@@Z 000000018000ba90 f i bento_sdk:asset_database.obj
 0001:0000aaa0       ?what@exception@detail@nlohmann@@UEBAPEBDXZ 000000018000baa0 f i bento_sdk:asset_database.obj
 0001:0000aab0       ?what@exception@stdext@@UEBAPEBDXZ 000000018000bab0 f i bento_sdk:asset_database.obj
 0001:0000aad0       ?write_character@?$output_string_adapter@DV?$basic_string@DU?$char_traits@D@std@@V?$allocator@D@2@@std@@@detail@nlohmann@@UEAAXD@Z 000000018000bad0 f i bento_sdk:asset_database.obj
 0001:0000aae0       ?write_characters@?$output_string_adapter@DV?$basic_string@DU?$char_traits@D@std@@V?$allocator@D@2@@std@@@detail@nlohmann@@UEAAXPEBD_K@Z 000000018000bae0 f i bento_sdk:asset_database.obj
 0001:0000aaf0       __local_stdio_printf_options 000000018000baf0 f i bento_sdk:asset_database.obj
 0001:0000ab00       snprintf                   000000018000bb00 f i bento_sdk:asset_database.obj
 0001:0000ab60       ?default_logger@bento@@YAPEAVILogger@1@XZ 000000018000bb60 f   bento_sdk:log.obj
 0001:0000ab70       ?reset_logger@bento@@YAXXZ 000000018000bb70 f   bento_sdk:log.obj
 0001:0000ab80       ?set_default_logger@bento@@YAXPEAVILogger@1@@Z 000000018000bb80 f   bento_sdk:log.obj
 0001:0000ab90       ?add_extension@path@bento@@YA?AVDynamicString@2@PEBD0AEAVIAllocator@2@@Z 000000018000bb90 f   bento_sdk:file_system.obj
 0001:0000abb0       ?collect_files_with_extension@file_system@bento@@YAXPEBD0AEAV?$Vector@VDynamicString@bento@@@2@@Z 000000018000bbb0 f   bento_sdk:file_system.obj
 0001:0000b090       ?directory@path@bento@@YA?AVDynamicString@2@PEBDAEAVIAllocator@2@@Z 000000018000c090 f   bento_sdk:file_system.obj
 0001:0000b100       ?extension@path@bento@@YA?AVDynamicString@2@PEBDAEAVIAllocator@2@@Z 000000018000c100 f   bento_sdk:file_system.obj
 0001:0000b190       ?filename@path@bento@@YA?AVDynamicString@2@PEBDAEAVIAllocator@2@@Z 000000018000c190 f   bento_sdk:file_system.obj
 0001:0000b240       ?internal_join@path@bento@@YA?AVDynamicString@2@PEBD0DAEAVIAllocator@2@@Z 000000018000c240 f i bento_sdk:file_system.obj
 0001:0000b2f0       ?join@path@bento@@YA?AVDynamicString@2@PEBD0AEAVIAllocator@2@@Z 000000018000c2f0 f   bento_sdk:file_system.obj
 0001:0000b310       ?path_is_file@file_system@bento@@YA_NPEBD@Z 000000018000c310 f   bento_sdk:file_system.obj
 0001:0000b360       ?push_back@?$Vector@D@bento@@QEAAXAEBD@Z 000000018000c360 f i bento_sdk:file_system.obj
 0001:0000b3b0       ?push_back@?$Vector@VDynamicString@bento@@@bento@@QEAAXAEBVDynamicString@2@@Z 000000018000c3b0 f i bento_sdk:file_system.obj
 0001:0000b470       ?read_file@bento@@YA_NPEBDAEAV?$Vector@D@1@W4FileType@1@@Z 000000018000c470 f   bento_sdk:file_system.obj
 0001:0000b580       ?reserve@?$Vector@VDynamicString@bento@@@bento@@QEAAXI@Z 000000018000c580 f i bento_sdk:file_system.obj
 0001:0000b5f0       ?strip_extension@path@bento@@YA?AVDynamicString@2@PEBDAEAVIAllocator@2@@Z 000000018000c5f0 f   bento_sdk:file_system.obj
 0001:0000b660       ?write_file@bento@@YA_NPEBD0IW4FileType@1@@Z 000000018000c660 f   bento_sdk:file_system.obj
 0001:0000b9c0       ?murmur_hash@bento@@YAIPEBXII@Z 000000018000c9c0 f   bento_sdk:hash.obj
 0001:0000ba50       ?murmur_hash_64@bento@@YA_KPEBXII@Z 000000018000ca50 f   bento_sdk:hash.obj
 0001:0000bb70       ?pack_buffer@bento@@YAXAEAV?$Vector@D@1@IPEBD@Z 000000018000cb70 f   bento_sdk:stream.obj
 0001:0000bc20       ?unpack_buffer@bento@@YAXAEAPEBDIPEAD@Z 000000018000cc20 f   bento_sdk:stream.obj
 0001:0000bc60       ??0DiskSerializer@bento@@QEAA@AEAVIAllocator@1@PEBD@Z 000000018000cc60 f   bento_sdk:disk_serializer.obj
 0001:0000bc90       ?internal_read_buffer@DiskSerializer@bento@@AEAA_NAEAV?$Vector@D@2@PEBD1@Z 000000018000cc90 f   bento_sdk:disk_serializer.obj
 0001:0000bd80       ?internal_read_string@DiskSerializer@bento@@AEAA_NAEAVDynamicString@2@PEBD1@Z 000000018000cd80 f   bento_sdk:disk_serializer.obj
 0001:0000bed0       ?internal_write_buffer@DiskSerializer@bento@@AEAA_NAEBV?$Vector@D@2@PEBD1@Z 000000018000ced0 f   bento_sdk:disk_serializer.obj
 0001:0000bfc0       ?internal_write_string@DiskSerializer@bento@@AEAA_NAEBVDynamicString@2@PEBD1@Z 000000018000cfc0 f   bento_sdk:disk_serializer.obj
 0001:0000c0d0       ?__handle_fail@bento@@YAXPEBD0H@Z 000000018000d0d0 f   bento_sdk:security.obj
 0001:0000c130       ?print_trace@bento@@YAXXZ  000000018000d130 f   bento_sdk:security.obj
 0001:0000c140       ??$?6U?$char_traits@D@std@@@std@@YAAEAV?$basic_ostream@DU?$char_traits@D@std@@@0@AEAV10@PEBD@Z 000000018000d140 f i bento_sdk:matrix4.obj
 0001:0000c310       ??1_Sentry_base@?$basic_ostream@DU?$char_traits@D@std@@@std@@QEAA@XZ 000000018000d310 f i bento_sdk:matrix4.obj
 0001:0000c340       ??1sentry@?$basic_ostream@DU?$char_traits@D@std@@@std@@QEAA@XZ 000000018000d340 f i bento_sdk:matrix4.obj
 0001:0000c380       ??6bento@@YAAEAV?$basic_ostream@DU?$char_traits@D@std@@@std@@AEAV12@AEBUMatrix4@0@@Z 000000018000d380 f   bento_sdk:matrix4.obj
 0001:0000c580       ??Dbento@@YA?AUMatrix4@0@AEBU10@0@Z 000000018000d580 f   bento_sdk:matrix4.obj
 0001:0000c990       ??Dbento@@YA?AUVector3@0@AEBUMatrix4@0@AEBU10@@Z 000000018000d990 f   bento_sdk:matrix4.obj
 0001:0000ca30       ??Dbento@@YA?AUVector4@0@AEBUMatrix4@0@AEBU10@@Z 000000018000da30 f   bento_sdk:matrix4.obj
 0001:0000cb20       ?AsPerspective@bento@@YAXAEAUMatrix4@1@MMMM@Z 000000018000db20 f   bento_sdk:matrix4.obj
 0001:0000cbe0       ?Det@bento@@YAMAEBUMatrix4@1@@Z 000000018000dbe0 f   bento_sdk:matrix4.obj
 0001:0000cc10       ?GetTranslate@bento@@YA?AUVector3@1@AEBUMatrix4@1@@Z 000000018000dc10 f   bento_sdk:matrix4.obj
 0001:0000cc40       ?Inverse3x3@bento@@YA?AUMatrix3@1@AEBUMatrix4@1@@Z 000000018000dc40 f   bento_sdk:matrix4.obj
 0001:0000ce40       ?Inverse@bento@@YA?AUMatrix4@1@AEBU21@@Z 000000018000de40 f   bento_sdk:matrix4.obj
 0001:0000d690       ?ResetToZero@bento@@YAXAEAUMatrix4@1@@Z 000000018000e690 f   bento_sdk:matrix4.obj
 0001:0000d6c0       ?Rotate@bento@@YA?AUMatrix4@1@MAEBUVector3@1@@Z 000000018000e6c0 f   bento_sdk:matrix4.obj
 0001:0000d8f0       ?RotateXAxis@bento@@YA?AUMatrix4@1@M@Z 000000018000e8f0 f   bento_sdk:matrix4.obj
 0001:0000d960       ?RotateYAxis@bento@@YA?AUMatrix4@1@M@Z 000000018000e960 f   bento_sdk:matrix4.obj
 0001:0000d9d0       ?RotateZAxis@bento@@YA?AUMatrix4@1@M@Z 000000018000e9d0 f   bento_sdk:matrix4.obj
 0001:0000da40       ?Set@bento@@YAAEAUMatrix4@1@AEAU21@AEBU21@@Z 000000018000ea40 f   bento_sdk:matrix4.obj
 0001:0000dab0       ?SetIdentity@bento@@YAXAEAUMatrix4@1@@Z 000000018000eab0 f   bento_sdk:matrix4.obj
 0001:0000daf0       ?ToTable@bento@@YAXAEBUMatrix4@1@PEAM@Z 000000018000eaf0 f   bento_sdk:matrix4.obj
 0001:0000db50       ?Translate_M4@bento@@YA?AUMatrix4@1@AEBUVector3@1@@Z 000000018000eb50 f   bento_sdk:matrix4.obj
 0001:0000dba0       ?Translate_M4@bento@@YA?AUMatrix4@1@AEBUVector4@1@@Z 000000018000eba0 f   bento_sdk:matrix4.obj
 0001:0000dbf0       ?WRow@bento@@YAPEBUVector4@1@AEBUMatrix4@1@@Z 000000018000ebf0 f   bento_sdk:matrix4.obj
 0001:0000dc00       ?XAxis@bento@@YA?AUVector3@1@AEBUMatrix4@1@@Z 000000018000ec00 f   bento_sdk:matrix4.obj
 0001:0000dc30       ?XRow@bento@@YAPEBUVector4@1@AEBUMatrix4@1@@Z 000000018000ec30 f   bento_sdk:matrix4.obj
 0001:0000dc40       ?YAxis@bento@@YA?AUVector3@1@AEBUMatrix4@1@@Z 000000018000ec40 f   bento_sdk:matrix4.obj
 0001:0000dc70       ?YRow@bento@@YAPEBUVector4@1@AEBUMatrix4@1@@Z 000000018000ec70 f   bento_sdk:matrix4.obj
 0001:0000dc80       ?ZAxis@bento@@YA?AUVector3@1@AEBUMatrix4@1@@Z 000000018000ec80 f   bento_sdk:matrix4.obj
 0001:0000dcb0       ?ZRow@bento@@YAPEBUVector4@1@AEBUMatrix4@1@@Z 000000018000ecb0 f   bento_sdk:matrix4.obj
 0001:0000dcc0       ?matrix4@bento@@YAXAEAUMatrix4@1@PEAM@Z 000000018000ecc0 f   bento_sdk:matrix4.obj
 0001:0000dce0       ?transpose@bento@@YA?AUMatrix4@1@AEBU21@@Z 000000018000ece0 f   bento_sdk:matrix4.obj
 0001:0000dd70       ??0IAllocator@bento@@QEAA@XZ 000000018000ed70 f   bento_sdk:allocator.obj
 0001:0000dd80       ??1IAllocator@bento@@UEAA@XZ 000000018000ed80 f   bento_sdk:allocator.obj
 0001:0000dd90       ??_GIAllocator@bento@@UEAAPEAXI@Z 000000018000ed90 f i bento_sdk:allocator.obj
 0001:0000dd90       ??_EIAllocator@bento@@UEAAPEAXI@Z 000000018000ed90 f i bento_sdk:allocator.obj
 0001:0000ddc0       ??0SystemLogger@bento@@QEAA@XZ 000000018000edc0 f   bento_sdk:system_logger.obj
 0001:0000ddd0       ??1ILogger@bento@@UEAA@XZ  000000018000edd0 f i bento_sdk:system_logger.obj
 0001:0000dde0       ??1SystemLogger@bento@@UEAA@XZ 000000018000ede0 f   bento_sdk:system_logger.obj
 0001:0000ddf0       ??_GILogger@bento@@UEAAPEAXI@Z 000000018000edf0 f i bento_sdk:system_logger.obj
 0001:0000ddf0       ??_EILogger@bento@@UEAAPEAXI@Z 000000018000edf0 f i bento_sdk:system_logger.obj
 0001:0000de20       ??_ESystemLogger@bento@@UEAAPEAXI@Z 000000018000ee20 f i bento_sdk:system_logger.obj
 0001:0000de20       ??_GSystemLogger@bento@@UEAAPEAXI@Z 000000018000ee20 f i bento_sdk:system_logger.obj
 0001:0000de50       ?level_to_string@bento@@YAPEBDW4Type@LogLevel@1@@Z 000000018000ee50 f   bento_sdk:system_logger.obj
 0001:0000de90       ?log@SystemLogger@bento@@UEAAXW4Type@LogLevel@2@PEBD1@Z 000000018000ee90 f   bento_sdk:system_logger.obj
 0001:0000df37       clGetPlatformIDs           000000018000ef37 f   OpenCL:OpenCL.dll
 0001:0000df3d       clGetDeviceIDs             000000018000ef3d f   OpenCL:OpenCL.dll
 0001:0000df43       clGetDeviceInfo            000000018000ef43 f   OpenCL:OpenCL.dll
 0001:0000df49       clCreateContext            000000018000ef49 f   OpenCL:OpenCL.dll
 0001:0000df4f       clReleaseContext           000000018000ef4f f   OpenCL:OpenCL.dll
 0001:0000df55       clCreateCommandQueueWithProperties 000000018000ef55 f   OpenCL:OpenCL.dll
 0001:0000df5b       clReleaseCommandQueue      000000018000ef5b f   OpenCL:OpenCL.dll
 0001:0000df61       clCreateBuffer             000000018000ef61 f   OpenCL:OpenCL.dll
 0001:0000df67       clReleaseMemObject         000000018000ef67 f   OpenCL:OpenCL.dll
 0001:0000df6d       clCreateProgramWithSource  000000018000ef6d f   OpenCL:OpenCL.dll
 0001:0000df73       clReleaseProgram           000000018000ef73 f   OpenCL:OpenCL.dll
 0001:0000df79       clBuildProgram             000000018000ef79 f   OpenCL:OpenCL.dll
 0001:0000df7f       clGetProgramBuildInfo      000000018000ef7f f   OpenCL:OpenCL.dll
 0001:0000df85       clCreateKernel             000000018000ef85 f   OpenCL:OpenCL.dll
 0001:0000df8b       clReleaseKernel            000000018000ef8b f   OpenCL:OpenCL.dll
 0001:0000df91       clSetKernelArg             000000018000ef91 f   OpenCL:OpenCL.dll
 0001:0000df97       clFinish                   000000018000ef97 f   OpenCL:OpenCL.dll
 0001:0000df9d       clEnqueueReadBuffer        000000018000ef9d f   OpenCL:OpenCL.dll
 0001:0000dfa3       clEnqueueWriteBuffer       000000018000efa3 f   OpenCL:OpenCL.dll
 0001:0000dfa9       clEnqueueNDRangeKernel     000000018000efa9 f   OpenCL:OpenCL.dll
 0001:0000dfaf       ?_Xbad_alloc@std@@YAXXZ    000000018000efaf f   msvcprt:MSVCP140.dll
 0001:0000dfb5       _Mbrtowc                   000000018000efb5 f   msvcprt:MSVCP140.dll
 0001:0000dfbb       ?_Getcvt@_Locinfo@std@@QEBA?AU_Cvtvec@@XZ 000000018000efbb f   msvcprt:MSVCP140.dll
 0001:0000dfc1       ?_W_Getdays@_Locinfo@std@@QEBAPEBGXZ 000000018000efc1 f   msvcprt:MSVCP140.dll
 0001:0000dfc7       ?_W_Getmonths@_Locinfo@std@@QEBAPEBGXZ 000000018000efc7 f   msvcprt:MSVCP140.dll
 0001:0000dfcd       ?_Xlength_error@std@@YAXPEBD@Z 000000018000efcd f   msvcprt:MSVCP140.dll
 0001:0000e068       __std_reverse_trivially_swappable_1 000000018000f068 f   msvcprt:vector_algorithms.obj
 0001:0000e144       __std_reverse_trivially_swappable_2 000000018000f144 f   msvcprt:vector_algorithms.obj
 0001:0000e224       __std_reverse_trivially_swappable_4 000000018000f224 f   msvcprt:vector_algorithms.obj
 0001:0000e2e8       __std_reverse_trivially_swappable_8 000000018000f2e8 f   msvcprt:vector_algorithms.obj
 0001:0000e3a2       ?_Xout_of_range@std@@YAXPEBD@Z 000000018000f3a2 f   msvcprt:MSVCP140.dll
 0001:0000e3a8       ??0?$basic_streambuf@DU?$char_traits@D@std@@@std@@IEAA@XZ 000000018000f3a8 f   msvcprt:MSVCP140.dll
 0001:0000e3ae       ??1?$basic_streambuf@DU?$char_traits@D@std@@@std@@UEAA@XZ 000000018000f3ae f   msvcprt:MSVCP140.dll
 0001:0000e3b4       ??1?$basic_ios@DU?$char_traits@D@std@@@std@@UEAA@XZ 000000018000f3b4 f   msvcprt:MSVCP140.dll
 0001:0000e3ba       ??0?$basic_ios@DU?$char_traits@D@std@@@std@@IEAA@XZ 000000018000f3ba f   msvcprt:MSVCP140.dll
 0001:0000e3c0       ??6?$basic_ostream@DU?$char_traits@D@std@@@std@@QEAAAEAV01@P6AAEAVios_base@1@AEAV21@@Z@Z 000000018000f3c0 f   msvcprt:MSVCP140.dll
 0001:0000e3c6       ??6?$basic_ostream@DU?$char_traits@D@std@@@std@@QEAAAEAV01@H@Z 000000018000f3c6 f   msvcprt:MSVCP140.dll
 0001:0000e3cc       ??0?$basic_iostream@DU?$char_traits@D@std@@@std@@QEAA@PEAV?$basic_streambuf@DU?$char_traits@D@std@@@1@@Z 000000018000f3cc f   msvcprt:MSVCP140.dll
 0001:0000e3d2       ??1?$basic_iostream@DU?$char_traits@D@std@@@std@@UEAA@XZ 000000018000f3d2 f   msvcprt:MSVCP140.dll
 0001:0000e3d8       ?setw@std@@YA?AU?$_Smanip@_J@1@_J@Z 000000018000f3d8 f   msvcprt:MSVCP140.dll
 0001:0000e3de       ?_Lock@?$basic_streambuf@DU?$char_traits@D@std@@@std@@UEAAXXZ 000000018000f3de f   msvcprt:MSVCP140.dll
 0001:0000e3e4       ?_Unlock@?$basic_streambuf@DU?$char_traits@D@std@@@std@@UEAAXXZ 000000018000f3e4 f   msvcprt:MSVCP140.dll
 0001:0000e3ea       ?imbue@?$basic_streambuf@DU?$char_traits@D@std@@@std@@MEAAXAEBVlocale@2@@Z 000000018000f3ea f   msvcprt:MSVCP140.dll
 0001:0000e3f0       ?setbuf@?$basic_streambuf@DU?$char_traits@D@std@@@std@@MEAAPEAV12@PEAD_J@Z 000000018000f3f0 f   msvcprt:MSVCP140.dll
 0001:0000e3f6       ?showmanyc@?$basic_streambuf@DU?$char_traits@D@std@@@std@@MEAA_JXZ 000000018000f3f6 f   msvcprt:MSVCP140.dll
 0001:0000e3fc       ?sync@?$basic_streambuf@DU?$char_traits@D@std@@@std@@MEAAHXZ 000000018000f3fc f   msvcprt:MSVCP140.dll
 0001:0000e402       ?uflow@?$basic_streambuf@DU?$char_traits@D@std@@@std@@MEAAHXZ 000000018000f402 f   msvcprt:MSVCP140.dll
 0001:0000e408       ?xsgetn@?$basic_streambuf@DU?$char_traits@D@std@@@std@@MEAA_JPEAD_J@Z 000000018000f408 f   msvcprt:MSVCP140.dll
 0001:0000e40e       ?xsputn@?$basic_streambuf@DU?$char_traits@D@std@@@std@@MEAA_JPEBD_J@Z 000000018000f40e f   msvcprt:MSVCP140.dll
 0001:0000e414       ?sputc@?$basic_streambuf@DU?$char_traits@D@std@@@std@@QEAAHD@Z 000000018000f414 f   msvcprt:MSVCP140.dll
 0001:0000e41a       ?sputn@?$basic_streambuf@DU?$char_traits@D@std@@@std@@QEAA_JPEBD_J@Z 000000018000f41a f   msvcprt:MSVCP140.dll
 0001:0000e420       ?setstate@?$basic_ios@DU?$char_traits@D@std@@@std@@QEAAXH_N@Z 000000018000f420 f   msvcprt:MSVCP140.dll
 0001:0000e426       ?_Osfx@?$basic_ostream@DU?$char_traits@D@std@@@std@@QEAAXXZ 000000018000f426 f   msvcprt:MSVCP140.dll
 0001:0000e42c       ??6?$basic_ostream@DU?$char_traits@D@std@@@std@@QEAAAEAV01@M@Z 000000018000f42c f   msvcprt:MSVCP140.dll
 0001:0000e432       ?flush@?$basic_ostream@DU?$char_traits@D@std@@@std@@QEAAAEAV12@XZ 000000018000f432 f   msvcprt:MSVCP140.dll
 0001:0000e438       ??$__crt_fast_decode_pointer@PEAP6AXXZ@@YAPEAP6AXXZQEAP6AXXZ@Z 000000018000f438 f i MSVCRT:utility.obj
 0001:0000e450       ??$__crt_fast_encode_pointer@PEAP6AXXZ@@YAPEAP6AXXZQEAP6AXXZ@Z 000000018000f450 f i MSVCRT:utility.obj
 0001:0000e470       ?__crt_rotate_pointer_value@@YA_K_KH@Z 000000018000f470 f i MSVCRT:utility.obj
 0001:0000e47c       ?configure_argv@__scrt_narrow_argv_policy@@SAHXZ 000000018000f47c f i MSVCRT:utility.obj
 0001:0000e4dc       ?initialize_environment@__scrt_narrow_environment_policy@@SAHXZ 000000018000f4dc f i MSVCRT:utility.obj
 0001:0000e514       NtCurrentTeb               000000018000f514 f i MSVCRT:utility.obj
 0001:0000e520       __scrt_acquire_startup_lock 000000018000f520 f   MSVCRT:utility.obj
 0001:0000e55c       __scrt_dllmain_after_initialize_c 000000018000f55c f   MSVCRT:utility.obj
 0001:0000e590       __scrt_dllmain_before_initialize_c 000000018000f590 f   MSVCRT:utility.obj
 0001:0000e5a8       __scrt_dllmain_crt_thread_attach 000000018000f5a8 f   MSVCRT:utility.obj
 0001:0000e5d0       __scrt_dllmain_crt_thread_detach 000000018000f5d0 f   MSVCRT:utility.obj
 0001:0000e5e8       __scrt_dllmain_exception_filter 000000018000f5e8 f   MSVCRT:utility.obj
 0001:0000e64c       __scrt_dllmain_uninitialize_c 000000018000f64c f   MSVCRT:utility.obj
 0001:0000e67c       __scrt_dllmain_uninitialize_critical 000000018000f67c f   MSVCRT:utility.obj
 0001:0000e690       __scrt_initialize_crt      000000018000f690 f   MSVCRT:utility.obj
 0001:0000e6dc       __scrt_initialize_onexit_tables 000000018000f6dc f   MSVCRT:utility.obj
 0001:0000e7bc       __scrt_is_nonwritable_in_current_image 000000018000f7bc f   MSVCRT:utility.obj
 0001:0000e858       __scrt_release_startup_lock 000000018000f858 f   MSVCRT:utility.obj
 0001:0000e87c       __scrt_uninitialize_crt    000000018000f87c f   MSVCRT:utility.obj
 0001:0000e8a8       _onexit                    000000018000f8a8 f   MSVCRT:utility.obj
 0001:0000e8f8       at_quick_exit              000000018000f8f8 f   MSVCRT:utility.obj
 0001:0000e930       atexit                     000000018000f930 f   MSVCRT:utility.obj
 0001:0000e948       __GSHandlerCheck           000000018000f948 f   MSVCRT:_gshandler_.obj
 0001:0000e968       __GSHandlerCheckCommon     000000018000f968 f   MSVCRT:_gshandler_.obj
 0001:0000e9e0       __security_check_cookie    000000018000f9e0 f   MSVCRT:_amdsecgs_.obj
 0001:0000ed9c       _CRT_INIT                  000000018000fd9c f   MSVCRT:dll_dllmain.obj
 0001:0000eda4       _DllMainCRTStartup         000000018000fda4 f   MSVCRT:dll_dllmain.obj
 0001:0000ede4       ??3@YAXPEAX_K@Z            000000018000fde4 f   MSVCRT:delete_scalar_size.obj
 0001:0000edec       ??2@YAPEAX_K@Z             000000018000fdec f   MSVCRT:new_scalar.obj
 0001:0000ee28       ??_M@YAXPEAX_K1P6AX0@Z@Z   000000018000fe28 f   MSVCRT:ehvecdtr.obj
 0001:0000ee94       ??_M@YAXPEAX_KHP6AX0@Z@Z   000000018000fe94 f   MSVCRT:ehvecdtr.obj
 0001:0000eeb8       ?__ArrayUnwind@@YAXPEAX_K1P6AX0@Z@Z 000000018000feb8 f   MSVCRT:ehvecdtr.obj
 0001:0000ef1c       __GSHandlerCheck_EH        000000018000ff1c f   MSVCRT:gshandlereh.obj
 0001:0000ef9c       ??1type_info@@UEAA@XZ      000000018000ff9c f   MSVCRT:std_type_info_static.obj
 0001:0000efa8       ??_Etype_info@@UEAAPEAXI@Z 000000018000ffa8 f i MSVCRT:std_type_info_static.obj
 0001:0000efa8       ??_Gtype_info@@UEAAPEAXI@Z 000000018000ffa8 f i MSVCRT:std_type_info_static.obj
 0001:0000efe0       __vdecl_sinf4              000000018000ffe0 f   MSVCRT:_svml_ssinf4_dispatch_.obj
 0001:0000eff0       __libm_sse2_sincosf_       000000018000fff0 f   MSVCRT:_svml_ssinf4_dispatch_.obj
 0001:0000f036       __libm_sse2_sincosf4_      0000000180010036 f   MSVCRT:_svml_ssinf4_dispatch_.obj
 0001:0000f048       __isa_available_init       0000000180010048 f   MSVCRT:_cpu_disp_.obj
 0001:0000f204       _get_startup_argv_mode     0000000180010204 f   MSVCRT:argv_mode.obj
 0001:0000f20c       __scrt_is_ucrt_dll_in_use  000000018001020c f   MSVCRT:ucrt_detection.obj
 0001:0000f218       __crt_debugger_hook        0000000180010218 f   MSVCRT:utility_desktop.obj
 0001:0000f220       __scrt_fastfail            0000000180010220 f   MSVCRT:utility_desktop.obj
 0001:0000f36c       __scrt_get_show_window_mode 000000018001036c f   MSVCRT:utility_desktop.obj
 0001:0000f3a8       __scrt_initialize_winrt    00000001800103a8 f   MSVCRT:utility_desktop.obj
 0001:0000f3ac       __scrt_is_managed_app      00000001800103ac f   MSVCRT:utility_desktop.obj
 0001:0000f400       __scrt_set_unhandled_exception_filter 0000000180010400 f   MSVCRT:utility_desktop.obj
 0001:0000f410       __scrt_unhandled_exception_filter 0000000180010410 f   MSVCRT:utility_desktop.obj
 0001:0000f448       _guard_check_icall         0000000180010448 f i MSVCRT:checkcfg.obj
 0001:0000f450       __raise_securityfailure    0000000180010450 f   MSVCRT:gs_report.obj
 0001:0000f484       __report_gsfailure         0000000180010484 f   MSVCRT:gs_report.obj
 0001:0000f558       __report_rangecheckfailure 0000000180010558 f   MSVCRT:gs_report.obj
 0001:0000f56c       __report_securityfailure   000000018001056c f   MSVCRT:gs_report.obj
 0001:0000f608       __report_securityfailureEx 0000000180010608 f   MSVCRT:gs_report.obj
 0001:0000f868       __security_init_cookie     0000000180010868 f   MSVCRT:gs_support.obj
 0001:0000f918       DllMain                    0000000180010918 f   MSVCRT:dll_dllmain_stub.obj
 0001:0000f93c       ?__scrt_initialize_type_info@@YAXXZ 000000018001093c f   MSVCRT:tncleanup.obj
 0001:0000f94c       ?__scrt_uninitialize_type_info@@YAXXZ 000000018001094c f   MSVCRT:tncleanup.obj
 0001:0000f958       __local_stdio_scanf_options 0000000180010958 f i MSVCRT:default_local_stdio_options.obj
 0001:0000f960       __scrt_initialize_default_local_stdio_options 0000000180010960 f   MSVCRT:default_local_stdio_options.obj
 0001:0000f97c       __scrt_get_dyn_tls_init_callback 000000018001097c f   MSVCRT:dyn_tls_init.obj
 0001:0000f984       _RTC_Initialize            0000000180010984 f   MSVCRT:_initsect_.obj
 0001:0000f9d0       _RTC_Terminate             00000001800109d0 f   MSVCRT:_initsect_.obj
 0001:0000fa1c       ??3@YAXPEAX@Z              0000000180010a1c f   MSVCRT:delete_scalar.obj
 0001:0000fa24       ??0bad_alloc@std@@AEAA@QEBD@Z 0000000180010a24 f i MSVCRT:throw_bad_alloc.obj
 0001:0000fa3c       ??0bad_alloc@std@@QEAA@AEBV01@@Z 0000000180010a3c f i MSVCRT:throw_bad_alloc.obj
 0001:0000fa7c       ??0bad_alloc@std@@QEAA@XZ  0000000180010a7c f i MSVCRT:throw_bad_alloc.obj
 0001:0000fa9c       ??0bad_array_new_length@std@@QEAA@AEBV01@@Z 0000000180010a9c f i MSVCRT:throw_bad_alloc.obj
 0001:0000fadc       ??0bad_array_new_length@std@@QEAA@XZ 0000000180010adc f i MSVCRT:throw_bad_alloc.obj
 0001:0000fafc       ??0exception@std@@QEAA@AEBV01@@Z 0000000180010afc f i MSVCRT:throw_bad_alloc.obj
 0001:0000fb34       ??0exception@std@@QEAA@QEBDH@Z 0000000180010b34 f i MSVCRT:throw_bad_alloc.obj
 0001:0000fb4c       ??1bad_alloc@std@@UEAA@XZ  0000000180010b4c f i MSVCRT:throw_bad_alloc.obj
 0001:0000fb60       ??1bad_array_new_length@std@@UEAA@XZ 0000000180010b60 f i MSVCRT:throw_bad_alloc.obj
 0001:0000fb74       ??1exception@std@@UEAA@XZ  0000000180010b74 f i MSVCRT:throw_bad_alloc.obj
 0001:0000fb88       ??_Ebad_alloc@std@@UEAAPEAXI@Z 0000000180010b88 f i MSVCRT:throw_bad_alloc.obj
 0001:0000fb88       ??_Gbad_alloc@std@@UEAAPEAXI@Z 0000000180010b88 f i MSVCRT:throw_bad_alloc.obj
 0001:0000fbcc       ??_Ebad_array_new_length@std@@UEAAPEAXI@Z 0000000180010bcc f i MSVCRT:throw_bad_alloc.obj
 0001:0000fbcc       ??_Gbad_array_new_length@std@@UEAAPEAXI@Z 0000000180010bcc f i MSVCRT:throw_bad_alloc.obj
 0001:0000fc10       ??_Gexception@std@@UEAAPEAXI@Z 0000000180010c10 f i MSVCRT:throw_bad_alloc.obj
 0001:0000fc10       ??_Eexception@std@@UEAAPEAXI@Z 0000000180010c10 f i MSVCRT:throw_bad_alloc.obj
 0001:0000fc54       ?__scrt_throw_std_bad_alloc@@YAXXZ 0000000180010c54 f   MSVCRT:throw_bad_alloc.obj
 0001:0000fc74       ?__scrt_throw_std_bad_array_new_length@@YAXXZ 0000000180010c74 f   MSVCRT:throw_bad_alloc.obj
 0001:0000fc94       ?what@exception@std@@UEBAPEBDXZ 0000000180010c94 f i MSVCRT:throw_bad_alloc.obj
 0001:0000fcb0       __sse2_sinf4               0000000180010cb0 f   MSVCRT:_svml_ssinf4_sse2_.obj
 0001:00010570       _guard_check_icall_nop     0000000180011570 f i MSVCRT:guard_support.obj
 0001:00010574       ReadNoFence64              0000000180011574 f i MSVCRT:guard_support.obj
 0001:00010578       ReadPointerNoFence         0000000180011578 f i MSVCRT:guard_support.obj
 0001:0001057c       __guard_ss_common_verify_stub 000000018001157c f i MSVCRT:guard_support.obj
 0001:00010580       _guard_icall_checks_enforced 0000000180011580 f i MSVCRT:guard_support.obj
 0001:00010598       _guard_rf_checks_enforced  0000000180011598 f i MSVCRT:guard_support.obj
 0001:000105b0       __CxxFrameHandler3         00000001800115b0 f   vcruntime:VCRUNTIME140.dll
 0001:000105b6       __std_terminate            00000001800115b6 f   vcruntime:VCRUNTIME140.dll
 0001:000105bc       memcpy                     00000001800115bc f   vcruntime:VCRUNTIME140.dll
[...]
 0004:00000e04       $pdata$??1_Sentry_base@?$basic_ostream@DU?$char_traits@D@std@@@std@@QEAA@XZ 000000018001be04     bento_sdk:matrix4.obj
 0004:00000e10       $pdata$??1sentry@?$basic_ostream@DU?$char_traits@D@std@@@std@@QEAA@XZ 000000018001be10     bento_sdk:matrix4.obj
 0004:00000e1c       $pdata$??6bento@@YAAEAV?$basic_ostream@DU?$char_traits@D@std@@@std@@AEAV12@AEBUMatrix4@0@@Z 000000018001be1c     bento_sdk:matrix4.obj
 0004:00000e28       $pdata$??Dbento@@YA?AUMatrix4@0@AEBU10@0@Z 000000018001be28     bento_sdk:matrix4.obj
 0004:00000e34       $pdata$??Dbento@@YA?AUVector3@0@AEBUMatrix4@0@AEBU10@@Z 000000018001be34     bento_sdk:matrix4.obj
 0004:00000e40       $pdata$??Dbento@@YA?AUVector4@0@AEBUMatrix4@0@AEBU10@@Z 000000018001be40     bento_sdk:matrix4.obj
 0004:00000e4c       $pdata$?AsPerspective@bento@@YAXAEAUMatrix4@1@MMMM@Z 000000018001be4c     bento_sdk:matrix4.obj
 0004:00000e58       $pdata$?Det@bento@@YAMAEBUMatrix4@1@@Z 000000018001be58     bento_sdk:matrix4.obj
 0004:00000e64       $pdata$?GetTranslate@bento@@YA?AUVector3@1@AEBUMatrix4@1@@Z 000000018001be64     bento_sdk:matrix4.obj
 0004:00000e70       $pdata$?Inverse3x3@bento@@YA?AUMatrix3@1@AEBUMatrix4@1@@Z 000000018001be70     bento_sdk:matrix4.obj
 0004:00000e7c       $pdata$?Inverse@bento@@YA?AUMatrix4@1@AEBU21@@Z 000000018001be7c     bento_sdk:matrix4.obj
 0004:00000e88       $pdata$?Rotate@bento@@YA?AUMatrix4@1@MAEBUVector3@1@@Z 000000018001be88     bento_sdk:matrix4.obj
 0004:00000e94       $pdata$?RotateXAxis@bento@@YA?AUMatrix4@1@M@Z 000000018001be94     bento_sdk:matrix4.obj
 0004:00000ea0       $pdata$?RotateYAxis@bento@@YA?AUMatrix4@1@M@Z 000000018001bea0     bento_sdk:matrix4.obj
 0004:00000eac       $pdata$?RotateZAxis@bento@@YA?AUMatrix4@1@M@Z 000000018001beac     bento_sdk:matrix4.obj
 0004:00000eb8       $pdata$?XAxis@bento@@YA?AUVector3@1@AEBUMatrix4@1@@Z 000000018001beb8     bento_sdk:matrix4.obj
 0004:00000ec4       $pdata$?YAxis@bento@@YA?AUVector3@1@AEBUMatrix4@1@@Z 000000018001bec4     bento_sdk:matrix4.obj
 0004:00000ed0       $pdata$?ZAxis@bento@@YA?AUVector3@1@AEBUMatrix4@1@@Z 000000018001bed0     bento_sdk:matrix4.obj
 0004:00000edc       $pdata$??_GIAllocator@bento@@UEAAPEAXI@Z 000000018001bedc     bento_sdk:allocator.obj
 0004:00000ee8       $pdata$??_GILogger@bento@@UEAAPEAXI@Z 000000018001bee8     bento_sdk:system_logger.obj
 0004:00000ef4       $pdata$??_GSystemLogger@bento@@UEAAPEAXI@Z 000000018001bef4     bento_sdk:system_logger.obj
 0004:00000f00       $pdata$?log@SystemLogger@bento@@UEAAXW4Type@LogLevel@2@PEBD1@Z 000000018001bf00     bento_sdk:system_logger.obj
 0004:00000f0c       $pdata$?configure_argv@__scrt_narrow_argv_policy@@SAHXZ 000000018001bf0c     MSVCRT:utility.obj
 0004:00000f18       $pdata$__scrt_acquire_startup_lock 000000018001bf18     MSVCRT:utility.obj
 0004:00000f24       $pdata$__scrt_dllmain_after_initialize_c 000000018001bf24     MSVCRT:utility.obj
 0004:00000f30       $pdata$__scrt_dllmain_before_initialize_c 000000018001bf30     MSVCRT:utility.obj
 0004:00000f3c       $pdata$__scrt_dllmain_crt_thread_attach 000000018001bf3c     MSVCRT:utility.obj
 0004:00000f48       $pdata$__scrt_dllmain_crt_thread_detach 000000018001bf48     MSVCRT:utility.obj
 0004:00000f54       $pdata$__scrt_dllmain_exception_filter 000000018001bf54     MSVCRT:utility.obj
 0004:00000f60       $pdata$__scrt_dllmain_uninitialize_c 000000018001bf60     MSVCRT:utility.obj
 0004:00000f6c       $pdata$__scrt_dllmain_uninitialize_critical 000000018001bf6c     MSVCRT:utility.obj
 0004:00000f78       $pdata$__scrt_initialize_crt 000000018001bf78     MSVCRT:utility.obj
 0004:00000f84       $pdata$__scrt_initialize_onexit_tables 000000018001bf84     MSVCRT:utility.obj
 0004:00000f90       $pdata$__scrt_is_nonwritable_in_current_image 000000018001bf90     MSVCRT:utility.obj
 0004:00000f9c       $pdata$__scrt_release_startup_lock 000000018001bf9c     MSVCRT:utility.obj
 0004:00000fa8       $pdata$__scrt_uninitialize_crt 000000018001bfa8     MSVCRT:utility.obj
 0004:00000fb4       $pdata$_onexit             000000018001bfb4     MSVCRT:utility.obj
 0004:00000fc0       $pdata$atexit              000000018001bfc0     MSVCRT:utility.obj
 0004:00000fcc       $pdata$__GSHandlerCheck    000000018001bfcc     MSVCRT:_gshandler_.obj
 0004:00000fd8       $pdata$__GSHandlerCheckCommon 000000018001bfd8     MSVCRT:_gshandler_.obj
 0004:00000ff0       $pdata$?dllmain_crt_dispatch@@YAHQEAUHINSTANCE__@@KQEAX@Z 000000018001bff0     MSVCRT:dll_dllmain.obj
 0004:00000ffc       $pdata$?dllmain_crt_process_attach@@YAHQEAUHINSTANCE__@@QEAX@Z 000000018001bffc     MSVCRT:dll_dllmain.obj
 0004:00001008       $pdata$?dllmain_crt_process_detach@@YAH_N@Z 000000018001c008     MSVCRT:dll_dllmain.obj
 0004:00001014       $pdata$?dllmain_dispatch@@YAHQEAUHINSTANCE__@@KQEAX@Z 000000018001c014     MSVCRT:dll_dllmain.obj
 0004:00001020       $pdata$?dllmain_raw@@YAHQEAUHINSTANCE__@@KQEAX@Z 000000018001c020     MSVCRT:dll_dllmain.obj
 0004:0000102c       $pdata$_DllMainCRTStartup  000000018001c02c     MSVCRT:dll_dllmain.obj
 0004:00001038       $pdata$??2@YAPEAX_K@Z      000000018001c038     MSVCRT:new_scalar.obj
 0004:00001044       $pdata$??_M@YAXPEAX_K1P6AX0@Z@Z 000000018001c044     MSVCRT:ehvecdtr.obj
 0004:00001050       $pdata$?ArrayUnwindFilter@@YAHPEAU_EXCEPTION_POINTERS@@@Z 000000018001c050     MSVCRT:ehvecdtr.obj
 0004:0000105c       $pdata$?__ArrayUnwind@@YAXPEAX_K1P6AX0@Z@Z 000000018001c05c     MSVCRT:ehvecdtr.obj
 0004:00001068       $pdata$__GSHandlerCheck_EH 000000018001c068     MSVCRT:gshandlereh.obj
 0004:00001074       $pdata$??_Gtype_info@@UEAAPEAXI@Z 000000018001c074     MSVCRT:std_type_info_static.obj
 0004:00001080       $pdata$__isa_available_init 000000018001c080     MSVCRT:_cpu_disp_.obj
 0004:0000108c       $pdata$__scrt_fastfail     000000018001c08c     MSVCRT:utility_desktop.obj
 0004:00001098       $pdata$__scrt_get_show_window_mode 000000018001c098     MSVCRT:utility_desktop.obj
 0004:000010a4       $pdata$__scrt_is_managed_app 000000018001c0a4     MSVCRT:utility_desktop.obj
 0004:000010b0       $pdata$__scrt_unhandled_exception_filter 000000018001c0b0     MSVCRT:utility_desktop.obj
 0004:000010bc       $pdata$__raise_securityfailure 000000018001c0bc     MSVCRT:gs_report.obj
 0004:000010c8       $pdata$__report_gsfailure  000000018001c0c8     MSVCRT:gs_report.obj
 0004:000010d4       $pdata$__report_rangecheckfailure 000000018001c0d4     MSVCRT:gs_report.obj
 0004:000010e0       $pdata$__report_securityfailure 000000018001c0e0     MSVCRT:gs_report.obj
 0004:000010ec       $pdata$__report_securityfailureEx 000000018001c0ec     MSVCRT:gs_report.obj
 0004:000010f8       $pdata$capture_current_context 000000018001c0f8     MSVCRT:gs_report.obj
 0004:00001104       $pdata$capture_previous_context 000000018001c104     MSVCRT:gs_report.obj
 0004:00001110       $pdata$__get_entropy       000000018001c110     MSVCRT:gs_support.obj
 0004:0000111c       $pdata$__security_init_cookie 000000018001c11c     MSVCRT:gs_support.obj
 0004:00001128       $pdata$DllMain             000000018001c128     MSVCRT:dll_dllmain_stub.obj
 0004:00001134       $pdata$__scrt_initialize_default_local_stdio_options 000000018001c134     MSVCRT:default_local_stdio_options.obj
 0004:00001140       $pdata$_RTC_Initialize     000000018001c140     MSVCRT:_initsect_.obj
 0004:0000114c       $pdata$_RTC_Terminate      000000018001c14c     MSVCRT:_initsect_.obj
 0004:00001158       $pdata$??0bad_alloc@std@@QEAA@AEBV01@@Z 000000018001c158     MSVCRT:throw_bad_alloc.obj
 0004:00001164       $pdata$??0bad_array_new_length@std@@QEAA@AEBV01@@Z 000000018001c164     MSVCRT:throw_bad_alloc.obj
 0004:00001170       $pdata$??0exception@std@@QEAA@AEBV01@@Z 000000018001c170     MSVCRT:throw_bad_alloc.obj
 0004:0000117c       $pdata$??_Gbad_alloc@std@@UEAAPEAXI@Z 000000018001c17c     MSVCRT:throw_bad_alloc.obj
 0004:00001188       $pdata$??_Gbad_array_new_length@std@@UEAAPEAXI@Z 000000018001c188     MSVCRT:throw_bad_alloc.obj
 0004:00001194       $pdata$??_Gexception@std@@UEAAPEAXI@Z 000000018001c194     MSVCRT:throw_bad_alloc.obj
 0004:000011a0       $pdata$?__scrt_throw_std_bad_alloc@@YAXXZ 000000018001c1a0     MSVCRT:throw_bad_alloc.obj
 0004:000011ac       $pdata$?__scrt_throw_std_bad_array_new_length@@YAXXZ 000000018001c1ac     MSVCRT:throw_bad_alloc.obj
 0004:00001200       $pdata$?dtor$0@?0???$?HDU?$char_traits@D@std@@V?$allocator@D@1@@std@@YA?AV?$basic_string@DU?$char_traits@D@std@@V?$allocator@D@2@@0@QEBDAEBV10@@Z@4HA 000000018001c200     bento_sdk:asset_database.obj
 0004:0000120c       $pdata$?dtor$30@?0???$_Copy_nodes@U_Copy_tag@?$_Tree@V?$_Tmap_traits@V?$basic_string@DU?$char_traits@D@std@@V?$allocator@D@2@@std@@V?$basic_json@Vmap@std@@Vvector@2@V?$basic_string@DU?$char_traits@D@std@@V?$allocator@D@2@@2@_N_J_KNVallocator@2@Uadl_serializer@nlohmann@@@nlohmann@@U?$less@V?$basic_string@DU?$char_traits@D@std@@V?$allocator@D@2@@std@@@2@V?$allocator@U?$pair@$$CBV?$basic_string@DU?$char_traits@D@std@@V?$allocator@D@2@@std@@V?$basic_json@Vmap@std@@Vvector@2@V?$basic_string@DU?$char_traits@D@std@@V?$allocator@D@2@@2@_N_J_KNVallocator@2@Uadl_serializer@nlohmann@@@nlohmann@@@std@@@2@$0A@@std@@@std@@@?$_Tree@V?$_Tmap_traits@V?$basic_string@DU?$char_traits@D@std@@V?$allocator@D@2@@std@@V?$basic_json@Vmap@std@@Vvector@2@V?$basic_string@DU?$char_traits@D@std@@V?$allocator@D@2@@2@_N_J_KNVallocator@2@Uadl_serializer@nlohmann@@@nlohmann@@U?$less@V?$basic_string@DU?$char_traits@D@std@@V?$allocator@D@2@@std@@@2@V?$allocator@U?$pair@$$CBV?$basic_string@DU?$char_traits@D@std@@V?$allocator@D@2@@std@@V?$basic_json@Vmap@std@@Vvector@2@V?$basic_string@DU?$char_traits@D@std@@V?$allocator@D@2@@2@_N_J_KNVallocator@2@Uadl_serializer@nlohmann@@@nlohmann@@@std@@@2@$0A@@std@@@std@@IEAAPEAU?$_Tree_node@U?$pair@$$CBV?$basic_string@DU?$char_traits@D@std@@V?$allocator@D@2@@std@@V?$basic_json@Vmap@std@@Vvector@2@V?$basic_string@DU?$char_traits@D@std@@V?$allocator@D@2@@2@_N_J_KNVallocator@2@Uadl_serializer@nlohmann@@@nlohmann@@@std@@PEAX@1@PEAU21@0U_Copy_tag@01@@Z@4HA 000000018001c20c     bento_sdk:asset_database.obj
 0004:00001218       $pdata$?dtor$9@?0???$create@V?$map@V?$basic_string@DU?$char_traits@D@std@@V?$allocator@D@2@@std@@V?$basic_json@Vmap@std@@Vvector@2@V?$basic_string@DU?$char_traits@D@std@@V?$allocator@D@2@@2@_N_J_KNVallocator@2@Uadl_serializer@nlohmann@@@nlohmann@@U?$less@V?$basic_string@DU?$char_traits@D@std@@V?$allocator@D@2@@std@@@2@V?$allocator@U?$pair@$$CBV?$basic_string@DU?$char_traits@D@std@@V?$allocator@D@2@@std@@V?$basic_json@Vmap@std@@Vvector@2@V?$basic_string@DU?$char_traits@D@std@@V?$allocator@D@2@@2@_N_J_KNVallocator@2@Uadl_serializer@nlohmann@@@nlohmann@@@std@@@2@@std@@$$V@?$basic_json@Vmap@std@@Vvector@2@V?$basic_string@DU?$char_traits@D@std@@V?$allocator@D@2@@2@_N_J_KNVallocator@2@Uadl_serializer@nlohmann@@@nlohmann@@CAPEAV?$map@V?$basic_string@DU?$char_traits@D@std@@V?$allocator@D@2@@std@@V?$basic_json@Vmap@std@@Vvector@2@V?$basic_string@DU?$char_traits@D@std@@V?$allocator@D@2@@2@_N_J_KNVallocator@2@Uadl_serializer@nlohmann@@@nlohmann@@U?$less@V?$basic_string@DU?$char_traits@D@std@@V?$allocator@D@2@@std@@@2@V?$allocator@U?$pair@$$CBV?$basic_string@DU?$char_traits@D@std@@V?$allocator@D@2@@std@@V?$basic_json@Vmap@std@@Vvector@2@V?$basic_string@DU?$char_traits@D@std@@V?$allocator@D@2@@2@_N_J_KNVallocator@2@Uadl_serializer@nlohmann@@@nlohmann@@@std@@@2@@std@@XZ@4HA 000000018001c218     bento_sdk:asset_database.obj
 0004:00001224       $pdata$?dtor$11@?0???0?$basic_json@Vmap@std@@Vvector@2@V?$basic_string@DU?$char_traits@D@std@@V?$allocator@D@2@@2@_N_J_KNVallocator@2@Uadl_serializer@nlohmann@@@nlohmann@@QEAA@AEBV01@@Z@4HA 000000018001c224     bento_sdk:asset_database.obj
 0004:00001230       $pdata$?dtor$231@?0???0?$basic_json@Vmap@std@@Vvector@2@V?$basic_string@DU?$char_traits@D@std@@V?$allocator@D@2@@2@_N_J_KNVallocator@2@Uadl_serializer@nlohmann@@@nlohmann@@QEAA@AEBV01@@Z@4HA 000000018001c230     bento_sdk:asset_database.obj
 0004:0000123c       $pdata$?dtor$256@?0???0?$basic_json@Vmap@std@@Vvector@2@V?$basic_string@DU?$char_traits@D@std@@V?$allocator@D@2@@2@_N_J_KNVallocator@2@Uadl_serializer@nlohmann@@@nlohmann@@QEAA@AEBV01@@Z@4HA 000000018001c23c     bento_sdk:asset_database.obj
 0004:00001248       $pdata$?dtor$289@?0???0?$basic_json@Vmap@std@@Vvector@2@V?$basic_string@DU?$char_traits@D@std@@V?$allocator@D@2@@2@_N_J_KNVallocator@2@Uadl_serializer@nlohmann@@@nlohmann@@QEAA@AEBV01@@Z@4HA 000000018001c248     bento_sdk:asset_database.obj
 0004:00001254       $pdata$?dtor$99@?0???0?$basic_json@Vmap@std@@Vvector@2@V?$basic_string@DU?$char_traits@D@std@@V?$allocator@D@2@@2@_N_J_KNVallocator@2@Uadl_serializer@nlohmann@@@nlohmann@@QEAA@V?$initializer_list@V?$json_ref@V?$basic_json@Vmap@std@@Vvector@2@V?$basic_string@DU?$char_traits@D@std@@V?$allocator@D@2@@2@_N_J_KNVallocator@2@Uadl_serializer@nlohmann@@@nlohmann@@@detail@nlohmann@@@std@@_NW4value_t@detail@1@@Z@4HA 000000018001c254     bento_sdk:asset_database.obj
 0004:00001260       $pdata$?dtor$143@?0???0?$basic_json@Vmap@std@@Vvector@2@V?$basic_string@DU?$char_traits@D@std@@V?$allocator@D@2@@2@_N_J_KNVallocator@2@Uadl_serializer@nlohmann@@@nlohmann@@QEAA@V?$initializer_list@V?$json_ref@V?$basic_json@Vmap@std@@Vvector@2@V?$basic_string@DU?$char_traits@D@std@@V?$allocator@D@2@@2@_N_J_KNVallocator@2@Uadl_serializer@nlohmann@@@nlohmann@@@detail@nlohmann@@@std@@_NW4value_t@detail@1@@Z@4HA 000000018001c260     bento_sdk:asset_database.obj
 0004:0000126c       $pdata$?dtor$37@?0???0json_value@?$basic_json@Vmap@std@@Vvector@2@V?$basic_string@DU?$char_traits@D@std@@V?$allocator@D@2@@2@_N_J_KNVallocator@2@Uadl_serializer@nlohmann@@@nlohmann@@QEAA@W4value_t@detail@2@@Z@4HA 000000018001c26c     bento_sdk:asset_database.obj
 0004:00001278       $pdata$?dtor$73@?0???A?$basic_json@Vmap@std@@Vvector@2@V?$basic_string@DU?$char_traits@D@std@@V?$allocator@D@2@@2@_N_J_KNVallocator@2@Uadl_serializer@nlohmann@@@nlohmann@@QEAAAEAV01@AEBV?$basic_string@DU?$char_traits@D@std@@V?$allocator@D@2@@std@@@Z@4HA 000000018001c278     bento_sdk:asset_database.obj
 0004:00001284       $pdata$?dtor$0@?0??dump@?$basic_json@Vmap@std@@Vvector@2@V?$basic_string@DU?$char_traits@D@std@@V?$allocator@D@2@@2@_N_J_KNVallocator@2@Uadl_serializer@nlohmann@@@nlohmann@@QEBA?AV?$basic_string@DU?$char_traits@D@std@@V?$allocator@D@2@@std@@HD_N@Z@4HA 000000018001c284     bento_sdk:asset_database.obj
 0004:00001290       $pdata$?dtor$23@?0??dump_escaped@?$serializer@V?$basic_json@Vmap@std@@Vvector@2@V?$basic_string@DU?$char_traits@D@std@@V?$allocator@D@2@@2@_N_J_KNVallocator@2@Uadl_serializer@nlohmann@@@nlohmann@@@detail@nlohmann@@AEAAXAEBV?$basic_string@DU?$char_traits@D@std@@V?$allocator@D@2@@std@@_N@Z@4HA 000000018001c290     bento_sdk:asset_database.obj
 0004:0000129c       $pdata$?dtor$106@?0??dump_escaped@?$serializer@V?$basic_json@Vmap@std@@Vvector@2@V?$basic_string@DU?$char_traits@D@std@@V?$allocator@D@2@@2@_N_J_KNVallocator@2@Uadl_serializer@nlohmann@@@nlohmann@@@detail@nlohmann@@AEAAXAEBV?$basic_string@DU?$char_traits@D@std@@V?$allocator@D@2@@std@@_N@Z@4HA 000000018001c29c     bento_sdk:asset_database.obj
 0004:000012a8       $pdata$?dtor$12@?0??resize@?$Vector@UTAsset@bento@@@bento@@QEAAXI@Z@4HA 000000018001c2a8     bento_sdk:asset_database.obj
 0004:000012b4       $pdata$?dtor$17@?0??resize@?$Vector@UTAsset@bento@@@bento@@QEAAXI@Z@4HA 000000018001c2b4     bento_sdk:asset_database.obj
 0004:000012c0       $pdata$?dtor$3@?0??to_string@bento@@YAXAEAVDynamicString@1@AEBVTAssetDatabase@1@@Z@4HA 000000018001c2c0     bento_sdk:asset_database.obj
 0004:000012cc       $pdata$?dtor$7@?0??to_string@bento@@YAXAEAVDynamicString@1@AEBVTAssetDatabase@1@@Z@4HA 000000018001c2cc     bento_sdk:asset_database.obj
 0004:000012d8       $pdata$?dtor$12@?0??to_string@bento@@YAXAEAVDynamicString@1@AEBVTAssetDatabase@1@@Z@4HA 000000018001c2d8     bento_sdk:asset_database.obj
 0004:000012e4       $pdata$?dtor$16@?0??to_string@bento@@YAXAEAVDynamicString@1@AEBVTAssetDatabase@1@@Z@4HA 000000018001c2e4     bento_sdk:asset_database.obj
 0004:000012f0       $pdata$?dtor$18@?0??to_string@bento@@YAXAEAVDynamicString@1@AEBVTAssetDatabase@1@@Z@4HA 000000018001c2f0     bento_sdk:asset_database.obj
 0004:000012fc       $pdata$?dtor$17@?0??collect_files_with_extension@file_system@bento@@YAXPEBD0AEAV?$Vector@VDynamicString@bento@@@2@@Z@4HA 000000018001c2fc     bento_sdk:file_system.obj
 0004:00001308       $pdata$?dtor$1@?0??push_back@?$Vector@VDynamicString@bento@@@bento@@QEAAXAEBVDynamicString@2@@Z@4HA 000000018001c308     bento_sdk:file_system.obj
 0004:00001314       $pdata$__scrt_is_nonwritable_in_current_image$filt$0 000000018001c314     MSVCRT:utility.obj
 0004:00001320       $pdata$?fin$0@?0??dllmain_crt_process_attach@@YAHQEAUHINSTANCE__@@QEAX@Z@4HA 000000018001c320     MSVCRT:dll_dllmain.obj
 0004:0000132c       $pdata$?fin$0@?0??dllmain_crt_process_detach@@YAH_N@Z@4HA 000000018001c32c     MSVCRT:dll_dllmain.obj
 0004:00001338       $pdata$?filt$0@?0??dllmain_dispatch@@YAHQEAUHINSTANCE__@@KQEAX@Z@4HA 000000018001c338     MSVCRT:dll_dllmain.obj
 0004:00001344       $pdata$?fin$0@?0???_M@YAXPEAX_K1P6AX0@Z@Z@4HA 000000018001c344     MSVCRT:ehvecdtr.obj
 0004:00001350       $pdata$?filt$0@?0??__ArrayUnwind@@YAXPEAX_K1P6AX0@Z@Z@4HA 000000018001c350     MSVCRT:ehvecdtr.obj
 0005:00000000       __spec_table               000000018001d000     MSVCRT:_svml_ssinf4_sse2_.obj
 0005:00000560       MMSA7                      000000018001d560     MSVCRT:_svml_ssinf4_sse2_.obj
 0005:00000570       MMSA3                      000000018001d570     MSVCRT:_svml_ssinf4_sse2_.obj
 0005:00000580       MMSA5                      000000018001d580     MSVCRT:_svml_ssinf4_sse2_.obj
 0005:00000590       MMSA9                      000000018001d590     MSVCRT:_svml_ssinf4_sse2_.obj
 0005:000005a0       MMSPI3                     000000018001d5a0     MSVCRT:_svml_ssinf4_sse2_.obj
 0005:000005b0       MMSPI4                     000000018001d5b0     MSVCRT:_svml_ssinf4_sse2_.obj
 0005:000005c0       MMSPI2                     000000018001d5c0     MSVCRT:_svml_ssinf4_sse2_.obj
 0005:000005d0       MMSPI1                     000000018001d5d0     MSVCRT:_svml_ssinf4_sse2_.obj
 0005:000005e0       MMIHUGE                    000000018001d5e0     MSVCRT:_svml_ssinf4_sse2_.obj
 0005:000005f0       MMSINVPI                   000000018001d5f0     MSVCRT:_svml_ssinf4_sse2_.obj
 0005:00000600       MMIABSMASK                 000000018001d600     MSVCRT:_svml_ssinf4_sse2_.obj
 0005:00000610       dbSignMask                 000000018001d610     MSVCRT:_svml_ssinf4_sse2_.obj
 0005:00000620       PI02C_4                    000000018001d620     MSVCRT:_svml_ssinf4_sse2_.obj
 0005:00000630       PI02C_3                    000000018001d630     MSVCRT:_svml_ssinf4_sse2_.obj
 0005:00000640       PI02C_2                    000000018001d640     MSVCRT:_svml_ssinf4_sse2_.obj
 0005:00000650       PI02C_1                    000000018001d650     MSVCRT:_svml_ssinf4_sse2_.obj
 0005:00000660       PI02C_0                    000000018001d660     MSVCRT:_svml_ssinf4_sse2_.obj
 0005:00000670       dbRS                       000000018001d670     MSVCRT:_svml_ssinf4_sse2_.obj
 0005:00000680       MSK_LOW_BIT                000000018001d680     MSVCRT:_svml_ssinf4_sse2_.obj
 0005:00000690       dbiOne                     000000018001d690     MSVCRT:_svml_ssinf4_sse2_.obj
 0005:000006a0       dbInvPio2                  000000018001d6a0     MSVCRT:_svml_ssinf4_sse2_.obj
 0005:000006b0       flAllOnes                  000000018001d6b0     MSVCRT:_svml_ssinf4_sse2_.obj
 0005:000006c0       flTwoPow30                 000000018001d6c0     MSVCRT:_svml_ssinf4_sse2_.obj
 0005:000006d0       MMISIGNMASK                000000018001d6d0     MSVCRT:_svml_ssinf4_sse2_.obj
 0006:00000060       $R000000                   000000018001e060     * linker generated manifest res *
