 testRayGeneration

 Timestamp is 5bd76285 (Mon Oct 29 20:41:57 2018)

 Preferred load address is 0000000140000000

 Start         Length     Name                   Class
 0001:00000000 00000040H .text$di                CODE
 0001:00000040 0000f670H .text$mn                CODE
 0001:0000f6b0 000000e0H .text$mn$00             CODE
 0001:0000f790 000009d0H .text$x                 CODE
 0001:00010160 0000001cH .text$yd                CODE
 0002:00000000 000004a8H .idata$5                DATA
 0002:000004a8 00000020H .00cfg                  DATA
 0002:000004c8 00000008H .CRT$XCA                DATA
 0002:000004d0 00000008H .CRT$XCAA               DATA
 0002:000004d8 00000010H .CRT$XCU                DATA
 0002:000004e8 00000008H .CRT$XCZ                DATA
 0002:000004f0 00000008H .CRT$XIA                DATA
 0002:000004f8 00000008H .CRT$XIAA               DATA
 0002:00000500 00000008H .CRT$XIAC               DATA
 0002:00000508 00000008H .CRT$XIZ                DATA
 0002:00000510 00000008H .CRT$XPA                DATA
 0002:00000518 00000008H .CRT$XPZ                DATA
 0002:00000520 00000008H .CRT$XTA                DATA
 0002:00000528 00000018H .CRT$XTZ                DATA
 0002:00000530 00000000H .gfids$y                DATA
 0002:00000540 00001950H .rdata                  DATA
 0002:00001e90 000001f4H .rdata$r                DATA
 0002:00002084 00000364H .rdata$zzzdbg           DATA
 0002:000023e8 00000008H .rtc$IAA                DATA
 0002:000023f0 00000008H .rtc$IZZ                DATA
 0002:000023f8 00000008H .rtc$TAA                DATA
 0002:00002400 00000010H .rtc$TZZ                DATA
 0002:00002410 00002908H .xdata                  DATA
 0002:00004d18 0000020cH .xdata$x                DATA
 0002:00004f24 00000000H .edata                  DATA
 0002:00004f24 000000f0H .idata$2                DATA
 0002:00005014 00000014H .idata$3                DATA
 0002:00005028 000004a8H .idata$4                DATA
 0002:000054d0 00001048H .idata$6                DATA
 0003:00000000 00000068H .data                   DATA
 0003:00000068 00000168H .data$r                 DATA
 0003:000001d0 00000600H .bss                    DATA
 0004:00000000 00001218H .pdata                  DATA
 0005:00000000 000006e0H _RDATA                  DATA
 0006:00000000 00000060H .rsrc$01                DATA
 0006:00000060 00000180H .rsrc$02                DATA

  Address         Publics by Value              Rva+Base               Lib:Object

 0000:00000000       __dynamic_value_reloc_table 0000000000000000     <absolute>
 0000:00000000       __hybrid_auxiliary_iat     0000000000000000     <absolute>
 0000:00000000       __hybrid_code_map          0000000000000000     <absolute>
 0000:00000000       __hybrid_code_map_count    0000000000000000     <absolute>
 0000:00000000       __guard_fids_table         0000000000000000     <absolute>
 0000:00000000       __guard_iat_table          0000000000000000     <absolute>
 0000:00000000       ___safe_se_handler_table   0000000000000000     <absolute>
 0000:00000000       __guard_fids_count         0000000000000000     <absolute>
 0000:00000000       __guard_iat_count          0000000000000000     <absolute>
 0000:00000000       __guard_longjmp_count      0000000000000000     <absolute>
 0000:00000000       __guard_longjmp_table      0000000000000000     <absolute>
 0000:00000000       ___safe_se_handler_count   0000000000000000     <absolute>
 0000:00000000       __enclave_config           0000000000000000     <absolute>
 0000:00000100       __guard_flags              0000000000000100     <absolute>
 0000:00000000       __ImageBase                0000000140000000     <linker-defined>
 0001:00000040       ??0?$Vector@D@bento@@QEAA@AEAVIAllocator@1@@Z 0000000140001040 f i testRayGeneration.obj
 0001:00000060       ??0?$Vector@UTRay@noiseless@@@bento@@QEAA@AEAVIAllocator@1@I@Z 0000000140001060 f i testRayGeneration.obj
 0001:00000100       ??0?$Vector@VDynamicString@bento@@@bento@@QEAA@AEAVIAllocator@1@@Z 0000000140001100 f i testRayGeneration.obj
 0001:00000120       ??1?$Vector@D@bento@@QEAA@XZ 0000000140001120 f i testRayGeneration.obj
 0001:00000160       ??1?$Vector@UTRay@noiseless@@@bento@@QEAA@XZ 0000000140001160 f i testRayGeneration.obj
 0001:000001a0       ??1?$Vector@VDynamicString@bento@@@bento@@QEAA@XZ 00000001400011a0 f i testRayGeneration.obj
 0001:000001e0       ??1DynamicString@bento@@QEAA@XZ 00000001400011e0 f i testRayGeneration.obj
 0001:00000220       ??1TCompilerOptions@noiseless@@QEAA@XZ 0000000140001220 f i testRayGeneration.obj
 0001:00000280       ??1TKernelSource@noiseless@@QEAA@XZ 0000000140001280 f i testRayGeneration.obj
 0001:000002c0       ??3@YAXPEAX0@Z             00000001400012c0 f i testRayGeneration.obj
 0001:000002d0       ?clear@?$Vector@D@bento@@QEAAXXZ 00000001400012d0 f i testRayGeneration.obj
 0001:000002e0       ?clear@?$Vector@UTRay@noiseless@@@bento@@QEAAXXZ 00000001400012e0 f i testRayGeneration.obj
 0001:000002f0       ?clear@?$Vector@VDynamicString@bento@@@bento@@QEAAXXZ 00000001400012f0 f i testRayGeneration.obj
 0001:00000370       ?free@?$Vector@D@bento@@QEAAXXZ 0000000140001370 f i testRayGeneration.obj
 0001:000003a0       ?free@?$Vector@UTRay@noiseless@@@bento@@QEAAXXZ 00000001400013a0 f i testRayGeneration.obj
 0001:000003d0       ?free@?$Vector@VDynamicString@bento@@@bento@@QEAAXXZ 00000001400013d0 f i testRayGeneration.obj
 0001:00000400       ?reserve@?$Vector@UTRay@noiseless@@@bento@@QEAAXI@Z 0000000140001400 f i testRayGeneration.obj
 0001:00000480       ?reserve@?$Vector@VDynamicString@bento@@@bento@@QEAAXI@Z 0000000140001480 f i testRayGeneration.obj
 0001:000004f0       ?resize@?$Vector@UTRay@noiseless@@@bento@@QEAAXI@Z 00000001400014f0 f i testRayGeneration.obj
 0001:00000590       ?resize@?$Vector@VDynamicString@bento@@@bento@@QEAAXI@Z 0000000140001590 f i testRayGeneration.obj
 0001:000006e0       main                       00000001400016e0 f   testRayGeneration.obj
 0001:00000a80       ?build_from_args@asset_compiler@noiseless@@YAXAEAUTCompilerOptions@2@AEBV?$Vector@VDynamicString@bento@@@bento@@@Z 0000000140001a80 f   noiseless_sdk:compiler_options.obj
 0001:00000ba0       ?compile@asset_compiler@noiseless@@YA_NAEBUTCompilerOptions@2@AEAVTAssetDatabase@bento@@@Z 0000000140001ba0 f   noiseless_sdk:compiler.obj
 0001:00000da0       ?write@asset_compiler@noiseless@@YAXAEBUTCompilerOptions@2@AEBVTAssetDatabase@bento@@@Z 0000000140001da0 f   noiseless_sdk:compiler.obj
 0001:00000e50       ?build_ray_generation_data@noiseless@@YAXAEBUTCamera@1@IIAEAUTCameraRaySettings@1@@Z 0000000140001e50 f   noiseless_sdk:camera_ray_generation.obj
 0001:000011d0       ??$_Allocate@U?$_Default_allocate_traits@$00@std@@@std@@YAPEAX_K0_K@Z 00000001400021d0 f i noiseless_sdk:compute_api.obj
 0001:00001250       ??1?$vector@PEAU_cl_platform_id@@V?$allocator@PEAU_cl_platform_id@@@std@@@std@@QEAA@XZ 0000000140002250 f i noiseless_sdk:compute_api.obj
 0001:00001260       ?_Fail@?$_Default_allocate_traits@$00@std@@SAXXZ 0000000140002260 f i noiseless_sdk:compute_api.obj
 0001:00001270       ?_Tidy@?$vector@PEAU_cl_platform_id@@V?$allocator@PEAU_cl_platform_id@@@std@@@std@@AEAAXXZ 0000000140002270 f i noiseless_sdk:compute_api.obj
 0001:00001300       ?create_buffer@noiseless@@YA_K_K0W4Type@ComputeBufferType@1@@Z 0000000140002300 f   noiseless_sdk:compute_api.obj
 0001:000013b0       ?create_compute_context@noiseless@@YA_KXZ 00000001400023b0 f   noiseless_sdk:compute_api.obj
 0001:00001680       ?create_kernel@noiseless@@YA_K_KPEBD@Z 0000000140002680 f   noiseless_sdk:compute_api.obj
 0001:000016c0       ?create_program_source@noiseless@@YA_K_KPEBD@Z 00000001400026c0 f   noiseless_sdk:compute_api.obj
 0001:000017c0       ?destroy_buffer@noiseless@@YAX_K@Z 00000001400027c0 f   noiseless_sdk:compute_api.obj
 0001:000017f0       ?destroy_compute_context@noiseless@@YAX_K@Z 00000001400027f0 f   noiseless_sdk:compute_api.obj
 0001:00001820       ?destroy_kernel@noiseless@@YAX_K@Z 0000000140002820 f   noiseless_sdk:compute_api.obj
 0001:00001830       ?destroy_program@noiseless@@YAX_K@Z 0000000140002830 f   noiseless_sdk:compute_api.obj
 0001:00001840       ?evaluate_platforms@noiseless@@YA_KAEAV?$vector@PEAU_cl_platform_id@@V?$allocator@PEAU_cl_platform_id@@@std@@@std@@@Z 0000000140002840 f   noiseless_sdk:compute_api.obj
 0001:000018f0       ?kernel_argument@noiseless@@YA_N_KH0@Z 00000001400028f0 f   noiseless_sdk:compute_api.obj
 0001:00001930       ?kernel_argument@noiseless@@YA_N_KHIPEAE@Z 0000000140002930 f   noiseless_sdk:compute_api.obj
 0001:00001970       ?launch_kernel_1D@noiseless@@YA_N_K00@Z 0000000140002970 f   noiseless_sdk:compute_api.obj
 0001:000019e0       ?launch_kernel_2D@noiseless@@YA_N_K000@Z 00000001400029e0 f   noiseless_sdk:compute_api.obj
 0001:00001a60       ?read_buffer@noiseless@@YA_N_K0PEAE@Z 0000000140002a60 f   noiseless_sdk:compute_api.obj
 0001:00001ac0       ?wait_command_queue@noiseless@@YAX_K@Z 0000000140002ac0 f   noiseless_sdk:compute_api.obj
 0001:00001ad0       ?write_buffer@noiseless@@YA_N_K0PEAE@Z 0000000140002ad0 f   noiseless_sdk:compute_api.obj
 0001:00001b30       ??$pack_bytes@I@bento@@YAXAEAV?$Vector@D@0@AEBI@Z 0000000140002b30 f i noiseless_sdk:kernel_source.obj
 0001:00001b40       ??$pack_vector_bytes@D@bento@@YAXAEAV?$Vector@D@0@AEBV10@@Z 0000000140002b40 f i noiseless_sdk:kernel_source.obj
 0001:00001b90       ??$unpack_bytes@I@bento@@YAXAEAPEBDAEAI@Z 0000000140002b90 f i noiseless_sdk:kernel_source.obj
 0001:00001ba0       ??$unpack_vector_bytes@D@bento@@YAXAEAPEBDAEAV?$Vector@D@0@@Z 0000000140002ba0 f i noiseless_sdk:kernel_source.obj
 0001:00001c60       ?pack_type@bento@@YAXAEAV?$Vector@D@1@AEBUTKernelSource@noiseless@@@Z 0000000140002c60 f   noiseless_sdk:kernel_source.obj
 0001:00001cc0       ?reserve@?$Vector@D@bento@@QEAAXI@Z 0000000140002cc0 f i noiseless_sdk:kernel_source.obj
 0001:00001d30       ?resize@?$Vector@D@bento@@QEAAXI@Z 0000000140002d30 f i noiseless_sdk:kernel_source.obj
 0001:00001dd0       ?unpack_type@bento@@YA_NAEAPEBDAEAUTKernelSource@noiseless@@@Z 0000000140002dd0 f   noiseless_sdk:kernel_source.obj
 0001:00001eb0       ?read_shader_source@noiseless@@YA_NPEBDAEAUTKernelSource@1@@Z 0000000140002eb0 f   noiseless_sdk:kernel_source_helpers.obj
 0001:00001ec0       ??$_Getvals@_W@?$time_get@DV?$istreambuf_iterator@DU?$char_traits@D@std@@@std@@@std@@IEAAX_WAEBV_Locinfo@1@@Z 0000000140002ec0 f i noiseless_sdk:asset_database_helpers.obj
 0001:00001f90       ??$_Getvals@_W@?$time_get@_WV?$istreambuf_iterator@_WU?$char_traits@_W@std@@@std@@@std@@IEAAX_WAEBV_Locinfo@1@@Z 0000000140002f90 f i noiseless_sdk:asset_database_helpers.obj
 0001:00002060       ??1DiskSerializer@bento@@QEAA@XZ 0000000140003060 f i noiseless_sdk:asset_database_helpers.obj
 0001:000020a0       ?_Maklocwcs@std@@YAPEA_WPEB_W@Z 00000001400030a0 f i noiseless_sdk:asset_database_helpers.obj
 0001:00002110       ?read_database@noiseless@@YA_NPEBDAEAVTAssetDatabase@bento@@@Z 0000000140003110 f   noiseless_sdk:asset_database_helpers.obj
 0001:00002280       ?write_database@noiseless@@YA_NPEBDAEBVTAssetDatabase@bento@@@Z 0000000140003280 f   noiseless_sdk:asset_database_helpers.obj
 0001:000023d0       ?write_database_debug@noiseless@@YA_NPEBDAEBVTAssetDatabase@bento@@@Z 00000001400033d0 f   noiseless_sdk:asset_database_helpers.obj
 0001:00002510       ??$?6U?$char_traits@D@std@@@std@@YAAEAV?$basic_ostream@DU?$char_traits@D@std@@@0@AEAV10@PEBD@Z 0000000140003510 f i bento_sdk:matrix4.obj
 0001:000026e0       ??1_Sentry_base@?$basic_ostream@DU?$char_traits@D@std@@@std@@QEAA@XZ 00000001400036e0 f i bento_sdk:matrix4.obj
 0001:00002710       ??1sentry@?$basic_ostream@DU?$char_traits@D@std@@@std@@QEAA@XZ 0000000140003710 f i bento_sdk:matrix4.obj
 0001:00002750       ??6bento@@YAAEAV?$basic_ostream@DU?$char_traits@D@std@@@std@@AEAV12@AEBUMatrix4@0@@Z 0000000140003750 f   bento_sdk:matrix4.obj
 0001:00002950       ??Dbento@@YA?AUMatrix4@0@AEBU10@0@Z 0000000140003950 f   bento_sdk:matrix4.obj
 0001:00002d60       ??Dbento@@YA?AUVector3@0@AEBUMatrix4@0@AEBU10@@Z 0000000140003d60 f   bento_sdk:matrix4.obj
 0001:00002e00       ??Dbento@@YA?AUVector4@0@AEBUMatrix4@0@AEBU10@@Z 0000000140003e00 f   bento_sdk:matrix4.obj
 0001:00002ef0       ?AsPerspective@bento@@YAXAEAUMatrix4@1@MMMM@Z 0000000140003ef0 f   bento_sdk:matrix4.obj
 0001:00002fb0       ?Det@bento@@YAMAEBUMatrix4@1@@Z 0000000140003fb0 f   bento_sdk:matrix4.obj
 0001:00002fe0       ?GetTranslate@bento@@YA?AUVector3@1@AEBUMatrix4@1@@Z 0000000140003fe0 f   bento_sdk:matrix4.obj
 0001:00003010       ?Inverse3x3@bento@@YA?AUMatrix3@1@AEBUMatrix4@1@@Z 0000000140004010 f   bento_sdk:matrix4.obj
 0001:00003210       ?Inverse@bento@@YA?AUMatrix4@1@AEBU21@@Z 0000000140004210 f   bento_sdk:matrix4.obj
 0001:00003a60       ?ResetToZero@bento@@YAXAEAUMatrix4@1@@Z 0000000140004a60 f   bento_sdk:matrix4.obj
 0001:00003a90       ?Rotate@bento@@YA?AUMatrix4@1@MAEBUVector3@1@@Z 0000000140004a90 f   bento_sdk:matrix4.obj
 0001:00003cc0       ?RotateXAxis@bento@@YA?AUMatrix4@1@M@Z 0000000140004cc0 f   bento_sdk:matrix4.obj
 0001:00003d30       ?RotateYAxis@bento@@YA?AUMatrix4@1@M@Z 0000000140004d30 f   bento_sdk:matrix4.obj
 0001:00003da0       ?RotateZAxis@bento@@YA?AUMatrix4@1@M@Z 0000000140004da0 f   bento_sdk:matrix4.obj
 0001:00003e10       ?Set@bento@@YAAEAUMatrix4@1@AEAU21@AEBU21@@Z 0000000140004e10 f   bento_sdk:matrix4.obj
 0001:00003e80       ?SetIdentity@bento@@YAXAEAUMatrix4@1@@Z 0000000140004e80 f   bento_sdk:matrix4.obj
 0001:00003ec0       ?ToTable@bento@@YAXAEBUMatrix4@1@PEAM@Z 0000000140004ec0 f   bento_sdk:matrix4.obj
 0001:00003f20       ?Translate_M4@bento@@YA?AUMatrix4@1@AEBUVector3@1@@Z 0000000140004f20 f   bento_sdk:matrix4.obj
 0001:00003f70       ?Translate_M4@bento@@YA?AUMatrix4@1@AEBUVector4@1@@Z 0000000140004f70 f   bento_sdk:matrix4.obj
 0001:00003fc0       ?WRow@bento@@YAPEBUVector4@1@AEBUMatrix4@1@@Z 0000000140004fc0 f   bento_sdk:matrix4.obj
 0001:00003fd0       ?XAxis@bento@@YA?AUVector3@1@AEBUMatrix4@1@@Z 0000000140004fd0 f   bento_sdk:matrix4.obj
 0001:00004000       ?XRow@bento@@YAPEBUVector4@1@AEBUMatrix4@1@@Z 0000000140005000 f   bento_sdk:matrix4.obj
 0001:00004010       ?YAxis@bento@@YA?AUVector3@1@AEBUMatrix4@1@@Z 0000000140005010 f   bento_sdk:matrix4.obj
 0001:00004040       ?YRow@bento@@YAPEBUVector4@1@AEBUMatrix4@1@@Z 0000000140005040 f   bento_sdk:matrix4.obj
 0001:00004050       ?ZAxis@bento@@YA?AUVector3@1@AEBUMatrix4@1@@Z 0000000140005050 f   bento_sdk:matrix4.obj
 0001:00004080       ?ZRow@bento@@YAPEBUVector4@1@AEBUMatrix4@1@@Z 0000000140005080 f   bento_sdk:matrix4.obj
 0001:00004090       ?matrix4@bento@@YAXAEAUMatrix4@1@PEAM@Z 0000000140005090 f   bento_sdk:matrix4.obj
 0001:000040b0       ?transpose@bento@@YA?AUMatrix4@1@AEBU21@@Z 00000001400050b0 f   bento_sdk:matrix4.obj
 0001:00004140       ?common_allocator@bento@@YAPEAVIAllocator@1@XZ 0000000140005140 f   bento_sdk:common.obj
 0001:00004150       ??0DynamicString@bento@@QEAA@AEAVIAllocator@1@@Z 0000000140005150 f   bento_sdk:dynamic_string.obj
 0001:000041f0       ??0DynamicString@bento@@QEAA@AEAVIAllocator@1@I@Z 00000001400051f0 f   bento_sdk:dynamic_string.obj
 0001:00004240       ??0DynamicString@bento@@QEAA@AEAVIAllocator@1@PEBD@Z 0000000140005240 f   bento_sdk:dynamic_string.obj
 0001:000042c0       ??0DynamicString@bento@@QEAA@AEBV01@@Z 00000001400052c0 f   bento_sdk:dynamic_string.obj
 0001:00004340       ??4DynamicString@bento@@QEAAAEAV01@AEBV01@@Z 0000000140005340 f   bento_sdk:dynamic_string.obj
 0001:000043a0       ??4DynamicString@bento@@QEAAAEAV01@PEBD@Z 00000001400053a0 f   bento_sdk:dynamic_string.obj
 0001:00004400       ??8DynamicString@bento@@QEBA_NPEBD@Z 0000000140005400 f   bento_sdk:dynamic_string.obj
 0001:00004430       ??9DynamicString@bento@@QEBA_NPEBD@Z 0000000140005430 f   bento_sdk:dynamic_string.obj
 0001:00004460       ??YDynamicString@bento@@QEAAAEAV01@AEBV01@@Z 0000000140005460 f   bento_sdk:dynamic_string.obj
 0001:000044d0       ??YDynamicString@bento@@QEAAAEAV01@PEBD@Z 00000001400054d0 f   bento_sdk:dynamic_string.obj
 0001:00004530       ?find_last_of@bento@@YAIPEBDD@Z 0000000140005530 f   bento_sdk:dynamic_string.obj
 0001:00004570       ?pack_type@bento@@YAXAEAV?$Vector@D@1@AEBVDynamicString@1@@Z 0000000140005570 f   bento_sdk:dynamic_string.obj
 0001:000045c0       ?resize@DynamicString@bento@@QEAAXI@Z 00000001400055c0 f   bento_sdk:dynamic_string.obj
 0001:00004670       ?size@DynamicString@bento@@QEBAIXZ 0000000140005670 f   bento_sdk:dynamic_string.obj
 0001:00004680       ?strlen32@bento@@YAIPEBD@Z 0000000140005680 f   bento_sdk:dynamic_string.obj
 0001:00004690       ?substr@string@bento@@YA?AVDynamicString@2@AEBV32@II@Z 0000000140005690 f   bento_sdk:dynamic_string.obj
 0001:00004730       ?to_lower_case@string@bento@@YAXAEAVDynamicString@2@@Z 0000000140005730 f   bento_sdk:dynamic_string.obj
 0001:00004780       ?unpack_type@bento@@YAXAEAPEBDAEAVDynamicString@1@@Z 0000000140005780 f   bento_sdk:dynamic_string.obj
 0001:000047d0       ??$?6DU?$char_traits@D@std@@D@std@@YAAEAV?$basic_ostream@DU?$char_traits@D@std@@@0@AEAV10@AEBU?$_Fillobj@D@0@@Z 00000001400057d0 f i bento_sdk:asset_database.obj
 0001:000047f0       ??$?6DU?$char_traits@D@std@@_J@std@@YAAEAV?$basic_ostream@DU?$char_traits@D@std@@@0@AEAV10@AEBU?$_Smanip@_J@0@@Z 00000001400057f0 f i bento_sdk:asset_database.obj
 0001:00004830       ??$?HDU?$char_traits@D@std@@V?$allocator@D@1@@std@@YA?AV?$basic_string@DU?$char_traits@D@std@@V?$allocator@D@2@@0@$$QEAV10@0@Z 0000000140005830 f i bento_sdk:asset_database.obj
 0001:000048c0       ??$?HDU?$char_traits@D@std@@V?$allocator@D@1@@std@@YA?AV?$basic_string@DU?$char_traits@D@std@@V?$allocator@D@2@@0@$$QEAV10@QEBD@Z 00000001400058c0 f i bento_sdk:asset_database.obj
 0001:00004920       ??$?HDU?$char_traits@D@std@@V?$allocator@D@1@@std@@YA?AV?$basic_string@DU?$char_traits@D@std@@V?$allocator@D@2@@0@QEBD$$QEAV10@@Z 0000000140005920 f i bento_sdk:asset_database.obj
 0001:00004980       ??$?HDU?$char_traits@D@std@@V?$allocator@D@1@@std@@YA?AV?$basic_string@DU?$char_traits@D@std@@V?$allocator@D@2@@0@QEBDAEBV10@@Z 0000000140005980 f i bento_sdk:asset_database.obj
 0001:00004b70       ??$_Copy_nodes@U_Copy_tag@?$_Tree@V?$_Tmap_traits@V?$basic_string@DU?$char_traits@D@std@@V?$allocator@D@2@@std@@V?$basic_json@Vmap@std@@Vvector@2@V?$basic_string@DU?$char_traits@D@std@@V?$allocator@D@2@@2@_N_J_KNVallocator@2@Uadl_serializer@nlohmann@@@nlohmann@@U?$less@V?$basic_string@DU?$char_traits@D@std@@V?$allocator@D@2@@std@@@2@V?$allocator@U?$pair@$$CBV?$basic_string@DU?$char_traits@D@std@@V?$allocator@D@2@@std@@V?$basic_json@Vmap@std@@Vvector@2@V?$basic_string@DU?$char_traits@D@std@@V?$allocator@D@2@@2@_N_J_KNVallocator@2@Uadl_serializer@nlohmann@@@nlohmann@@@std@@@2@$0A@@std@@@std@@@?$_Tree@V?$_Tmap_traits@V?$basic_string@DU?$char_traits@D@std@@V?$allocator@D@2@@std@@V?$basic_json@Vmap@std@@Vvector@2@V?$basic_string@DU?$char_traits@D@std@@V?$allocator@D@2@@2@_N_J_KNVallocator@2@Uadl_serializer@nlohmann@@@nlohmann@@U?$less@V?$basic_string@DU?$char_traits@D@std@@V?$allocator@D@2@@std@@@2@V?$allocator@U?$pair@$$CBV?$basic_string@DU?$char_traits@D@std@@V?$allocator@D@2@@std@@V?$basic_json@Vmap@std@@Vvector@2@V?$basic_string@DU?$char_traits@D@std@@V?$allocator@D@2@@2@_N_J_KNVallocator@2@Uadl_serializer@nlohmann@@@nlohmann@@@std@@@2@$0A@@std@@@std@@IEAAPEAU?$_Tree_node@U?$pair@$$CBV?$basic_string@DU?$char_traits@D@std@@V?$allocator@D@2@@std@@V?$basic_json@Vmap@std@@Vvector@2@V?$basic_string@DU?$char_traits@D@std@@V?$allocator@D@2@@2@_N_J_KNVallocator@2@Uadl_serializer@nlohmann@@@nlohmann@@@std@@PEAX@1@PEAU21@0U_Copy_tag@01@@Z 0000000140005b70 f i bento_sdk:asset_database.obj
 0001:00004c70       ??$_Enable_shared_from_this1@V?$output_string_adapter@DV?$basic_string@DU?$char_traits@D@std@@V?$allocator@D@2@@std@@@detail@nlohmann@@V123@@std@@YAXAEBV?$shared_ptr@V?$output_string_adapter@DV?$basic_string@DU?$char_traits@D@std@@V?$allocator@D@2@@std@@@detail@nlohmann@@@0@PEAV?$output_string_adapter@DV?$basic_string@DU?$char_traits@D@std@@V?$allocator@D@2@@std@@@detail@nlohmann@@U?$integral_constant@_N$0A@@0@@Z 0000000140005c70 f i bento_sdk:asset_database.obj
 0001:00004c80       ??$_Enable_shared_from_this@V?$output_string_adapter@DV?$basic_string@DU?$char_traits@D@std@@V?$allocator@D@2@@std@@@detail@nlohmann@@V123@@std@@YAXAEBV?$shared_ptr@V?$output_string_adapter@DV?$basic_string@DU?$char_traits@D@std@@V?$allocator@D@2@@std@@@detail@nlohmann@@@0@PEAV?$output_string_adapter@DV?$basic_string@DU?$char_traits@D@std@@V?$allocator@D@2@@std@@@detail@nlohmann@@@Z 0000000140005c80 f i bento_sdk:asset_database.obj
 0001:00004c90       ??$_Insert_at@AEAU?$pair@$$CBV?$basic_string@DU?$char_traits@D@std@@V?$allocator@D@2@@std@@V?$basic_json@Vmap@std@@Vvector@2@V?$basic_string@DU?$char_traits@D@std@@V?$allocator@D@2@@2@_N_J_KNVallocator@2@Uadl_serializer@nlohmann@@@nlohmann@@@std@@PEAU?$_Tree_node@U?$pair@$$CBV?$basic_string@DU?$char_traits@D@std@@V?$allocator@D@2@@std@@V?$basic_json@Vmap@std@@Vvector@2@V?$basic_string@DU?$char_traits@D@std@@V?$allocator@D@2@@2@_N_J_KNVallocator@2@Uadl_serializer@nlohmann@@@nlohmann@@@std@@PEAX@2@@?$_Tree@V?$_Tmap_traits@V?$basic_string@DU?$char_traits@D@std@@V?$allocator@D@2@@std@@V?$basic_json@Vmap@std@@Vvector@2@V?$basic_string@DU?$char_traits@D@std@@V?$allocator@D@2@@2@_N_J_KNVallocator@2@Uadl_serializer@nlohmann@@@nlohmann@@U?$less@V?$basic_string@DU?$char_traits@D@std@@V?$allocator@D@2@@std@@@2@V?$allocator@U?$pair@$$CBV?$basic_string@DU?$char_traits@D@std@@V?$allocator@D@2@@std@@V?$basic_json@Vmap@std@@Vvector@2@V?$basic_string@DU?$char_traits@D@std@@V?$allocator@D@2@@2@_N_J_KNVallocator@2@Uadl_serializer@nlohmann@@@nlohmann@@@std@@@2@$0A@@std@@@std@@IEAA?AV?$_Tree_iterator@V?$_Tree_val@U?$_Tree_simple_types@U?$pair@$$CBV?$basic_string@DU?$char_traits@D@std@@V?$allocator@D@2@@std@@V?$basic_json@Vmap@std@@Vvector@2@V?$basic_string@DU?$char_traits@D@std@@V?$allocator@D@2@@2@_N_J_KNVallocator@2@Uadl_serializer@nlohmann@@@nlohmann@@@std@@@std@@@std@@@1@_NPEAU?$_Tree_node@U?$pair@$$CBV?$basic_string@DU?$char_traits@D@std@@V?$allocator@D@2@@std@@V?$basic_json@Vmap@std@@Vvector@2@V?$basic_string@DU?$char_traits@D@std@@V?$allocator@D@2@@2@_N_J_KNVallocator@2@Uadl_serializer@nlohmann@@@nlohmann@@@std@@PEAX@1@AEAU?$pair@$$CBV?$basic_string@DU?$char_traits@D@std@@V?$allocator@D@2@@std@@V?$basic_json@Vmap@std@@Vvector@2@V?$basic_string@DU?$char_traits@D@std@@V?$allocator@D@2@@2@_N_J_KNVallocator@2@Uadl_serializer@nlohmann@@@nlohmann@@@1@1@Z 0000000140005c90 f i bento_sdk:asset_database.obj
 0001:00004f60       ??$_Insert_hint@AEAU?$pair@$$CBV?$basic_string@DU?$char_traits@D@std@@V?$allocator@D@2@@std@@V?$basic_json@Vmap@std@@Vvector@2@V?$basic_string@DU?$char_traits@D@std@@V?$allocator@D@2@@2@_N_J_KNVallocator@2@Uadl_serializer@nlohmann@@@nlohmann@@@std@@PEAU?$_Tree_node@U?$pair@$$CBV?$basic_string@DU?$char_traits@D@std@@V?$allocator@D@2@@std@@V?$basic_json@Vmap@std@@Vvector@2@V?$basic_string@DU?$char_traits@D@std@@V?$allocator@D@2@@2@_N_J_KNVallocator@2@Uadl_serializer@nlohmann@@@nlohmann@@@std@@PEAX@2@@?$_Tree@V?$_Tmap_traits@V?$basic_string@DU?$char_traits@D@std@@V?$allocator@D@2@@std@@V?$basic_json@Vmap@std@@Vvector@2@V?$basic_string@DU?$char_traits@D@std@@V?$allocator@D@2@@2@_N_J_KNVallocator@2@Uadl_serializer@nlohmann@@@nlohmann@@U?$less@V?$basic_string@DU?$char_traits@D@std@@V?$allocator@D@2@@std@@@2@V?$allocator@U?$pair@$$CBV?$basic_string@DU?$char_traits@D@std@@V?$allocator@D@2@@std@@V?$basic_json@Vmap@std@@Vvector@2@V?$basic_string@DU?$char_traits@D@std@@V?$allocator@D@2@@2@_N_J_KNVallocator@2@Uadl_serializer@nlohmann@@@nlohmann@@@std@@@2@$0A@@std@@@std@@IEAA?AV?$_Tree_iterator@V?$_Tree_val@U?$_Tree_simple_types@U?$pair@$$CBV?$basic_string@DU?$char_traits@D@std@@V?$allocator@D@2@@std@@V?$basic_json@Vmap@std@@Vvector@2@V?$basic_string@DU?$char_traits@D@std@@V?$allocator@D@2@@2@_N_J_KNVallocator@2@Uadl_serializer@nlohmann@@@nlohmann@@@std@@@std@@@std@@@1@V?$_Tree_const_iterator@V?$_Tree_val@U?$_Tree_simple_types@U?$pair@$$CBV?$basic_string@DU?$char_traits@D@std@@V?$allocator@D@2@@std@@V?$basic_json@Vmap@std@@Vvector@2@V?$basic_string@DU?$char_traits@D@std@@V?$allocator@D@2@@2@_N_J_KNVallocator@2@Uadl_serializer@nlohmann@@@nlohmann@@@std@@@std@@@std@@@1@AEAU?$pair@$$CBV?$basic_string@DU?$char_traits@D@std@@V?$allocator@D@2@@std@@V?$basic_json@Vmap@std@@Vvector@2@V?$basic_string@DU?$char_traits@D@std@@V?$allocator@D@2@@2@_N_J_KNVallocator@2@Uadl_serializer@nlohmann@@@nlohmann@@@1@PEAU?$_Tree_node@U?$pair@$$CBV?$basic_string@DU?$char_traits@D@std@@V?$allocator@D@2@@std@@V?$basic_json@Vmap@std@@Vvector@2@V?$basic_string@DU?$char_traits@D@std@@V?$allocator@D@2@@2@_N_J_KNVallocator@2@Uadl_serializer@nlohmann@@@nlohmann@@@std@@PEAX@1@@Z 0000000140005f60 f i bento_sdk:asset_database.obj
 0001:00005210       ??$_Insert_nohint@AEAU?$pair@$$CBV?$basic_string@DU?$char_traits@D@std@@V?$allocator@D@2@@std@@V?$basic_json@Vmap@std@@Vvector@2@V?$basic_string@DU?$char_traits@D@std@@V?$allocator@D@2@@2@_N_J_KNVallocator@2@Uadl_serializer@nlohmann@@@nlohmann@@@std@@PEAU?$_Tree_node@U?$pair@$$CBV?$basic_string@DU?$char_traits@D@std@@V?$allocator@D@2@@std@@V?$basic_json@Vmap@std@@Vvector@2@V?$basic_string@DU?$char_traits@D@std@@V?$allocator@D@2@@2@_N_J_KNVallocator@2@Uadl_serializer@nlohmann@@@nlohmann@@@std@@PEAX@2@@?$_Tree@V?$_Tmap_traits@V?$basic_string@DU?$char_traits@D@std@@V?$allocator@D@2@@std@@V?$basic_json@Vmap@std@@Vvector@2@V?$basic_string@DU?$char_traits@D@std@@V?$allocator@D@2@@2@_N_J_KNVallocator@2@Uadl_serializer@nlohmann@@@nlohmann@@U?$less@V?$basic_string@DU?$char_traits@D@std@@V?$allocator@D@2@@std@@@2@V?$allocator@U?$pair@$$CBV?$basic_string@DU?$char_traits@D@std@@V?$allocator@D@2@@std@@V?$basic_json@Vmap@std@@Vvector@2@V?$basic_string@DU?$char_traits@D@std@@V?$allocator@D@2@@2@_N_J_KNVallocator@2@Uadl_serializer@nlohmann@@@nlohmann@@@std@@@2@$0A@@std@@@std@@IEAA?AU?$pair@V?$_Tree_iterator@V?$_Tree_val@U?$_Tree_simple_types@U?$pair@$$CBV?$basic_string@DU?$char_traits@D@std@@V?$allocator@D@2@@std@@V?$basic_json@Vmap@std@@Vvector@2@V?$basic_string@DU?$char_traits@D@std@@V?$allocator@D@2@@2@_N_J_KNVallocator@2@Uadl_serializer@nlohmann@@@nlohmann@@@std@@@std@@@std@@@std@@_N@1@_NAEAU?$pair@$$CBV?$basic_string@DU?$char_traits@D@std@@V?$allocator@D@2@@std@@V?$basic_json@Vmap@std@@Vvector@2@V?$basic_string@DU?$char_traits@D@std@@V?$allocator@D@2@@2@_N_J_KNVallocator@2@Uadl_serializer@nlohmann@@@nlohmann@@@1@PEAU?$_Tree_node@U?$pair@$$CBV?$basic_string@DU?$char_traits@D@std@@V?$allocator@D@2@@std@@V?$basic_json@Vmap@std@@Vvector@2@V?$basic_string@DU?$char_traits@D@std@@V?$allocator@D@2@@2@_N_J_KNVallocator@2@Uadl_serializer@nlohmann@@@nlohmann@@@std@@PEAX@1@@Z 0000000140006210 f i bento_sdk:asset_database.obj
 0001:00005520       ??$_UIntegral_to_buff@DI@std@@YAPEADPEADI@Z 0000000140006520 f i bento_sdk:asset_database.obj
 0001:00005560       ??$_UIntegral_to_buff@D_K@std@@YAPEADPEAD_K@Z 0000000140006560 f i bento_sdk:asset_database.obj
 0001:000055a0       ??$__vcrt_va_start_verify_argument_type@QEBD@@YAXXZ 00000001400065a0 f i bento_sdk:asset_database.obj
 0001:000055b0       ??$compute_boundaries@N@dtoa_impl@detail@nlohmann@@YA?AUboundaries@012@N@Z 00000001400065b0 f i bento_sdk:asset_database.obj
 0001:00005700       ??$construct@V?$basic_json@Vmap@std@@Vvector@2@V?$basic_string@DU?$char_traits@D@std@@V?$allocator@D@2@@2@_N_J_KNVallocator@2@Uadl_serializer@nlohmann@@@nlohmann@@@?$external_constructor@$02@detail@nlohmann@@SAXAEAV?$basic_json@Vmap@std@@Vvector@2@V?$basic_string@DU?$char_traits@D@std@@V?$allocator@D@2@@2@_N_J_KNVallocator@2@Uadl_serializer@nlohmann@@@2@$$QEAV?$basic_string@DU?$char_traits@D@std@@V?$allocator@D@2@@std@@@Z 0000000140006700 f i bento_sdk:asset_database.obj
 0001:00005760       ??$create@V?$map@V?$basic_string@DU?$char_traits@D@std@@V?$allocator@D@2@@std@@V?$basic_json@Vmap@std@@Vvector@2@V?$basic_string@DU?$char_traits@D@std@@V?$allocator@D@2@@2@_N_J_KNVallocator@2@Uadl_serializer@nlohmann@@@nlohmann@@U?$less@V?$basic_string@DU?$char_traits@D@std@@V?$allocator@D@2@@std@@@2@V?$allocator@U?$pair@$$CBV?$basic_string@DU?$char_traits@D@std@@V?$allocator@D@2@@std@@V?$basic_json@Vmap@std@@Vvector@2@V?$basic_string@DU?$char_traits@D@std@@V?$allocator@D@2@@2@_N_J_KNVallocator@2@Uadl_serializer@nlohmann@@@nlohmann@@@std@@@2@@std@@$$V@?$basic_json@Vmap@std@@Vvector@2@V?$basic_string@DU?$char_traits@D@std@@V?$allocator@D@2@@2@_N_J_KNVallocator@2@Uadl_serializer@nlohmann@@@nlohmann@@CAPEAV?$map@V?$basic_string@DU?$char_traits@D@std@@V?$allocator@D@2@@std@@V?$basic_json@Vmap@std@@Vvector@2@V?$basic_string@DU?$char_traits@D@std@@V?$allocator@D@2@@2@_N_J_KNVallocator@2@Uadl_serializer@nlohmann@@@nlohmann@@U?$less@V?$basic_string@DU?$char_traits@D@std@@V?$allocator@D@2@@std@@@2@V?$allocator@U?$pair@$$CBV?$basic_string@DU?$char_traits@D@std@@V?$allocator@D@2@@std@@V?$basic_json@Vmap@std@@Vvector@2@V?$basic_string@DU?$char_traits@D@std@@V?$allocator@D@2@@2@_N_J_KNVallocator@2@Uadl_serializer@nlohmann@@@nlohmann@@@std@@@2@@std@@XZ 0000000140006760 f i bento_sdk:asset_database.obj
 0001:000057e0       ??$emplace@V?$basic_string@DU?$char_traits@D@std@@V?$allocator@D@2@@std@@V?$basic_json@Vmap@std@@Vvector@2@V?$basic_string@DU?$char_traits@D@std@@V?$allocator@D@2@@2@_N_J_KNVallocator@2@Uadl_serializer@nlohmann@@@nlohmann@@@?$_Tree@V?$_Tmap_traits@V?$basic_string@DU?$char_traits@D@std@@V?$allocator@D@2@@std@@V?$basic_json@Vmap@std@@Vvector@2@V?$basic_string@DU?$char_traits@D@std@@V?$allocator@D@2@@2@_N_J_KNVallocator@2@Uadl_serializer@nlohmann@@@nlohmann@@U?$less@V?$basic_string@DU?$char_traits@D@std@@V?$allocator@D@2@@std@@@2@V?$allocator@U?$pair@$$CBV?$basic_string@DU?$char_traits@D@std@@V?$allocator@D@2@@std@@V?$basic_json@Vmap@std@@Vvector@2@V?$basic_string@DU?$char_traits@D@std@@V?$allocator@D@2@@2@_N_J_KNVallocator@2@Uadl_serializer@nlohmann@@@nlohmann@@@std@@@2@$0A@@std@@@std@@QEAA?AU?$pair@V?$_Tree_iterator@V?$_Tree_val@U?$_Tree_simple_types@U?$pair@$$CBV?$basic_string@DU?$char_traits@D@std@@V?$allocator@D@2@@std@@V?$basic_json@Vmap@std@@Vvector@2@V?$basic_string@DU?$char_traits@D@std@@V?$allocator@D@2@@2@_N_J_KNVallocator@2@Uadl_serializer@nlohmann@@@nlohmann@@@std@@@std@@@std@@@std@@_N@1@$$QEAV?$basic_string@DU?$char_traits@D@std@@V?$allocator@D@2@@1@$$QEAV?$basic_json@Vmap@std@@Vvector@2@V?$basic_string@DU?$char_traits@D@std@@V?$allocator@D@2@@2@_N_J_KNVallocator@2@Uadl_serializer@nlohmann@@@nlohmann@@@Z 00000001400067e0 f i bento_sdk:asset_database.obj
 0001:000058b0       ??$grisu2@N@dtoa_impl@detail@nlohmann@@YAXPEADAEAH1N@Z 00000001400068b0 f i bento_sdk:asset_database.obj
 0001:00005a50       ??$pack_bytes@_K@bento@@YAXAEAV?$Vector@D@0@AEB_K@Z 0000000140006a50 f i bento_sdk:asset_database.obj
 0001:00005a60       ??$pack_vector_types@UTAsset@bento@@@bento@@YAXAEAV?$Vector@D@0@AEBV?$Vector@UTAsset@bento@@@0@@Z 0000000140006a60 f i bento_sdk:asset_database.obj
 0001:00005b40       ??$reinterpret_bits@_KN@dtoa_impl@detail@nlohmann@@YA_KN@Z 0000000140006b40 f i bento_sdk:asset_database.obj
 0001:00005b50       ??$setfill@D@std@@YA?AU?$_Fillobj@D@0@D@Z 0000000140006b50 f i bento_sdk:asset_database.obj
 0001:00005b60       ??$to_chars@N@detail@nlohmann@@YAPEADPEAD0N@Z 0000000140006b60 f i bento_sdk:asset_database.obj
 0001:00005d50       ??$to_json@V?$basic_json@Vmap@std@@Vvector@2@V?$basic_string@DU?$char_traits@D@std@@V?$allocator@D@2@@2@_N_J_KNVallocator@2@Uadl_serializer@nlohmann@@@nlohmann@@$$BY04D$0A@@detail@nlohmann@@YAXAEAV?$basic_json@Vmap@std@@Vvector@2@V?$basic_string@DU?$char_traits@D@std@@V?$allocator@D@2@@2@_N_J_KNVallocator@2@Uadl_serializer@nlohmann@@@1@AEAY04$$CBD@Z 0000000140006d50 f i bento_sdk:asset_database.obj
 0001:00005df0       ??$to_json@V?$basic_json@Vmap@std@@Vvector@2@V?$basic_string@DU?$char_traits@D@std@@V?$allocator@D@2@@2@_N_J_KNVallocator@2@Uadl_serializer@nlohmann@@@nlohmann@@@detail@nlohmann@@YAXAEAV?$basic_json@Vmap@std@@Vvector@2@V?$basic_string@DU?$char_traits@D@std@@V?$allocator@D@2@@2@_N_J_KNVallocator@2@Uadl_serializer@nlohmann@@@1@$$QEAV?$basic_string@DU?$char_traits@D@std@@V?$allocator@D@2@@std@@@Z 0000000140006df0 f i bento_sdk:asset_database.obj
 0001:00005e50       ??$to_json@V?$basic_json@Vmap@std@@Vvector@2@V?$basic_string@DU?$char_traits@D@std@@V?$allocator@D@2@@2@_N_J_KNVallocator@2@Uadl_serializer@nlohmann@@@nlohmann@@I$0A@@detail@nlohmann@@YAXAEAV?$basic_json@Vmap@std@@Vvector@2@V?$basic_string@DU?$char_traits@D@std@@V?$allocator@D@2@@2@_N_J_KNVallocator@2@Uadl_serializer@nlohmann@@@1@I@Z 0000000140006e50 f i bento_sdk:asset_database.obj
 0001:00005e60       ??$to_json@V?$basic_json@Vmap@std@@Vvector@2@V?$basic_string@DU?$char_traits@D@std@@V?$allocator@D@2@@2@_N_J_KNVallocator@2@Uadl_serializer@nlohmann@@@nlohmann@@PEBD$0A@@detail@nlohmann@@YAXAEAV?$basic_json@Vmap@std@@Vvector@2@V?$basic_string@DU?$char_traits@D@std@@V?$allocator@D@2@@2@_N_J_KNVallocator@2@Uadl_serializer@nlohmann@@@1@AEBQEBD@Z 0000000140006e60 f i bento_sdk:asset_database.obj
 0001:00005f00       ??$unpack_bytes@_K@bento@@YAXAEAPEBDAEA_K@Z 0000000140006f00 f i bento_sdk:asset_database.obj
 0001:00005f10       ??$unpack_vector_types@UTAsset@bento@@@bento@@YAXAEAPEBDAEAV?$Vector@UTAsset@bento@@@0@@Z 0000000140006f10 f i bento_sdk:asset_database.obj
 0001:00005ff0       ??0?$Vector@UTAsset@bento@@@bento@@QEAA@AEAVIAllocator@1@@Z 0000000140006ff0 f i bento_sdk:asset_database.obj
 0001:00006010       ??0?$basic_json@Vmap@std@@Vvector@2@V?$basic_string@DU?$char_traits@D@std@@V?$allocator@D@2@@2@_N_J_KNVallocator@2@Uadl_serializer@nlohmann@@@nlohmann@@QEAA@AEBV01@@Z 0000000140007010 f i bento_sdk:asset_database.obj
 0001:000062c0       ??0?$basic_json@Vmap@std@@Vvector@2@V?$basic_string@DU?$char_traits@D@std@@V?$allocator@D@2@@2@_N_J_KNVallocator@2@Uadl_serializer@nlohmann@@@nlohmann@@QEAA@V?$initializer_list@V?$json_ref@V?$basic_json@Vmap@std@@Vvector@2@V?$basic_string@DU?$char_traits@D@std@@V?$allocator@D@2@@2@_N_J_KNVallocator@2@Uadl_serializer@nlohmann@@@nlohmann@@@detail@nlohmann@@@std@@_NW4value_t@detail@1@@Z 00000001400072c0 f i bento_sdk:asset_database.obj
 0001:00006590       ??0?$basic_string@DU?$char_traits@D@std@@V?$allocator@D@2@@std@@QEAA@AEBV01@@Z 0000000140007590 f i bento_sdk:asset_database.obj
 0001:00006630       ??0?$basic_string@DU?$char_traits@D@std@@V?$allocator@D@2@@std@@QEAA@QEBD@Z 0000000140007630 f i bento_sdk:asset_database.obj
 0001:00006670       ??0?$basic_string@DU?$char_traits@D@std@@V?$allocator@D@2@@std@@QEAA@_KD@Z 0000000140007670 f i bento_sdk:asset_database.obj
 0001:000067c0       ??0TAssetDatabase@bento@@QEAA@AEAVIAllocator@1@@Z 00000001400077c0 f   bento_sdk:asset_database.obj
 0001:000067e0       ??0exception@detail@nlohmann@@QEAA@AEBV012@@Z 00000001400077e0 f i bento_sdk:asset_database.obj
 0001:00006820       ??0exception@stdext@@QEAA@AEBV01@@Z 0000000140007820 f i bento_sdk:asset_database.obj
 0001:00006840       ??0json_value@?$basic_json@Vmap@std@@Vvector@2@V?$basic_string@DU?$char_traits@D@std@@V?$allocator@D@2@@2@_N_J_KNVallocator@2@Uadl_serializer@nlohmann@@@nlohmann@@QEAA@W4value_t@detail@2@@Z 0000000140007840 f i bento_sdk:asset_database.obj
 0001:000069c0       ??0other_error@detail@nlohmann@@QEAA@AEBV012@@Z 00000001400079c0 f i bento_sdk:asset_database.obj
 0001:00006a10       ??0type_error@detail@nlohmann@@QEAA@AEBV012@@Z 0000000140007a10 f i bento_sdk:asset_database.obj
 0001:00006a60       ??1?$Vector@UTAsset@bento@@@bento@@QEAA@XZ 0000000140007a60 f i bento_sdk:asset_database.obj
 0001:00006aa0       ??1?$_Tree_comp_alloc@V?$_Tmap_traits@V?$basic_string@DU?$char_traits@D@std@@V?$allocator@D@2@@std@@V?$basic_json@Vmap@std@@Vvector@2@V?$basic_string@DU?$char_traits@D@std@@V?$allocator@D@2@@2@_N_J_KNVallocator@2@Uadl_serializer@nlohmann@@@nlohmann@@U?$less@V?$basic_string@DU?$char_traits@D@std@@V?$allocator@D@2@@std@@@2@V?$allocator@U?$pair@$$CBV?$basic_string@DU?$char_traits@D@std@@V?$allocator@D@2@@std@@V?$basic_json@Vmap@std@@Vvector@2@V?$basic_string@DU?$char_traits@D@std@@V?$allocator@D@2@@2@_N_J_KNVallocator@2@Uadl_serializer@nlohmann@@@nlohmann@@@std@@@2@$0A@@std@@@std@@QEAA@XZ 0000000140007aa0 f i bento_sdk:asset_database.obj
 0001:00006ab0       ??1?$basic_json@Vmap@std@@Vvector@2@V?$basic_string@DU?$char_traits@D@std@@V?$allocator@D@2@@2@_N_J_KNVallocator@2@Uadl_serializer@nlohmann@@@nlohmann@@QEAA@XZ 0000000140007ab0 f i bento_sdk:asset_database.obj
 0001:00006ac0       ??1?$basic_string@DU?$char_traits@D@std@@V?$allocator@D@2@@std@@QEAA@XZ 0000000140007ac0 f i bento_sdk:asset_database.obj
 0001:00006ad0       ??1?$basic_stringbuf@DU?$char_traits@D@std@@V?$allocator@D@2@@std@@UEAA@XZ 0000000140007ad0 f i bento_sdk:asset_database.obj
 0001:00006ba0       ??1?$basic_stringstream@DU?$char_traits@D@std@@V?$allocator@D@2@@std@@UEAA@XZ 0000000140007ba0 f i bento_sdk:asset_database.obj
 0001:00006c00       ??1?$json_ref@V?$basic_json@Vmap@std@@Vvector@2@V?$basic_string@DU?$char_traits@D@std@@V?$allocator@D@2@@2@_N_J_KNVallocator@2@Uadl_serializer@nlohmann@@@nlohmann@@@detail@nlohmann@@QEAA@XZ 0000000140007c00 f i bento_sdk:asset_database.obj
 0001:00006c10       ??1?$output_adapter@DV?$basic_string@DU?$char_traits@D@std@@V?$allocator@D@2@@std@@@detail@nlohmann@@QEAA@XZ 0000000140007c10 f i bento_sdk:asset_database.obj
 0001:00006c60       ??1?$output_adapter_protocol@D@detail@nlohmann@@UEAA@XZ 0000000140007c60 f i bento_sdk:asset_database.obj
 0001:00006c70       ??1?$serializer@V?$basic_json@Vmap@std@@Vvector@2@V?$basic_string@DU?$char_traits@D@std@@V?$allocator@D@2@@2@_N_J_KNVallocator@2@Uadl_serializer@nlohmann@@@nlohmann@@@detail@nlohmann@@QEAA@XZ 0000000140007c70 f i bento_sdk:asset_database.obj
 0001:00006cd0       ??1?$shared_ptr@U?$output_adapter_protocol@D@detail@nlohmann@@@std@@QEAA@XZ 0000000140007cd0 f i bento_sdk:asset_database.obj
 0001:00006de0       ??1TAssetDatabase@bento@@QEAA@XZ 0000000140007de0 f   bento_sdk:asset_database.obj
 0001:00006e20       ??1_Ref_count_base@std@@UEAA@XZ 0000000140007e20 f i bento_sdk:asset_database.obj
 0001:00006e30       ??1exception@stdext@@UEAA@XZ 0000000140007e30 f i bento_sdk:asset_database.obj
 0001:00006e40       ??1other_error@detail@nlohmann@@UEAA@XZ 0000000140007e40 f i bento_sdk:asset_database.obj
 0001:00006e50       ??1type_error@detail@nlohmann@@UEAA@XZ 0000000140007e50 f i bento_sdk:asset_database.obj
 0001:00006e60       ??4?$Vector@D@bento@@QEAAXAEBV01@@Z 0000000140007e60 f i bento_sdk:asset_database.obj
 0001:00006ec0       ??A?$basic_json@Vmap@std@@Vvector@2@V?$basic_string@DU?$char_traits@D@std@@V?$allocator@D@2@@2@_N_J_KNVallocator@2@Uadl_serializer@nlohmann@@@nlohmann@@QEAAAEAV01@AEBV?$basic_string@DU?$char_traits@D@std@@V?$allocator@D@2@@std@@@Z 0000000140007ec0 f i bento_sdk:asset_database.obj
 0001:00007070       ??_D?$basic_stringstream@DU?$char_traits@D@std@@V?$allocator@D@2@@std@@QEAAXXZ 0000000140008070 f i bento_sdk:asset_database.obj
 0001:000070d0       ??_E?$basic_stringstream@DU?$char_traits@D@std@@V?$allocator@D@2@@std@@$4PPPPPPPM@A@EAAPEAXI@Z 00000001400080d0 f i bento_sdk:asset_database.obj
 0001:000070e0       ??_G?$_Ref_count_obj@V?$output_string_adapter@DV?$basic_string@DU?$char_traits@D@std@@V?$allocator@D@2@@std@@@detail@nlohmann@@@std@@UEAAPEAXI@Z 00000001400080e0 f i bento_sdk:asset_database.obj
 0001:000070e0       ??_E?$_Ref_count_obj@V?$output_string_adapter@DV?$basic_string@DU?$char_traits@D@std@@V?$allocator@D@2@@std@@@detail@nlohmann@@@std@@UEAAPEAXI@Z 00000001400080e0 f i bento_sdk:asset_database.obj
 0001:00007110       ??_E?$basic_stringbuf@DU?$char_traits@D@std@@V?$allocator@D@2@@std@@UEAAPEAXI@Z 0000000140008110 f i bento_sdk:asset_database.obj
 0001:00007110       ??_G?$basic_stringbuf@DU?$char_traits@D@std@@V?$allocator@D@2@@std@@UEAAPEAXI@Z 0000000140008110 f i bento_sdk:asset_database.obj
 0001:00007150       ??_E?$basic_stringstream@DU?$char_traits@D@std@@V?$allocator@D@2@@std@@UEAAPEAXI@Z 0000000140008150 f i bento_sdk:asset_database.obj
 0001:00007150       ??_G?$basic_stringstream@DU?$char_traits@D@std@@V?$allocator@D@2@@std@@UEAAPEAXI@Z 0000000140008150 f i bento_sdk:asset_database.obj
 0001:000071f0       ??_G?$output_adapter_protocol@D@detail@nlohmann@@UEAAPEAXI@Z 00000001400081f0 f i bento_sdk:asset_database.obj
 0001:000071f0       ??_E?$output_adapter_protocol@D@detail@nlohmann@@UEAAPEAXI@Z 00000001400081f0 f i bento_sdk:asset_database.obj
 0001:00007220       ??_E?$output_string_adapter@DV?$basic_string@DU?$char_traits@D@std@@V?$allocator@D@2@@std@@@detail@nlohmann@@UEAAPEAXI@Z 0000000140008220 f i bento_sdk:asset_database.obj
 0001:00007220       ??_G?$output_string_adapter@DV?$basic_string@DU?$char_traits@D@std@@V?$allocator@D@2@@std@@@detail@nlohmann@@UEAAPEAXI@Z 0000000140008220 f i bento_sdk:asset_database.obj
 0001:00007250       ??_G_Ref_count_base@std@@UEAAPEAXI@Z 0000000140008250 f i bento_sdk:asset_database.obj
 0001:00007250       ??_E_Ref_count_base@std@@UEAAPEAXI@Z 0000000140008250 f i bento_sdk:asset_database.obj
 0001:00007280       ??_Gexception@detail@nlohmann@@UEAAPEAXI@Z 0000000140008280 f i bento_sdk:asset_database.obj
 0001:00007280       ??_Eexception@detail@nlohmann@@UEAAPEAXI@Z 0000000140008280 f i bento_sdk:asset_database.obj
 0001:000072b0       ??_Eexception@stdext@@UEAAPEAXI@Z 00000001400082b0 f i bento_sdk:asset_database.obj
 0001:000072b0       ??_Gexception@stdext@@UEAAPEAXI@Z 00000001400082b0 f i bento_sdk:asset_database.obj
 0001:000072e0       ??_Gother_error@detail@nlohmann@@UEAAPEAXI@Z 00000001400082e0 f i bento_sdk:asset_database.obj
 0001:000072e0       ??_Eother_error@detail@nlohmann@@UEAAPEAXI@Z 00000001400082e0 f i bento_sdk:asset_database.obj
 0001:00007310       ??_Gruntime_error@std@@UEAAPEAXI@Z 0000000140008310 f i bento_sdk:asset_database.obj
 0001:00007310       ??_Eruntime_error@std@@UEAAPEAXI@Z 0000000140008310 f i bento_sdk:asset_database.obj
 0001:00007340       ??_Gtype_error@detail@nlohmann@@UEAAPEAXI@Z 0000000140008340 f i bento_sdk:asset_database.obj
 0001:00007340       ??_Etype_error@detail@nlohmann@@UEAAPEAXI@Z 0000000140008340 f i bento_sdk:asset_database.obj
 0001:00007370       ?_Become_small@?$basic_string@DU?$char_traits@D@std@@V?$allocator@D@2@@std@@QEAAXXZ 0000000140008370 f i bento_sdk:asset_database.obj
 0001:000073f0       ?_Buy@?$vector@V?$basic_json@Vmap@std@@Vvector@2@V?$basic_string@DU?$char_traits@D@std@@V?$allocator@D@2@@2@_N_J_KNVallocator@2@Uadl_serializer@nlohmann@@@nlohmann@@V?$allocator@V?$basic_json@Vmap@std@@Vvector@2@V?$basic_string@DU?$char_traits@D@std@@V?$allocator@D@2@@2@_N_J_KNVallocator@2@Uadl_serializer@nlohmann@@@nlohmann@@@std@@@std@@AEAA_N_K@Z 00000001400083f0 f i bento_sdk:asset_database.obj
 0001:00007460       ?_Delete_this@?$_Ref_count_obj@V?$output_string_adapter@DV?$basic_string@DU?$char_traits@D@std@@V?$allocator@D@2@@std@@@detail@nlohmann@@@std@@EEAAXXZ 0000000140008460 f i bento_sdk:asset_database.obj
 0001:00007480       ?_Destroy@?$_Ref_count_obj@V?$output_string_adapter@DV?$basic_string@DU?$char_traits@D@std@@V?$allocator@D@2@@std@@@detail@nlohmann@@@std@@EEAAXXZ 0000000140008480 f i bento_sdk:asset_database.obj
 0001:00007490       ?_Destroy_if_node@?$_Tree@V?$_Tmap_traits@V?$basic_string@DU?$char_traits@D@std@@V?$allocator@D@2@@std@@V?$basic_json@Vmap@std@@Vvector@2@V?$basic_string@DU?$char_traits@D@std@@V?$allocator@D@2@@2@_N_J_KNVallocator@2@Uadl_serializer@nlohmann@@@nlohmann@@U?$less@V?$basic_string@DU?$char_traits@D@std@@V?$allocator@D@2@@std@@@2@V?$allocator@U?$pair@$$CBV?$basic_string@DU?$char_traits@D@std@@V?$allocator@D@2@@std@@V?$basic_json@Vmap@std@@Vvector@2@V?$basic_string@DU?$char_traits@D@std@@V?$allocator@D@2@@2@_N_J_KNVallocator@2@Uadl_serializer@nlohmann@@@nlohmann@@@std@@@2@$0A@@std@@@std@@IEAAXPEAU?$_Tree_node@U?$pair@$$CBV?$basic_string@DU?$char_traits@D@std@@V?$allocator@D@2@@std@@V?$basic_json@Vmap@std@@Vvector@2@V?$basic_string@DU?$char_traits@D@std@@V?$allocator@D@2@@2@_N_J_KNVallocator@2@Uadl_serializer@nlohmann@@@nlohmann@@@std@@PEAX@2@@Z 0000000140008490 f i bento_sdk:asset_database.obj
 0001:000074d0       ?_Doraise@exception@stdext@@MEBAXXZ 00000001400084d0 f i bento_sdk:asset_database.obj
 0001:000074e0       ?_Doraise@runtime_error@std@@MEBAXXZ 00000001400084e0 f i bento_sdk:asset_database.obj
 0001:00007500       ?_Erase@?$_Tree@V?$_Tmap_traits@V?$basic_string@DU?$char_traits@D@std@@V?$allocator@D@2@@std@@V?$basic_json@Vmap@std@@Vvector@2@V?$basic_string@DU?$char_traits@D@std@@V?$allocator@D@2@@2@_N_J_KNVallocator@2@Uadl_serializer@nlohmann@@@nlohmann@@U?$less@V?$basic_string@DU?$char_traits@D@std@@V?$allocator@D@2@@std@@@2@V?$allocator@U?$pair@$$CBV?$basic_string@DU?$char_traits@D@std@@V?$allocator@D@2@@std@@V?$basic_json@Vmap@std@@Vvector@2@V?$basic_string@DU?$char_traits@D@std@@V?$allocator@D@2@@2@_N_J_KNVallocator@2@Uadl_serializer@nlohmann@@@nlohmann@@@std@@@2@$0A@@std@@@std@@IEAAXPEAU?$_Tree_node@U?$pair@$$CBV?$basic_string@DU?$char_traits@D@std@@V?$allocator@D@2@@std@@V?$basic_json@Vmap@std@@Vvector@2@V?$basic_string@DU?$char_traits@D@std@@V?$allocator@D@2@@2@_N_J_KNVallocator@2@Uadl_serializer@nlohmann@@@nlohmann@@@std@@PEAX@2@@Z 0000000140008500 f i bento_sdk:asset_database.obj
 0001:00007580       ?_Get_deleter@_Ref_count_base@std@@UEBAPEAXAEBVtype_info@@@Z 0000000140008580 f i bento_sdk:asset_database.obj
 0001:00007590       ?_Tidy@?$vector@V?$basic_json@Vmap@std@@Vvector@2@V?$basic_string@DU?$char_traits@D@std@@V?$allocator@D@2@@2@_N_J_KNVallocator@2@Uadl_serializer@nlohmann@@@nlohmann@@V?$allocator@V?$basic_json@Vmap@std@@Vvector@2@V?$basic_string@DU?$char_traits@D@std@@V?$allocator@D@2@@2@_N_J_KNVallocator@2@Uadl_serializer@nlohmann@@@nlohmann@@@std@@@std@@AEAAXXZ 0000000140008590 f i bento_sdk:asset_database.obj
 0001:00007660       ?_Tidy_deallocate@?$basic_string@DU?$char_traits@D@std@@V?$allocator@D@2@@std@@QEAAXXZ 0000000140008660 f i bento_sdk:asset_database.obj
 0001:000076e0       ?_Xlen@?$basic_string@DU?$char_traits@D@std@@V?$allocator@D@2@@std@@SAXXZ 00000001400086e0 f i bento_sdk:asset_database.obj
 0001:00007700       ?_Xlength@?$vector@V?$basic_json@Vmap@std@@Vvector@2@V?$basic_string@DU?$char_traits@D@std@@V?$allocator@D@2@@2@_N_J_KNVallocator@2@Uadl_serializer@nlohmann@@@nlohmann@@V?$allocator@V?$basic_json@Vmap@std@@Vvector@2@V?$basic_string@DU?$char_traits@D@std@@V?$allocator@D@2@@2@_N_J_KNVallocator@2@Uadl_serializer@nlohmann@@@nlohmann@@@std@@@std@@CAXXZ 0000000140008700 f i bento_sdk:asset_database.obj
 0001:00007720       ?_Xran@?$_String_val@U?$_Simple_types@D@std@@@std@@SAXXZ 0000000140008720 f i bento_sdk:asset_database.obj
 0001:00007740       ?append@?$basic_string@DU?$char_traits@D@std@@V?$allocator@D@2@@std@@QEAAAEAV12@QEBD_K@Z 0000000140008740 f i bento_sdk:asset_database.obj
 0001:000078c0       ?append@?$basic_string@DU?$char_traits@D@std@@V?$allocator@D@2@@std@@QEAAAEAV12@_KD@Z 00000001400088c0 f i bento_sdk:asset_database.obj
 0001:00007a50       ?assign@?$basic_string@DU?$char_traits@D@std@@V?$allocator@D@2@@std@@QEAAAEAV12@QEBD_K@Z 0000000140008a50 f i bento_sdk:asset_database.obj
 0001:00007b80       ?back@?$basic_string@DU?$char_traits@D@std@@V?$allocator@D@2@@std@@QEBAAEBDXZ 0000000140008b80 f i bento_sdk:asset_database.obj
 0001:00007ba0       ?clear@?$Vector@UTAsset@bento@@@bento@@QEAAXXZ 0000000140008ba0 f i bento_sdk:asset_database.obj
 0001:00007c50       ?compare@?$basic_string@DU?$char_traits@D@std@@V?$allocator@D@2@@std@@QEBAHAEBV12@@Z 0000000140008c50 f i bento_sdk:asset_database.obj
 0001:00007cc0       ?create@other_error@detail@nlohmann@@SA?AV123@HAEBV?$basic_string@DU?$char_traits@D@std@@V?$allocator@D@2@@std@@@Z 0000000140008cc0 f i bento_sdk:asset_database.obj
 0001:00007ed0       ?create@type_error@detail@nlohmann@@SA?AV123@HAEBV?$basic_string@DU?$char_traits@D@std@@V?$allocator@D@2@@std@@@Z 0000000140008ed0 f i bento_sdk:asset_database.obj
 0001:000080e0       ?destroy@json_value@?$basic_json@Vmap@std@@Vvector@2@V?$basic_string@DU?$char_traits@D@std@@V?$allocator@D@2@@2@_N_J_KNVallocator@2@Uadl_serializer@nlohmann@@@nlohmann@@QEAAXW4value_t@detail@3@@Z 00000001400090e0 f i bento_sdk:asset_database.obj
 0001:000081b0       ?dump@?$basic_json@Vmap@std@@Vvector@2@V?$basic_string@DU?$char_traits@D@std@@V?$allocator@D@2@@2@_N_J_KNVallocator@2@Uadl_serializer@nlohmann@@@nlohmann@@QEBA?AV?$basic_string@DU?$char_traits@D@std@@V?$allocator@D@2@@std@@HD_N@Z 00000001400091b0 f i bento_sdk:asset_database.obj
 0001:00008430       ?dump@?$serializer@V?$basic_json@Vmap@std@@Vvector@2@V?$basic_string@DU?$char_traits@D@std@@V?$allocator@D@2@@2@_N_J_KNVallocator@2@Uadl_serializer@nlohmann@@@nlohmann@@@detail@nlohmann@@QEAAXAEBV?$basic_json@Vmap@std@@Vvector@2@V?$basic_string@DU?$char_traits@D@std@@V?$allocator@D@2@@2@_N_J_KNVallocator@2@Uadl_serializer@nlohmann@@@3@_N1II@Z 0000000140009430 f i bento_sdk:asset_database.obj
 0001:00008ca0       ?dump_escaped@?$serializer@V?$basic_json@Vmap@std@@Vvector@2@V?$basic_string@DU?$char_traits@D@std@@V?$allocator@D@2@@2@_N_J_KNVallocator@2@Uadl_serializer@nlohmann@@@nlohmann@@@detail@nlohmann@@AEAAXAEBV?$basic_string@DU?$char_traits@D@std@@V?$allocator@D@2@@std@@_N@Z 0000000140009ca0 f i bento_sdk:asset_database.obj
 0001:000092d0       ?format_buffer@dtoa_impl@detail@nlohmann@@YAPEADPEADHHHH@Z 000000014000a2d0 f i bento_sdk:asset_database.obj
 0001:00009490       ?free@?$Vector@UTAsset@bento@@@bento@@QEAAXXZ 000000014000a490 f i bento_sdk:asset_database.obj
 0001:000094c0       ?grisu2@dtoa_impl@detail@nlohmann@@YAXPEADAEAH1Udiyfp@123@22@Z 000000014000a4c0 f i bento_sdk:asset_database.obj
 0001:00009710       ?grisu2_digit_gen@dtoa_impl@detail@nlohmann@@YAXPEADAEAH1Udiyfp@123@22@Z 000000014000a710 f i bento_sdk:asset_database.obj
 0001:00009960       ?hex@std@@YAAEAVios_base@1@AEAV21@@Z 000000014000a960 f i bento_sdk:asset_database.obj
 0001:00009980       ?insert@?$basic_string@DU?$char_traits@D@std@@V?$allocator@D@2@@std@@QEAAAEAV12@_KQEBD0@Z 000000014000a980 f i bento_sdk:asset_database.obj
 0001:00009a90       ?insert_asset@TAssetDatabase@bento@@QEAAXPEBD0IAEAV?$Vector@D@2@@Z 000000014000aa90 f   bento_sdk:asset_database.obj
 0001:00009b60       ?name@exception@detail@nlohmann@@KA?AV?$basic_string@DU?$char_traits@D@std@@V?$allocator@D@2@@std@@AEBV45@H@Z 000000014000ab60 f i bento_sdk:asset_database.obj
 0001:00009ee0       ?overflow@?$basic_stringbuf@DU?$char_traits@D@std@@V?$allocator@D@2@@std@@MEAAHH@Z 000000014000aee0 f i bento_sdk:asset_database.obj
 0001:0000a160       ?pack_type@bento@@YAXAEAV?$Vector@D@1@AEBUTAsset@1@@Z 000000014000b160 f   bento_sdk:asset_database.obj
 0001:0000a1e0       ?pack_type@bento@@YAXAEAV?$Vector@D@1@AEBVTAssetDatabase@1@@Z 000000014000b1e0 f   bento_sdk:asset_database.obj
 0001:0000a2d0       ?pbackfail@?$basic_stringbuf@DU?$char_traits@D@std@@V?$allocator@D@2@@std@@MEAAHH@Z 000000014000b2d0 f i bento_sdk:asset_database.obj
 0001:0000a320       ?push_back@?$basic_string@DU?$char_traits@D@std@@V?$allocator@D@2@@std@@QEAAXD@Z 000000014000b320 f i bento_sdk:asset_database.obj
 0001:0000a480       ?request_asset@TAssetDatabase@bento@@QEBAPEBUTAsset@2@PEBD@Z 000000014000b480 f   bento_sdk:asset_database.obj
 0001:0000a4f0       ?request_asset@TAssetDatabase@bento@@QEBAPEBUTAsset@2@_K@Z 000000014000b4f0 f   bento_sdk:asset_database.obj
 0001:0000a520       ?reserve@?$Vector@UTAsset@bento@@@bento@@QEAAXI@Z 000000014000b520 f i bento_sdk:asset_database.obj
 0001:0000a590       ?resize@?$Vector@UTAsset@bento@@@bento@@QEAAXI@Z 000000014000b590 f i bento_sdk:asset_database.obj
 0001:0000a780       ?seekoff@?$basic_stringbuf@DU?$char_traits@D@std@@V?$allocator@D@2@@std@@MEAA?AV?$fpos@U_Mbstatet@@@2@_JHH@Z 000000014000b780 f i bento_sdk:asset_database.obj
 0001:0000a930       ?seekpos@?$basic_stringbuf@DU?$char_traits@D@std@@V?$allocator@D@2@@std@@MEAA?AV?$fpos@U_Mbstatet@@@2@V32@H@Z 000000014000b930 f i bento_sdk:asset_database.obj
 0001:0000aa40       ?str@?$basic_stringstream@DU?$char_traits@D@std@@V?$allocator@D@2@@std@@QEBA?AV?$basic_string@DU?$char_traits@D@std@@V?$allocator@D@2@@2@XZ 000000014000ba40 f i bento_sdk:asset_database.obj
 0001:0000ab30       ?to_string@bento@@YAXAEAVDynamicString@1@AEBVTAssetDatabase@1@@Z 000000014000bb30 f   bento_sdk:asset_database.obj
 0001:0000b2a0       ?to_string@std@@YA?AV?$basic_string@DU?$char_traits@D@std@@V?$allocator@D@2@@1@_K@Z 000000014000c2a0 f i bento_sdk:asset_database.obj
 0001:0000b340       ?type_name@?$basic_json@Vmap@std@@Vvector@2@V?$basic_string@DU?$char_traits@D@std@@V?$allocator@D@2@@2@_N_J_KNVallocator@2@Uadl_serializer@nlohmann@@@nlohmann@@QEBAPEBDXZ 000000014000c340 f i bento_sdk:asset_database.obj
 0001:0000b3c0       ?underflow@?$basic_stringbuf@DU?$char_traits@D@std@@V?$allocator@D@2@@std@@MEAAHXZ 000000014000c3c0 f i bento_sdk:asset_database.obj
 0001:0000b430       ?unpack_type@bento@@YAXAEAPEBDAEAUTAsset@1@@Z 000000014000c430 f   bento_sdk:asset_database.obj
 0001:0000b4c0       ?unpack_type@bento@@YA_NAEAPEBDAEAVTAssetDatabase@1@@Z 000000014000c4c0 f   bento_sdk:asset_database.obj
 0001:0000b5d0       ?uppercase@std@@YAAEAVios_base@1@AEAV21@@Z 000000014000c5d0 f i bento_sdk:asset_database.obj
 0001:0000b5e0       ?what@exception@detail@nlohmann@@UEBAPEBDXZ 000000014000c5e0 f i bento_sdk:asset_database.obj
 0001:0000b5f0       ?what@exception@stdext@@UEBAPEBDXZ 000000014000c5f0 f i bento_sdk:asset_database.obj
 0001:0000b610       ?write_character@?$output_string_adapter@DV?$basic_string@DU?$char_traits@D@std@@V?$allocator@D@2@@std@@@detail@nlohmann@@UEAAXD@Z 000000014000c610 f i bento_sdk:asset_database.obj
 0001:0000b620       ?write_characters@?$output_string_adapter@DV?$basic_string@DU?$char_traits@D@std@@V?$allocator@D@2@@std@@@detail@nlohmann@@UEAAXPEBD_K@Z 000000014000c620 f i bento_sdk:asset_database.obj
 0001:0000b630       __local_stdio_printf_options 000000014000c630 f i bento_sdk:asset_database.obj
 0001:0000b640       snprintf                   000000014000c640 f i bento_sdk:asset_database.obj
 0001:0000b6a0       ?default_logger@bento@@YAPEAVILogger@1@XZ 000000014000c6a0 f   bento_sdk:log.obj
 0001:0000b6b0       ?reset_logger@bento@@YAXXZ 000000014000c6b0 f   bento_sdk:log.obj
 0001:0000b6c0       ?set_default_logger@bento@@YAXPEAVILogger@1@@Z 000000014000c6c0 f   bento_sdk:log.obj
 0001:0000b6d0       ?add_extension@path@bento@@YA?AVDynamicString@2@PEBD0AEAVIAllocator@2@@Z 000000014000c6d0 f   bento_sdk:file_system.obj
 0001:0000b6f0       ?collect_files_with_extension@file_system@bento@@YAXPEBD0AEAV?$Vector@VDynamicString@bento@@@2@@Z 000000014000c6f0 f   bento_sdk:file_system.obj
 0001:0000bbd0       ?directory@path@bento@@YA?AVDynamicString@2@PEBDAEAVIAllocator@2@@Z 000000014000cbd0 f   bento_sdk:file_system.obj
 0001:0000bc40       ?extension@path@bento@@YA?AVDynamicString@2@PEBDAEAVIAllocator@2@@Z 000000014000cc40 f   bento_sdk:file_system.obj
 0001:0000bcd0       ?filename@path@bento@@YA?AVDynamicString@2@PEBDAEAVIAllocator@2@@Z 000000014000ccd0 f   bento_sdk:file_system.obj
 0001:0000bd80       ?internal_join@path@bento@@YA?AVDynamicString@2@PEBD0DAEAVIAllocator@2@@Z 000000014000cd80 f i bento_sdk:file_system.obj
 0001:0000be30       ?join@path@bento@@YA?AVDynamicString@2@PEBD0AEAVIAllocator@2@@Z 000000014000ce30 f   bento_sdk:file_system.obj
 0001:0000be50       ?path_is_file@file_system@bento@@YA_NPEBD@Z 000000014000ce50 f   bento_sdk:file_system.obj
 0001:0000bea0       ?push_back@?$Vector@D@bento@@QEAAXAEBD@Z 000000014000cea0 f i bento_sdk:file_system.obj
 0001:0000bef0       ?push_back@?$Vector@VDynamicString@bento@@@bento@@QEAAXAEBVDynamicString@2@@Z 000000014000cef0 f i bento_sdk:file_system.obj
 0001:0000bfb0       ?read_file@bento@@YA_NPEBDAEAV?$Vector@D@1@W4FileType@1@@Z 000000014000cfb0 f   bento_sdk:file_system.obj
 0001:0000c0c0       ?strip_extension@path@bento@@YA?AVDynamicString@2@PEBDAEAVIAllocator@2@@Z 000000014000d0c0 f   bento_sdk:file_system.obj
 0001:0000c130       ?write_file@bento@@YA_NPEBD0IW4FileType@1@@Z 000000014000d130 f   bento_sdk:file_system.obj
 0001:0000c490       ?__handle_fail@bento@@YAXPEBD0H@Z 000000014000d490 f   bento_sdk:security.obj
 0001:0000c4f0       ?print_trace@bento@@YAXXZ  000000014000d4f0 f   bento_sdk:security.obj
 0001:0000c500       ?pack_buffer@bento@@YAXAEAV?$Vector@D@1@IPEBD@Z 000000014000d500 f   bento_sdk:stream.obj
 0001:0000c5b0       ?unpack_buffer@bento@@YAXAEAPEBDIPEAD@Z 000000014000d5b0 f   bento_sdk:stream.obj
 0001:0000c5f0       ??0DiskSerializer@bento@@QEAA@AEAVIAllocator@1@PEBD@Z 000000014000d5f0 f   bento_sdk:disk_serializer.obj
 0001:0000c620       ?internal_read_buffer@DiskSerializer@bento@@AEAA_NAEAV?$Vector@D@2@PEBD1@Z 000000014000d620 f   bento_sdk:disk_serializer.obj
 0001:0000c710       ?internal_read_string@DiskSerializer@bento@@AEAA_NAEAVDynamicString@2@PEBD1@Z 000000014000d710 f   bento_sdk:disk_serializer.obj
 0001:0000c860       ?internal_write_buffer@DiskSerializer@bento@@AEAA_NAEBV?$Vector@D@2@PEBD1@Z 000000014000d860 f   bento_sdk:disk_serializer.obj
 0001:0000c950       ?internal_write_string@DiskSerializer@bento@@AEAA_NAEBVDynamicString@2@PEBD1@Z 000000014000d950 f   bento_sdk:disk_serializer.obj
 0001:0000ca60       ??0SystemAllocator@bento@@QEAA@XZ 000000014000da60 f   bento_sdk:system_allocator.obj
 0001:0000ca90       ??1SystemAllocator@bento@@UEAA@XZ 000000014000da90 f   bento_sdk:system_allocator.obj
 0001:0000caa0       ??_GSystemAllocator@bento@@UEAAPEAXI@Z 000000014000daa0 f i bento_sdk:system_allocator.obj
 0001:0000caa0       ??_ESystemAllocator@bento@@UEAAPEAXI@Z 000000014000daa0 f i bento_sdk:system_allocator.obj
 0001:0000cae0       ?allocate@SystemAllocator@bento@@UEAAPEAX_K0@Z 000000014000dae0 f   bento_sdk:system_allocator.obj
 0001:0000caf0       ?deallocate@SystemAllocator@bento@@UEAAXPEAX@Z 000000014000daf0 f   bento_sdk:system_allocator.obj
 0001:0000cb00       ?reallocate@SystemAllocator@bento@@UEAAPEAXPEAX_K11@Z 000000014000db00 f   bento_sdk:system_allocator.obj
 0001:0000cb80       ?murmur_hash@bento@@YAIPEBXII@Z 000000014000db80 f   bento_sdk:hash.obj
 0001:0000cc10       ?murmur_hash_64@bento@@YA_KPEBXII@Z 000000014000dc10 f   bento_sdk:hash.obj
 0001:0000cd30       ??0SystemLogger@bento@@QEAA@XZ 000000014000dd30 f   bento_sdk:system_logger.obj
 0001:0000cd40       ??1ILogger@bento@@UEAA@XZ  000000014000dd40 f i bento_sdk:system_logger.obj
 0001:0000cd50       ??1SystemLogger@bento@@UEAA@XZ 000000014000dd50 f   bento_sdk:system_logger.obj
 0001:0000cd60       ??_EILogger@bento@@UEAAPEAXI@Z 000000014000dd60 f i bento_sdk:system_logger.obj
 0001:0000cd60       ??_GILogger@bento@@UEAAPEAXI@Z 000000014000dd60 f i bento_sdk:system_logger.obj
 0001:0000cd90       ??_ESystemLogger@bento@@UEAAPEAXI@Z 000000014000dd90 f i bento_sdk:system_logger.obj
 0001:0000cd90       ??_GSystemLogger@bento@@UEAAPEAXI@Z 000000014000dd90 f i bento_sdk:system_logger.obj
 0001:0000cdc0       ?level_to_string@bento@@YAPEBDW4Type@LogLevel@1@@Z 000000014000ddc0 f   bento_sdk:system_logger.obj
 0001:0000ce00       ?log@SystemLogger@bento@@UEAAXW4Type@LogLevel@2@PEBD1@Z 000000014000de00 f   bento_sdk:system_logger.obj
 0001:0000ceb0       ??0IAllocator@bento@@QEAA@XZ 000000014000deb0 f   bento_sdk:allocator.obj
 0001:0000cec0       ??1IAllocator@bento@@UEAA@XZ 000000014000dec0 f   bento_sdk:allocator.obj
 0001:0000ced0       ??_EIAllocator@bento@@UEAAPEAXI@Z 000000014000ded0 f i bento_sdk:allocator.obj
 0001:0000ced0       ??_GIAllocator@bento@@UEAAPEAXI@Z 000000014000ded0 f i bento_sdk:allocator.obj
 0001:0000cefb       clGetPlatformIDs           000000014000defb f   OpenCL:OpenCL.dll
 0001:0000cf01       clGetDeviceIDs             000000014000df01 f   OpenCL:OpenCL.dll
 0001:0000cf07       clGetDeviceInfo            000000014000df07 f   OpenCL:OpenCL.dll
 0001:0000cf0d       clCreateContext            000000014000df0d f   OpenCL:OpenCL.dll
 0001:0000cf13       clReleaseContext           000000014000df13 f   OpenCL:OpenCL.dll
 0001:0000cf19       clCreateCommandQueueWithProperties 000000014000df19 f   OpenCL:OpenCL.dll
 0001:0000cf1f       clReleaseCommandQueue      000000014000df1f f   OpenCL:OpenCL.dll
 0001:0000cf25       clCreateBuffer             000000014000df25 f   OpenCL:OpenCL.dll
 0001:0000cf2b       clReleaseMemObject         000000014000df2b f   OpenCL:OpenCL.dll
 0001:0000cf31       clCreateProgramWithSource  000000014000df31 f   OpenCL:OpenCL.dll
 0001:0000cf37       clReleaseProgram           000000014000df37 f   OpenCL:OpenCL.dll
 0001:0000cf3d       clBuildProgram             000000014000df3d f   OpenCL:OpenCL.dll
 0001:0000cf43       clGetProgramBuildInfo      000000014000df43 f   OpenCL:OpenCL.dll
 0001:0000cf49       clCreateKernel             000000014000df49 f   OpenCL:OpenCL.dll
 0001:0000cf4f       clReleaseKernel            000000014000df4f f   OpenCL:OpenCL.dll
 0001:0000cf55       clSetKernelArg             000000014000df55 f   OpenCL:OpenCL.dll
 0001:0000cf5b       clFinish                   000000014000df5b f   OpenCL:OpenCL.dll
 0001:0000cf61       clEnqueueReadBuffer        000000014000df61 f   OpenCL:OpenCL.dll
 0001:0000cf67       clEnqueueWriteBuffer       000000014000df67 f   OpenCL:OpenCL.dll
 0001:0000cf6d       clEnqueueNDRangeKernel     000000014000df6d f   OpenCL:OpenCL.dll
 0001:0000cf73       ?_Xbad_alloc@std@@YAXXZ    000000014000df73 f   msvcprt:MSVCP140.dll
 0001:0000cf79       ?_Xlength_error@std@@YAXPEBD@Z 000000014000df79 f   msvcprt:MSVCP140.dll
 0001:0000cf7f       _Mbrtowc                   000000014000df7f f   msvcprt:MSVCP140.dll
 0001:0000cf85       ?_Getcvt@_Locinfo@std@@QEBA?AU_Cvtvec@@XZ 000000014000df85 f   msvcprt:MSVCP140.dll
 0001:0000cf8b       ?_W_Getdays@_Locinfo@std@@QEBAPEBGXZ 000000014000df8b f   msvcprt:MSVCP140.dll
 0001:0000cf91       ?_W_Getmonths@_Locinfo@std@@QEBAPEBGXZ 000000014000df91 f   msvcprt:MSVCP140.dll
 0001:0000cf97       ?sputc@?$basic_streambuf@DU?$char_traits@D@std@@@std@@QEAAHD@Z 000000014000df97 f   msvcprt:MSVCP140.dll
 0001:0000cf9d       ?sputn@?$basic_streambuf@DU?$char_traits@D@std@@@std@@QEAA_JPEBD_J@Z 000000014000df9d f   msvcprt:MSVCP140.dll
 0001:0000cfa3       ?setstate@?$basic_ios@DU?$char_traits@D@std@@@std@@QEAAXH_N@Z 000000014000dfa3 f   msvcprt:MSVCP140.dll
 0001:0000cfa9       ?_Osfx@?$basic_ostream@DU?$char_traits@D@std@@@std@@QEAAXXZ 000000014000dfa9 f   msvcprt:MSVCP140.dll
 0001:0000cfaf       ??6?$basic_ostream@DU?$char_traits@D@std@@@std@@QEAAAEAV01@M@Z 000000014000dfaf f   msvcprt:MSVCP140.dll
 0001:0000cfb5       ?flush@?$basic_ostream@DU?$char_traits@D@std@@@std@@QEAAAEAV12@XZ 000000014000dfb5 f   msvcprt:MSVCP140.dll
 0001:0000d050       __std_reverse_trivially_swappable_1 000000014000e050 f   msvcprt:vector_algorithms.obj
 0001:0000d12c       __std_reverse_trivially_swappable_2 000000014000e12c f   msvcprt:vector_algorithms.obj
 0001:0000d20c       __std_reverse_trivially_swappable_4 000000014000e20c f   msvcprt:vector_algorithms.obj
 0001:0000d2d0       __std_reverse_trivially_swappable_8 000000014000e2d0 f   msvcprt:vector_algorithms.obj
 0001:0000d38a       ?_Xout_of_range@std@@YAXPEBD@Z 000000014000e38a f   msvcprt:MSVCP140.dll
 0001:0000d390       ??0?$basic_streambuf@DU?$char_traits@D@std@@@std@@IEAA@XZ 000000014000e390 f   msvcprt:MSVCP140.dll
 0001:0000d396       ??1?$basic_streambuf@DU?$char_traits@D@std@@@std@@UEAA@XZ 000000014000e396 f   msvcprt:MSVCP140.dll
 0001:0000d39c       ??1?$basic_ios@DU?$char_traits@D@std@@@std@@UEAA@XZ 000000014000e39c f   msvcprt:MSVCP140.dll
 0001:0000d3a2       ??0?$basic_ios@DU?$char_traits@D@std@@@std@@IEAA@XZ 000000014000e3a2 f   msvcprt:MSVCP140.dll
 0001:0000d3a8       ??6?$basic_ostream@DU?$char_traits@D@std@@@std@@QEAAAEAV01@P6AAEAVios_base@1@AEAV21@@Z@Z 000000014000e3a8 f   msvcprt:MSVCP140.dll
 0001:0000d3ae       ??6?$basic_ostream@DU?$char_traits@D@std@@@std@@QEAAAEAV01@H@Z 000000014000e3ae f   msvcprt:MSVCP140.dll
 0001:0000d3b4       ??0?$basic_iostream@DU?$char_traits@D@std@@@std@@QEAA@PEAV?$basic_streambuf@DU?$char_traits@D@std@@@1@@Z 000000014000e3b4 f   msvcprt:MSVCP140.dll
 0001:0000d3ba       ??1?$basic_iostream@DU?$char_traits@D@std@@@std@@UEAA@XZ 000000014000e3ba f   msvcprt:MSVCP140.dll
 0001:0000d3c0       ?setw@std@@YA?AU?$_Smanip@_J@1@_J@Z 000000014000e3c0 f   msvcprt:MSVCP140.dll
 0001:0000d3c6       ?_Lock@?$basic_streambuf@DU?$char_traits@D@std@@@std@@UEAAXXZ 000000014000e3c6 f   msvcprt:MSVCP140.dll
 0001:0000d3cc       ?_Unlock@?$basic_streambuf@DU?$char_traits@D@std@@@std@@UEAAXXZ 000000014000e3cc f   msvcprt:MSVCP140.dll
 0001:0000d3d2       ?imbue@?$basic_streambuf@DU?$char_traits@D@std@@@std@@MEAAXAEBVlocale@2@@Z 000000014000e3d2 f   msvcprt:MSVCP140.dll
 0001:0000d3d8       ?setbuf@?$basic_streambuf@DU?$char_traits@D@std@@@std@@MEAAPEAV12@PEAD_J@Z 000000014000e3d8 f   msvcprt:MSVCP140.dll
 0001:0000d3de       ?showmanyc@?$basic_streambuf@DU?$char_traits@D@std@@@std@@MEAA_JXZ 000000014000e3de f   msvcprt:MSVCP140.dll
 0001:0000d3e4       ?sync@?$basic_streambuf@DU?$char_traits@D@std@@@std@@MEAAHXZ 000000014000e3e4 f   msvcprt:MSVCP140.dll
 0001:0000d3ea       ?uflow@?$basic_streambuf@DU?$char_traits@D@std@@@std@@MEAAHXZ 000000014000e3ea f   msvcprt:MSVCP140.dll
 0001:0000d3f0       ?xsgetn@?$basic_streambuf@DU?$char_traits@D@std@@@std@@MEAA_JPEAD_J@Z 000000014000e3f0 f   msvcprt:MSVCP140.dll
 0001:0000d3f6       ?xsputn@?$basic_streambuf@DU?$char_traits@D@std@@@std@@MEAA_JPEBD_J@Z 000000014000e3f6 f   msvcprt:MSVCP140.dll
 0001:0000d3fc       ??3@YAXPEAX_K@Z            000000014000e3fc f   MSVCRT:delete_scalar_size.obj
 0001:0000d404       __GSHandlerCheck_EH        000000014000e404 f   MSVCRT:gshandlereh.obj
 0001:0000d4a0       __security_check_cookie    000000014000e4a0 f   MSVCRT:_amdsecgs_.obj
 0001:0000d740       ?configure_argv@__scrt_narrow_argv_policy@@SAHXZ 000000014000e740 f i MSVCRT:exe_main.obj
 0001:0000d754       ?initialize_environment@__scrt_narrow_environment_policy@@SAHXZ 000000014000e754 f i MSVCRT:exe_main.obj
 0001:0000d794       ?set_app_type@__scrt_main_policy@@SAXXZ 000000014000e794 f i MSVCRT:exe_main.obj
 0001:0000d7a0       ?set_commode@__scrt_file_policy@@SAXXZ 000000014000e7a0 f i MSVCRT:exe_main.obj
 0001:0000d7bc       ?set_fmode@__scrt_file_policy@@SAXXZ 000000014000e7bc f i MSVCRT:exe_main.obj
 0001:0000d7d0       mainCRTStartup             000000014000e7d0 f   MSVCRT:exe_main.obj
 0001:0000d7e4       __GSHandlerCheck           000000014000e7e4 f   MSVCRT:_gshandler_.obj
 0001:0000d804       __GSHandlerCheckCommon     000000014000e804 f   MSVCRT:_gshandler_.obj
 0001:0000d860       ??2@YAPEAX_K@Z             000000014000e860 f   MSVCRT:new_scalar.obj
 0001:0000d8a0       __vdecl_sinf4              000000014000e8a0 f   MSVCRT:_svml_ssinf4_dispatch_.obj
 0001:0000d8b0       __libm_sse2_sincosf_       000000014000e8b0 f   MSVCRT:_svml_ssinf4_dispatch_.obj
 0001:0000d8f6       __libm_sse2_sincosf4_      000000014000e8f6 f   MSVCRT:_svml_ssinf4_dispatch_.obj
 0001:0000d908       ??$__crt_fast_decode_pointer@PEAP6AXXZ@@YAPEAP6AXXZQEAP6AXXZ@Z 000000014000e908 f i MSVCRT:utility.obj
 0001:0000d920       ??$__crt_fast_encode_pointer@PEAP6AXXZ@@YAPEAP6AXXZQEAP6AXXZ@Z 000000014000e920 f i MSVCRT:utility.obj
 0001:0000d940       ?__crt_rotate_pointer_value@@YA_K_KH@Z 000000014000e940 f i MSVCRT:utility.obj
 0001:0000d9c8       NtCurrentTeb               000000014000e9c8 f i MSVCRT:utility.obj
 0001:0000d9d4       __scrt_acquire_startup_lock 000000014000e9d4 f   MSVCRT:utility.obj
 0001:0000da10       __scrt_dllmain_after_initialize_c 000000014000ea10 f   MSVCRT:utility.obj
 0001:0000da44       __scrt_dllmain_before_initialize_c 000000014000ea44 f   MSVCRT:utility.obj
 0001:0000da5c       __scrt_dllmain_crt_thread_attach 000000014000ea5c f   MSVCRT:utility.obj
 0001:0000da84       __scrt_dllmain_crt_thread_detach 000000014000ea84 f   MSVCRT:utility.obj
 0001:0000da9c       __scrt_dllmain_exception_filter 000000014000ea9c f   MSVCRT:utility.obj
 0001:0000db00       __scrt_dllmain_uninitialize_c 000000014000eb00 f   MSVCRT:utility.obj
 0001:0000db30       __scrt_dllmain_uninitialize_critical 000000014000eb30 f   MSVCRT:utility.obj
 0001:0000db44       __scrt_initialize_crt      000000014000eb44 f   MSVCRT:utility.obj
 0001:0000db90       __scrt_initialize_onexit_tables 000000014000eb90 f   MSVCRT:utility.obj
 0001:0000dc70       __scrt_is_nonwritable_in_current_image 000000014000ec70 f   MSVCRT:utility.obj
 0001:0000dd0c       __scrt_release_startup_lock 000000014000ed0c f   MSVCRT:utility.obj
 0001:0000dd30       __scrt_uninitialize_crt    000000014000ed30 f   MSVCRT:utility.obj
 0001:0000dd5c       _onexit                    000000014000ed5c f   MSVCRT:utility.obj
 0001:0000ddac       at_quick_exit              000000014000edac f   MSVCRT:utility.obj
 0001:0000dde4       atexit                     000000014000ede4 f   MSVCRT:utility.obj
 0001:0000ddfc       ??_M@YAXPEAX_K1P6AX0@Z@Z   000000014000edfc f   MSVCRT:ehvecdtr.obj
 0001:0000de68       ??_M@YAXPEAX_KHP6AX0@Z@Z   000000014000ee68 f   MSVCRT:ehvecdtr.obj
 0001:0000de8c       ?__ArrayUnwind@@YAXPEAX_K1P6AX0@Z@Z 000000014000ee8c f   MSVCRT:ehvecdtr.obj
 0001:0000def0       ??1type_info@@UEAA@XZ      000000014000eef0 f   MSVCRT:std_type_info_static.obj
 0001:0000defc       ??_Gtype_info@@UEAAPEAXI@Z 000000014000eefc f i MSVCRT:std_type_info_static.obj
 0001:0000defc       ??_Etype_info@@UEAAPEAXI@Z 000000014000eefc f i MSVCRT:std_type_info_static.obj
 0001:0000df28       __isa_available_init       000000014000ef28 f   MSVCRT:_cpu_disp_.obj
 0001:0000e0e4       ??3@YAXPEAX@Z              000000014000f0e4 f   MSVCRT:delete_scalar.obj
 0001:0000e0ec       __raise_securityfailure    000000014000f0ec f   MSVCRT:gs_report.obj
 0001:0000e120       __report_gsfailure         000000014000f120 f   MSVCRT:gs_report.obj
 0001:0000e1f4       __report_rangecheckfailure 000000014000f1f4 f   MSVCRT:gs_report.obj
 0001:0000e208       __report_securityfailure   000000014000f208 f   MSVCRT:gs_report.obj
 0001:0000e2a4       __report_securityfailureEx 000000014000f2a4 f   MSVCRT:gs_report.obj
 0001:0000e504       __security_init_cookie     000000014000f504 f   MSVCRT:gs_support.obj
 0001:0000e5b4       _matherr                   000000014000f5b4 f   MSVCRT:matherr.obj
 0001:0000e5b8       _get_startup_argv_mode     000000014000f5b8 f   MSVCRT:argv_mode.obj
 0001:0000e5c0       _get_startup_commit_mode   000000014000f5c0 f   MSVCRT:commit_mode.obj
 0001:0000e5c4       _get_startup_file_mode     000000014000f5c4 f   MSVCRT:file_mode.obj
 0001:0000e5cc       _get_startup_new_mode      000000014000f5cc f   MSVCRT:new_mode.obj
 0001:0000e5d0       _get_startup_thread_locale_mode 000000014000f5d0 f   MSVCRT:thread_locale.obj
 0001:0000e5d4       ?__scrt_initialize_type_info@@YAXXZ 000000014000f5d4 f   MSVCRT:tncleanup.obj
 0001:0000e5e4       ?__scrt_uninitialize_type_info@@YAXXZ 000000014000f5e4 f   MSVCRT:tncleanup.obj
 0001:0000e5f0       _should_initialize_environment 000000014000f5f0 f   MSVCRT:env_mode.obj
 0001:0000e5f4       _initialize_invalid_parameter_handler 000000014000f5f4 f   MSVCRT:invalid_parameter_handler.obj
 0001:0000e5f8       _initialize_denormal_control 000000014000f5f8 f   MSVCRT:denormal_control.obj
 0001:0000e5fc       __local_stdio_scanf_options 000000014000f5fc f i MSVCRT:default_local_stdio_options.obj
 0001:0000e604       __scrt_initialize_default_local_stdio_options 000000014000f604 f   MSVCRT:default_local_stdio_options.obj
 0001:0000e620       __scrt_is_user_matherr_present 000000014000f620 f   MSVCRT:matherr_detection.obj
 0001:0000e62c       __scrt_get_dyn_tls_init_callback 000000014000f62c f   MSVCRT:dyn_tls_init.obj
 0001:0000e634       __scrt_get_dyn_tls_dtor_callback 000000014000f634 f   MSVCRT:dyn_tls_dtor.obj
 0001:0000e63c       __crt_debugger_hook        000000014000f63c f   MSVCRT:utility_desktop.obj
 0001:0000e644       __scrt_fastfail            000000014000f644 f   MSVCRT:utility_desktop.obj
 0001:0000e790       __scrt_get_show_window_mode 000000014000f790 f   MSVCRT:utility_desktop.obj
 0001:0000e7cc       __scrt_initialize_winrt    000000014000f7cc f   MSVCRT:utility_desktop.obj
 0001:0000e7d0       __scrt_is_managed_app      000000014000f7d0 f   MSVCRT:utility_desktop.obj
 0001:0000e824       __scrt_set_unhandled_exception_filter 000000014000f824 f   MSVCRT:utility_desktop.obj
 0001:0000e834       __scrt_unhandled_exception_filter 000000014000f834 f   MSVCRT:utility_desktop.obj
 0001:0000e86c       _RTC_Initialize            000000014000f86c f   MSVCRT:_initsect_.obj
 0001:0000e8b8       _RTC_Terminate             000000014000f8b8 f   MSVCRT:_initsect_.obj
 0001:0000e904       _guard_check_icall         000000014000f904 f i MSVCRT:checkcfg.obj
 0001:0000e90c       ??0bad_alloc@std@@AEAA@QEBD@Z 000000014000f90c f i MSVCRT:throw_bad_alloc.obj
 0001:0000e924       ??0bad_alloc@std@@QEAA@AEBV01@@Z 000000014000f924 f i MSVCRT:throw_bad_alloc.obj
 0001:0000e964       ??0bad_alloc@std@@QEAA@XZ  000000014000f964 f i MSVCRT:throw_bad_alloc.obj
 0001:0000e984       ??0bad_array_new_length@std@@QEAA@AEBV01@@Z 000000014000f984 f i MSVCRT:throw_bad_alloc.obj
 0001:0000e9c4       ??0bad_array_new_length@std@@QEAA@XZ 000000014000f9c4 f i MSVCRT:throw_bad_alloc.obj
 0001:0000e9e4       ??0exception@std@@QEAA@AEBV01@@Z 000000014000f9e4 f i MSVCRT:throw_bad_alloc.obj
 0001:0000ea1c       ??0exception@std@@QEAA@QEBDH@Z 000000014000fa1c f i MSVCRT:throw_bad_alloc.obj
 0001:0000ea34       ??1bad_alloc@std@@UEAA@XZ  000000014000fa34 f i MSVCRT:throw_bad_alloc.obj
 0001:0000ea48       ??1bad_array_new_length@std@@UEAA@XZ 000000014000fa48 f i MSVCRT:throw_bad_alloc.obj
 0001:0000ea5c       ??1exception@std@@UEAA@XZ  000000014000fa5c f i MSVCRT:throw_bad_alloc.obj
 0001:0000ea70       ??_Ebad_alloc@std@@UEAAPEAXI@Z 000000014000fa70 f i MSVCRT:throw_bad_alloc.obj
 0001:0000ea70       ??_Gbad_alloc@std@@UEAAPEAXI@Z 000000014000fa70 f i MSVCRT:throw_bad_alloc.obj
 0001:0000eab4       ??_Gbad_array_new_length@std@@UEAAPEAXI@Z 000000014000fab4 f i MSVCRT:throw_bad_alloc.obj
 0001:0000eab4       ??_Ebad_array_new_length@std@@UEAAPEAXI@Z 000000014000fab4 f i MSVCRT:throw_bad_alloc.obj
 0001:0000eaf8       ??_Eexception@std@@UEAAPEAXI@Z 000000014000faf8 f i MSVCRT:throw_bad_alloc.obj
 0001:0000eaf8       ??_Gexception@std@@UEAAPEAXI@Z 000000014000faf8 f i MSVCRT:throw_bad_alloc.obj
 0001:0000eb3c       ?__scrt_throw_std_bad_alloc@@YAXXZ 000000014000fb3c f   MSVCRT:throw_bad_alloc.obj
 0001:0000eb5c       ?__scrt_throw_std_bad_array_new_length@@YAXXZ 000000014000fb5c f   MSVCRT:throw_bad_alloc.obj
 0001:0000eb7c       ?what@exception@std@@UEBAPEBDXZ 000000014000fb7c f i MSVCRT:throw_bad_alloc.obj
 0001:0000eb90       __sse2_sinf4               000000014000fb90 f   MSVCRT:_svml_ssinf4_sse2_.obj
 0001:0000f450       __scrt_is_ucrt_dll_in_use  0000000140010450 f   MSVCRT:ucrt_detection.obj
 0001:0000f45c       _guard_check_icall_nop     000000014001045c f i MSVCRT:guard_support.obj
 0001:0000f460       ReadNoFence64              0000000140010460 f i MSVCRT:guard_support.obj
 0001:0000f464       ReadPointerNoFence         0000000140010464 f i MSVCRT:guard_support.obj
 0001:0000f468       __guard_ss_common_verify_stub 0000000140010468 f i MSVCRT:guard_support.obj
 0001:0000f46c       _guard_icall_checks_enforced 000000014001046c f i MSVCRT:guard_support.obj
 0001:0000f484       _guard_rf_checks_enforced  0000000140010484 f i MSVCRT:guard_support.obj
 0001:0000f4a0       __std_terminate            00000001400104a0 f   vcruntime:VCRUNTIME140.dll
 0001:0000f4a6       __CxxFrameHandler3         00000001400104a6 f   vcruntime:VCRUNTIME140.dll
 0001:0000f4ac       memcpy                     00000001400104ac f   vcruntime:VCRUNTIME140.dll
 0001:0000f4b2       memset                     00000001400104b2 f   vcruntime:VCRUNTIME140.dll
 0001:0000f4b8       _purecall                  00000001400104b8 f   vcruntime:VCRUNTIME140.dll
 0001:0000f4be       memmove                    00000001400104be f   vcruntime:VCRUNTIME140.dll
 0001:0000f4c4       _CxxThrowException         00000001400104c4 f   vcruntime:VCRUNTIME140.dll
 0001:0000f4ca       memcmp                     00000001400104ca f   vcruntime:VCRUNTIME140.dll
 0001:0000f4d0       __C_specific_handler       00000001400104d0 f   vcruntime:VCRUNTIME140.dll
 0001:0000f4d6       __std_type_info_destroy_list 00000001400104d6 f   vcruntime:VCRUNTIME140.dll
 0001:0000f4dc       __std_exception_copy       00000001400104dc f   vcruntime:VCRUNTIME140.dll
 0001:0000f4e2       __std_exception_destroy    00000001400104e2 f   vcruntime:VCRUNTIME140.dll
 0001:0000f4e8       tanf                       00000001400104e8 f   ucrt:api-ms-win-crt-math-l1-1-0.dll
 0001:0000f4ee       _invalid_parameter_noinfo_noreturn 00000001400104ee f   ucrt:api-ms-win-crt-runtime-l1-1-0.dll
 0001:0000f4f4       calloc                     00000001400104f4 f   ucrt:api-ms-win-crt-heap-l1-1-0.dll
 0001:0000f4fa       cosf                       00000001400104fa f   ucrt:api-ms-win-crt-math-l1-1-0.dll
 0001:0000f500       sinf                       0000000140010500 f   ucrt:api-ms-win-crt-math-l1-1-0.dll
 0001:0000f506       tolower                    0000000140010506 f   ucrt:api-ms-win-crt-string-l1-1-0.dll
 0001:0000f50c       _invoke_watson             000000014001050c f   ucrt:api-ms-win-crt-runtime-l1-1-0.dll
 0001:0000f512       _dsign                     0000000140010512 f   ucrt:api-ms-win-crt-math-l1-1-0.dll
 0001:0000f518       _dtest                     0000000140010518 f   ucrt:api-ms-win-crt-math-l1-1-0.dll
 0001:0000f51e       __stdio_common_vsprintf    000000014001051e f   ucrt:api-ms-win-crt-stdio-l1-1-0.dll
 0001:0000f524       localeconv                 0000000140010524 f   ucrt:api-ms-win-crt-locale-l1-1-0.dll
 0001:0000f52a       _set_errno                 000000014001052a f   ucrt:api-ms-win-crt-runtime-l1-1-0.dll
 0001:0000f530       free                       0000000140010530 f   ucrt:api-ms-win-crt-heap-l1-1-0.dll
 0001:0000f536       malloc                     0000000140010536 f   ucrt:api-ms-win-crt-heap-l1-1-0.dll
 0001:0000f53c       mbstowcs_s                 000000014001053c f   ucrt:api-ms-win-crt-convert-l1-1-0.dll
 0001:0000f542       wcstombs_s                 0000000140010542 f   ucrt:api-ms-win-crt-convert-l1-1-0.dll
 0001:0000f548       fclose                     0000000140010548 f   ucrt:api-ms-win-crt-stdio-l1-1-0.dll
 0001:0000f54e       fopen                      000000014001054e f   ucrt:api-ms-win-crt-stdio-l1-1-0.dll
 0001:0000f554       fread                      0000000140010554 f   ucrt:api-ms-win-crt-stdio-l1-1-0.dll
 0001:0000f55a       fseek                      000000014001055a f   ucrt:api-ms-win-crt-stdio-l1-1-0.dll
 0001:0000f560       ftell                      0000000140010560 f   ucrt:api-ms-win-crt-stdio-l1-1-0.dll
 0001:0000f566       fwrite                     0000000140010566 f   ucrt:api-ms-win-crt-stdio-l1-1-0.dll
 0001:0000f56c       _stat64i32                 000000014001056c f   ucrt:api-ms-win-crt-filesystem-l1-1-0.dll
 0001:0000f572       _aligned_free              0000000140010572 f   ucrt:api-ms-win-crt-heap-l1-1-0.dll
 0001:0000f578       _aligned_malloc            0000000140010578 f   ucrt:api-ms-win-crt-heap-l1-1-0.dll
 0001:0000f57e       _seh_filter_exe            000000014001057e f   ucrt:api-ms-win-crt-runtime-l1-1-0.dll
 0001:0000f584       _set_app_type              0000000140010584 f   ucrt:api-ms-win-crt-runtime-l1-1-0.dll
 0001:0000f58a       __setusermatherr           000000014001058a f   ucrt:api-ms-win-crt-math-l1-1-0.dll
 0001:0000f590       _configure_narrow_argv     0000000140010590 f   ucrt:api-ms-win-crt-runtime-l1-1-0.dll
 0001:0000f596       _initialize_narrow_environment 0000000140010596 f   ucrt:api-ms-win-crt-runtime-l1-1-0.dll
 0001:0000f59c       _get_initial_narrow_environment 000000014001059c f   ucrt:api-ms-win-crt-runtime-l1-1-0.dll
 0001:0000f5a2       _initterm                  00000001400105a2 f   ucrt:api-ms-win-crt-runtime-l1-1-0.dll
[...]
 0004:00000cc0       $pdata$1$?pack_buffer@bento@@YAXAEAV?$Vector@D@1@IPEBD@Z 000000014001acc0     bento_sdk:stream.obj
 0004:00000ccc       $pdata$2$?pack_buffer@bento@@YAXAEAV?$Vector@D@1@IPEBD@Z 000000014001accc     bento_sdk:stream.obj
 0004:00000cd8       $pdata$3$?pack_buffer@bento@@YAXAEAV?$Vector@D@1@IPEBD@Z 000000014001acd8     bento_sdk:stream.obj
 0004:00000ce4       $pdata$4$?pack_buffer@bento@@YAXAEAV?$Vector@D@1@IPEBD@Z 000000014001ace4     bento_sdk:stream.obj
 0004:00000cf0       $pdata$?unpack_buffer@bento@@YAXAEAPEBDIPEAD@Z 000000014001acf0     bento_sdk:stream.obj
 0004:00000cfc       $pdata$0$?unpack_buffer@bento@@YAXAEAPEBDIPEAD@Z 000000014001acfc     bento_sdk:stream.obj
 0004:00000d08       $pdata$1$?unpack_buffer@bento@@YAXAEAPEBDIPEAD@Z 000000014001ad08     bento_sdk:stream.obj
 0004:00000d14       $pdata$??0DiskSerializer@bento@@QEAA@AEAVIAllocator@1@PEBD@Z 000000014001ad14     bento_sdk:disk_serializer.obj
 0004:00000d20       $pdata$?internal_read_buffer@DiskSerializer@bento@@AEAA_NAEAV?$Vector@D@2@PEBD1@Z 000000014001ad20     bento_sdk:disk_serializer.obj
 0004:00000d2c       $pdata$?internal_read_string@DiskSerializer@bento@@AEAA_NAEAVDynamicString@2@PEBD1@Z 000000014001ad2c     bento_sdk:disk_serializer.obj
 0004:00000d38       $pdata$?internal_write_buffer@DiskSerializer@bento@@AEAA_NAEBV?$Vector@D@2@PEBD1@Z 000000014001ad38     bento_sdk:disk_serializer.obj
 0004:00000d44       $pdata$?internal_write_string@DiskSerializer@bento@@AEAA_NAEBVDynamicString@2@PEBD1@Z 000000014001ad44     bento_sdk:disk_serializer.obj
 0004:00000d50       $pdata$??0SystemAllocator@bento@@QEAA@XZ 000000014001ad50     bento_sdk:system_allocator.obj
 0004:00000d5c       $pdata$??_GSystemAllocator@bento@@UEAAPEAXI@Z 000000014001ad5c     bento_sdk:system_allocator.obj
 0004:00000d68       $pdata$?reallocate@SystemAllocator@bento@@UEAAPEAXPEAX_K11@Z 000000014001ad68     bento_sdk:system_allocator.obj
 0004:00000d74       $pdata$?murmur_hash_64@bento@@YA_KPEBXII@Z 000000014001ad74     bento_sdk:hash.obj
 0004:00000d80       $pdata$??_GILogger@bento@@UEAAPEAXI@Z 000000014001ad80     bento_sdk:system_logger.obj
 0004:00000d8c       $pdata$??_GSystemLogger@bento@@UEAAPEAXI@Z 000000014001ad8c     bento_sdk:system_logger.obj
 0004:00000d98       $pdata$?log@SystemLogger@bento@@UEAAXW4Type@LogLevel@2@PEBD1@Z 000000014001ad98     bento_sdk:system_logger.obj
 0004:00000da4       $pdata$??_GIAllocator@bento@@UEAAPEAXI@Z 000000014001ada4     bento_sdk:allocator.obj
 0004:00000db0       $pdata$__GSHandlerCheck_EH 000000014001adb0     MSVCRT:gshandlereh.obj
 0004:00000dc8       $pdata$?pre_c_initialization@@YAHXZ 000000014001adc8     MSVCRT:exe_main.obj
 0004:00000dd4       $pdata$?post_pgo_initialization@@YAHXZ 000000014001add4     MSVCRT:exe_main.obj
 0004:00000de0       $pdata$?pre_cpp_initialization@@YAXXZ 000000014001ade0     MSVCRT:exe_main.obj
 0004:00000dec       $pdata$?__scrt_common_main@@YAHXZ 000000014001adec     MSVCRT:exe_main.obj
 0004:00000df8       $pdata$?__scrt_common_main_seh@@YAHXZ 000000014001adf8     MSVCRT:exe_main.obj
 0004:00000e04       $pdata$?configure_argv@__scrt_narrow_argv_policy@@SAHXZ 000000014001ae04     MSVCRT:exe_main.obj
 0004:00000e10       $pdata$?invoke_main@@YAHXZ 000000014001ae10     MSVCRT:exe_main.obj
 0004:00000e1c       $pdata$?set_commode@__scrt_file_policy@@SAXXZ 000000014001ae1c     MSVCRT:exe_main.obj
 0004:00000e28       $pdata$?set_fmode@__scrt_file_policy@@SAXXZ 000000014001ae28     MSVCRT:exe_main.obj
 0004:00000e34       $pdata$mainCRTStartup      000000014001ae34     MSVCRT:exe_main.obj
 0004:00000e40       $pdata$__GSHandlerCheck    000000014001ae40     MSVCRT:_gshandler_.obj
 0004:00000e4c       $pdata$__GSHandlerCheckCommon 000000014001ae4c     MSVCRT:_gshandler_.obj
 0004:00000e58       $pdata$??2@YAPEAX_K@Z      000000014001ae58     MSVCRT:new_scalar.obj
 0004:00000e64       $pdata$__scrt_acquire_startup_lock 000000014001ae64     MSVCRT:utility.obj
 0004:00000e70       $pdata$__scrt_dllmain_after_initialize_c 000000014001ae70     MSVCRT:utility.obj
 0004:00000e7c       $pdata$__scrt_dllmain_before_initialize_c 000000014001ae7c     MSVCRT:utility.obj
 0004:00000e88       $pdata$__scrt_dllmain_crt_thread_attach 000000014001ae88     MSVCRT:utility.obj
 0004:00000e94       $pdata$__scrt_dllmain_crt_thread_detach 000000014001ae94     MSVCRT:utility.obj
 0004:00000ea0       $pdata$__scrt_dllmain_exception_filter 000000014001aea0     MSVCRT:utility.obj
 0004:00000eac       $pdata$__scrt_dllmain_uninitialize_c 000000014001aeac     MSVCRT:utility.obj
 0004:00000eb8       $pdata$__scrt_dllmain_uninitialize_critical 000000014001aeb8     MSVCRT:utility.obj
 0004:00000ec4       $pdata$__scrt_initialize_crt 000000014001aec4     MSVCRT:utility.obj
 0004:00000ed0       $pdata$__scrt_initialize_onexit_tables 000000014001aed0     MSVCRT:utility.obj
 0004:00000edc       $pdata$__scrt_is_nonwritable_in_current_image 000000014001aedc     MSVCRT:utility.obj
 0004:00000ee8       $pdata$__scrt_release_startup_lock 000000014001aee8     MSVCRT:utility.obj
 0004:00000ef4       $pdata$__scrt_uninitialize_crt 000000014001aef4     MSVCRT:utility.obj
 0004:00000f00       $pdata$_onexit             000000014001af00     MSVCRT:utility.obj
 0004:00000f0c       $pdata$atexit              000000014001af0c     MSVCRT:utility.obj
 0004:00000f18       $pdata$??_M@YAXPEAX_K1P6AX0@Z@Z 000000014001af18     MSVCRT:ehvecdtr.obj
 0004:00000f24       $pdata$?ArrayUnwindFilter@@YAHPEAU_EXCEPTION_POINTERS@@@Z 000000014001af24     MSVCRT:ehvecdtr.obj
 0004:00000f30       $pdata$?__ArrayUnwind@@YAXPEAX_K1P6AX0@Z@Z 000000014001af30     MSVCRT:ehvecdtr.obj
 0004:00000f3c       $pdata$??_Gtype_info@@UEAAPEAXI@Z 000000014001af3c     MSVCRT:std_type_info_static.obj
 0004:00000f48       $pdata$__isa_available_init 000000014001af48     MSVCRT:_cpu_disp_.obj
 0004:00000f54       $pdata$__raise_securityfailure 000000014001af54     MSVCRT:gs_report.obj
 0004:00000f60       $pdata$__report_gsfailure  000000014001af60     MSVCRT:gs_report.obj
 0004:00000f6c       $pdata$__report_rangecheckfailure 000000014001af6c     MSVCRT:gs_report.obj
 0004:00000f78       $pdata$__report_securityfailure 000000014001af78     MSVCRT:gs_report.obj
 0004:00000f84       $pdata$__report_securityfailureEx 000000014001af84     MSVCRT:gs_report.obj
 0004:00000f90       $pdata$capture_current_context 000000014001af90     MSVCRT:gs_report.obj
 0004:00000f9c       $pdata$capture_previous_context 000000014001af9c     MSVCRT:gs_report.obj
 0004:00000fa8       $pdata$__get_entropy       000000014001afa8     MSVCRT:gs_support.obj
 0004:00000fb4       $pdata$__security_init_cookie 000000014001afb4     MSVCRT:gs_support.obj
 0004:00000fc0       $pdata$__scrt_initialize_default_local_stdio_options 000000014001afc0     MSVCRT:default_local_stdio_options.obj
 0004:00000fcc       $pdata$__scrt_fastfail     000000014001afcc     MSVCRT:utility_desktop.obj
 0004:00000fd8       $pdata$__scrt_get_show_window_mode 000000014001afd8     MSVCRT:utility_desktop.obj
 0004:00000fe4       $pdata$__scrt_is_managed_app 000000014001afe4     MSVCRT:utility_desktop.obj
 0004:00000ff0       $pdata$__scrt_unhandled_exception_filter 000000014001aff0     MSVCRT:utility_desktop.obj
 0004:00000ffc       $pdata$_RTC_Initialize     000000014001affc     MSVCRT:_initsect_.obj
 0004:00001008       $pdata$_RTC_Terminate      000000014001b008     MSVCRT:_initsect_.obj
 0004:00001014       $pdata$??0bad_alloc@std@@QEAA@AEBV01@@Z 000000014001b014     MSVCRT:throw_bad_alloc.obj
 0004:00001020       $pdata$??0bad_array_new_length@std@@QEAA@AEBV01@@Z 000000014001b020     MSVCRT:throw_bad_alloc.obj
 0004:0000102c       $pdata$??0exception@std@@QEAA@AEBV01@@Z 000000014001b02c     MSVCRT:throw_bad_alloc.obj
 0004:00001038       $pdata$??_Gbad_alloc@std@@UEAAPEAXI@Z 000000014001b038     MSVCRT:throw_bad_alloc.obj
 0004:00001044       $pdata$??_Gbad_array_new_length@std@@UEAAPEAXI@Z 000000014001b044     MSVCRT:throw_bad_alloc.obj
 0004:00001050       $pdata$??_Gexception@std@@UEAAPEAXI@Z 000000014001b050     MSVCRT:throw_bad_alloc.obj
 0004:0000105c       $pdata$?__scrt_throw_std_bad_alloc@@YAXXZ 000000014001b05c     MSVCRT:throw_bad_alloc.obj
 0004:00001068       $pdata$?__scrt_throw_std_bad_array_new_length@@YAXXZ 000000014001b068     MSVCRT:throw_bad_alloc.obj
 0004:000010bc       $pdata$?dtor$6@?0??resize@?$Vector@VDynamicString@bento@@@bento@@QEAAXI@Z@4HA 000000014001b0bc     testRayGeneration.obj
 0004:000010c8       $pdata$?dtor$8@?0??resize@?$Vector@VDynamicString@bento@@@bento@@QEAAXI@Z@4HA 000000014001b0c8     testRayGeneration.obj
 0004:000010d4       $pdata$?dtor$0@?0???$?HDU?$char_traits@D@std@@V?$allocator@D@1@@std@@YA?AV?$basic_string@DU?$char_traits@D@std@@V?$allocator@D@2@@0@QEBDAEBV10@@Z@4HA 000000014001b0d4     bento_sdk:asset_database.obj
 0004:000010e0       $pdata$?dtor$30@?0???$_Copy_nodes@U_Copy_tag@?$_Tree@V?$_Tmap_traits@V?$basic_string@DU?$char_traits@D@std@@V?$allocator@D@2@@std@@V?$basic_json@Vmap@std@@Vvector@2@V?$basic_string@DU?$char_traits@D@std@@V?$allocator@D@2@@2@_N_J_KNVallocator@2@Uadl_serializer@nlohmann@@@nlohmann@@U?$less@V?$basic_string@DU?$char_traits@D@std@@V?$allocator@D@2@@std@@@2@V?$allocator@U?$pair@$$CBV?$basic_string@DU?$char_traits@D@std@@V?$allocator@D@2@@std@@V?$basic_json@Vmap@std@@Vvector@2@V?$basic_string@DU?$char_traits@D@std@@V?$allocator@D@2@@2@_N_J_KNVallocator@2@Uadl_serializer@nlohmann@@@nlohmann@@@std@@@2@$0A@@std@@@std@@@?$_Tree@V?$_Tmap_traits@V?$basic_string@DU?$char_traits@D@std@@V?$allocator@D@2@@std@@V?$basic_json@Vmap@std@@Vvector@2@V?$basic_string@DU?$char_traits@D@std@@V?$allocator@D@2@@2@_N_J_KNVallocator@2@Uadl_serializer@nlohmann@@@nlohmann@@U?$less@V?$basic_string@DU?$char_traits@D@std@@V?$allocator@D@2@@std@@@2@V?$allocator@U?$pair@$$CBV?$basic_string@DU?$char_traits@D@std@@V?$allocator@D@2@@std@@V?$basic_json@Vmap@std@@Vvector@2@V?$basic_string@DU?$char_traits@D@std@@V?$allocator@D@2@@2@_N_J_KNVallocator@2@Uadl_serializer@nlohmann@@@nlohmann@@@std@@@2@$0A@@std@@@std@@IEAAPEAU?$_Tree_node@U?$pair@$$CBV?$basic_string@DU?$char_traits@D@std@@V?$allocator@D@2@@std@@V?$basic_json@Vmap@std@@Vvector@2@V?$basic_string@DU?$char_traits@D@std@@V?$allocator@D@2@@2@_N_J_KNVallocator@2@Uadl_serializer@nlohmann@@@nlohmann@@@std@@PEAX@1@PEAU21@0U_Copy_tag@01@@Z@4HA 000000014001b0e0     bento_sdk:asset_database.obj
 0004:000010ec       $pdata$?dtor$9@?0???$create@V?$map@V?$basic_string@DU?$char_traits@D@std@@V?$allocator@D@2@@std@@V?$basic_json@Vmap@std@@Vvector@2@V?$basic_string@DU?$char_traits@D@std@@V?$allocator@D@2@@2@_N_J_KNVallocator@2@Uadl_serializer@nlohmann@@@nlohmann@@U?$less@V?$basic_string@DU?$char_traits@D@std@@V?$allocator@D@2@@std@@@2@V?$allocator@U?$pair@$$CBV?$basic_string@DU?$char_traits@D@std@@V?$allocator@D@2@@std@@V?$basic_json@Vmap@std@@Vvector@2@V?$basic_string@DU?$char_traits@D@std@@V?$allocator@D@2@@2@_N_J_KNVallocator@2@Uadl_serializer@nlohmann@@@nlohmann@@@std@@@2@@std@@$$V@?$basic_json@Vmap@std@@Vvector@2@V?$basic_string@DU?$char_traits@D@std@@V?$allocator@D@2@@2@_N_J_KNVallocator@2@Uadl_serializer@nlohmann@@@nlohmann@@CAPEAV?$map@V?$basic_string@DU?$char_traits@D@std@@V?$allocator@D@2@@std@@V?$basic_json@Vmap@std@@Vvector@2@V?$basic_string@DU?$char_traits@D@std@@V?$allocator@D@2@@2@_N_J_KNVallocator@2@Uadl_serializer@nlohmann@@@nlohmann@@U?$less@V?$basic_string@DU?$char_traits@D@std@@V?$allocator@D@2@@std@@@2@V?$allocator@U?$pair@$$CBV?$basic_string@DU?$char_traits@D@std@@V?$allocator@D@2@@std@@V?$basic_json@Vmap@std@@Vvector@2@V?$basic_string@DU?$char_traits@D@std@@V?$allocator@D@2@@2@_N_J_KNVallocator@2@Uadl_serializer@nlohmann@@@nlohmann@@@std@@@2@@std@@XZ@4HA 000000014001b0ec     bento_sdk:asset_database.obj
 0004:000010f8       $pdata$?dtor$11@?0???0?$basic_json@Vmap@std@@Vvector@2@V?$basic_string@DU?$char_traits@D@std@@V?$allocator@D@2@@2@_N_J_KNVallocator@2@Uadl_serializer@nlohmann@@@nlohmann@@QEAA@AEBV01@@Z@4HA 000000014001b0f8     bento_sdk:asset_database.obj
 0004:00001104       $pdata$?dtor$231@?0???0?$basic_json@Vmap@std@@Vvector@2@V?$basic_string@DU?$char_traits@D@std@@V?$allocator@D@2@@2@_N_J_KNVallocator@2@Uadl_serializer@nlohmann@@@nlohmann@@QEAA@AEBV01@@Z@4HA 000000014001b104     bento_sdk:asset_database.obj
 0004:00001110       $pdata$?dtor$256@?0???0?$basic_json@Vmap@std@@Vvector@2@V?$basic_string@DU?$char_traits@D@std@@V?$allocator@D@2@@2@_N_J_KNVallocator@2@Uadl_serializer@nlohmann@@@nlohmann@@QEAA@AEBV01@@Z@4HA 000000014001b110     bento_sdk:asset_database.obj
 0004:0000111c       $pdata$?dtor$289@?0???0?$basic_json@Vmap@std@@Vvector@2@V?$basic_string@DU?$char_traits@D@std@@V?$allocator@D@2@@2@_N_J_KNVallocator@2@Uadl_serializer@nlohmann@@@nlohmann@@QEAA@AEBV01@@Z@4HA 000000014001b11c     bento_sdk:asset_database.obj
 0004:00001128       $pdata$?dtor$99@?0???0?$basic_json@Vmap@std@@Vvector@2@V?$basic_string@DU?$char_traits@D@std@@V?$allocator@D@2@@2@_N_J_KNVallocator@2@Uadl_serializer@nlohmann@@@nlohmann@@QEAA@V?$initializer_list@V?$json_ref@V?$basic_json@Vmap@std@@Vvector@2@V?$basic_string@DU?$char_traits@D@std@@V?$allocator@D@2@@2@_N_J_KNVallocator@2@Uadl_serializer@nlohmann@@@nlohmann@@@detail@nlohmann@@@std@@_NW4value_t@detail@1@@Z@4HA 000000014001b128     bento_sdk:asset_database.obj
 0004:00001134       $pdata$?dtor$143@?0???0?$basic_json@Vmap@std@@Vvector@2@V?$basic_string@DU?$char_traits@D@std@@V?$allocator@D@2@@2@_N_J_KNVallocator@2@Uadl_serializer@nlohmann@@@nlohmann@@QEAA@V?$initializer_list@V?$json_ref@V?$basic_json@Vmap@std@@Vvector@2@V?$basic_string@DU?$char_traits@D@std@@V?$allocator@D@2@@2@_N_J_KNVallocator@2@Uadl_serializer@nlohmann@@@nlohmann@@@detail@nlohmann@@@std@@_NW4value_t@detail@1@@Z@4HA 000000014001b134     bento_sdk:asset_database.obj
 0004:00001140       $pdata$?dtor$37@?0???0json_value@?$basic_json@Vmap@std@@Vvector@2@V?$basic_string@DU?$char_traits@D@std@@V?$allocator@D@2@@2@_N_J_KNVallocator@2@Uadl_serializer@nlohmann@@@nlohmann@@QEAA@W4value_t@detail@2@@Z@4HA 000000014001b140     bento_sdk:asset_database.obj
 0004:0000114c       $pdata$?dtor$73@?0???A?$basic_json@Vmap@std@@Vvector@2@V?$basic_string@DU?$char_traits@D@std@@V?$allocator@D@2@@2@_N_J_KNVallocator@2@Uadl_serializer@nlohmann@@@nlohmann@@QEAAAEAV01@AEBV?$basic_string@DU?$char_traits@D@std@@V?$allocator@D@2@@std@@@Z@4HA 000000014001b14c     bento_sdk:asset_database.obj
 0004:00001158       $pdata$?dtor$0@?0??dump@?$basic_json@Vmap@std@@Vvector@2@V?$basic_string@DU?$char_traits@D@std@@V?$allocator@D@2@@2@_N_J_KNVallocator@2@Uadl_serializer@nlohmann@@@nlohmann@@QEBA?AV?$basic_string@DU?$char_traits@D@std@@V?$allocator@D@2@@std@@HD_N@Z@4HA 000000014001b158     bento_sdk:asset_database.obj
 0004:00001164       $pdata$?dtor$23@?0??dump_escaped@?$serializer@V?$basic_json@Vmap@std@@Vvector@2@V?$basic_string@DU?$char_traits@D@std@@V?$allocator@D@2@@2@_N_J_KNVallocator@2@Uadl_serializer@nlohmann@@@nlohmann@@@detail@nlohmann@@AEAAXAEBV?$basic_string@DU?$char_traits@D@std@@V?$allocator@D@2@@std@@_N@Z@4HA 000000014001b164     bento_sdk:asset_database.obj
 0004:00001170       $pdata$?dtor$106@?0??dump_escaped@?$serializer@V?$basic_json@Vmap@std@@Vvector@2@V?$basic_string@DU?$char_traits@D@std@@V?$allocator@D@2@@2@_N_J_KNVallocator@2@Uadl_serializer@nlohmann@@@nlohmann@@@detail@nlohmann@@AEAAXAEBV?$basic_string@DU?$char_traits@D@std@@V?$allocator@D@2@@std@@_N@Z@4HA 000000014001b170     bento_sdk:asset_database.obj
 0004:0000117c       $pdata$?dtor$12@?0??resize@?$Vector@UTAsset@bento@@@bento@@QEAAXI@Z@4HA 000000014001b17c     bento_sdk:asset_database.obj
 0004:00001188       $pdata$?dtor$17@?0??resize@?$Vector@UTAsset@bento@@@bento@@QEAAXI@Z@4HA 000000014001b188     bento_sdk:asset_database.obj
 0004:00001194       $pdata$?dtor$3@?0??to_string@bento@@YAXAEAVDynamicString@1@AEBVTAssetDatabase@1@@Z@4HA 000000014001b194     bento_sdk:asset_database.obj
 0004:000011a0       $pdata$?dtor$7@?0??to_string@bento@@YAXAEAVDynamicString@1@AEBVTAssetDatabase@1@@Z@4HA 000000014001b1a0     bento_sdk:asset_database.obj
 0004:000011ac       $pdata$?dtor$12@?0??to_string@bento@@YAXAEAVDynamicString@1@AEBVTAssetDatabase@1@@Z@4HA 000000014001b1ac     bento_sdk:asset_database.obj
 0004:000011b8       $pdata$?dtor$16@?0??to_string@bento@@YAXAEAVDynamicString@1@AEBVTAssetDatabase@1@@Z@4HA 000000014001b1b8     bento_sdk:asset_database.obj
 0004:000011c4       $pdata$?dtor$18@?0??to_string@bento@@YAXAEAVDynamicString@1@AEBVTAssetDatabase@1@@Z@4HA 000000014001b1c4     bento_sdk:asset_database.obj
 0004:000011d0       $pdata$?dtor$17@?0??collect_files_with_extension@file_system@bento@@YAXPEBD0AEAV?$Vector@VDynamicString@bento@@@2@@Z@4HA 000000014001b1d0     bento_sdk:file_system.obj
 0004:000011dc       $pdata$?dtor$1@?0??push_back@?$Vector@VDynamicString@bento@@@bento@@QEAAXAEBVDynamicString@2@@Z@4HA 000000014001b1dc     bento_sdk:file_system.obj
 0004:000011e8       $pdata$?filt$0@?0??__scrt_common_main_seh@@YAHXZ@4HA 000000014001b1e8     MSVCRT:exe_main.obj
 0004:000011f4       $pdata$__scrt_is_nonwritable_in_current_image$filt$0 000000014001b1f4     MSVCRT:utility.obj
 0004:00001200       $pdata$?fin$0@?0???_M@YAXPEAX_K1P6AX0@Z@Z@4HA 000000014001b200     MSVCRT:ehvecdtr.obj
 0004:0000120c       $pdata$?filt$0@?0??__ArrayUnwind@@YAXPEAX_K1P6AX0@Z@Z@4HA 000000014001b20c     MSVCRT:ehvecdtr.obj
 0005:00000000       __spec_table               000000014001c000     MSVCRT:_svml_ssinf4_sse2_.obj
 0005:00000560       MMSA7                      000000014001c560     MSVCRT:_svml_ssinf4_sse2_.obj
 0005:00000570       MMSA3                      000000014001c570     MSVCRT:_svml_ssinf4_sse2_.obj
 0005:00000580       MMSA5                      000000014001c580     MSVCRT:_svml_ssinf4_sse2_.obj
 0005:00000590       MMSA9                      000000014001c590     MSVCRT:_svml_ssinf4_sse2_.obj
 0005:000005a0       MMSPI3                     000000014001c5a0     MSVCRT:_svml_ssinf4_sse2_.obj
 0005:000005b0       MMSPI4                     000000014001c5b0     MSVCRT:_svml_ssinf4_sse2_.obj
 0005:000005c0       MMSPI2                     000000014001c5c0     MSVCRT:_svml_ssinf4_sse2_.obj
 0005:000005d0       MMSPI1                     000000014001c5d0     MSVCRT:_svml_ssinf4_sse2_.obj
 0005:000005e0       MMIHUGE                    000000014001c5e0     MSVCRT:_svml_ssinf4_sse2_.obj
 0005:000005f0       MMSINVPI                   000000014001c5f0     MSVCRT:_svml_ssinf4_sse2_.obj
 0005:00000600       MMIABSMASK                 000000014001c600     MSVCRT:_svml_ssinf4_sse2_.obj
 0005:00000610       dbSignMask                 000000014001c610     MSVCRT:_svml_ssinf4_sse2_.obj
 0005:00000620       PI02C_4                    000000014001c620     MSVCRT:_svml_ssinf4_sse2_.obj
 0005:00000630       PI02C_3                    000000014001c630     MSVCRT:_svml_ssinf4_sse2_.obj
 0005:00000640       PI02C_2                    000000014001c640     MSVCRT:_svml_ssinf4_sse2_.obj
 0005:00000650       PI02C_1                    000000014001c650     MSVCRT:_svml_ssinf4_sse2_.obj
 0005:00000660       PI02C_0                    000000014001c660     MSVCRT:_svml_ssinf4_sse2_.obj
 0005:00000670       dbRS                       000000014001c670     MSVCRT:_svml_ssinf4_sse2_.obj
 0005:00000680       MSK_LOW_BIT                000000014001c680     MSVCRT:_svml_ssinf4_sse2_.obj
 0005:00000690       dbiOne                     000000014001c690     MSVCRT:_svml_ssinf4_sse2_.obj
 0005:000006a0       dbInvPio2                  000000014001c6a0     MSVCRT:_svml_ssinf4_sse2_.obj
 0005:000006b0       flAllOnes                  000000014001c6b0     MSVCRT:_svml_ssinf4_sse2_.obj
 0005:000006c0       flTwoPow30                 000000014001c6c0     MSVCRT:_svml_ssinf4_sse2_.obj
 0005:000006d0       MMISIGNMASK                000000014001c6d0     MSVCRT:_svml_ssinf4_sse2_.obj
 0006:00000060       $R000000                   000000014001d060     * linker generated manifest res *
