 testCompiler

 Timestamp is 5bd76284 (Mon Oct 29 20:41:56 2018)

 Preferred load address is 0000000140000000

 Start         Length     Name                   Class
 0001:00000000 00000040H .text$di                CODE
 0001:00000040 0000c200H .text$mn                CODE
 0001:0000c240 000000e0H .text$mn$00             CODE
 0001:0000c320 000009a0H .text$x                 CODE
 0001:0000ccc0 0000001cH .text$yd                CODE
 0002:00000000 000003e0H .idata$5                DATA
 0002:000003e0 00000020H .00cfg                  DATA
 0002:00000400 00000008H .CRT$XCA                DATA
 0002:00000408 00000008H .CRT$XCAA               DATA
 0002:00000410 00000010H .CRT$XCU                DATA
 0002:00000420 00000008H .CRT$XCZ                DATA
 0002:00000428 00000008H .CRT$XIA                DATA
 0002:00000430 00000008H .CRT$XIAA               DATA
 0002:00000438 00000008H .CRT$XIAC               DATA
 0002:00000440 00000008H .CRT$XIZ                DATA
 0002:00000448 00000008H .CRT$XPA                DATA
 0002:00000450 00000008H .CRT$XPZ                DATA
 0002:00000458 00000008H .CRT$XTA                DATA
 0002:00000460 00000020H .CRT$XTZ                DATA
 0002:00000468 00000000H .gfids$y                DATA
 0002:00000480 00001670H .rdata                  DATA
 0002:00001af0 000001f4H .rdata$r                DATA
 0002:00001ce4 00000354H .rdata$zzzdbg           DATA
 0002:00002038 00000008H .rtc$IAA                DATA
 0002:00002040 00000008H .rtc$IZZ                DATA
 0002:00002048 00000008H .rtc$TAA                DATA
 0002:00002050 00000010H .rtc$TZZ                DATA
 0002:00002060 00002628H .xdata                  DATA
 0002:00004688 0000020cH .xdata$x                DATA
 0002:00004894 00000000H .edata                  DATA
 0002:00004894 000000dcH .idata$2                DATA
 0002:00004970 00000018H .idata$3                DATA
 0002:00004988 000003e0H .idata$4                DATA
 0002:00004d68 00000e3aH .idata$6                DATA
 0003:00000000 00000058H .data                   DATA
 0003:00000058 00000168H .data$r                 DATA
 0003:000001c0 00000600H .bss                    DATA
 0004:00000000 00001038H .pdata                  DATA
 0005:00000000 00000060H .rsrc$01                DATA
 0005:00000060 00000180H .rsrc$02                DATA

  Address         Publics by Value              Rva+Base               Lib:Object

 0000:00000000       __hybrid_auxiliary_iat     0000000000000000     <absolute>
 0000:00000000       __hybrid_code_map_count    0000000000000000     <absolute>
 0000:00000000       __dynamic_value_reloc_table 0000000000000000     <absolute>
 0000:00000000       __guard_longjmp_table      0000000000000000     <absolute>
 0000:00000000       __guard_iat_count          0000000000000000     <absolute>
 0000:00000000       __guard_fids_count         0000000000000000     <absolute>
 0000:00000000       __guard_longjmp_count      0000000000000000     <absolute>
 0000:00000000       __enclave_config           0000000000000000     <absolute>
 0000:00000000       __guard_fids_table         0000000000000000     <absolute>
 0000:00000000       __guard_iat_table          0000000000000000     <absolute>
 0000:00000000       __hybrid_code_map          0000000000000000     <absolute>
 0000:00000000       ___safe_se_handler_table   0000000000000000     <absolute>
 0000:00000000       ___safe_se_handler_count   0000000000000000     <absolute>
 0000:00000100       __guard_flags              0000000000000100     <absolute>
 0000:00000000       __ImageBase                0000000140000000     <linker-defined>
 0001:00000040       ??0?$Vector@VDynamicString@bento@@@bento@@QEAA@AEAVIAllocator@1@@Z 0000000140001040 f i testCompiler.obj
 0001:00000060       ??1?$Vector@D@bento@@QEAA@XZ 0000000140001060 f i testCompiler.obj
 0001:000000a0       ??1?$Vector@VDynamicString@bento@@@bento@@QEAA@XZ 00000001400010a0 f i testCompiler.obj
 0001:000000e0       ??1DynamicString@bento@@QEAA@XZ 00000001400010e0 f i testCompiler.obj
 0001:00000120       ??1TCompilerOptions@noiseless@@QEAA@XZ 0000000140001120 f i testCompiler.obj
 0001:00000180       ??3@YAXPEAX0@Z             0000000140001180 f i testCompiler.obj
 0001:00000190       ?clear@?$Vector@D@bento@@QEAAXXZ 0000000140001190 f i testCompiler.obj
 0001:000001a0       ?clear@?$Vector@VDynamicString@bento@@@bento@@QEAAXXZ 00000001400011a0 f i testCompiler.obj
 0001:00000220       ?free@?$Vector@D@bento@@QEAAXXZ 0000000140001220 f i testCompiler.obj
 0001:00000250       ?free@?$Vector@VDynamicString@bento@@@bento@@QEAAXXZ 0000000140001250 f i testCompiler.obj
 0001:00000280       ?reserve@?$Vector@VDynamicString@bento@@@bento@@QEAAXI@Z 0000000140001280 f i testCompiler.obj
 0001:000002f0       ?resize@?$Vector@VDynamicString@bento@@@bento@@QEAAXI@Z 00000001400012f0 f i testCompiler.obj
 0001:00000440       main                       0000000140001440 f   testCompiler.obj
 0001:00000610       ?build_from_args@asset_compiler@noiseless@@YAXAEAUTCompilerOptions@2@AEBV?$Vector@VDynamicString@bento@@@bento@@@Z 0000000140001610 f   noiseless_sdk:compiler_options.obj
 0001:00000730       ??0?$Vector@D@bento@@QEAA@AEAVIAllocator@1@@Z 0000000140001730 f i noiseless_sdk:compiler.obj
 0001:00000750       ??1TKernelSource@noiseless@@QEAA@XZ 0000000140001750 f i noiseless_sdk:compiler.obj
 0001:00000790       ?compile@asset_compiler@noiseless@@YA_NAEBUTCompilerOptions@2@AEAVTAssetDatabase@bento@@@Z 0000000140001790 f   noiseless_sdk:compiler.obj
 0001:00000990       ?write@asset_compiler@noiseless@@YAXAEBUTCompilerOptions@2@AEBVTAssetDatabase@bento@@@Z 0000000140001990 f   noiseless_sdk:compiler.obj
 0001:00000a40       ??$pack_bytes@I@bento@@YAXAEAV?$Vector@D@0@AEBI@Z 0000000140001a40 f i noiseless_sdk:kernel_source.obj
 0001:00000a50       ??$pack_vector_bytes@D@bento@@YAXAEAV?$Vector@D@0@AEBV10@@Z 0000000140001a50 f i noiseless_sdk:kernel_source.obj
 0001:00000aa0       ??$unpack_bytes@I@bento@@YAXAEAPEBDAEAI@Z 0000000140001aa0 f i noiseless_sdk:kernel_source.obj
 0001:00000ab0       ??$unpack_vector_bytes@D@bento@@YAXAEAPEBDAEAV?$Vector@D@0@@Z 0000000140001ab0 f i noiseless_sdk:kernel_source.obj
 0001:00000b70       ?pack_type@bento@@YAXAEAV?$Vector@D@1@AEBUTKernelSource@noiseless@@@Z 0000000140001b70 f   noiseless_sdk:kernel_source.obj
 0001:00000bd0       ?reserve@?$Vector@D@bento@@QEAAXI@Z 0000000140001bd0 f i noiseless_sdk:kernel_source.obj
 0001:00000c40       ?resize@?$Vector@D@bento@@QEAAXI@Z 0000000140001c40 f i noiseless_sdk:kernel_source.obj
 0001:00000ce0       ?unpack_type@bento@@YA_NAEAPEBDAEAUTKernelSource@noiseless@@@Z 0000000140001ce0 f   noiseless_sdk:kernel_source.obj
 0001:00000dc0       ?read_shader_source@noiseless@@YA_NPEBDAEAUTKernelSource@1@@Z 0000000140001dc0 f   noiseless_sdk:kernel_source_helpers.obj
 0001:00000dd0       ??$_Getvals@_W@?$time_get@DV?$istreambuf_iterator@DU?$char_traits@D@std@@@std@@@std@@IEAAX_WAEBV_Locinfo@1@@Z 0000000140001dd0 f i noiseless_sdk:asset_database_helpers.obj
 0001:00000ea0       ??$_Getvals@_W@?$time_get@_WV?$istreambuf_iterator@_WU?$char_traits@_W@std@@@std@@@std@@IEAAX_WAEBV_Locinfo@1@@Z 0000000140001ea0 f i noiseless_sdk:asset_database_helpers.obj
 0001:00000f70       ??1DiskSerializer@bento@@QEAA@XZ 0000000140001f70 f i noiseless_sdk:asset_database_helpers.obj
 0001:00000fb0       ?_Maklocwcs@std@@YAPEA_WPEB_W@Z 0000000140001fb0 f i noiseless_sdk:asset_database_helpers.obj
 0001:00001020       ?read_database@noiseless@@YA_NPEBDAEAVTAssetDatabase@bento@@@Z 0000000140002020 f   noiseless_sdk:asset_database_helpers.obj
 0001:00001190       ?write_database@noiseless@@YA_NPEBDAEBVTAssetDatabase@bento@@@Z 0000000140002190 f   noiseless_sdk:asset_database_helpers.obj
 0001:000012e0       ?write_database_debug@noiseless@@YA_NPEBDAEBVTAssetDatabase@bento@@@Z 00000001400022e0 f   noiseless_sdk:asset_database_helpers.obj
 0001:00001420       ?common_allocator@bento@@YAPEAVIAllocator@1@XZ 0000000140002420 f   bento_sdk:common.obj
 0001:00001430       ??0DynamicString@bento@@QEAA@AEAVIAllocator@1@@Z 0000000140002430 f   bento_sdk:dynamic_string.obj
 0001:000014d0       ??0DynamicString@bento@@QEAA@AEAVIAllocator@1@I@Z 00000001400024d0 f   bento_sdk:dynamic_string.obj
 0001:00001520       ??0DynamicString@bento@@QEAA@AEAVIAllocator@1@PEBD@Z 0000000140002520 f   bento_sdk:dynamic_string.obj
 0001:000015a0       ??0DynamicString@bento@@QEAA@AEBV01@@Z 00000001400025a0 f   bento_sdk:dynamic_string.obj
 0001:00001620       ??4DynamicString@bento@@QEAAAEAV01@AEBV01@@Z 0000000140002620 f   bento_sdk:dynamic_string.obj
 0001:00001680       ??4DynamicString@bento@@QEAAAEAV01@PEBD@Z 0000000140002680 f   bento_sdk:dynamic_string.obj
 0001:000016e0       ??8DynamicString@bento@@QEBA_NPEBD@Z 00000001400026e0 f   bento_sdk:dynamic_string.obj
 0001:00001710       ??9DynamicString@bento@@QEBA_NPEBD@Z 0000000140002710 f   bento_sdk:dynamic_string.obj
 0001:00001740       ??YDynamicString@bento@@QEAAAEAV01@AEBV01@@Z 0000000140002740 f   bento_sdk:dynamic_string.obj
 0001:000017b0       ??YDynamicString@bento@@QEAAAEAV01@PEBD@Z 00000001400027b0 f   bento_sdk:dynamic_string.obj
 0001:00001810       ?find_last_of@bento@@YAIPEBDD@Z 0000000140002810 f   bento_sdk:dynamic_string.obj
 0001:00001850       ?pack_type@bento@@YAXAEAV?$Vector@D@1@AEBVDynamicString@1@@Z 0000000140002850 f   bento_sdk:dynamic_string.obj
 0001:000018a0       ?resize@DynamicString@bento@@QEAAXI@Z 00000001400028a0 f   bento_sdk:dynamic_string.obj
 0001:00001950       ?size@DynamicString@bento@@QEBAIXZ 0000000140002950 f   bento_sdk:dynamic_string.obj
 0001:00001960       ?strlen32@bento@@YAIPEBD@Z 0000000140002960 f   bento_sdk:dynamic_string.obj
 0001:00001970       ?substr@string@bento@@YA?AVDynamicString@2@AEBV32@II@Z 0000000140002970 f   bento_sdk:dynamic_string.obj
 0001:00001a10       ?to_lower_case@string@bento@@YAXAEAVDynamicString@2@@Z 0000000140002a10 f   bento_sdk:dynamic_string.obj
 0001:00001a60       ?unpack_type@bento@@YAXAEAPEBDAEAVDynamicString@1@@Z 0000000140002a60 f   bento_sdk:dynamic_string.obj
 0001:00001ab0       ??$?6DU?$char_traits@D@std@@D@std@@YAAEAV?$basic_ostream@DU?$char_traits@D@std@@@0@AEAV10@AEBU?$_Fillobj@D@0@@Z 0000000140002ab0 f i bento_sdk:asset_database.obj
 0001:00001ad0       ??$?6DU?$char_traits@D@std@@_J@std@@YAAEAV?$basic_ostream@DU?$char_traits@D@std@@@0@AEAV10@AEBU?$_Smanip@_J@0@@Z 0000000140002ad0 f i bento_sdk:asset_database.obj
 0001:00001b10       ??$?HDU?$char_traits@D@std@@V?$allocator@D@1@@std@@YA?AV?$basic_string@DU?$char_traits@D@std@@V?$allocator@D@2@@0@$$QEAV10@0@Z 0000000140002b10 f i bento_sdk:asset_database.obj
 0001:00001ba0       ??$?HDU?$char_traits@D@std@@V?$allocator@D@1@@std@@YA?AV?$basic_string@DU?$char_traits@D@std@@V?$allocator@D@2@@0@$$QEAV10@QEBD@Z 0000000140002ba0 f i bento_sdk:asset_database.obj
 0001:00001c00       ??$?HDU?$char_traits@D@std@@V?$allocator@D@1@@std@@YA?AV?$basic_string@DU?$char_traits@D@std@@V?$allocator@D@2@@0@QEBD$$QEAV10@@Z 0000000140002c00 f i bento_sdk:asset_database.obj
 0001:00001c60       ??$?HDU?$char_traits@D@std@@V?$allocator@D@1@@std@@YA?AV?$basic_string@DU?$char_traits@D@std@@V?$allocator@D@2@@0@QEBDAEBV10@@Z 0000000140002c60 f i bento_sdk:asset_database.obj
 0001:00001e50       ??$_Allocate@U?$_Default_allocate_traits@$00@std@@@std@@YAPEAX_K0_K@Z 0000000140002e50 f i bento_sdk:asset_database.obj
 0001:00001ed0       ??$_Copy_nodes@U_Copy_tag@?$_Tree@V?$_Tmap_traits@V?$basic_string@DU?$char_traits@D@std@@V?$allocator@D@2@@std@@V?$basic_json@Vmap@std@@Vvector@2@V?$basic_string@DU?$char_traits@D@std@@V?$allocator@D@2@@2@_N_J_KNVallocator@2@Uadl_serializer@nlohmann@@@nlohmann@@U?$less@V?$basic_string@DU?$char_traits@D@std@@V?$allocator@D@2@@std@@@2@V?$allocator@U?$pair@$$CBV?$basic_string@DU?$char_traits@D@std@@V?$allocator@D@2@@std@@V?$basic_json@Vmap@std@@Vvector@2@V?$basic_string@DU?$char_traits@D@std@@V?$allocator@D@2@@2@_N_J_KNVallocator@2@Uadl_serializer@nlohmann@@@nlohmann@@@std@@@2@$0A@@std@@@std@@@?$_Tree@V?$_Tmap_traits@V?$basic_string@DU?$char_traits@D@std@@V?$allocator@D@2@@std@@V?$basic_json@Vmap@std@@Vvector@2@V?$basic_string@DU?$char_traits@D@std@@V?$allocator@D@2@@2@_N_J_KNVallocator@2@Uadl_serializer@nlohmann@@@nlohmann@@U?$less@V?$basic_string@DU?$char_traits@D@std@@V?$allocator@D@2@@std@@@2@V?$allocator@U?$pair@$$CBV?$basic_string@DU?$char_traits@D@std@@V?$allocator@D@2@@std@@V?$basic_json@Vmap@std@@Vvector@2@V?$basic_string@DU?$char_traits@D@std@@V?$allocator@D@2@@2@_N_J_KNVallocator@2@Uadl_serializer@nlohmann@@@nlohmann@@@std@@@2@$0A@@std@@@std@@IEAAPEAU?$_Tree_node@U?$pair@$$CBV?$basic_string@DU?$char_traits@D@std@@V?$allocator@D@2@@std@@V?$basic_json@Vmap@std@@Vvector@2@V?$basic_string@DU?$char_traits@D@std@@V?$allocator@D@2@@2@_N_J_KNVallocator@2@Uadl_serializer@nlohmann@@@nlohmann@@@std@@PEAX@1@PEAU21@0U_Copy_tag@01@@Z 0000000140002ed0 f i bento_sdk:asset_database.obj
 0001:00001fd0       ??$_Enable_shared_from_this1@V?$output_string_adapter@DV?$basic_string@DU?$char_traits@D@std@@V?$allocator@D@2@@std@@@detail@nlohmann@@V123@@std@@YAXAEBV?$shared_ptr@V?$output_string_adapter@DV?$basic_string@DU?$char_traits@D@std@@V?$allocator@D@2@@std@@@detail@nlohmann@@@0@PEAV?$output_string_adapter@DV?$basic_string@DU?$char_traits@D@std@@V?$allocator@D@2@@std@@@detail@nlohmann@@U?$integral_constant@_N$0A@@0@@Z 0000000140002fd0 f i bento_sdk:asset_database.obj
 0001:00001fe0       ??$_Enable_shared_from_this@V?$output_string_adapter@DV?$basic_string@DU?$char_traits@D@std@@V?$allocator@D@2@@std@@@detail@nlohmann@@V123@@std@@YAXAEBV?$shared_ptr@V?$output_string_adapter@DV?$basic_string@DU?$char_traits@D@std@@V?$allocator@D@2@@std@@@detail@nlohmann@@@0@PEAV?$output_string_adapter@DV?$basic_string@DU?$char_traits@D@std@@V?$allocator@D@2@@std@@@detail@nlohmann@@@Z 0000000140002fe0 f i bento_sdk:asset_database.obj
 0001:00001ff0       ??$_Insert_at@AEAU?$pair@$$CBV?$basic_string@DU?$char_traits@D@std@@V?$allocator@D@2@@std@@V?$basic_json@Vmap@std@@Vvector@2@V?$basic_string@DU?$char_traits@D@std@@V?$allocator@D@2@@2@_N_J_KNVallocator@2@Uadl_serializer@nlohmann@@@nlohmann@@@std@@PEAU?$_Tree_node@U?$pair@$$CBV?$basic_string@DU?$char_traits@D@std@@V?$allocator@D@2@@std@@V?$basic_json@Vmap@std@@Vvector@2@V?$basic_string@DU?$char_traits@D@std@@V?$allocator@D@2@@2@_N_J_KNVallocator@2@Uadl_serializer@nlohmann@@@nlohmann@@@std@@PEAX@2@@?$_Tree@V?$_Tmap_traits@V?$basic_string@DU?$char_traits@D@std@@V?$allocator@D@2@@std@@V?$basic_json@Vmap@std@@Vvector@2@V?$basic_string@DU?$char_traits@D@std@@V?$allocator@D@2@@2@_N_J_KNVallocator@2@Uadl_serializer@nlohmann@@@nlohmann@@U?$less@V?$basic_string@DU?$char_traits@D@std@@V?$allocator@D@2@@std@@@2@V?$allocator@U?$pair@$$CBV?$basic_string@DU?$char_traits@D@std@@V?$allocator@D@2@@std@@V?$basic_json@Vmap@std@@Vvector@2@V?$basic_string@DU?$char_traits@D@std@@V?$allocator@D@2@@2@_N_J_KNVallocator@2@Uadl_serializer@nlohmann@@@nlohmann@@@std@@@2@$0A@@std@@@std@@IEAA?AV?$_Tree_iterator@V?$_Tree_val@U?$_Tree_simple_types@U?$pair@$$CBV?$basic_string@DU?$char_traits@D@std@@V?$allocator@D@2@@std@@V?$basic_json@Vmap@std@@Vvector@2@V?$basic_string@DU?$char_traits@D@std@@V?$allocator@D@2@@2@_N_J_KNVallocator@2@Uadl_serializer@nlohmann@@@nlohmann@@@std@@@std@@@std@@@1@_NPEAU?$_Tree_node@U?$pair@$$CBV?$basic_string@DU?$char_traits@D@std@@V?$allocator@D@2@@std@@V?$basic_json@Vmap@std@@Vvector@2@V?$basic_string@DU?$char_traits@D@std@@V?$allocator@D@2@@2@_N_J_KNVallocator@2@Uadl_serializer@nlohmann@@@nlohmann@@@std@@PEAX@1@AEAU?$pair@$$CBV?$basic_string@DU?$char_traits@D@std@@V?$allocator@D@2@@std@@V?$basic_json@Vmap@std@@Vvector@2@V?$basic_string@DU?$char_traits@D@std@@V?$allocator@D@2@@2@_N_J_KNVallocator@2@Uadl_serializer@nlohmann@@@nlohmann@@@1@1@Z 0000000140002ff0 f i bento_sdk:asset_database.obj
 0001:000022c0       ??$_Insert_hint@AEAU?$pair@$$CBV?$basic_string@DU?$char_traits@D@std@@V?$allocator@D@2@@std@@V?$basic_json@Vmap@std@@Vvector@2@V?$basic_string@DU?$char_traits@D@std@@V?$allocator@D@2@@2@_N_J_KNVallocator@2@Uadl_serializer@nlohmann@@@nlohmann@@@std@@PEAU?$_Tree_node@U?$pair@$$CBV?$basic_string@DU?$char_traits@D@std@@V?$allocator@D@2@@std@@V?$basic_json@Vmap@std@@Vvector@2@V?$basic_string@DU?$char_traits@D@std@@V?$allocator@D@2@@2@_N_J_KNVallocator@2@Uadl_serializer@nlohmann@@@nlohmann@@@std@@PEAX@2@@?$_Tree@V?$_Tmap_traits@V?$basic_string@DU?$char_traits@D@std@@V?$allocator@D@2@@std@@V?$basic_json@Vmap@std@@Vvector@2@V?$basic_string@DU?$char_traits@D@std@@V?$allocator@D@2@@2@_N_J_KNVallocator@2@Uadl_serializer@nlohmann@@@nlohmann@@U?$less@V?$basic_string@DU?$char_traits@D@std@@V?$allocator@D@2@@std@@@2@V?$allocator@U?$pair@$$CBV?$basic_string@DU?$char_traits@D@std@@V?$allocator@D@2@@std@@V?$basic_json@Vmap@std@@Vvector@2@V?$basic_string@DU?$char_traits@D@std@@V?$allocator@D@2@@2@_N_J_KNVallocator@2@Uadl_serializer@nlohmann@@@nlohmann@@@std@@@2@$0A@@std@@@std@@IEAA?AV?$_Tree_iterator@V?$_Tree_val@U?$_Tree_simple_types@U?$pair@$$CBV?$basic_string@DU?$char_traits@D@std@@V?$allocator@D@2@@std@@V?$basic_json@Vmap@std@@Vvector@2@V?$basic_string@DU?$char_traits@D@std@@V?$allocator@D@2@@2@_N_J_KNVallocator@2@Uadl_serializer@nlohmann@@@nlohmann@@@std@@@std@@@std@@@1@V?$_Tree_const_iterator@V?$_Tree_val@U?$_Tree_simple_types@U?$pair@$$CBV?$basic_string@DU?$char_traits@D@std@@V?$allocator@D@2@@std@@V?$basic_json@Vmap@std@@Vvector@2@V?$basic_string@DU?$char_traits@D@std@@V?$allocator@D@2@@2@_N_J_KNVallocator@2@Uadl_serializer@nlohmann@@@nlohmann@@@std@@@std@@@std@@@1@AEAU?$pair@$$CBV?$basic_string@DU?$char_traits@D@std@@V?$allocator@D@2@@std@@V?$basic_json@Vmap@std@@Vvector@2@V?$basic_string@DU?$char_traits@D@std@@V?$allocator@D@2@@2@_N_J_KNVallocator@2@Uadl_serializer@nlohmann@@@nlohmann@@@1@PEAU?$_Tree_node@U?$pair@$$CBV?$basic_string@DU?$char_traits@D@std@@V?$allocator@D@2@@std@@V?$basic_json@Vmap@std@@Vvector@2@V?$basic_string@DU?$char_traits@D@std@@V?$allocator@D@2@@2@_N_J_KNVallocator@2@Uadl_serializer@nlohmann@@@nlohmann@@@std@@PEAX@1@@Z 00000001400032c0 f i bento_sdk:asset_database.obj
 0001:00002570       ??$_Insert_nohint@AEAU?$pair@$$CBV?$basic_string@DU?$char_traits@D@std@@V?$allocator@D@2@@std@@V?$basic_json@Vmap@std@@Vvector@2@V?$basic_string@DU?$char_traits@D@std@@V?$allocator@D@2@@2@_N_J_KNVallocator@2@Uadl_serializer@nlohmann@@@nlohmann@@@std@@PEAU?$_Tree_node@U?$pair@$$CBV?$basic_string@DU?$char_traits@D@std@@V?$allocator@D@2@@std@@V?$basic_json@Vmap@std@@Vvector@2@V?$basic_string@DU?$char_traits@D@std@@V?$allocator@D@2@@2@_N_J_KNVallocator@2@Uadl_serializer@nlohmann@@@nlohmann@@@std@@PEAX@2@@?$_Tree@V?$_Tmap_traits@V?$basic_string@DU?$char_traits@D@std@@V?$allocator@D@2@@std@@V?$basic_json@Vmap@std@@Vvector@2@V?$basic_string@DU?$char_traits@D@std@@V?$allocator@D@2@@2@_N_J_KNVallocator@2@Uadl_serializer@nlohmann@@@nlohmann@@U?$less@V?$basic_string@DU?$char_traits@D@std@@V?$allocator@D@2@@std@@@2@V?$allocator@U?$pair@$$CBV?$basic_string@DU?$char_traits@D@std@@V?$allocator@D@2@@std@@V?$basic_json@Vmap@std@@Vvector@2@V?$basic_string@DU?$char_traits@D@std@@V?$allocator@D@2@@2@_N_J_KNVallocator@2@Uadl_serializer@nlohmann@@@nlohmann@@@std@@@2@$0A@@std@@@std@@IEAA?AU?$pair@V?$_Tree_iterator@V?$_Tree_val@U?$_Tree_simple_types@U?$pair@$$CBV?$basic_string@DU?$char_traits@D@std@@V?$allocator@D@2@@std@@V?$basic_json@Vmap@std@@Vvector@2@V?$basic_string@DU?$char_traits@D@std@@V?$allocator@D@2@@2@_N_J_KNVallocator@2@Uadl_serializer@nlohmann@@@nlohmann@@@std@@@std@@@std@@@std@@_N@1@_NAEAU?$pair@$$CBV?$basic_string@DU?$char_traits@D@std@@V?$allocator@D@2@@std@@V?$basic_json@Vmap@std@@Vvector@2@V?$basic_string@DU?$char_traits@D@std@@V?$allocator@D@2@@2@_N_J_KNVallocator@2@Uadl_serializer@nlohmann@@@nlohmann@@@1@PEAU?$_Tree_node@U?$pair@$$CBV?$basic_string@DU?$char_traits@D@std@@V?$allocator@D@2@@std@@V?$basic_json@Vmap@std@@Vvector@2@V?$basic_string@DU?$char_traits@D@std@@V?$allocator@D@2@@2@_N_J_KNVallocator@2@Uadl_serializer@nlohmann@@@nlohmann@@@std@@PEAX@1@@Z 0000000140003570 f i bento_sdk:asset_database.obj
 0001:00002880       ??$_UIntegral_to_buff@DI@std@@YAPEADPEADI@Z 0000000140003880 f i bento_sdk:asset_database.obj
 0001:000028c0       ??$_UIntegral_to_buff@D_K@std@@YAPEADPEAD_K@Z 00000001400038c0 f i bento_sdk:asset_database.obj
 0001:00002900       ??$__vcrt_va_start_verify_argument_type@QEBD@@YAXXZ 0000000140003900 f i bento_sdk:asset_database.obj
 0001:00002910       ??$compute_boundaries@N@dtoa_impl@detail@nlohmann@@YA?AUboundaries@012@N@Z 0000000140003910 f i bento_sdk:asset_database.obj
 0001:00002a60       ??$construct@V?$basic_json@Vmap@std@@Vvector@2@V?$basic_string@DU?$char_traits@D@std@@V?$allocator@D@2@@2@_N_J_KNVallocator@2@Uadl_serializer@nlohmann@@@nlohmann@@@?$external_constructor@$02@detail@nlohmann@@SAXAEAV?$basic_json@Vmap@std@@Vvector@2@V?$basic_string@DU?$char_traits@D@std@@V?$allocator@D@2@@2@_N_J_KNVallocator@2@Uadl_serializer@nlohmann@@@2@$$QEAV?$basic_string@DU?$char_traits@D@std@@V?$allocator@D@2@@std@@@Z 0000000140003a60 f i bento_sdk:asset_database.obj
 0001:00002ac0       ??$create@V?$map@V?$basic_string@DU?$char_traits@D@std@@V?$allocator@D@2@@std@@V?$basic_json@Vmap@std@@Vvector@2@V?$basic_string@DU?$char_traits@D@std@@V?$allocator@D@2@@2@_N_J_KNVallocator@2@Uadl_serializer@nlohmann@@@nlohmann@@U?$less@V?$basic_string@DU?$char_traits@D@std@@V?$allocator@D@2@@std@@@2@V?$allocator@U?$pair@$$CBV?$basic_string@DU?$char_traits@D@std@@V?$allocator@D@2@@std@@V?$basic_json@Vmap@std@@Vvector@2@V?$basic_string@DU?$char_traits@D@std@@V?$allocator@D@2@@2@_N_J_KNVallocator@2@Uadl_serializer@nlohmann@@@nlohmann@@@std@@@2@@std@@$$V@?$basic_json@Vmap@std@@Vvector@2@V?$basic_string@DU?$char_traits@D@std@@V?$allocator@D@2@@2@_N_J_KNVallocator@2@Uadl_serializer@nlohmann@@@nlohmann@@CAPEAV?$map@V?$basic_string@DU?$char_traits@D@std@@V?$allocator@D@2@@std@@V?$basic_json@Vmap@std@@Vvector@2@V?$basic_string@DU?$char_traits@D@std@@V?$allocator@D@2@@2@_N_J_KNVallocator@2@Uadl_serializer@nlohmann@@@nlohmann@@U?$less@V?$basic_string@DU?$char_traits@D@std@@V?$allocator@D@2@@std@@@2@V?$allocator@U?$pair@$$CBV?$basic_string@DU?$char_traits@D@std@@V?$allocator@D@2@@std@@V?$basic_json@Vmap@std@@Vvector@2@V?$basic_string@DU?$char_traits@D@std@@V?$allocator@D@2@@2@_N_J_KNVallocator@2@Uadl_serializer@nlohmann@@@nlohmann@@@std@@@2@@std@@XZ 0000000140003ac0 f i bento_sdk:asset_database.obj
 0001:00002b40       ??$emplace@V?$basic_string@DU?$char_traits@D@std@@V?$allocator@D@2@@std@@V?$basic_json@Vmap@std@@Vvector@2@V?$basic_string@DU?$char_traits@D@std@@V?$allocator@D@2@@2@_N_J_KNVallocator@2@Uadl_serializer@nlohmann@@@nlohmann@@@?$_Tree@V?$_Tmap_traits@V?$basic_string@DU?$char_traits@D@std@@V?$allocator@D@2@@std@@V?$basic_json@Vmap@std@@Vvector@2@V?$basic_string@DU?$char_traits@D@std@@V?$allocator@D@2@@2@_N_J_KNVallocator@2@Uadl_serializer@nlohmann@@@nlohmann@@U?$less@V?$basic_string@DU?$char_traits@D@std@@V?$allocator@D@2@@std@@@2@V?$allocator@U?$pair@$$CBV?$basic_string@DU?$char_traits@D@std@@V?$allocator@D@2@@std@@V?$basic_json@Vmap@std@@Vvector@2@V?$basic_string@DU?$char_traits@D@std@@V?$allocator@D@2@@2@_N_J_KNVallocator@2@Uadl_serializer@nlohmann@@@nlohmann@@@std@@@2@$0A@@std@@@std@@QEAA?AU?$pair@V?$_Tree_iterator@V?$_Tree_val@U?$_Tree_simple_types@U?$pair@$$CBV?$basic_string@DU?$char_traits@D@std@@V?$allocator@D@2@@std@@V?$basic_json@Vmap@std@@Vvector@2@V?$basic_string@DU?$char_traits@D@std@@V?$allocator@D@2@@2@_N_J_KNVallocator@2@Uadl_serializer@nlohmann@@@nlohmann@@@std@@@std@@@std@@@std@@_N@1@$$QEAV?$basic_string@DU?$char_traits@D@std@@V?$allocator@D@2@@1@$$QEAV?$basic_json@Vmap@std@@Vvector@2@V?$basic_string@DU?$char_traits@D@std@@V?$allocator@D@2@@2@_N_J_KNVallocator@2@Uadl_serializer@nlohmann@@@nlohmann@@@Z 0000000140003b40 f i bento_sdk:asset_database.obj
 0001:00002c10       ??$grisu2@N@dtoa_impl@detail@nlohmann@@YAXPEADAEAH1N@Z 0000000140003c10 f i bento_sdk:asset_database.obj
 0001:00002db0       ??$pack_bytes@_K@bento@@YAXAEAV?$Vector@D@0@AEB_K@Z 0000000140003db0 f i bento_sdk:asset_database.obj
 0001:00002dc0       ??$pack_vector_types@UTAsset@bento@@@bento@@YAXAEAV?$Vector@D@0@AEBV?$Vector@UTAsset@bento@@@0@@Z 0000000140003dc0 f i bento_sdk:asset_database.obj
 0001:00002ea0       ??$reinterpret_bits@_KN@dtoa_impl@detail@nlohmann@@YA_KN@Z 0000000140003ea0 f i bento_sdk:asset_database.obj
 0001:00002eb0       ??$setfill@D@std@@YA?AU?$_Fillobj@D@0@D@Z 0000000140003eb0 f i bento_sdk:asset_database.obj
 0001:00002ec0       ??$to_chars@N@detail@nlohmann@@YAPEADPEAD0N@Z 0000000140003ec0 f i bento_sdk:asset_database.obj
 0001:000030b0       ??$to_json@V?$basic_json@Vmap@std@@Vvector@2@V?$basic_string@DU?$char_traits@D@std@@V?$allocator@D@2@@2@_N_J_KNVallocator@2@Uadl_serializer@nlohmann@@@nlohmann@@$$BY04D$0A@@detail@nlohmann@@YAXAEAV?$basic_json@Vmap@std@@Vvector@2@V?$basic_string@DU?$char_traits@D@std@@V?$allocator@D@2@@2@_N_J_KNVallocator@2@Uadl_serializer@nlohmann@@@1@AEAY04$$CBD@Z 00000001400040b0 f i bento_sdk:asset_database.obj
 0001:00003150       ??$to_json@V?$basic_json@Vmap@std@@Vvector@2@V?$basic_string@DU?$char_traits@D@std@@V?$allocator@D@2@@2@_N_J_KNVallocator@2@Uadl_serializer@nlohmann@@@nlohmann@@@detail@nlohmann@@YAXAEAV?$basic_json@Vmap@std@@Vvector@2@V?$basic_string@DU?$char_traits@D@std@@V?$allocator@D@2@@2@_N_J_KNVallocator@2@Uadl_serializer@nlohmann@@@1@$$QEAV?$basic_string@DU?$char_traits@D@std@@V?$allocator@D@2@@std@@@Z 0000000140004150 f i bento_sdk:asset_database.obj
 0001:000031b0       ??$to_json@V?$basic_json@Vmap@std@@Vvector@2@V?$basic_string@DU?$char_traits@D@std@@V?$allocator@D@2@@2@_N_J_KNVallocator@2@Uadl_serializer@nlohmann@@@nlohmann@@I$0A@@detail@nlohmann@@YAXAEAV?$basic_json@Vmap@std@@Vvector@2@V?$basic_string@DU?$char_traits@D@std@@V?$allocator@D@2@@2@_N_J_KNVallocator@2@Uadl_serializer@nlohmann@@@1@I@Z 00000001400041b0 f i bento_sdk:asset_database.obj
 0001:000031c0       ??$to_json@V?$basic_json@Vmap@std@@Vvector@2@V?$basic_string@DU?$char_traits@D@std@@V?$allocator@D@2@@2@_N_J_KNVallocator@2@Uadl_serializer@nlohmann@@@nlohmann@@PEBD$0A@@detail@nlohmann@@YAXAEAV?$basic_json@Vmap@std@@Vvector@2@V?$basic_string@DU?$char_traits@D@std@@V?$allocator@D@2@@2@_N_J_KNVallocator@2@Uadl_serializer@nlohmann@@@1@AEBQEBD@Z 00000001400041c0 f i bento_sdk:asset_database.obj
 0001:00003260       ??$unpack_bytes@_K@bento@@YAXAEAPEBDAEA_K@Z 0000000140004260 f i bento_sdk:asset_database.obj
 0001:00003270       ??$unpack_vector_types@UTAsset@bento@@@bento@@YAXAEAPEBDAEAV?$Vector@UTAsset@bento@@@0@@Z 0000000140004270 f i bento_sdk:asset_database.obj
 0001:00003350       ??0?$Vector@UTAsset@bento@@@bento@@QEAA@AEAVIAllocator@1@@Z 0000000140004350 f i bento_sdk:asset_database.obj
 0001:00003370       ??0?$basic_json@Vmap@std@@Vvector@2@V?$basic_string@DU?$char_traits@D@std@@V?$allocator@D@2@@2@_N_J_KNVallocator@2@Uadl_serializer@nlohmann@@@nlohmann@@QEAA@AEBV01@@Z 0000000140004370 f i bento_sdk:asset_database.obj
 0001:00003620       ??0?$basic_json@Vmap@std@@Vvector@2@V?$basic_string@DU?$char_traits@D@std@@V?$allocator@D@2@@2@_N_J_KNVallocator@2@Uadl_serializer@nlohmann@@@nlohmann@@QEAA@V?$initializer_list@V?$json_ref@V?$basic_json@Vmap@std@@Vvector@2@V?$basic_string@DU?$char_traits@D@std@@V?$allocator@D@2@@2@_N_J_KNVallocator@2@Uadl_serializer@nlohmann@@@nlohmann@@@detail@nlohmann@@@std@@_NW4value_t@detail@1@@Z 0000000140004620 f i bento_sdk:asset_database.obj
 0001:000038f0       ??0?$basic_string@DU?$char_traits@D@std@@V?$allocator@D@2@@std@@QEAA@AEBV01@@Z 00000001400048f0 f i bento_sdk:asset_database.obj
 0001:00003990       ??0?$basic_string@DU?$char_traits@D@std@@V?$allocator@D@2@@std@@QEAA@QEBD@Z 0000000140004990 f i bento_sdk:asset_database.obj
 0001:000039d0       ??0?$basic_string@DU?$char_traits@D@std@@V?$allocator@D@2@@std@@QEAA@_KD@Z 00000001400049d0 f i bento_sdk:asset_database.obj
 0001:00003b20       ??0TAssetDatabase@bento@@QEAA@AEAVIAllocator@1@@Z 0000000140004b20 f   bento_sdk:asset_database.obj
 0001:00003b40       ??0exception@detail@nlohmann@@QEAA@AEBV012@@Z 0000000140004b40 f i bento_sdk:asset_database.obj
 0001:00003b80       ??0exception@stdext@@QEAA@AEBV01@@Z 0000000140004b80 f i bento_sdk:asset_database.obj
 0001:00003ba0       ??0json_value@?$basic_json@Vmap@std@@Vvector@2@V?$basic_string@DU?$char_traits@D@std@@V?$allocator@D@2@@2@_N_J_KNVallocator@2@Uadl_serializer@nlohmann@@@nlohmann@@QEAA@W4value_t@detail@2@@Z 0000000140004ba0 f i bento_sdk:asset_database.obj
 0001:00003d20       ??0other_error@detail@nlohmann@@QEAA@AEBV012@@Z 0000000140004d20 f i bento_sdk:asset_database.obj
 0001:00003d70       ??0type_error@detail@nlohmann@@QEAA@AEBV012@@Z 0000000140004d70 f i bento_sdk:asset_database.obj
 0001:00003dc0       ??1?$Vector@UTAsset@bento@@@bento@@QEAA@XZ 0000000140004dc0 f i bento_sdk:asset_database.obj
 0001:00003e00       ??1?$_Tree_comp_alloc@V?$_Tmap_traits@V?$basic_string@DU?$char_traits@D@std@@V?$allocator@D@2@@std@@V?$basic_json@Vmap@std@@Vvector@2@V?$basic_string@DU?$char_traits@D@std@@V?$allocator@D@2@@2@_N_J_KNVallocator@2@Uadl_serializer@nlohmann@@@nlohmann@@U?$less@V?$basic_string@DU?$char_traits@D@std@@V?$allocator@D@2@@std@@@2@V?$allocator@U?$pair@$$CBV?$basic_string@DU?$char_traits@D@std@@V?$allocator@D@2@@std@@V?$basic_json@Vmap@std@@Vvector@2@V?$basic_string@DU?$char_traits@D@std@@V?$allocator@D@2@@2@_N_J_KNVallocator@2@Uadl_serializer@nlohmann@@@nlohmann@@@std@@@2@$0A@@std@@@std@@QEAA@XZ 0000000140004e00 f i bento_sdk:asset_database.obj
 0001:00003e10       ??1?$basic_json@Vmap@std@@Vvector@2@V?$basic_string@DU?$char_traits@D@std@@V?$allocator@D@2@@2@_N_J_KNVallocator@2@Uadl_serializer@nlohmann@@@nlohmann@@QEAA@XZ 0000000140004e10 f i bento_sdk:asset_database.obj
 0001:00003e20       ??1?$basic_string@DU?$char_traits@D@std@@V?$allocator@D@2@@std@@QEAA@XZ 0000000140004e20 f i bento_sdk:asset_database.obj
 0001:00003e30       ??1?$basic_stringbuf@DU?$char_traits@D@std@@V?$allocator@D@2@@std@@UEAA@XZ 0000000140004e30 f i bento_sdk:asset_database.obj
 0001:00003f00       ??1?$basic_stringstream@DU?$char_traits@D@std@@V?$allocator@D@2@@std@@UEAA@XZ 0000000140004f00 f i bento_sdk:asset_database.obj
 0001:00003f60       ??1?$json_ref@V?$basic_json@Vmap@std@@Vvector@2@V?$basic_string@DU?$char_traits@D@std@@V?$allocator@D@2@@2@_N_J_KNVallocator@2@Uadl_serializer@nlohmann@@@nlohmann@@@detail@nlohmann@@QEAA@XZ 0000000140004f60 f i bento_sdk:asset_database.obj
 0001:00003f70       ??1?$output_adapter@DV?$basic_string@DU?$char_traits@D@std@@V?$allocator@D@2@@std@@@detail@nlohmann@@QEAA@XZ 0000000140004f70 f i bento_sdk:asset_database.obj
 0001:00003fc0       ??1?$output_adapter_protocol@D@detail@nlohmann@@UEAA@XZ 0000000140004fc0 f i bento_sdk:asset_database.obj
 0001:00003fd0       ??1?$serializer@V?$basic_json@Vmap@std@@Vvector@2@V?$basic_string@DU?$char_traits@D@std@@V?$allocator@D@2@@2@_N_J_KNVallocator@2@Uadl_serializer@nlohmann@@@nlohmann@@@detail@nlohmann@@QEAA@XZ 0000000140004fd0 f i bento_sdk:asset_database.obj
 0001:00004030       ??1?$shared_ptr@U?$output_adapter_protocol@D@detail@nlohmann@@@std@@QEAA@XZ 0000000140005030 f i bento_sdk:asset_database.obj
 0001:00004140       ??1TAssetDatabase@bento@@QEAA@XZ 0000000140005140 f   bento_sdk:asset_database.obj
 0001:00004180       ??1_Ref_count_base@std@@UEAA@XZ 0000000140005180 f i bento_sdk:asset_database.obj
 0001:00004190       ??1exception@stdext@@UEAA@XZ 0000000140005190 f i bento_sdk:asset_database.obj
 0001:000041a0       ??1other_error@detail@nlohmann@@UEAA@XZ 00000001400051a0 f i bento_sdk:asset_database.obj
 0001:000041b0       ??1type_error@detail@nlohmann@@UEAA@XZ 00000001400051b0 f i bento_sdk:asset_database.obj
 0001:000041c0       ??4?$Vector@D@bento@@QEAAXAEBV01@@Z 00000001400051c0 f i bento_sdk:asset_database.obj
 0001:00004220       ??A?$basic_json@Vmap@std@@Vvector@2@V?$basic_string@DU?$char_traits@D@std@@V?$allocator@D@2@@2@_N_J_KNVallocator@2@Uadl_serializer@nlohmann@@@nlohmann@@QEAAAEAV01@AEBV?$basic_string@DU?$char_traits@D@std@@V?$allocator@D@2@@std@@@Z 0000000140005220 f i bento_sdk:asset_database.obj
 0001:000043d0       ??_D?$basic_stringstream@DU?$char_traits@D@std@@V?$allocator@D@2@@std@@QEAAXXZ 00000001400053d0 f i bento_sdk:asset_database.obj
 0001:00004430       ??_E?$basic_stringstream@DU?$char_traits@D@std@@V?$allocator@D@2@@std@@$4PPPPPPPM@A@EAAPEAXI@Z 0000000140005430 f i bento_sdk:asset_database.obj
 0001:00004440       ??_G?$_Ref_count_obj@V?$output_string_adapter@DV?$basic_string@DU?$char_traits@D@std@@V?$allocator@D@2@@std@@@detail@nlohmann@@@std@@UEAAPEAXI@Z 0000000140005440 f i bento_sdk:asset_database.obj
 0001:00004440       ??_E?$_Ref_count_obj@V?$output_string_adapter@DV?$basic_string@DU?$char_traits@D@std@@V?$allocator@D@2@@std@@@detail@nlohmann@@@std@@UEAAPEAXI@Z 0000000140005440 f i bento_sdk:asset_database.obj
 0001:00004470       ??_E?$basic_stringbuf@DU?$char_traits@D@std@@V?$allocator@D@2@@std@@UEAAPEAXI@Z 0000000140005470 f i bento_sdk:asset_database.obj
 0001:00004470       ??_G?$basic_stringbuf@DU?$char_traits@D@std@@V?$allocator@D@2@@std@@UEAAPEAXI@Z 0000000140005470 f i bento_sdk:asset_database.obj
 0001:000044b0       ??_E?$basic_stringstream@DU?$char_traits@D@std@@V?$allocator@D@2@@std@@UEAAPEAXI@Z 00000001400054b0 f i bento_sdk:asset_database.obj
 0001:000044b0       ??_G?$basic_stringstream@DU?$char_traits@D@std@@V?$allocator@D@2@@std@@UEAAPEAXI@Z 00000001400054b0 f i bento_sdk:asset_database.obj
 0001:00004550       ??_G?$output_adapter_protocol@D@detail@nlohmann@@UEAAPEAXI@Z 0000000140005550 f i bento_sdk:asset_database.obj
 0001:00004550       ??_E?$output_adapter_protocol@D@detail@nlohmann@@UEAAPEAXI@Z 0000000140005550 f i bento_sdk:asset_database.obj
 0001:00004580       ??_E?$output_string_adapter@DV?$basic_string@DU?$char_traits@D@std@@V?$allocator@D@2@@std@@@detail@nlohmann@@UEAAPEAXI@Z 0000000140005580 f i bento_sdk:asset_database.obj
 0001:00004580       ??_G?$output_string_adapter@DV?$basic_string@DU?$char_traits@D@std@@V?$allocator@D@2@@std@@@detail@nlohmann@@UEAAPEAXI@Z 0000000140005580 f i bento_sdk:asset_database.obj
 0001:000045b0       ??_E_Ref_count_base@std@@UEAAPEAXI@Z 00000001400055b0 f i bento_sdk:asset_database.obj
 0001:000045b0       ??_G_Ref_count_base@std@@UEAAPEAXI@Z 00000001400055b0 f i bento_sdk:asset_database.obj
 0001:000045e0       ??_Gexception@detail@nlohmann@@UEAAPEAXI@Z 00000001400055e0 f i bento_sdk:asset_database.obj
 0001:000045e0       ??_Eexception@detail@nlohmann@@UEAAPEAXI@Z 00000001400055e0 f i bento_sdk:asset_database.obj
 0001:00004610       ??_Eexception@stdext@@UEAAPEAXI@Z 0000000140005610 f i bento_sdk:asset_database.obj
 0001:00004610       ??_Gexception@stdext@@UEAAPEAXI@Z 0000000140005610 f i bento_sdk:asset_database.obj
 0001:00004640       ??_Gother_error@detail@nlohmann@@UEAAPEAXI@Z 0000000140005640 f i bento_sdk:asset_database.obj
 0001:00004640       ??_Eother_error@detail@nlohmann@@UEAAPEAXI@Z 0000000140005640 f i bento_sdk:asset_database.obj
 0001:00004670       ??_Eruntime_error@std@@UEAAPEAXI@Z 0000000140005670 f i bento_sdk:asset_database.obj
 0001:00004670       ??_Gruntime_error@std@@UEAAPEAXI@Z 0000000140005670 f i bento_sdk:asset_database.obj
 0001:000046a0       ??_Gtype_error@detail@nlohmann@@UEAAPEAXI@Z 00000001400056a0 f i bento_sdk:asset_database.obj
 0001:000046a0       ??_Etype_error@detail@nlohmann@@UEAAPEAXI@Z 00000001400056a0 f i bento_sdk:asset_database.obj
 0001:000046d0       ?_Become_small@?$basic_string@DU?$char_traits@D@std@@V?$allocator@D@2@@std@@QEAAXXZ 00000001400056d0 f i bento_sdk:asset_database.obj
 0001:00004750       ?_Buy@?$vector@V?$basic_json@Vmap@std@@Vvector@2@V?$basic_string@DU?$char_traits@D@std@@V?$allocator@D@2@@2@_N_J_KNVallocator@2@Uadl_serializer@nlohmann@@@nlohmann@@V?$allocator@V?$basic_json@Vmap@std@@Vvector@2@V?$basic_string@DU?$char_traits@D@std@@V?$allocator@D@2@@2@_N_J_KNVallocator@2@Uadl_serializer@nlohmann@@@nlohmann@@@std@@@std@@AEAA_N_K@Z 0000000140005750 f i bento_sdk:asset_database.obj
 0001:000047c0       ?_Delete_this@?$_Ref_count_obj@V?$output_string_adapter@DV?$basic_string@DU?$char_traits@D@std@@V?$allocator@D@2@@std@@@detail@nlohmann@@@std@@EEAAXXZ 00000001400057c0 f i bento_sdk:asset_database.obj
 0001:000047e0       ?_Destroy@?$_Ref_count_obj@V?$output_string_adapter@DV?$basic_string@DU?$char_traits@D@std@@V?$allocator@D@2@@std@@@detail@nlohmann@@@std@@EEAAXXZ 00000001400057e0 f i bento_sdk:asset_database.obj
 0001:000047f0       ?_Destroy_if_node@?$_Tree@V?$_Tmap_traits@V?$basic_string@DU?$char_traits@D@std@@V?$allocator@D@2@@std@@V?$basic_json@Vmap@std@@Vvector@2@V?$basic_string@DU?$char_traits@D@std@@V?$allocator@D@2@@2@_N_J_KNVallocator@2@Uadl_serializer@nlohmann@@@nlohmann@@U?$less@V?$basic_string@DU?$char_traits@D@std@@V?$allocator@D@2@@std@@@2@V?$allocator@U?$pair@$$CBV?$basic_string@DU?$char_traits@D@std@@V?$allocator@D@2@@std@@V?$basic_json@Vmap@std@@Vvector@2@V?$basic_string@DU?$char_traits@D@std@@V?$allocator@D@2@@2@_N_J_KNVallocator@2@Uadl_serializer@nlohmann@@@nlohmann@@@std@@@2@$0A@@std@@@std@@IEAAXPEAU?$_Tree_node@U?$pair@$$CBV?$basic_string@DU?$char_traits@D@std@@V?$allocator@D@2@@std@@V?$basic_json@Vmap@std@@Vvector@2@V?$basic_string@DU?$char_traits@D@std@@V?$allocator@D@2@@2@_N_J_KNVallocator@2@Uadl_serializer@nlohmann@@@nlohmann@@@std@@PEAX@2@@Z 00000001400057f0 f i bento_sdk:asset_database.obj
 0001:00004830       ?_Doraise@exception@stdext@@MEBAXXZ 0000000140005830 f i bento_sdk:asset_database.obj
 0001:00004840       ?_Doraise@runtime_error@std@@MEBAXXZ 0000000140005840 f i bento_sdk:asset_database.obj
 0001:00004860       ?_Erase@?$_Tree@V?$_Tmap_traits@V?$basic_string@DU?$char_traits@D@std@@V?$allocator@D@2@@std@@V?$basic_json@Vmap@std@@Vvector@2@V?$basic_string@DU?$char_traits@D@std@@V?$allocator@D@2@@2@_N_J_KNVallocator@2@Uadl_serializer@nlohmann@@@nlohmann@@U?$less@V?$basic_string@DU?$char_traits@D@std@@V?$allocator@D@2@@std@@@2@V?$allocator@U?$pair@$$CBV?$basic_string@DU?$char_traits@D@std@@V?$allocator@D@2@@std@@V?$basic_json@Vmap@std@@Vvector@2@V?$basic_string@DU?$char_traits@D@std@@V?$allocator@D@2@@2@_N_J_KNVallocator@2@Uadl_serializer@nlohmann@@@nlohmann@@@std@@@2@$0A@@std@@@std@@IEAAXPEAU?$_Tree_node@U?$pair@$$CBV?$basic_string@DU?$char_traits@D@std@@V?$allocator@D@2@@std@@V?$basic_json@Vmap@std@@Vvector@2@V?$basic_string@DU?$char_traits@D@std@@V?$allocator@D@2@@2@_N_J_KNVallocator@2@Uadl_serializer@nlohmann@@@nlohmann@@@std@@PEAX@2@@Z 0000000140005860 f i bento_sdk:asset_database.obj
 0001:000048e0       ?_Fail@?$_Default_allocate_traits@$00@std@@SAXXZ 00000001400058e0 f i bento_sdk:asset_database.obj
 0001:000048f0       ?_Get_deleter@_Ref_count_base@std@@UEBAPEAXAEBVtype_info@@@Z 00000001400058f0 f i bento_sdk:asset_database.obj
 0001:00004900       ?_Tidy@?$vector@V?$basic_json@Vmap@std@@Vvector@2@V?$basic_string@DU?$char_traits@D@std@@V?$allocator@D@2@@2@_N_J_KNVallocator@2@Uadl_serializer@nlohmann@@@nlohmann@@V?$allocator@V?$basic_json@Vmap@std@@Vvector@2@V?$basic_string@DU?$char_traits@D@std@@V?$allocator@D@2@@2@_N_J_KNVallocator@2@Uadl_serializer@nlohmann@@@nlohmann@@@std@@@std@@AEAAXXZ 0000000140005900 f i bento_sdk:asset_database.obj
 0001:000049d0       ?_Tidy_deallocate@?$basic_string@DU?$char_traits@D@std@@V?$allocator@D@2@@std@@QEAAXXZ 00000001400059d0 f i bento_sdk:asset_database.obj
 0001:00004a50       ?_Xlen@?$basic_string@DU?$char_traits@D@std@@V?$allocator@D@2@@std@@SAXXZ 0000000140005a50 f i bento_sdk:asset_database.obj
 0001:00004a70       ?_Xlength@?$vector@V?$basic_json@Vmap@std@@Vvector@2@V?$basic_string@DU?$char_traits@D@std@@V?$allocator@D@2@@2@_N_J_KNVallocator@2@Uadl_serializer@nlohmann@@@nlohmann@@V?$allocator@V?$basic_json@Vmap@std@@Vvector@2@V?$basic_string@DU?$char_traits@D@std@@V?$allocator@D@2@@2@_N_J_KNVallocator@2@Uadl_serializer@nlohmann@@@nlohmann@@@std@@@std@@CAXXZ 0000000140005a70 f i bento_sdk:asset_database.obj
 0001:00004a90       ?_Xran@?$_String_val@U?$_Simple_types@D@std@@@std@@SAXXZ 0000000140005a90 f i bento_sdk:asset_database.obj
 0001:00004ab0       ?append@?$basic_string@DU?$char_traits@D@std@@V?$allocator@D@2@@std@@QEAAAEAV12@QEBD_K@Z 0000000140005ab0 f i bento_sdk:asset_database.obj
 0001:00004c30       ?append@?$basic_string@DU?$char_traits@D@std@@V?$allocator@D@2@@std@@QEAAAEAV12@_KD@Z 0000000140005c30 f i bento_sdk:asset_database.obj
 0001:00004dc0       ?assign@?$basic_string@DU?$char_traits@D@std@@V?$allocator@D@2@@std@@QEAAAEAV12@QEBD_K@Z 0000000140005dc0 f i bento_sdk:asset_database.obj
 0001:00004ef0       ?back@?$basic_string@DU?$char_traits@D@std@@V?$allocator@D@2@@std@@QEBAAEBDXZ 0000000140005ef0 f i bento_sdk:asset_database.obj
 0001:00004f10       ?clear@?$Vector@UTAsset@bento@@@bento@@QEAAXXZ 0000000140005f10 f i bento_sdk:asset_database.obj
 0001:00004fc0       ?compare@?$basic_string@DU?$char_traits@D@std@@V?$allocator@D@2@@std@@QEBAHAEBV12@@Z 0000000140005fc0 f i bento_sdk:asset_database.obj
 0001:00005030       ?create@other_error@detail@nlohmann@@SA?AV123@HAEBV?$basic_string@DU?$char_traits@D@std@@V?$allocator@D@2@@std@@@Z 0000000140006030 f i bento_sdk:asset_database.obj
 0001:00005240       ?create@type_error@detail@nlohmann@@SA?AV123@HAEBV?$basic_string@DU?$char_traits@D@std@@V?$allocator@D@2@@std@@@Z 0000000140006240 f i bento_sdk:asset_database.obj
 0001:00005450       ?destroy@json_value@?$basic_json@Vmap@std@@Vvector@2@V?$basic_string@DU?$char_traits@D@std@@V?$allocator@D@2@@2@_N_J_KNVallocator@2@Uadl_serializer@nlohmann@@@nlohmann@@QEAAXW4value_t@detail@3@@Z 0000000140006450 f i bento_sdk:asset_database.obj
 0001:00005520       ?dump@?$basic_json@Vmap@std@@Vvector@2@V?$basic_string@DU?$char_traits@D@std@@V?$allocator@D@2@@2@_N_J_KNVallocator@2@Uadl_serializer@nlohmann@@@nlohmann@@QEBA?AV?$basic_string@DU?$char_traits@D@std@@V?$allocator@D@2@@std@@HD_N@Z 0000000140006520 f i bento_sdk:asset_database.obj
 0001:000057a0       ?dump@?$serializer@V?$basic_json@Vmap@std@@Vvector@2@V?$basic_string@DU?$char_traits@D@std@@V?$allocator@D@2@@2@_N_J_KNVallocator@2@Uadl_serializer@nlohmann@@@nlohmann@@@detail@nlohmann@@QEAAXAEBV?$basic_json@Vmap@std@@Vvector@2@V?$basic_string@DU?$char_traits@D@std@@V?$allocator@D@2@@2@_N_J_KNVallocator@2@Uadl_serializer@nlohmann@@@3@_N1II@Z 00000001400067a0 f i bento_sdk:asset_database.obj
 0001:00006010       ?dump_escaped@?$serializer@V?$basic_json@Vmap@std@@Vvector@2@V?$basic_string@DU?$char_traits@D@std@@V?$allocator@D@2@@2@_N_J_KNVallocator@2@Uadl_serializer@nlohmann@@@nlohmann@@@detail@nlohmann@@AEAAXAEBV?$basic_string@DU?$char_traits@D@std@@V?$allocator@D@2@@std@@_N@Z 0000000140007010 f i bento_sdk:asset_database.obj
 0001:00006640       ?format_buffer@dtoa_impl@detail@nlohmann@@YAPEADPEADHHHH@Z 0000000140007640 f i bento_sdk:asset_database.obj
 0001:00006800       ?free@?$Vector@UTAsset@bento@@@bento@@QEAAXXZ 0000000140007800 f i bento_sdk:asset_database.obj
 0001:00006830       ?grisu2@dtoa_impl@detail@nlohmann@@YAXPEADAEAH1Udiyfp@123@22@Z 0000000140007830 f i bento_sdk:asset_database.obj
 0001:00006a80       ?grisu2_digit_gen@dtoa_impl@detail@nlohmann@@YAXPEADAEAH1Udiyfp@123@22@Z 0000000140007a80 f i bento_sdk:asset_database.obj
 0001:00006cd0       ?hex@std@@YAAEAVios_base@1@AEAV21@@Z 0000000140007cd0 f i bento_sdk:asset_database.obj
 0001:00006cf0       ?insert@?$basic_string@DU?$char_traits@D@std@@V?$allocator@D@2@@std@@QEAAAEAV12@_KQEBD0@Z 0000000140007cf0 f i bento_sdk:asset_database.obj
 0001:00006e00       ?insert_asset@TAssetDatabase@bento@@QEAAXPEBD0IAEAV?$Vector@D@2@@Z 0000000140007e00 f   bento_sdk:asset_database.obj
 0001:00006ed0       ?name@exception@detail@nlohmann@@KA?AV?$basic_string@DU?$char_traits@D@std@@V?$allocator@D@2@@std@@AEBV45@H@Z 0000000140007ed0 f i bento_sdk:asset_database.obj
 0001:00007250       ?overflow@?$basic_stringbuf@DU?$char_traits@D@std@@V?$allocator@D@2@@std@@MEAAHH@Z 0000000140008250 f i bento_sdk:asset_database.obj
 0001:000074d0       ?pack_type@bento@@YAXAEAV?$Vector@D@1@AEBUTAsset@1@@Z 00000001400084d0 f   bento_sdk:asset_database.obj
 0001:00007550       ?pack_type@bento@@YAXAEAV?$Vector@D@1@AEBVTAssetDatabase@1@@Z 0000000140008550 f   bento_sdk:asset_database.obj
 0001:00007640       ?pbackfail@?$basic_stringbuf@DU?$char_traits@D@std@@V?$allocator@D@2@@std@@MEAAHH@Z 0000000140008640 f i bento_sdk:asset_database.obj
 0001:00007690       ?push_back@?$basic_string@DU?$char_traits@D@std@@V?$allocator@D@2@@std@@QEAAXD@Z 0000000140008690 f i bento_sdk:asset_database.obj
 0001:000077f0       ?request_asset@TAssetDatabase@bento@@QEBAPEBUTAsset@2@PEBD@Z 00000001400087f0 f   bento_sdk:asset_database.obj
 0001:00007860       ?request_asset@TAssetDatabase@bento@@QEBAPEBUTAsset@2@_K@Z 0000000140008860 f   bento_sdk:asset_database.obj
 0001:00007890       ?reserve@?$Vector@UTAsset@bento@@@bento@@QEAAXI@Z 0000000140008890 f i bento_sdk:asset_database.obj
 0001:00007900       ?resize@?$Vector@UTAsset@bento@@@bento@@QEAAXI@Z 0000000140008900 f i bento_sdk:asset_database.obj
 0001:00007af0       ?seekoff@?$basic_stringbuf@DU?$char_traits@D@std@@V?$allocator@D@2@@std@@MEAA?AV?$fpos@U_Mbstatet@@@2@_JHH@Z 0000000140008af0 f i bento_sdk:asset_database.obj
 0001:00007ca0       ?seekpos@?$basic_stringbuf@DU?$char_traits@D@std@@V?$allocator@D@2@@std@@MEAA?AV?$fpos@U_Mbstatet@@@2@V32@H@Z 0000000140008ca0 f i bento_sdk:asset_database.obj
 0001:00007db0       ?str@?$basic_stringstream@DU?$char_traits@D@std@@V?$allocator@D@2@@std@@QEBA?AV?$basic_string@DU?$char_traits@D@std@@V?$allocator@D@2@@2@XZ 0000000140008db0 f i bento_sdk:asset_database.obj
 0001:00007ea0       ?to_string@bento@@YAXAEAVDynamicString@1@AEBVTAssetDatabase@1@@Z 0000000140008ea0 f   bento_sdk:asset_database.obj
 0001:00008610       ?to_string@std@@YA?AV?$basic_string@DU?$char_traits@D@std@@V?$allocator@D@2@@1@_K@Z 0000000140009610 f i bento_sdk:asset_database.obj
 0001:000086b0       ?type_name@?$basic_json@Vmap@std@@Vvector@2@V?$basic_string@DU?$char_traits@D@std@@V?$allocator@D@2@@2@_N_J_KNVallocator@2@Uadl_serializer@nlohmann@@@nlohmann@@QEBAPEBDXZ 00000001400096b0 f i bento_sdk:asset_database.obj
 0001:00008730       ?underflow@?$basic_stringbuf@DU?$char_traits@D@std@@V?$allocator@D@2@@std@@MEAAHXZ 0000000140009730 f i bento_sdk:asset_database.obj
 0001:000087a0       ?unpack_type@bento@@YAXAEAPEBDAEAUTAsset@1@@Z 00000001400097a0 f   bento_sdk:asset_database.obj
 0001:00008830       ?unpack_type@bento@@YA_NAEAPEBDAEAVTAssetDatabase@1@@Z 0000000140009830 f   bento_sdk:asset_database.obj
 0001:00008940       ?uppercase@std@@YAAEAVios_base@1@AEAV21@@Z 0000000140009940 f i bento_sdk:asset_database.obj
 0001:00008950       ?what@exception@detail@nlohmann@@UEBAPEBDXZ 0000000140009950 f i bento_sdk:asset_database.obj
 0001:00008960       ?what@exception@stdext@@UEBAPEBDXZ 0000000140009960 f i bento_sdk:asset_database.obj
 0001:00008980       ?write_character@?$output_string_adapter@DV?$basic_string@DU?$char_traits@D@std@@V?$allocator@D@2@@std@@@detail@nlohmann@@UEAAXD@Z 0000000140009980 f i bento_sdk:asset_database.obj
 0001:00008990       ?write_characters@?$output_string_adapter@DV?$basic_string@DU?$char_traits@D@std@@V?$allocator@D@2@@std@@@detail@nlohmann@@UEAAXPEBD_K@Z 0000000140009990 f i bento_sdk:asset_database.obj
 0001:000089a0       __local_stdio_printf_options 00000001400099a0 f i bento_sdk:asset_database.obj
 0001:000089b0       snprintf                   00000001400099b0 f i bento_sdk:asset_database.obj
 0001:00008a10       ?default_logger@bento@@YAPEAVILogger@1@XZ 0000000140009a10 f   bento_sdk:log.obj
 0001:00008a20       ?reset_logger@bento@@YAXXZ 0000000140009a20 f   bento_sdk:log.obj
 0001:00008a30       ?set_default_logger@bento@@YAXPEAVILogger@1@@Z 0000000140009a30 f   bento_sdk:log.obj
 0001:00008a40       ?add_extension@path@bento@@YA?AVDynamicString@2@PEBD0AEAVIAllocator@2@@Z 0000000140009a40 f   bento_sdk:file_system.obj
 0001:00008a60       ?collect_files_with_extension@file_system@bento@@YAXPEBD0AEAV?$Vector@VDynamicString@bento@@@2@@Z 0000000140009a60 f   bento_sdk:file_system.obj
 0001:00008f40       ?directory@path@bento@@YA?AVDynamicString@2@PEBDAEAVIAllocator@2@@Z 0000000140009f40 f   bento_sdk:file_system.obj
 0001:00008fb0       ?extension@path@bento@@YA?AVDynamicString@2@PEBDAEAVIAllocator@2@@Z 0000000140009fb0 f   bento_sdk:file_system.obj
 0001:00009040       ?filename@path@bento@@YA?AVDynamicString@2@PEBDAEAVIAllocator@2@@Z 000000014000a040 f   bento_sdk:file_system.obj
 0001:000090f0       ?internal_join@path@bento@@YA?AVDynamicString@2@PEBD0DAEAVIAllocator@2@@Z 000000014000a0f0 f i bento_sdk:file_system.obj
 0001:000091a0       ?join@path@bento@@YA?AVDynamicString@2@PEBD0AEAVIAllocator@2@@Z 000000014000a1a0 f   bento_sdk:file_system.obj
 0001:000091c0       ?path_is_file@file_system@bento@@YA_NPEBD@Z 000000014000a1c0 f   bento_sdk:file_system.obj
 0001:00009210       ?push_back@?$Vector@D@bento@@QEAAXAEBD@Z 000000014000a210 f i bento_sdk:file_system.obj
 0001:00009260       ?push_back@?$Vector@VDynamicString@bento@@@bento@@QEAAXAEBVDynamicString@2@@Z 000000014000a260 f i bento_sdk:file_system.obj
 0001:00009320       ?read_file@bento@@YA_NPEBDAEAV?$Vector@D@1@W4FileType@1@@Z 000000014000a320 f   bento_sdk:file_system.obj
 0001:00009430       ?strip_extension@path@bento@@YA?AVDynamicString@2@PEBDAEAVIAllocator@2@@Z 000000014000a430 f   bento_sdk:file_system.obj
 0001:000094a0       ?write_file@bento@@YA_NPEBD0IW4FileType@1@@Z 000000014000a4a0 f   bento_sdk:file_system.obj
 0001:00009800       ?pack_buffer@bento@@YAXAEAV?$Vector@D@1@IPEBD@Z 000000014000a800 f   bento_sdk:stream.obj
 0001:000098b0       ?unpack_buffer@bento@@YAXAEAPEBDIPEAD@Z 000000014000a8b0 f   bento_sdk:stream.obj
 0001:000098f0       ??0DiskSerializer@bento@@QEAA@AEAVIAllocator@1@PEBD@Z 000000014000a8f0 f   bento_sdk:disk_serializer.obj
 0001:00009920       ?internal_read_buffer@DiskSerializer@bento@@AEAA_NAEAV?$Vector@D@2@PEBD1@Z 000000014000a920 f   bento_sdk:disk_serializer.obj
 0001:00009a10       ?internal_read_string@DiskSerializer@bento@@AEAA_NAEAVDynamicString@2@PEBD1@Z 000000014000aa10 f   bento_sdk:disk_serializer.obj
 0001:00009b60       ?internal_write_buffer@DiskSerializer@bento@@AEAA_NAEBV?$Vector@D@2@PEBD1@Z 000000014000ab60 f   bento_sdk:disk_serializer.obj
 0001:00009c50       ?internal_write_string@DiskSerializer@bento@@AEAA_NAEBVDynamicString@2@PEBD1@Z 000000014000ac50 f   bento_sdk:disk_serializer.obj
 0001:00009d60       ??0SystemAllocator@bento@@QEAA@XZ 000000014000ad60 f   bento_sdk:system_allocator.obj
 0001:00009d90       ??1SystemAllocator@bento@@UEAA@XZ 000000014000ad90 f   bento_sdk:system_allocator.obj
 0001:00009da0       ??_GSystemAllocator@bento@@UEAAPEAXI@Z 000000014000ada0 f i bento_sdk:system_allocator.obj
 0001:00009da0       ??_ESystemAllocator@bento@@UEAAPEAXI@Z 000000014000ada0 f i bento_sdk:system_allocator.obj
 0001:00009de0       ?allocate@SystemAllocator@bento@@UEAAPEAX_K0@Z 000000014000ade0 f   bento_sdk:system_allocator.obj
 0001:00009df0       ?deallocate@SystemAllocator@bento@@UEAAXPEAX@Z 000000014000adf0 f   bento_sdk:system_allocator.obj
 0001:00009e00       ?reallocate@SystemAllocator@bento@@UEAAPEAXPEAX_K11@Z 000000014000ae00 f   bento_sdk:system_allocator.obj
 0001:00009e80       ?murmur_hash@bento@@YAIPEBXII@Z 000000014000ae80 f   bento_sdk:hash.obj
 0001:00009f10       ?murmur_hash_64@bento@@YA_KPEBXII@Z 000000014000af10 f   bento_sdk:hash.obj
 0001:0000a030       ??$?6U?$char_traits@D@std@@@std@@YAAEAV?$basic_ostream@DU?$char_traits@D@std@@@0@AEAV10@PEBD@Z 000000014000b030 f i bento_sdk:system_logger.obj
 0001:0000a200       ??0SystemLogger@bento@@QEAA@XZ 000000014000b200 f   bento_sdk:system_logger.obj
 0001:0000a210       ??1ILogger@bento@@UEAA@XZ  000000014000b210 f i bento_sdk:system_logger.obj
 0001:0000a220       ??1SystemLogger@bento@@UEAA@XZ 000000014000b220 f   bento_sdk:system_logger.obj
 0001:0000a230       ??1_Sentry_base@?$basic_ostream@DU?$char_traits@D@std@@@std@@QEAA@XZ 000000014000b230 f i bento_sdk:system_logger.obj
 0001:0000a260       ??1sentry@?$basic_ostream@DU?$char_traits@D@std@@@std@@QEAA@XZ 000000014000b260 f i bento_sdk:system_logger.obj
 0001:0000a2a0       ??_EILogger@bento@@UEAAPEAXI@Z 000000014000b2a0 f i bento_sdk:system_logger.obj
 0001:0000a2a0       ??_GILogger@bento@@UEAAPEAXI@Z 000000014000b2a0 f i bento_sdk:system_logger.obj
 0001:0000a2d0       ??_GSystemLogger@bento@@UEAAPEAXI@Z 000000014000b2d0 f i bento_sdk:system_logger.obj
 0001:0000a2d0       ??_ESystemLogger@bento@@UEAAPEAXI@Z 000000014000b2d0 f i bento_sdk:system_logger.obj
 0001:0000a300       ?level_to_string@bento@@YAPEBDW4Type@LogLevel@1@@Z 000000014000b300 f   bento_sdk:system_logger.obj
 0001:0000a340       ?log@SystemLogger@bento@@UEAAXW4Type@LogLevel@2@PEBD1@Z 000000014000b340 f   bento_sdk:system_logger.obj
 0001:0000a3f0       ??0IAllocator@bento@@QEAA@XZ 000000014000b3f0 f   bento_sdk:allocator.obj
 0001:0000a400       ??1IAllocator@bento@@UEAA@XZ 000000014000b400 f   bento_sdk:allocator.obj
 0001:0000a410       ??_EIAllocator@bento@@UEAAPEAXI@Z 000000014000b410 f i bento_sdk:allocator.obj
 0001:0000a410       ??_GIAllocator@bento@@UEAAPEAXI@Z 000000014000b410 f i bento_sdk:allocator.obj
 0001:0000a43b       ?_Xbad_alloc@std@@YAXXZ    000000014000b43b f   msvcprt:MSVCP140.dll
 0001:0000a441       _Mbrtowc                   000000014000b441 f   msvcprt:MSVCP140.dll
 0001:0000a447       ?_Getcvt@_Locinfo@std@@QEBA?AU_Cvtvec@@XZ 000000014000b447 f   msvcprt:MSVCP140.dll
 0001:0000a44d       ?_W_Getdays@_Locinfo@std@@QEBAPEBGXZ 000000014000b44d f   msvcprt:MSVCP140.dll
 0001:0000a453       ?_W_Getmonths@_Locinfo@std@@QEBAPEBGXZ 000000014000b453 f   msvcprt:MSVCP140.dll
 0001:0000a4f0       __std_reverse_trivially_swappable_1 000000014000b4f0 f   msvcprt:vector_algorithms.obj
 0001:0000a5cc       __std_reverse_trivially_swappable_2 000000014000b5cc f   msvcprt:vector_algorithms.obj
 0001:0000a6ac       __std_reverse_trivially_swappable_4 000000014000b6ac f   msvcprt:vector_algorithms.obj
 0001:0000a770       __std_reverse_trivially_swappable_8 000000014000b770 f   msvcprt:vector_algorithms.obj
 0001:0000a82a       ?_Xlength_error@std@@YAXPEBD@Z 000000014000b82a f   msvcprt:MSVCP140.dll
 0001:0000a830       ?_Xout_of_range@std@@YAXPEBD@Z 000000014000b830 f   msvcprt:MSVCP140.dll
 0001:0000a836       ??0?$basic_streambuf@DU?$char_traits@D@std@@@std@@IEAA@XZ 000000014000b836 f   msvcprt:MSVCP140.dll
 0001:0000a83c       ??1?$basic_streambuf@DU?$char_traits@D@std@@@std@@UEAA@XZ 000000014000b83c f   msvcprt:MSVCP140.dll
 0001:0000a842       ??1?$basic_ios@DU?$char_traits@D@std@@@std@@UEAA@XZ 000000014000b842 f   msvcprt:MSVCP140.dll
 0001:0000a848       ??0?$basic_ios@DU?$char_traits@D@std@@@std@@IEAA@XZ 000000014000b848 f   msvcprt:MSVCP140.dll
 0001:0000a84e       ??6?$basic_ostream@DU?$char_traits@D@std@@@std@@QEAAAEAV01@P6AAEAVios_base@1@AEAV21@@Z@Z 000000014000b84e f   msvcprt:MSVCP140.dll
 0001:0000a854       ??6?$basic_ostream@DU?$char_traits@D@std@@@std@@QEAAAEAV01@H@Z 000000014000b854 f   msvcprt:MSVCP140.dll
 0001:0000a85a       ??0?$basic_iostream@DU?$char_traits@D@std@@@std@@QEAA@PEAV?$basic_streambuf@DU?$char_traits@D@std@@@1@@Z 000000014000b85a f   msvcprt:MSVCP140.dll
 0001:0000a860       ??1?$basic_iostream@DU?$char_traits@D@std@@@std@@UEAA@XZ 000000014000b860 f   msvcprt:MSVCP140.dll
 0001:0000a866       ?setw@std@@YA?AU?$_Smanip@_J@1@_J@Z 000000014000b866 f   msvcprt:MSVCP140.dll
 0001:0000a86c       ?_Lock@?$basic_streambuf@DU?$char_traits@D@std@@@std@@UEAAXXZ 000000014000b86c f   msvcprt:MSVCP140.dll
 0001:0000a872       ?_Unlock@?$basic_streambuf@DU?$char_traits@D@std@@@std@@UEAAXXZ 000000014000b872 f   msvcprt:MSVCP140.dll
 0001:0000a878       ?imbue@?$basic_streambuf@DU?$char_traits@D@std@@@std@@MEAAXAEBVlocale@2@@Z 000000014000b878 f   msvcprt:MSVCP140.dll
 0001:0000a87e       ?setbuf@?$basic_streambuf@DU?$char_traits@D@std@@@std@@MEAAPEAV12@PEAD_J@Z 000000014000b87e f   msvcprt:MSVCP140.dll
 0001:0000a884       ?showmanyc@?$basic_streambuf@DU?$char_traits@D@std@@@std@@MEAA_JXZ 000000014000b884 f   msvcprt:MSVCP140.dll
 0001:0000a88a       ?sync@?$basic_streambuf@DU?$char_traits@D@std@@@std@@MEAAHXZ 000000014000b88a f   msvcprt:MSVCP140.dll
 0001:0000a890       ?uflow@?$basic_streambuf@DU?$char_traits@D@std@@@std@@MEAAHXZ 000000014000b890 f   msvcprt:MSVCP140.dll
 0001:0000a896       ?xsgetn@?$basic_streambuf@DU?$char_traits@D@std@@@std@@MEAA_JPEAD_J@Z 000000014000b896 f   msvcprt:MSVCP140.dll
 0001:0000a89c       ?xsputn@?$basic_streambuf@DU?$char_traits@D@std@@@std@@MEAA_JPEBD_J@Z 000000014000b89c f   msvcprt:MSVCP140.dll
 0001:0000a8a2       ?sputc@?$basic_streambuf@DU?$char_traits@D@std@@@std@@QEAAHD@Z 000000014000b8a2 f   msvcprt:MSVCP140.dll
 0001:0000a8a8       ?sputn@?$basic_streambuf@DU?$char_traits@D@std@@@std@@QEAA_JPEBD_J@Z 000000014000b8a8 f   msvcprt:MSVCP140.dll
 0001:0000a8ae       ?setstate@?$basic_ios@DU?$char_traits@D@std@@@std@@QEAAXH_N@Z 000000014000b8ae f   msvcprt:MSVCP140.dll
 0001:0000a8b4       ?_Osfx@?$basic_ostream@DU?$char_traits@D@std@@@std@@QEAAXXZ 000000014000b8b4 f   msvcprt:MSVCP140.dll
 0001:0000a8ba       ?flush@?$basic_ostream@DU?$char_traits@D@std@@@std@@QEAAAEAV12@XZ 000000014000b8ba f   msvcprt:MSVCP140.dll
 0001:0000a8c0       ??3@YAXPEAX_K@Z            000000014000b8c0 f   MSVCRT:delete_scalar_size.obj
 0001:0000ab44       ?configure_argv@__scrt_narrow_argv_policy@@SAHXZ 000000014000bb44 f i MSVCRT:exe_main.obj
 0001:0000ab58       ?initialize_environment@__scrt_narrow_environment_policy@@SAHXZ 000000014000bb58 f i MSVCRT:exe_main.obj
 0001:0000ab98       ?set_app_type@__scrt_main_policy@@SAXXZ 000000014000bb98 f i MSVCRT:exe_main.obj
 0001:0000aba4       ?set_commode@__scrt_file_policy@@SAXXZ 000000014000bba4 f i MSVCRT:exe_main.obj
 0001:0000abc0       ?set_fmode@__scrt_file_policy@@SAXXZ 000000014000bbc0 f i MSVCRT:exe_main.obj
 0001:0000abd4       mainCRTStartup             000000014000bbd4 f   MSVCRT:exe_main.obj
 0001:0000abe8       __GSHandlerCheck           000000014000bbe8 f   MSVCRT:_gshandler_.obj
 0001:0000ac08       __GSHandlerCheckCommon     000000014000bc08 f   MSVCRT:_gshandler_.obj
 0001:0000ac80       __security_check_cookie    000000014000bc80 f   MSVCRT:_amdsecgs_.obj
 0001:0000aca4       ??$__crt_fast_decode_pointer@PEAP6AXXZ@@YAPEAP6AXXZQEAP6AXXZ@Z 000000014000bca4 f i MSVCRT:utility.obj
 0001:0000acbc       ??$__crt_fast_encode_pointer@PEAP6AXXZ@@YAPEAP6AXXZQEAP6AXXZ@Z 000000014000bcbc f i MSVCRT:utility.obj
 0001:0000acdc       ?__crt_rotate_pointer_value@@YA_K_KH@Z 000000014000bcdc f i MSVCRT:utility.obj
 0001:0000ad64       NtCurrentTeb               000000014000bd64 f i MSVCRT:utility.obj
 0001:0000ad70       __scrt_acquire_startup_lock 000000014000bd70 f   MSVCRT:utility.obj
 0001:0000adac       __scrt_dllmain_after_initialize_c 000000014000bdac f   MSVCRT:utility.obj
 0001:0000ade0       __scrt_dllmain_before_initialize_c 000000014000bde0 f   MSVCRT:utility.obj
 0001:0000adf8       __scrt_dllmain_crt_thread_attach 000000014000bdf8 f   MSVCRT:utility.obj
 0001:0000ae20       __scrt_dllmain_crt_thread_detach 000000014000be20 f   MSVCRT:utility.obj
 0001:0000ae38       __scrt_dllmain_exception_filter 000000014000be38 f   MSVCRT:utility.obj
 0001:0000ae9c       __scrt_dllmain_uninitialize_c 000000014000be9c f   MSVCRT:utility.obj
 0001:0000aecc       __scrt_dllmain_uninitialize_critical 000000014000becc f   MSVCRT:utility.obj
 0001:0000aee0       __scrt_initialize_crt      000000014000bee0 f   MSVCRT:utility.obj
 0001:0000af2c       __scrt_initialize_onexit_tables 000000014000bf2c f   MSVCRT:utility.obj
 0001:0000b00c       __scrt_is_nonwritable_in_current_image 000000014000c00c f   MSVCRT:utility.obj
 0001:0000b0a8       __scrt_release_startup_lock 000000014000c0a8 f   MSVCRT:utility.obj
 0001:0000b0cc       __scrt_uninitialize_crt    000000014000c0cc f   MSVCRT:utility.obj
 0001:0000b0f8       _onexit                    000000014000c0f8 f   MSVCRT:utility.obj
 0001:0000b148       at_quick_exit              000000014000c148 f   MSVCRT:utility.obj
 0001:0000b180       atexit                     000000014000c180 f   MSVCRT:utility.obj
 0001:0000b198       ??_M@YAXPEAX_K1P6AX0@Z@Z   000000014000c198 f   MSVCRT:ehvecdtr.obj
 0001:0000b204       ??_M@YAXPEAX_KHP6AX0@Z@Z   000000014000c204 f   MSVCRT:ehvecdtr.obj
 0001:0000b228       ?__ArrayUnwind@@YAXPEAX_K1P6AX0@Z@Z 000000014000c228 f   MSVCRT:ehvecdtr.obj
 0001:0000b28c       ??2@YAPEAX_K@Z             000000014000c28c f   MSVCRT:new_scalar.obj
 0001:0000b2c8       __GSHandlerCheck_EH        000000014000c2c8 f   MSVCRT:gshandlereh.obj
 0001:0000b348       ??1type_info@@UEAA@XZ      000000014000c348 f   MSVCRT:std_type_info_static.obj
 0001:0000b354       ??_Etype_info@@UEAAPEAXI@Z 000000014000c354 f i MSVCRT:std_type_info_static.obj
 0001:0000b354       ??_Gtype_info@@UEAAPEAXI@Z 000000014000c354 f i MSVCRT:std_type_info_static.obj
 0001:0000b380       __isa_available_init       000000014000c380 f   MSVCRT:_cpu_disp_.obj
 0001:0000b53c       ??3@YAXPEAX@Z              000000014000c53c f   MSVCRT:delete_scalar.obj
 0001:0000b5b0       __security_init_cookie     000000014000c5b0 f   MSVCRT:gs_support.obj
 0001:0000b660       _matherr                   000000014000c660 f   MSVCRT:matherr.obj
 0001:0000b664       _get_startup_argv_mode     000000014000c664 f   MSVCRT:argv_mode.obj
 0001:0000b66c       _get_startup_commit_mode   000000014000c66c f   MSVCRT:commit_mode.obj
 0001:0000b670       _get_startup_file_mode     000000014000c670 f   MSVCRT:file_mode.obj
 0001:0000b678       _get_startup_new_mode      000000014000c678 f   MSVCRT:new_mode.obj
 0001:0000b67c       _get_startup_thread_locale_mode 000000014000c67c f   MSVCRT:thread_locale.obj
 0001:0000b680       ?__scrt_initialize_type_info@@YAXXZ 000000014000c680 f   MSVCRT:tncleanup.obj
 0001:0000b690       ?__scrt_uninitialize_type_info@@YAXXZ 000000014000c690 f   MSVCRT:tncleanup.obj
 0001:0000b69c       _should_initialize_environment 000000014000c69c f   MSVCRT:env_mode.obj
 0001:0000b6a0       _initialize_invalid_parameter_handler 000000014000c6a0 f   MSVCRT:invalid_parameter_handler.obj
 0001:0000b6a4       _initialize_denormal_control 000000014000c6a4 f   MSVCRT:denormal_control.obj
 0001:0000b6a8       __local_stdio_scanf_options 000000014000c6a8 f i MSVCRT:default_local_stdio_options.obj
 0001:0000b6b0       __scrt_initialize_default_local_stdio_options 000000014000c6b0 f   MSVCRT:default_local_stdio_options.obj
 0001:0000b6cc       __scrt_is_user_matherr_present 000000014000c6cc f   MSVCRT:matherr_detection.obj
 0001:0000b6d8       __scrt_get_dyn_tls_init_callback 000000014000c6d8 f   MSVCRT:dyn_tls_init.obj
 0001:0000b6e0       __scrt_get_dyn_tls_dtor_callback 000000014000c6e0 f   MSVCRT:dyn_tls_dtor.obj
 0001:0000b6e8       __crt_debugger_hook        000000014000c6e8 f   MSVCRT:utility_desktop.obj
 0001:0000b6f0       __scrt_fastfail            000000014000c6f0 f   MSVCRT:utility_desktop.obj
 0001:0000b83c       __scrt_get_show_window_mode 000000014000c83c f   MSVCRT:utility_desktop.obj
 0001:0000b878       __scrt_initialize_winrt    000000014000c878 f   MSVCRT:utility_desktop.obj
 0001:0000b87c       __scrt_is_managed_app      000000014000c87c f   MSVCRT:utility_desktop.obj
 0001:0000b8d0       __scrt_set_unhandled_exception_filter 000000014000c8d0 f   MSVCRT:utility_desktop.obj
 0001:0000b8e0       __scrt_unhandled_exception_filter 000000014000c8e0 f   MSVCRT:utility_desktop.obj
 0001:0000b918       _RTC_Initialize            000000014000c918 f   MSVCRT:_initsect_.obj
 0001:0000b964       _RTC_Terminate             000000014000c964 f   MSVCRT:_initsect_.obj
 0001:0000b9b0       _guard_check_icall         000000014000c9b0 f i MSVCRT:checkcfg.obj
 0001:0000b9b8       __raise_securityfailure    000000014000c9b8 f   MSVCRT:gs_report.obj
 0001:0000b9ec       __report_gsfailure         000000014000c9ec f   MSVCRT:gs_report.obj
 0001:0000bac0       __report_rangecheckfailure 000000014000cac0 f   MSVCRT:gs_report.obj
 0001:0000bad4       __report_securityfailure   000000014000cad4 f   MSVCRT:gs_report.obj
 0001:0000bb70       __report_securityfailureEx 000000014000cb70 f   MSVCRT:gs_report.obj
 0001:0000bd64       __scrt_is_ucrt_dll_in_use  000000014000cd64 f   MSVCRT:ucrt_detection.obj
 0001:0000bd70       ??0bad_alloc@std@@AEAA@QEBD@Z 000000014000cd70 f i MSVCRT:throw_bad_alloc.obj
 0001:0000bd88       ??0bad_alloc@std@@QEAA@AEBV01@@Z 000000014000cd88 f i MSVCRT:throw_bad_alloc.obj
 0001:0000bdc8       ??0bad_alloc@std@@QEAA@XZ  000000014000cdc8 f i MSVCRT:throw_bad_alloc.obj
 0001:0000bde8       ??0bad_array_new_length@std@@QEAA@AEBV01@@Z 000000014000cde8 f i MSVCRT:throw_bad_alloc.obj
 0001:0000be28       ??0bad_array_new_length@std@@QEAA@XZ 000000014000ce28 f i MSVCRT:throw_bad_alloc.obj
 0001:0000be48       ??0exception@std@@QEAA@AEBV01@@Z 000000014000ce48 f i MSVCRT:throw_bad_alloc.obj
 0001:0000be80       ??0exception@std@@QEAA@QEBDH@Z 000000014000ce80 f i MSVCRT:throw_bad_alloc.obj
 0001:0000be98       ??1bad_alloc@std@@UEAA@XZ  000000014000ce98 f i MSVCRT:throw_bad_alloc.obj
 0001:0000beac       ??1bad_array_new_length@std@@UEAA@XZ 000000014000ceac f i MSVCRT:throw_bad_alloc.obj
 0001:0000bec0       ??1exception@std@@UEAA@XZ  000000014000cec0 f i MSVCRT:throw_bad_alloc.obj
 0001:0000bed4       ??_Ebad_alloc@std@@UEAAPEAXI@Z 000000014000ced4 f i MSVCRT:throw_bad_alloc.obj
 0001:0000bed4       ??_Gbad_alloc@std@@UEAAPEAXI@Z 000000014000ced4 f i MSVCRT:throw_bad_alloc.obj
 0001:0000bf18       ??_Ebad_array_new_length@std@@UEAAPEAXI@Z 000000014000cf18 f i MSVCRT:throw_bad_alloc.obj
 0001:0000bf18       ??_Gbad_array_new_length@std@@UEAAPEAXI@Z 000000014000cf18 f i MSVCRT:throw_bad_alloc.obj
 0001:0000bf5c       ??_Eexception@std@@UEAAPEAXI@Z 000000014000cf5c f i MSVCRT:throw_bad_alloc.obj
 0001:0000bf5c       ??_Gexception@std@@UEAAPEAXI@Z 000000014000cf5c f i MSVCRT:throw_bad_alloc.obj
 0001:0000bfa0       ?__scrt_throw_std_bad_alloc@@YAXXZ 000000014000cfa0 f   MSVCRT:throw_bad_alloc.obj
 0001:0000bfc0       ?__scrt_throw_std_bad_array_new_length@@YAXXZ 000000014000cfc0 f   MSVCRT:throw_bad_alloc.obj
 0001:0000bfe0       ?what@exception@std@@UEBAPEBDXZ 000000014000cfe0 f i MSVCRT:throw_bad_alloc.obj
 0001:0000bff4       _guard_check_icall_nop     000000014000cff4 f i MSVCRT:guard_support.obj
 0001:0000bff8       ReadNoFence64              000000014000cff8 f i MSVCRT:guard_support.obj
 0001:0000bffc       ReadPointerNoFence         000000014000cffc f i MSVCRT:guard_support.obj
 0001:0000c000       __guard_ss_common_verify_stub 000000014000d000 f i MSVCRT:guard_support.obj
 0001:0000c004       _guard_icall_checks_enforced 000000014000d004 f i MSVCRT:guard_support.obj
 0001:0000c01c       _guard_rf_checks_enforced  000000014000d01c f i MSVCRT:guard_support.obj
 0001:0000c040       __std_terminate            000000014000d040 f   vcruntime:VCRUNTIME140.dll
 0001:0000c046       __CxxFrameHandler3         000000014000d046 f   vcruntime:VCRUNTIME140.dll
 0001:0000c04c       memcpy                     000000014000d04c f   vcruntime:VCRUNTIME140.dll
 0001:0000c052       _purecall                  000000014000d052 f   vcruntime:VCRUNTIME140.dll
 0001:0000c058       memmove                    000000014000d058 f   vcruntime:VCRUNTIME140.dll
 0001:0000c05e       _CxxThrowException         000000014000d05e f   vcruntime:VCRUNTIME140.dll
 0001:0000c064       memcmp                     000000014000d064 f   vcruntime:VCRUNTIME140.dll
 0001:0000c06a       memset                     000000014000d06a f   vcruntime:VCRUNTIME140.dll
 0001:0000c070       __C_specific_handler       000000014000d070 f   vcruntime:VCRUNTIME140.dll
 0001:0000c076       __std_type_info_destroy_list 000000014000d076 f   vcruntime:VCRUNTIME140.dll
 0001:0000c07c       __std_exception_copy       000000014000d07c f   vcruntime:VCRUNTIME140.dll
 0001:0000c082       __std_exception_destroy    000000014000d082 f   vcruntime:VCRUNTIME140.dll
 0001:0000c088       calloc                     000000014000d088 f   ucrt:api-ms-win-crt-heap-l1-1-0.dll
 0001:0000c08e       tolower                    000000014000d08e f   ucrt:api-ms-win-crt-string-l1-1-0.dll
 0001:0000c094       _invalid_parameter_noinfo_noreturn 000000014000d094 f   ucrt:api-ms-win-crt-runtime-l1-1-0.dll
 0001:0000c09a       _invoke_watson             000000014000d09a f   ucrt:api-ms-win-crt-runtime-l1-1-0.dll
 0001:0000c0a0       _dsign                     000000014000d0a0 f   ucrt:api-ms-win-crt-math-l1-1-0.dll
 0001:0000c0a6       _dtest                     000000014000d0a6 f   ucrt:api-ms-win-crt-math-l1-1-0.dll
 0001:0000c0ac       __stdio_common_vsprintf    000000014000d0ac f   ucrt:api-ms-win-crt-stdio-l1-1-0.dll
 0001:0000c0b2       localeconv                 000000014000d0b2 f   ucrt:api-ms-win-crt-locale-l1-1-0.dll
 0001:0000c0b8       _set_errno                 000000014000d0b8 f   ucrt:api-ms-win-crt-runtime-l1-1-0.dll
 0001:0000c0be       free                       000000014000d0be f   ucrt:api-ms-win-crt-heap-l1-1-0.dll
 0001:0000c0c4       malloc                     000000014000d0c4 f   ucrt:api-ms-win-crt-heap-l1-1-0.dll
 0001:0000c0ca       mbstowcs_s                 000000014000d0ca f   ucrt:api-ms-win-crt-convert-l1-1-0.dll
 0001:0000c0d0       wcstombs_s                 000000014000d0d0 f   ucrt:api-ms-win-crt-convert-l1-1-0.dll
 0001:0000c0d6       fclose                     000000014000d0d6 f   ucrt:api-ms-win-crt-stdio-l1-1-0.dll
 0001:0000c0dc       fopen                      000000014000d0dc f   ucrt:api-ms-win-crt-stdio-l1-1-0.dll
 0001:0000c0e2       fread                      000000014000d0e2 f   ucrt:api-ms-win-crt-stdio-l1-1-0.dll
 0001:0000c0e8       fseek                      000000014000d0e8 f   ucrt:api-ms-win-crt-stdio-l1-1-0.dll
 0001:0000c0ee       ftell                      000000014000d0ee f   ucrt:api-ms-win-crt-stdio-l1-1-0.dll
 0001:0000c0f4       fwrite                     000000014000d0f4 f   ucrt:api-ms-win-crt-stdio-l1-1-0.dll
 0001:0000c0fa       _stat64i32                 000000014000d0fa f   ucrt:api-ms-win-crt-filesystem-l1-1-0.dll
 0001:0000c100       _aligned_free              000000014000d100 f   ucrt:api-ms-win-crt-heap-l1-1-0.dll
 0001:0000c106       _aligned_malloc            000000014000d106 f   ucrt:api-ms-win-crt-heap-l1-1-0.dll
 0001:0000c10c       _seh_filter_exe            000000014000d10c f   ucrt:api-ms-win-crt-runtime-l1-1-0.dll
 0001:0000c112       _set_app_type              000000014000d112 f   ucrt:api-ms-win-crt-runtime-l1-1-0.dll
 0001:0000c118       __setusermatherr           000000014000d118 f   ucrt:api-ms-win-crt-math-l1-1-0.dll
 0001:0000c11e       _configure_narrow_argv     000000014000d11e f   ucrt:api-ms-win-crt-runtime-l1-1-0.dll
 0001:0000c124       _initialize_narrow_environment 000000014000d124 f   ucrt:api-ms-win-crt-runtime-l1-1-0.dll
 0001:0000c12a       _get_initial_narrow_environment 000000014000d12a f   ucrt:api-ms-win-crt-runtime-l1-1-0.dll
 0001:0000c130       _initterm                  000000014000d130 f   ucrt:api-ms-win-crt-runtime-l1-1-0.dll
 0001:0000c136       _initterm_e                000000014000d136 f   ucrt:api-ms-win-crt-runtime-l1-1-0.dll
 0001:0000c13c       exit                       000000014000d13c f   ucrt:api-ms-win-crt-runtime-l1-1-0.dll
 0001:0000c142       _exit                      000000014000d142 f   ucrt:api-ms-win-crt-runtime-l1-1-0.dll
 0001:0000c148       _set_fmode                 000000014000d148 f   ucrt:api-ms-win-crt-stdio-l1-1-0.dll
 0001:0000c14e       __p___argc                 000000014000d14e f   ucrt:api-ms-win-crt-runtime-l1-1-0.dll
 0001:0000c154       __p___argv                 000000014000d154 f   ucrt:api-ms-win-crt-runtime-l1-1-0.dll
 0001:0000c15a       _cexit                     000000014000d15a f   ucrt:api-ms-win-crt-runtime-l1-1-0.dll
 0001:0000c160       _c_exit                    000000014000d160 f   ucrt:api-ms-win-crt-runtime-l1-1-0.dll
 0001:0000c166       _register_thread_local_exe_atexit_callback 000000014000d166 f   ucrt:api-ms-win-crt-runtime-l1-1-0.dll
 0001:0000c16c       _configthreadlocale        000000014000d16c f   ucrt:api-ms-win-crt-locale-l1-1-0.dll
 0001:0000c172       _set_new_mode              000000014000d172 f   ucrt:api-ms-win-crt-heap-l1-1-0.dll
 0001:0000c178       __p__commode               000000014000d178 f   ucrt:api-ms-win-crt-stdio-l1-1-0.dll
 0001:0000c17e       _seh_filter_dll            000000014000d17e f   ucrt:api-ms-win-crt-runtime-l1-1-0.dll
 0001:0000c184       _initialize_onexit_table   000000014000d184 f   ucrt:api-ms-win-crt-runtime-l1-1-0.dll
 0001:0000c18a       _register_onexit_function  000000014000d18a f   ucrt:api-ms-win-crt-runtime-l1-1-0.dll
 0001:0000c190       _execute_onexit_table      000000014000d190 f   ucrt:api-ms-win-crt-runtime-l1-1-0.dll
 0001:0000c196       _crt_atexit                000000014000d196 f   ucrt:api-ms-win-crt-runtime-l1-1-0.dll
 0001:0000c19c       _crt_at_quick_exit         000000014000d19c f   ucrt:api-ms-win-crt-runtime-l1-1-0.dll
 0001:0000c1a2       terminate                  000000014000d1a2 f   ucrt:api-ms-win-crt-runtime-l1-1-0.dll
 0001:0000c1a8       _callnewh                  000000014000d1a8 f   ucrt:api-ms-win-crt-heap-l1-1-0.dll
 0001:0000c1ae       FindClose                  000000014000d1ae f   kernel32:KERNEL32.dll
 0001:0000c1b4       FindFirstFileW             000000014000d1b4 f   kernel32:KERNEL32.dll
 0001:0000c1ba       FindNextFileW              000000014000d1ba f   kernel32:KERNEL32.dll
 0001:0000c1c0       GetFullPathNameW           000000014000d1c0 f   kernel32:KERNEL32.dll
 0001:0000c1c6       QueryPerformanceCounter    000000014000d1c6 f   kernel32:KERNEL32.dll
 0001:0000c1cc       GetCurrentProcessId        000000014000d1cc f   kernel32:KERNEL32.dll
 0001:0000c1d2       GetCurrentThreadId         000000014000d1d2 f   kernel32:KERNEL32.dll
 0001:0000c1d8       GetSystemTimeAsFileTime    000000014000d1d8 f   kernel32:KERNEL32.dll
 0001:0000c1de       InitializeSListHead        000000014000d1de f   kernel32:KERNEL32.dll
 0001:0000c1e4       RtlCaptureContext          000000014000d1e4 f   kernel32:KERNEL32.dll
 0001:0000c1ea       RtlLookupFunctionEntry     000000014000d1ea f   kernel32:KERNEL32.dll
 0001:0000c1f0       RtlVirtualUnwind           000000014000d1f0 f   kernel32:KERNEL32.dll
 0001:0000c1f6       IsDebuggerPresent          000000014000d1f6 f   kernel32:KERNEL32.dll
 0001:0000c1fc       UnhandledExceptionFilter   000000014000d1fc f   kernel32:KERNEL32.dll
 0001:0000c202       SetUnhandledExceptionFilter 000000014000d202 f   kernel32:KERNEL32.dll
 0001:0000c208       GetStartupInfoW            000000014000d208 f   kernel32:KERNEL32.dll
 0001:0000c20e       IsProcessorFeaturePresent  000000014000d20e f   kernel32:KERNEL32.dll
 0001:0000c214       GetModuleHandleW           000000014000d214 f   kernel32:KERNEL32.dll
 0001:0000c21a       GetCurrentProcess          000000014000d21a f   kernel32:KERNEL32.dll
 0001:0000c220       TerminateProcess           000000014000d220 f   kernel32:KERNEL32.dll
 0001:0000c228       __acrt_initialize          000000014000d228 f   MSVCRT:ucrt_stubs.obj
 0001:0000c228       __vcrt_initialize          000000014000d228 f   MSVCRT:ucrt_stubs.obj
 0001:0000c228       __scrt_stub_for_acrt_initialize 000000014000d228 f   MSVCRT:ucrt_stubs.obj
 0001:0000c22c       __acrt_thread_attach       000000014000d22c f   MSVCRT:ucrt_stubs.obj
 0001:0000c22c       __scrt_stub_for_acrt_thread_attach 000000014000d22c f   MSVCRT:ucrt_stubs.obj
 0001:0000c22c       __vcrt_thread_attach       000000014000d22c f   MSVCRT:ucrt_stubs.obj
 0001:0000c230       __scrt_stub_for_acrt_thread_detach 000000014000d230 f   MSVCRT:ucrt_stubs.obj
 0001:0000c230       __acrt_thread_detach       000000014000d230 f   MSVCRT:ucrt_stubs.obj
 0001:0000c230       __vcrt_thread_detach       000000014000d230 f   MSVCRT:ucrt_stubs.obj
 0001:0000c234       __vcrt_uninitialize        000000014000d234 f   MSVCRT:ucrt_stubs.obj
 0001:0000c234       __acrt_uninitialize        000000014000d234 f   MSVCRT:ucrt_stubs.obj
 0001:0000c234       __scrt_stub_for_acrt_uninitialize 000000014000d234 f   MSVCRT:ucrt_stubs.obj
 0001:0000c238       __scrt_stub_for_acrt_uninitialize_critical 000000014000d238 f   MSVCRT:ucrt_stubs.obj
 0001:0000c238       __vcrt_uninitialize_critical 000000014000d238 f   MSVCRT:ucrt_stubs.obj
 0001:0000c238       __acrt_uninitialize_critical 000000014000d238 f   MSVCRT:ucrt_stubs.obj
 0001:0000c23c       _is_c_termination_complete 000000014000d23c f   MSVCRT:ucrt_stubs.obj
 0001:0000c23c       __scrt_stub_for_is_c_termination_complete 000000014000d23c f   MSVCRT:ucrt_stubs.obj
 0001:0000c250       _guard_dispatch_icall_nop  000000014000d250 f   MSVCRT:_guard_dispatch_.obj
 0001:0000c270       __guard_ss_verify_failure  000000014000d270 f   MSVCRT:_rfgfailure_.obj
 0001:0000c27b       __guard_ss_verify_failure_rcx 000000014000d27b     MSVCRT:_rfgfailure_.obj
 0001:0000c281       __guard_ss_verify_failure_rdx 000000014000d281     MSVCRT:_rfgfailure_.obj
 0001:0000c287       __guard_ss_verify_failure_r8 000000014000d287     MSVCRT:_rfgfailure_.obj
 0001:0000c28d       __guard_ss_verify_failure_r9 000000014000d28d     MSVCRT:_rfgfailure_.obj
 0001:0000c293       __guard_ss_verify_failure_r10 000000014000d293     MSVCRT:_rfgfailure_.obj
 0001:0000c2a0       __guard_ss_verify_failure_default 000000014000d2a0 f   MSVCRT:_rfgfailure_.obj
 0001:0000c300       __guard_ss_verify_sp       000000014000d300 f   MSVCRT:_rfgfailure_.obj
 0001:0000c310       __guard_ss_verify_sp_default 000000014000d310 f   MSVCRT:_rfgfailure_.obj
 0002:00000000       __imp_FindClose            000000014000e000     kernel32:KERNEL32.dll
 0002:00000008       __imp_FindFirstFileW       000000014000e008     kernel32:KERNEL32.dll
 0002:00000010       __imp_FindNextFileW        000000014000e010     kernel32:KERNEL32.dll
 0002:00000018       __imp_GetFullPathNameW     000000014000e018     kernel32:KERNEL32.dll
 0002:00000020       __imp_QueryPerformanceCounter 000000014000e020     kernel32:KERNEL32.dll
 0002:00000028       __imp_GetCurrentProcessId  000000014000e028     kernel32:KERNEL32.dll
 0002:00000030       __imp_GetCurrentThreadId   000000014000e030     kernel32:KERNEL32.dll
 0002:00000038       __imp_GetSystemTimeAsFileTime 000000014000e038     kernel32:KERNEL32.dll
 0002:00000040       __imp_InitializeSListHead  000000014000e040     kernel32:KERNEL32.dll
 0002:00000048       __imp_RtlCaptureContext    000000014000e048     kernel32:KERNEL32.dll
 0002:00000050       __imp_RtlLookupFunctionEntry 000000014000e050     kernel32:KERNEL32.dll
 0002:00000058       __imp_RtlVirtualUnwind     000000014000e058     kernel32:KERNEL32.dll
 0002:00000060       __imp_IsDebuggerPresent    000000014000e060     kernel32:KERNEL32.dll
 0002:00000068       __imp_UnhandledExceptionFilter 000000014000e068     kernel32:KERNEL32.dll
 0002:00000070       __imp_SetUnhandledExceptionFilter 000000014000e070     kernel32:KERNEL32.dll
 0002:00000078       __imp_GetStartupInfoW      000000014000e078     kernel32:KERNEL32.dll
 0002:00000080       __imp_IsProcessorFeaturePresent 000000014000e080     kernel32:KERNEL32.dll
 0002:00000088       __imp_GetModuleHandleW     000000014000e088     kernel32:KERNEL32.dll
 0002:00000090       __imp_GetCurrentProcess    000000014000e090     kernel32:KERNEL32.dll
 0002:00000098       __imp_TerminateProcess     000000014000e098     kernel32:KERNEL32.dll
 0002:000000a0       \177KERNEL32_NULL_THUNK_DATA 000000014000e0a0     kernel32:KERNEL32.dll
 0002:000000a8       __imp_?sync@?$basic_streambuf@DU?$char_traits@D@std@@@std@@MEAAHXZ 000000014000e0a8     msvcprt:MSVCP140.dll
 0002:000000b0       __imp_?uflow@?$basic_streambuf@DU?$char_traits@D@std@@@std@@MEAAHXZ 000000014000e0b0     msvcprt:MSVCP140.dll
 0002:000000b8       __imp_?xsgetn@?$basic_streambuf@DU?$char_traits@D@std@@@std@@MEAA_JPEAD_J@Z 000000014000e0b8     msvcprt:MSVCP140.dll
 0002:000000c0       __imp_?xsputn@?$basic_streambuf@DU?$char_traits@D@std@@@std@@MEAA_JPEBD_J@Z 000000014000e0c0     msvcprt:MSVCP140.dll
[...]
 0004:000009f0       $pdata$2$?read_file@bento@@YA_NPEBDAEAV?$Vector@D@1@W4FileType@1@@Z 00000001400159f0     bento_sdk:file_system.obj
 0004:000009fc       $pdata$3$?read_file@bento@@YA_NPEBDAEAV?$Vector@D@1@W4FileType@1@@Z 00000001400159fc     bento_sdk:file_system.obj
 0004:00000a08       $pdata$4$?read_file@bento@@YA_NPEBDAEAV?$Vector@D@1@W4FileType@1@@Z 0000000140015a08     bento_sdk:file_system.obj
 0004:00000a14       $pdata$?strip_extension@path@bento@@YA?AVDynamicString@2@PEBDAEAVIAllocator@2@@Z 0000000140015a14     bento_sdk:file_system.obj
 0004:00000a20       $pdata$?write_file@bento@@YA_NPEBD0IW4FileType@1@@Z 0000000140015a20     bento_sdk:file_system.obj
 0004:00000a2c       $pdata$2$?write_file@bento@@YA_NPEBD0IW4FileType@1@@Z 0000000140015a2c     bento_sdk:file_system.obj
 0004:00000a38       $pdata$4$?write_file@bento@@YA_NPEBD0IW4FileType@1@@Z 0000000140015a38     bento_sdk:file_system.obj
 0004:00000a44       $pdata$5$?write_file@bento@@YA_NPEBD0IW4FileType@1@@Z 0000000140015a44     bento_sdk:file_system.obj
 0004:00000a50       $pdata$_wclosedir          0000000140015a50     bento_sdk:file_system.obj
 0004:00000a5c       $pdata$dirent_first        0000000140015a5c     bento_sdk:file_system.obj
 0004:00000a68       $pdata$opendir             0000000140015a68     bento_sdk:file_system.obj
 0004:00000a74       $pdata$0$opendir           0000000140015a74     bento_sdk:file_system.obj
 0004:00000a80       $pdata$1$opendir           0000000140015a80     bento_sdk:file_system.obj
 0004:00000a8c       $pdata$2$opendir           0000000140015a8c     bento_sdk:file_system.obj
 0004:00000a98       $pdata$3$opendir           0000000140015a98     bento_sdk:file_system.obj
 0004:00000aa4       $pdata$4$opendir           0000000140015aa4     bento_sdk:file_system.obj
 0004:00000ab0       $pdata$5$opendir           0000000140015ab0     bento_sdk:file_system.obj
 0004:00000abc       $pdata$?pack_buffer@bento@@YAXAEAV?$Vector@D@1@IPEBD@Z 0000000140015abc     bento_sdk:stream.obj
 0004:00000ac8       $pdata$1$?pack_buffer@bento@@YAXAEAV?$Vector@D@1@IPEBD@Z 0000000140015ac8     bento_sdk:stream.obj
 0004:00000ad4       $pdata$2$?pack_buffer@bento@@YAXAEAV?$Vector@D@1@IPEBD@Z 0000000140015ad4     bento_sdk:stream.obj
 0004:00000ae0       $pdata$3$?pack_buffer@bento@@YAXAEAV?$Vector@D@1@IPEBD@Z 0000000140015ae0     bento_sdk:stream.obj
 0004:00000aec       $pdata$4$?pack_buffer@bento@@YAXAEAV?$Vector@D@1@IPEBD@Z 0000000140015aec     bento_sdk:stream.obj
 0004:00000af8       $pdata$?unpack_buffer@bento@@YAXAEAPEBDIPEAD@Z 0000000140015af8     bento_sdk:stream.obj
 0004:00000b04       $pdata$0$?unpack_buffer@bento@@YAXAEAPEBDIPEAD@Z 0000000140015b04     bento_sdk:stream.obj
 0004:00000b10       $pdata$1$?unpack_buffer@bento@@YAXAEAPEBDIPEAD@Z 0000000140015b10     bento_sdk:stream.obj
 0004:00000b1c       $pdata$??0DiskSerializer@bento@@QEAA@AEAVIAllocator@1@PEBD@Z 0000000140015b1c     bento_sdk:disk_serializer.obj
 0004:00000b28       $pdata$?internal_read_buffer@DiskSerializer@bento@@AEAA_NAEAV?$Vector@D@2@PEBD1@Z 0000000140015b28     bento_sdk:disk_serializer.obj
 0004:00000b34       $pdata$?internal_read_string@DiskSerializer@bento@@AEAA_NAEAVDynamicString@2@PEBD1@Z 0000000140015b34     bento_sdk:disk_serializer.obj
 0004:00000b40       $pdata$?internal_write_buffer@DiskSerializer@bento@@AEAA_NAEBV?$Vector@D@2@PEBD1@Z 0000000140015b40     bento_sdk:disk_serializer.obj
 0004:00000b4c       $pdata$?internal_write_string@DiskSerializer@bento@@AEAA_NAEBVDynamicString@2@PEBD1@Z 0000000140015b4c     bento_sdk:disk_serializer.obj
 0004:00000b58       $pdata$??0SystemAllocator@bento@@QEAA@XZ 0000000140015b58     bento_sdk:system_allocator.obj
 0004:00000b64       $pdata$??_GSystemAllocator@bento@@UEAAPEAXI@Z 0000000140015b64     bento_sdk:system_allocator.obj
 0004:00000b70       $pdata$?reallocate@SystemAllocator@bento@@UEAAPEAXPEAX_K11@Z 0000000140015b70     bento_sdk:system_allocator.obj
 0004:00000b7c       $pdata$?murmur_hash_64@bento@@YA_KPEBXII@Z 0000000140015b7c     bento_sdk:hash.obj
 0004:00000b88       $pdata$??$?6U?$char_traits@D@std@@@std@@YAAEAV?$basic_ostream@DU?$char_traits@D@std@@@0@AEAV10@PEBD@Z 0000000140015b88     bento_sdk:system_logger.obj
 0004:00000b94       $pdata$??1_Sentry_base@?$basic_ostream@DU?$char_traits@D@std@@@std@@QEAA@XZ 0000000140015b94     bento_sdk:system_logger.obj
 0004:00000ba0       $pdata$??1sentry@?$basic_ostream@DU?$char_traits@D@std@@@std@@QEAA@XZ 0000000140015ba0     bento_sdk:system_logger.obj
 0004:00000bac       $pdata$??_GILogger@bento@@UEAAPEAXI@Z 0000000140015bac     bento_sdk:system_logger.obj
 0004:00000bb8       $pdata$??_GSystemLogger@bento@@UEAAPEAXI@Z 0000000140015bb8     bento_sdk:system_logger.obj
 0004:00000bc4       $pdata$?log@SystemLogger@bento@@UEAAXW4Type@LogLevel@2@PEBD1@Z 0000000140015bc4     bento_sdk:system_logger.obj
 0004:00000bd0       $pdata$??_GIAllocator@bento@@UEAAPEAXI@Z 0000000140015bd0     bento_sdk:allocator.obj
 0004:00000bdc       $pdata$?pre_c_initialization@@YAHXZ 0000000140015bdc     MSVCRT:exe_main.obj
 0004:00000be8       $pdata$?post_pgo_initialization@@YAHXZ 0000000140015be8     MSVCRT:exe_main.obj
 0004:00000bf4       $pdata$?pre_cpp_initialization@@YAXXZ 0000000140015bf4     MSVCRT:exe_main.obj
 0004:00000c00       $pdata$?__scrt_common_main@@YAHXZ 0000000140015c00     MSVCRT:exe_main.obj
 0004:00000c0c       $pdata$?__scrt_common_main_seh@@YAHXZ 0000000140015c0c     MSVCRT:exe_main.obj
 0004:00000c18       $pdata$?configure_argv@__scrt_narrow_argv_policy@@SAHXZ 0000000140015c18     MSVCRT:exe_main.obj
 0004:00000c24       $pdata$?invoke_main@@YAHXZ 0000000140015c24     MSVCRT:exe_main.obj
 0004:00000c30       $pdata$?set_commode@__scrt_file_policy@@SAXXZ 0000000140015c30     MSVCRT:exe_main.obj
 0004:00000c3c       $pdata$?set_fmode@__scrt_file_policy@@SAXXZ 0000000140015c3c     MSVCRT:exe_main.obj
 0004:00000c48       $pdata$mainCRTStartup      0000000140015c48     MSVCRT:exe_main.obj
 0004:00000c54       $pdata$__GSHandlerCheck    0000000140015c54     MSVCRT:_gshandler_.obj
 0004:00000c60       $pdata$__GSHandlerCheckCommon 0000000140015c60     MSVCRT:_gshandler_.obj
 0004:00000c78       $pdata$__scrt_acquire_startup_lock 0000000140015c78     MSVCRT:utility.obj
 0004:00000c84       $pdata$__scrt_dllmain_after_initialize_c 0000000140015c84     MSVCRT:utility.obj
 0004:00000c90       $pdata$__scrt_dllmain_before_initialize_c 0000000140015c90     MSVCRT:utility.obj
 0004:00000c9c       $pdata$__scrt_dllmain_crt_thread_attach 0000000140015c9c     MSVCRT:utility.obj
 0004:00000ca8       $pdata$__scrt_dllmain_crt_thread_detach 0000000140015ca8     MSVCRT:utility.obj
 0004:00000cb4       $pdata$__scrt_dllmain_exception_filter 0000000140015cb4     MSVCRT:utility.obj
 0004:00000cc0       $pdata$__scrt_dllmain_uninitialize_c 0000000140015cc0     MSVCRT:utility.obj
 0004:00000ccc       $pdata$__scrt_dllmain_uninitialize_critical 0000000140015ccc     MSVCRT:utility.obj
 0004:00000cd8       $pdata$__scrt_initialize_crt 0000000140015cd8     MSVCRT:utility.obj
 0004:00000ce4       $pdata$__scrt_initialize_onexit_tables 0000000140015ce4     MSVCRT:utility.obj
 0004:00000cf0       $pdata$__scrt_is_nonwritable_in_current_image 0000000140015cf0     MSVCRT:utility.obj
 0004:00000cfc       $pdata$__scrt_release_startup_lock 0000000140015cfc     MSVCRT:utility.obj
 0004:00000d08       $pdata$__scrt_uninitialize_crt 0000000140015d08     MSVCRT:utility.obj
 0004:00000d14       $pdata$_onexit             0000000140015d14     MSVCRT:utility.obj
 0004:00000d20       $pdata$atexit              0000000140015d20     MSVCRT:utility.obj
 0004:00000d2c       $pdata$??_M@YAXPEAX_K1P6AX0@Z@Z 0000000140015d2c     MSVCRT:ehvecdtr.obj
 0004:00000d38       $pdata$?ArrayUnwindFilter@@YAHPEAU_EXCEPTION_POINTERS@@@Z 0000000140015d38     MSVCRT:ehvecdtr.obj
 0004:00000d44       $pdata$?__ArrayUnwind@@YAXPEAX_K1P6AX0@Z@Z 0000000140015d44     MSVCRT:ehvecdtr.obj
 0004:00000d50       $pdata$??2@YAPEAX_K@Z      0000000140015d50     MSVCRT:new_scalar.obj
 0004:00000d5c       $pdata$__GSHandlerCheck_EH 0000000140015d5c     MSVCRT:gshandlereh.obj
 0004:00000d68       $pdata$??_Gtype_info@@UEAAPEAXI@Z 0000000140015d68     MSVCRT:std_type_info_static.obj
 0004:00000d74       $pdata$__isa_available_init 0000000140015d74     MSVCRT:_cpu_disp_.obj
 0004:00000d80       $pdata$__get_entropy       0000000140015d80     MSVCRT:gs_support.obj
 0004:00000d8c       $pdata$__security_init_cookie 0000000140015d8c     MSVCRT:gs_support.obj
 0004:00000d98       $pdata$__scrt_initialize_default_local_stdio_options 0000000140015d98     MSVCRT:default_local_stdio_options.obj
 0004:00000da4       $pdata$__scrt_fastfail     0000000140015da4     MSVCRT:utility_desktop.obj
 0004:00000db0       $pdata$__scrt_get_show_window_mode 0000000140015db0     MSVCRT:utility_desktop.obj
 0004:00000dbc       $pdata$__scrt_is_managed_app 0000000140015dbc     MSVCRT:utility_desktop.obj
 0004:00000dc8       $pdata$__scrt_unhandled_exception_filter 0000000140015dc8     MSVCRT:utility_desktop.obj
 0004:00000dd4       $pdata$_RTC_Initialize     0000000140015dd4     MSVCRT:_initsect_.obj
 0004:00000de0       $pdata$_RTC_Terminate      0000000140015de0     MSVCRT:_initsect_.obj
 0004:00000dec       $pdata$__raise_securityfailure 0000000140015dec     MSVCRT:gs_report.obj
 0004:00000df8       $pdata$__report_gsfailure  0000000140015df8     MSVCRT:gs_report.obj
 0004:00000e04       $pdata$__report_rangecheckfailure 0000000140015e04     MSVCRT:gs_report.obj
 0004:00000e10       $pdata$__report_securityfailure 0000000140015e10     MSVCRT:gs_report.obj
 0004:00000e1c       $pdata$__report_securityfailureEx 0000000140015e1c     MSVCRT:gs_report.obj
 0004:00000e28       $pdata$capture_current_context 0000000140015e28     MSVCRT:gs_report.obj
 0004:00000e34       $pdata$capture_previous_context 0000000140015e34     MSVCRT:gs_report.obj
 0004:00000e40       $pdata$??0bad_alloc@std@@QEAA@AEBV01@@Z 0000000140015e40     MSVCRT:throw_bad_alloc.obj
 0004:00000e4c       $pdata$??0bad_array_new_length@std@@QEAA@AEBV01@@Z 0000000140015e4c     MSVCRT:throw_bad_alloc.obj
 0004:00000e58       $pdata$??0exception@std@@QEAA@AEBV01@@Z 0000000140015e58     MSVCRT:throw_bad_alloc.obj
 0004:00000e64       $pdata$??_Gbad_alloc@std@@UEAAPEAXI@Z 0000000140015e64     MSVCRT:throw_bad_alloc.obj
 0004:00000e70       $pdata$??_Gbad_array_new_length@std@@UEAAPEAXI@Z 0000000140015e70     MSVCRT:throw_bad_alloc.obj
 0004:00000e7c       $pdata$??_Gexception@std@@UEAAPEAXI@Z 0000000140015e7c     MSVCRT:throw_bad_alloc.obj
 0004:00000e88       $pdata$?__scrt_throw_std_bad_alloc@@YAXXZ 0000000140015e88     MSVCRT:throw_bad_alloc.obj
 0004:00000e94       $pdata$?__scrt_throw_std_bad_array_new_length@@YAXXZ 0000000140015e94     MSVCRT:throw_bad_alloc.obj
 0004:00000edc       $pdata$?dtor$6@?0??resize@?$Vector@VDynamicString@bento@@@bento@@QEAAXI@Z@4HA 0000000140015edc     testCompiler.obj
 0004:00000ee8       $pdata$?dtor$8@?0??resize@?$Vector@VDynamicString@bento@@@bento@@QEAAXI@Z@4HA 0000000140015ee8     testCompiler.obj
 0004:00000ef4       $pdata$?dtor$0@?0???$?HDU?$char_traits@D@std@@V?$allocator@D@1@@std@@YA?AV?$basic_string@DU?$char_traits@D@std@@V?$allocator@D@2@@0@QEBDAEBV10@@Z@4HA 0000000140015ef4     bento_sdk:asset_database.obj
 0004:00000f00       $pdata$?dtor$30@?0???$_Copy_nodes@U_Copy_tag@?$_Tree@V?$_Tmap_traits@V?$basic_string@DU?$char_traits@D@std@@V?$allocator@D@2@@std@@V?$basic_json@Vmap@std@@Vvector@2@V?$basic_string@DU?$char_traits@D@std@@V?$allocator@D@2@@2@_N_J_KNVallocator@2@Uadl_serializer@nlohmann@@@nlohmann@@U?$less@V?$basic_string@DU?$char_traits@D@std@@V?$allocator@D@2@@std@@@2@V?$allocator@U?$pair@$$CBV?$basic_string@DU?$char_traits@D@std@@V?$allocator@D@2@@std@@V?$basic_json@Vmap@std@@Vvector@2@V?$basic_string@DU?$char_traits@D@std@@V?$allocator@D@2@@2@_N_J_KNVallocator@2@Uadl_serializer@nlohmann@@@nlohmann@@@std@@@2@$0A@@std@@@std@@@?$_Tree@V?$_Tmap_traits@V?$basic_string@DU?$char_traits@D@std@@V?$allocator@D@2@@std@@V?$basic_json@Vmap@std@@Vvector@2@V?$basic_string@DU?$char_traits@D@std@@V?$allocator@D@2@@2@_N_J_KNVallocator@2@Uadl_serializer@nlohmann@@@nlohmann@@U?$less@V?$basic_string@DU?$char_traits@D@std@@V?$allocator@D@2@@std@@@2@V?$allocator@U?$pair@$$CBV?$basic_string@DU?$char_traits@D@std@@V?$allocator@D@2@@std@@V?$basic_json@Vmap@std@@Vvector@2@V?$basic_string@DU?$char_traits@D@std@@V?$allocator@D@2@@2@_N_J_KNVallocator@2@Uadl_serializer@nlohmann@@@nlohmann@@@std@@@2@$0A@@std@@@std@@IEAAPEAU?$_Tree_node@U?$pair@$$CBV?$basic_string@DU?$char_traits@D@std@@V?$allocator@D@2@@std@@V?$basic_json@Vmap@std@@Vvector@2@V?$basic_string@DU?$char_traits@D@std@@V?$allocator@D@2@@2@_N_J_KNVallocator@2@Uadl_serializer@nlohmann@@@nlohmann@@@std@@PEAX@1@PEAU21@0U_Copy_tag@01@@Z@4HA 0000000140015f00     bento_sdk:asset_database.obj
 0004:00000f0c       $pdata$?dtor$9@?0???$create@V?$map@V?$basic_string@DU?$char_traits@D@std@@V?$allocator@D@2@@std@@V?$basic_json@Vmap@std@@Vvector@2@V?$basic_string@DU?$char_traits@D@std@@V?$allocator@D@2@@2@_N_J_KNVallocator@2@Uadl_serializer@nlohmann@@@nlohmann@@U?$less@V?$basic_string@DU?$char_traits@D@std@@V?$allocator@D@2@@std@@@2@V?$allocator@U?$pair@$$CBV?$basic_string@DU?$char_traits@D@std@@V?$allocator@D@2@@std@@V?$basic_json@Vmap@std@@Vvector@2@V?$basic_string@DU?$char_traits@D@std@@V?$allocator@D@2@@2@_N_J_KNVallocator@2@Uadl_serializer@nlohmann@@@nlohmann@@@std@@@2@@std@@$$V@?$basic_json@Vmap@std@@Vvector@2@V?$basic_string@DU?$char_traits@D@std@@V?$allocator@D@2@@2@_N_J_KNVallocator@2@Uadl_serializer@nlohmann@@@nlohmann@@CAPEAV?$map@V?$basic_string@DU?$char_traits@D@std@@V?$allocator@D@2@@std@@V?$basic_json@Vmap@std@@Vvector@2@V?$basic_string@DU?$char_traits@D@std@@V?$allocator@D@2@@2@_N_J_KNVallocator@2@Uadl_serializer@nlohmann@@@nlohmann@@U?$less@V?$basic_string@DU?$char_traits@D@std@@V?$allocator@D@2@@std@@@2@V?$allocator@U?$pair@$$CBV?$basic_string@DU?$char_traits@D@std@@V?$allocator@D@2@@std@@V?$basic_json@Vmap@std@@Vvector@2@V?$basic_string@DU?$char_traits@D@std@@V?$allocator@D@2@@2@_N_J_KNVallocator@2@Uadl_serializer@nlohmann@@@nlohmann@@@std@@@2@@std@@XZ@4HA 0000000140015f0c     bento_sdk:asset_database.obj
 0004:00000f18       $pdata$?dtor$11@?0???0?$basic_json@Vmap@std@@Vvector@2@V?$basic_string@DU?$char_traits@D@std@@V?$allocator@D@2@@2@_N_J_KNVallocator@2@Uadl_serializer@nlohmann@@@nlohmann@@QEAA@AEBV01@@Z@4HA 0000000140015f18     bento_sdk:asset_database.obj
 0004:00000f24       $pdata$?dtor$231@?0???0?$basic_json@Vmap@std@@Vvector@2@V?$basic_string@DU?$char_traits@D@std@@V?$allocator@D@2@@2@_N_J_KNVallocator@2@Uadl_serializer@nlohmann@@@nlohmann@@QEAA@AEBV01@@Z@4HA 0000000140015f24     bento_sdk:asset_database.obj
 0004:00000f30       $pdata$?dtor$256@?0???0?$basic_json@Vmap@std@@Vvector@2@V?$basic_string@DU?$char_traits@D@std@@V?$allocator@D@2@@2@_N_J_KNVallocator@2@Uadl_serializer@nlohmann@@@nlohmann@@QEAA@AEBV01@@Z@4HA 0000000140015f30     bento_sdk:asset_database.obj
 0004:00000f3c       $pdata$?dtor$289@?0???0?$basic_json@Vmap@std@@Vvector@2@V?$basic_string@DU?$char_traits@D@std@@V?$allocator@D@2@@2@_N_J_KNVallocator@2@Uadl_serializer@nlohmann@@@nlohmann@@QEAA@AEBV01@@Z@4HA 0000000140015f3c     bento_sdk:asset_database.obj
 0004:00000f48       $pdata$?dtor$99@?0???0?$basic_json@Vmap@std@@Vvector@2@V?$basic_string@DU?$char_traits@D@std@@V?$allocator@D@2@@2@_N_J_KNVallocator@2@Uadl_serializer@nlohmann@@@nlohmann@@QEAA@V?$initializer_list@V?$json_ref@V?$basic_json@Vmap@std@@Vvector@2@V?$basic_string@DU?$char_traits@D@std@@V?$allocator@D@2@@2@_N_J_KNVallocator@2@Uadl_serializer@nlohmann@@@nlohmann@@@detail@nlohmann@@@std@@_NW4value_t@detail@1@@Z@4HA 0000000140015f48     bento_sdk:asset_database.obj
 0004:00000f54       $pdata$?dtor$143@?0???0?$basic_json@Vmap@std@@Vvector@2@V?$basic_string@DU?$char_traits@D@std@@V?$allocator@D@2@@2@_N_J_KNVallocator@2@Uadl_serializer@nlohmann@@@nlohmann@@QEAA@V?$initializer_list@V?$json_ref@V?$basic_json@Vmap@std@@Vvector@2@V?$basic_string@DU?$char_traits@D@std@@V?$allocator@D@2@@2@_N_J_KNVallocator@2@Uadl_serializer@nlohmann@@@nlohmann@@@detail@nlohmann@@@std@@_NW4value_t@detail@1@@Z@4HA 0000000140015f54     bento_sdk:asset_database.obj
 0004:00000f60       $pdata$?dtor$37@?0???0json_value@?$basic_json@Vmap@std@@Vvector@2@V?$basic_string@DU?$char_traits@D@std@@V?$allocator@D@2@@2@_N_J_KNVallocator@2@Uadl_serializer@nlohmann@@@nlohmann@@QEAA@W4value_t@detail@2@@Z@4HA 0000000140015f60     bento_sdk:asset_database.obj
 0004:00000f6c       $pdata$?dtor$73@?0???A?$basic_json@Vmap@std@@Vvector@2@V?$basic_string@DU?$char_traits@D@std@@V?$allocator@D@2@@2@_N_J_KNVallocator@2@Uadl_serializer@nlohmann@@@nlohmann@@QEAAAEAV01@AEBV?$basic_string@DU?$char_traits@D@std@@V?$allocator@D@2@@std@@@Z@4HA 0000000140015f6c     bento_sdk:asset_database.obj
 0004:00000f78       $pdata$?dtor$0@?0??dump@?$basic_json@Vmap@std@@Vvector@2@V?$basic_string@DU?$char_traits@D@std@@V?$allocator@D@2@@2@_N_J_KNVallocator@2@Uadl_serializer@nlohmann@@@nlohmann@@QEBA?AV?$basic_string@DU?$char_traits@D@std@@V?$allocator@D@2@@std@@HD_N@Z@4HA 0000000140015f78     bento_sdk:asset_database.obj
 0004:00000f84       $pdata$?dtor$23@?0??dump_escaped@?$serializer@V?$basic_json@Vmap@std@@Vvector@2@V?$basic_string@DU?$char_traits@D@std@@V?$allocator@D@2@@2@_N_J_KNVallocator@2@Uadl_serializer@nlohmann@@@nlohmann@@@detail@nlohmann@@AEAAXAEBV?$basic_string@DU?$char_traits@D@std@@V?$allocator@D@2@@std@@_N@Z@4HA 0000000140015f84     bento_sdk:asset_database.obj
 0004:00000f90       $pdata$?dtor$106@?0??dump_escaped@?$serializer@V?$basic_json@Vmap@std@@Vvector@2@V?$basic_string@DU?$char_traits@D@std@@V?$allocator@D@2@@2@_N_J_KNVallocator@2@Uadl_serializer@nlohmann@@@nlohmann@@@detail@nlohmann@@AEAAXAEBV?$basic_string@DU?$char_traits@D@std@@V?$allocator@D@2@@std@@_N@Z@4HA 0000000140015f90     bento_sdk:asset_database.obj
 0004:00000f9c       $pdata$?dtor$12@?0??resize@?$Vector@UTAsset@bento@@@bento@@QEAAXI@Z@4HA 0000000140015f9c     bento_sdk:asset_database.obj
 0004:00000fa8       $pdata$?dtor$17@?0??resize@?$Vector@UTAsset@bento@@@bento@@QEAAXI@Z@4HA 0000000140015fa8     bento_sdk:asset_database.obj
 0004:00000fb4       $pdata$?dtor$3@?0??to_string@bento@@YAXAEAVDynamicString@1@AEBVTAssetDatabase@1@@Z@4HA 0000000140015fb4     bento_sdk:asset_database.obj
 0004:00000fc0       $pdata$?dtor$7@?0??to_string@bento@@YAXAEAVDynamicString@1@AEBVTAssetDatabase@1@@Z@4HA 0000000140015fc0     bento_sdk:asset_database.obj
 0004:00000fcc       $pdata$?dtor$12@?0??to_string@bento@@YAXAEAVDynamicString@1@AEBVTAssetDatabase@1@@Z@4HA 0000000140015fcc     bento_sdk:asset_database.obj
 0004:00000fd8       $pdata$?dtor$16@?0??to_string@bento@@YAXAEAVDynamicString@1@AEBVTAssetDatabase@1@@Z@4HA 0000000140015fd8     bento_sdk:asset_database.obj
 0004:00000fe4       $pdata$?dtor$18@?0??to_string@bento@@YAXAEAVDynamicString@1@AEBVTAssetDatabase@1@@Z@4HA 0000000140015fe4     bento_sdk:asset_database.obj
 0004:00000ff0       $pdata$?dtor$17@?0??collect_files_with_extension@file_system@bento@@YAXPEBD0AEAV?$Vector@VDynamicString@bento@@@2@@Z@4HA 0000000140015ff0     bento_sdk:file_system.obj
 0004:00000ffc       $pdata$?dtor$1@?0??push_back@?$Vector@VDynamicString@bento@@@bento@@QEAAXAEBVDynamicString@2@@Z@4HA 0000000140015ffc     bento_sdk:file_system.obj
 0004:00001008       $pdata$?filt$0@?0??__scrt_common_main_seh@@YAHXZ@4HA 0000000140016008     MSVCRT:exe_main.obj
 0004:00001014       $pdata$__scrt_is_nonwritable_in_current_image$filt$0 0000000140016014     MSVCRT:utility.obj
 0004:00001020       $pdata$?fin$0@?0???_M@YAXPEAX_K1P6AX0@Z@Z@4HA 0000000140016020     MSVCRT:ehvecdtr.obj
 0004:0000102c       $pdata$?filt$0@?0??__ArrayUnwind@@YAXPEAX_K1P6AX0@Z@Z@4HA 000000014001602c     MSVCRT:ehvecdtr.obj
 0005:00000060       $R000000                   0000000140017060     * linker generated manifest res *
