 testSquare

 Timestamp is 5bd76286 (Mon Oct 29 20:41:58 2018)

 Preferred load address is 0000000140000000

 Start         Length     Name                   Class
 0001:00000000 00000040H .text$di                CODE
 0001:00000040 00002c20H .text$mn                CODE
 0001:00002c60 000000e0H .text$mn$00             CODE
 0001:00002d40 00000080H .text$x                 CODE
 0001:00002dc0 0000001cH .text$yd                CODE
 0002:00000000 000002f8H .idata$5                DATA
 0002:000002f8 00000020H .00cfg                  DATA
 0002:00000318 00000008H .CRT$XCA                DATA
 0002:00000320 00000008H .CRT$XCAA               DATA
 0002:00000328 00000010H .CRT$XCU                DATA
 0002:00000338 00000008H .CRT$XCZ                DATA
 0002:00000340 00000008H .CRT$XIA                DATA
 0002:00000348 00000008H .CRT$XIAA               DATA
 0002:00000350 00000008H .CRT$XIAC               DATA
 0002:00000358 00000008H .CRT$XIZ                DATA
 0002:00000360 00000008H .CRT$XPA                DATA
 0002:00000368 00000008H .CRT$XPZ                DATA
 0002:00000370 00000008H .CRT$XTA                DATA
 0002:00000378 00000008H .CRT$XTZ                DATA
 0002:00000380 00000000H .gfids$y                DATA
 0002:00000380 00000650H .rdata                  DATA
 0002:000009d0 000001f4H .rdata$r                DATA
 0002:00000bc4 00000354H .rdata$zzzdbg           DATA
 0002:00000f18 00000008H .rtc$IAA                DATA
 0002:00000f20 00000008H .rtc$IZZ                DATA
 0002:00000f28 00000008H .rtc$TAA                DATA
 0002:00000f30 00000008H .rtc$TZZ                DATA
 0002:00000f38 00000560H .xdata                  DATA
 0002:00001498 000000ecH .xdata$x                DATA
 0002:00001584 00000000H .edata                  DATA
 0002:00001584 000000b4H .idata$2                DATA
 0002:00001638 00000018H .idata$3                DATA
 0002:00001650 000002f8H .idata$4                DATA
 0002:00001948 000008daH .idata$6                DATA
 0003:00000000 00000058H .data                   DATA
 0003:00000058 000000a8H .data$r                 DATA
 0003:00000100 00000618H .bss                    DATA
 0004:00000000 000004a4H .pdata                  DATA
 0005:00000000 00000060H .rsrc$01                DATA
 0005:00000060 00000180H .rsrc$02                DATA

  Address         Publics by Value              Rva+Base               Lib:Object

 0000:00000000       __guard_iat_count          0000000000000000     <absolute>
 0000:00000000       ___safe_se_handler_count   0000000000000000     <absolute>
 0000:00000000       __guard_longjmp_table      0000000000000000     <absolute>
 0000:00000000       __guard_fids_table         0000000000000000     <absolute>
 0000:00000000       __hybrid_code_map_count    0000000000000000     <absolute>
 0000:00000000       __hybrid_code_map          0000000000000000     <absolute>
 0000:00000000       ___safe_se_handler_table   0000000000000000     <absolute>
 0000:00000000       __guard_fids_count         0000000000000000     <absolute>
 0000:00000000       __enclave_config           0000000000000000     <absolute>
 0000:00000000       __hybrid_auxiliary_iat     0000000000000000     <absolute>
 0000:00000000       __guard_iat_table          0000000000000000     <absolute>
 0000:00000000       __dynamic_value_reloc_table 0000000000000000     <absolute>
 0000:00000000       __guard_longjmp_count      0000000000000000     <absolute>
 0000:00000100       __guard_flags              0000000000000100     <absolute>
 0000:00000000       __ImageBase                0000000140000000     <linker-defined>
 0001:00000040       ??0?$Vector@M@bento@@QEAA@AEAVIAllocator@1@I@Z 0000000140001040 f i testSquare.obj
 0001:000000e0       ??1?$Vector@M@bento@@QEAA@XZ 00000001400010e0 f i testSquare.obj
 0001:00000120       ?clear@?$Vector@M@bento@@QEAAXXZ 0000000140001120 f i testSquare.obj
 0001:00000130       ?free@?$Vector@M@bento@@QEAAXXZ 0000000140001130 f i testSquare.obj
 0001:00000160       ?reserve@?$Vector@M@bento@@QEAAXI@Z 0000000140001160 f i testSquare.obj
 0001:000001d0       ?resize@?$Vector@M@bento@@QEAAXI@Z 00000001400011d0 f i testSquare.obj
 0001:00000270       main                       0000000140001270 f   testSquare.obj
 0001:00000500       ??$_Allocate@U?$_Default_allocate_traits@$00@std@@@std@@YAPEAX_K0_K@Z 0000000140001500 f i noiseless_sdk:compute_api.obj
 0001:00000580       ??1?$vector@PEAU_cl_platform_id@@V?$allocator@PEAU_cl_platform_id@@@std@@@std@@QEAA@XZ 0000000140001580 f i noiseless_sdk:compute_api.obj
 0001:00000590       ?_Fail@?$_Default_allocate_traits@$00@std@@SAXXZ 0000000140001590 f i noiseless_sdk:compute_api.obj
 0001:000005a0       ?_Tidy@?$vector@PEAU_cl_platform_id@@V?$allocator@PEAU_cl_platform_id@@@std@@@std@@AEAAXXZ 00000001400015a0 f i noiseless_sdk:compute_api.obj
 0001:00000630       ?create_buffer@noiseless@@YA_K_K0W4Type@ComputeBufferType@1@@Z 0000000140001630 f   noiseless_sdk:compute_api.obj
 0001:000006e0       ?create_compute_context@noiseless@@YA_KXZ 00000001400016e0 f   noiseless_sdk:compute_api.obj
 0001:000009b0       ?create_kernel@noiseless@@YA_K_KPEBD@Z 00000001400019b0 f   noiseless_sdk:compute_api.obj
 0001:000009f0       ?create_program_source@noiseless@@YA_K_KPEBD@Z 00000001400019f0 f   noiseless_sdk:compute_api.obj
 0001:00000af0       ?destroy_buffer@noiseless@@YAX_K@Z 0000000140001af0 f   noiseless_sdk:compute_api.obj
 0001:00000b20       ?destroy_compute_context@noiseless@@YAX_K@Z 0000000140001b20 f   noiseless_sdk:compute_api.obj
 0001:00000b50       ?destroy_kernel@noiseless@@YAX_K@Z 0000000140001b50 f   noiseless_sdk:compute_api.obj
 0001:00000b60       ?destroy_program@noiseless@@YAX_K@Z 0000000140001b60 f   noiseless_sdk:compute_api.obj
 0001:00000b70       ?evaluate_platforms@noiseless@@YA_KAEAV?$vector@PEAU_cl_platform_id@@V?$allocator@PEAU_cl_platform_id@@@std@@@std@@@Z 0000000140001b70 f   noiseless_sdk:compute_api.obj
 0001:00000c20       ?kernel_argument@noiseless@@YA_N_KH0@Z 0000000140001c20 f   noiseless_sdk:compute_api.obj
 0001:00000c60       ?kernel_argument@noiseless@@YA_N_KHIPEAE@Z 0000000140001c60 f   noiseless_sdk:compute_api.obj
 0001:00000ca0       ?launch_kernel_1D@noiseless@@YA_N_K00@Z 0000000140001ca0 f   noiseless_sdk:compute_api.obj
 0001:00000d10       ?launch_kernel_2D@noiseless@@YA_N_K000@Z 0000000140001d10 f   noiseless_sdk:compute_api.obj
 0001:00000d90       ?read_buffer@noiseless@@YA_N_K0PEAE@Z 0000000140001d90 f   noiseless_sdk:compute_api.obj
 0001:00000df0       ?wait_command_queue@noiseless@@YAX_K@Z 0000000140001df0 f   noiseless_sdk:compute_api.obj
 0001:00000e00       ?write_buffer@noiseless@@YA_N_K0PEAE@Z 0000000140001e00 f   noiseless_sdk:compute_api.obj
 0001:00000e60       ?__handle_fail@bento@@YAXPEBD0H@Z 0000000140001e60 f   bento_sdk:security.obj
 0001:00000ec0       ?print_trace@bento@@YAXXZ  0000000140001ec0 f   bento_sdk:security.obj
 0001:00000ed0       ?common_allocator@bento@@YAPEAVIAllocator@1@XZ 0000000140001ed0 f   bento_sdk:common.obj
 0001:00000ee0       ?default_logger@bento@@YAPEAVILogger@1@XZ 0000000140001ee0 f   bento_sdk:log.obj
 0001:00000ef0       ?reset_logger@bento@@YAXXZ 0000000140001ef0 f   bento_sdk:log.obj
 0001:00000f00       ?set_default_logger@bento@@YAXPEAVILogger@1@@Z 0000000140001f00 f   bento_sdk:log.obj
 0001:00000f10       ??0SystemAllocator@bento@@QEAA@XZ 0000000140001f10 f   bento_sdk:system_allocator.obj
 0001:00000f40       ??1SystemAllocator@bento@@UEAA@XZ 0000000140001f40 f   bento_sdk:system_allocator.obj
 0001:00000f50       ??_GSystemAllocator@bento@@UEAAPEAXI@Z 0000000140001f50 f i bento_sdk:system_allocator.obj
 0001:00000f50       ??_ESystemAllocator@bento@@UEAAPEAXI@Z 0000000140001f50 f i bento_sdk:system_allocator.obj
 0001:00000f90       ?allocate@SystemAllocator@bento@@UEAAPEAX_K0@Z 0000000140001f90 f   bento_sdk:system_allocator.obj
 0001:00000fa0       ?deallocate@SystemAllocator@bento@@UEAAXPEAX@Z 0000000140001fa0 f   bento_sdk:system_allocator.obj
 0001:00000fb0       ?reallocate@SystemAllocator@bento@@UEAAPEAXPEAX_K11@Z 0000000140001fb0 f   bento_sdk:system_allocator.obj
 0001:00001030       ??$?6U?$char_traits@D@std@@@std@@YAAEAV?$basic_ostream@DU?$char_traits@D@std@@@0@AEAV10@PEBD@Z 0000000140002030 f i bento_sdk:system_logger.obj
 0001:00001200       ??0SystemLogger@bento@@QEAA@XZ 0000000140002200 f   bento_sdk:system_logger.obj
 0001:00001210       ??1ILogger@bento@@UEAA@XZ  0000000140002210 f i bento_sdk:system_logger.obj
 0001:00001220       ??1SystemLogger@bento@@UEAA@XZ 0000000140002220 f   bento_sdk:system_logger.obj
 0001:00001230       ??1_Sentry_base@?$basic_ostream@DU?$char_traits@D@std@@@std@@QEAA@XZ 0000000140002230 f i bento_sdk:system_logger.obj
 0001:00001260       ??1sentry@?$basic_ostream@DU?$char_traits@D@std@@@std@@QEAA@XZ 0000000140002260 f i bento_sdk:system_logger.obj
 0001:000012a0       ??_GILogger@bento@@UEAAPEAXI@Z 00000001400022a0 f i bento_sdk:system_logger.obj
 0001:000012a0       ??_EILogger@bento@@UEAAPEAXI@Z 00000001400022a0 f i bento_sdk:system_logger.obj
 0001:000012d0       ??_ESystemLogger@bento@@UEAAPEAXI@Z 00000001400022d0 f i bento_sdk:system_logger.obj
 0001:000012d0       ??_GSystemLogger@bento@@UEAAPEAXI@Z 00000001400022d0 f i bento_sdk:system_logger.obj
 0001:00001300       ?level_to_string@bento@@YAPEBDW4Type@LogLevel@1@@Z 0000000140002300 f   bento_sdk:system_logger.obj
 0001:00001340       ?log@SystemLogger@bento@@UEAAXW4Type@LogLevel@2@PEBD1@Z 0000000140002340 f   bento_sdk:system_logger.obj
 0001:000013f0       ??0IAllocator@bento@@QEAA@XZ 00000001400023f0 f   bento_sdk:allocator.obj
 0001:00001400       ??1IAllocator@bento@@UEAA@XZ 0000000140002400 f   bento_sdk:allocator.obj
 0001:00001410       ??_GIAllocator@bento@@UEAAPEAXI@Z 0000000140002410 f i bento_sdk:allocator.obj
 0001:00001410       ??_EIAllocator@bento@@UEAAPEAXI@Z 0000000140002410 f i bento_sdk:allocator.obj
 0001:0000143b       clGetPlatformIDs           000000014000243b f   OpenCL:OpenCL.dll
 0001:00001441       clGetDeviceIDs             0000000140002441 f   OpenCL:OpenCL.dll
 0001:00001447       clGetDeviceInfo            0000000140002447 f   OpenCL:OpenCL.dll
 0001:0000144d       clCreateContext            000000014000244d f   OpenCL:OpenCL.dll
 0001:00001453       clReleaseContext           0000000140002453 f   OpenCL:OpenCL.dll
 0001:00001459       clCreateCommandQueueWithProperties 0000000140002459 f   OpenCL:OpenCL.dll
 0001:0000145f       clReleaseCommandQueue      000000014000245f f   OpenCL:OpenCL.dll
 0001:00001465       clCreateBuffer             0000000140002465 f   OpenCL:OpenCL.dll
 0001:0000146b       clReleaseMemObject         000000014000246b f   OpenCL:OpenCL.dll
 0001:00001471       clCreateProgramWithSource  0000000140002471 f   OpenCL:OpenCL.dll
 0001:00001477       clReleaseProgram           0000000140002477 f   OpenCL:OpenCL.dll
 0001:0000147d       clBuildProgram             000000014000247d f   OpenCL:OpenCL.dll
 0001:00001483       clGetProgramBuildInfo      0000000140002483 f   OpenCL:OpenCL.dll
 0001:00001489       clCreateKernel             0000000140002489 f   OpenCL:OpenCL.dll
 0001:0000148f       clReleaseKernel            000000014000248f f   OpenCL:OpenCL.dll
 0001:00001495       clSetKernelArg             0000000140002495 f   OpenCL:OpenCL.dll
 0001:0000149b       clFinish                   000000014000249b f   OpenCL:OpenCL.dll
 0001:000014a1       clEnqueueReadBuffer        00000001400024a1 f   OpenCL:OpenCL.dll
 0001:000014a7       clEnqueueWriteBuffer       00000001400024a7 f   OpenCL:OpenCL.dll
 0001:000014ad       clEnqueueNDRangeKernel     00000001400024ad f   OpenCL:OpenCL.dll
 0001:000014b3       ?_Xbad_alloc@std@@YAXXZ    00000001400024b3 f   msvcprt:MSVCP140.dll
 0001:000014b9       ?_Xlength_error@std@@YAXPEBD@Z 00000001400024b9 f   msvcprt:MSVCP140.dll
 0001:000014bf       ?sputc@?$basic_streambuf@DU?$char_traits@D@std@@@std@@QEAAHD@Z 00000001400024bf f   msvcprt:MSVCP140.dll
 0001:000014c5       ?sputn@?$basic_streambuf@DU?$char_traits@D@std@@@std@@QEAA_JPEBD_J@Z 00000001400024c5 f   msvcprt:MSVCP140.dll
 0001:000014cb       ?setstate@?$basic_ios@DU?$char_traits@D@std@@@std@@QEAAXH_N@Z 00000001400024cb f   msvcprt:MSVCP140.dll
 0001:000014d1       ?_Osfx@?$basic_ostream@DU?$char_traits@D@std@@@std@@QEAAXXZ 00000001400024d1 f   msvcprt:MSVCP140.dll
 0001:000014d7       ?flush@?$basic_ostream@DU?$char_traits@D@std@@@std@@QEAAAEAV12@XZ 00000001400024d7 f   msvcprt:MSVCP140.dll
 0001:0000175c       ?configure_argv@__scrt_narrow_argv_policy@@SAHXZ 000000014000275c f i MSVCRT:exe_main.obj
 0001:00001770       ?initialize_environment@__scrt_narrow_environment_policy@@SAHXZ 0000000140002770 f i MSVCRT:exe_main.obj
 0001:000017b0       ?set_app_type@__scrt_main_policy@@SAXXZ 00000001400027b0 f i MSVCRT:exe_main.obj
 0001:000017bc       ?set_commode@__scrt_file_policy@@SAXXZ 00000001400027bc f i MSVCRT:exe_main.obj
 0001:000017d8       ?set_fmode@__scrt_file_policy@@SAXXZ 00000001400027d8 f i MSVCRT:exe_main.obj
 0001:000017ec       mainCRTStartup             00000001400027ec f   MSVCRT:exe_main.obj
 0001:00001800       ??2@YAPEAX_K@Z             0000000140002800 f   MSVCRT:new_scalar.obj
 0001:0000183c       ??3@YAXPEAX_K@Z            000000014000283c f   MSVCRT:delete_scalar_size.obj
 0001:00001844       __GSHandlerCheck           0000000140002844 f   MSVCRT:_gshandler_.obj
 0001:00001864       __GSHandlerCheckCommon     0000000140002864 f   MSVCRT:_gshandler_.obj
 0001:000018d0       __security_check_cookie    00000001400028d0 f   MSVCRT:_amdsecgs_.obj
 0001:000018f4       ??$__crt_fast_decode_pointer@PEAP6AXXZ@@YAPEAP6AXXZQEAP6AXXZ@Z 00000001400028f4 f i MSVCRT:utility.obj
 0001:0000190c       ??$__crt_fast_encode_pointer@PEAP6AXXZ@@YAPEAP6AXXZQEAP6AXXZ@Z 000000014000290c f i MSVCRT:utility.obj
 0001:0000192c       ?__crt_rotate_pointer_value@@YA_K_KH@Z 000000014000292c f i MSVCRT:utility.obj
 0001:000019b4       NtCurrentTeb               00000001400029b4 f i MSVCRT:utility.obj
 0001:000019c0       __scrt_acquire_startup_lock 00000001400029c0 f   MSVCRT:utility.obj
 0001:000019fc       __scrt_dllmain_after_initialize_c 00000001400029fc f   MSVCRT:utility.obj
 0001:00001a30       __scrt_dllmain_before_initialize_c 0000000140002a30 f   MSVCRT:utility.obj
 0001:00001a48       __scrt_dllmain_crt_thread_attach 0000000140002a48 f   MSVCRT:utility.obj
 0001:00001a70       __scrt_dllmain_crt_thread_detach 0000000140002a70 f   MSVCRT:utility.obj
 0001:00001a88       __scrt_dllmain_exception_filter 0000000140002a88 f   MSVCRT:utility.obj
 0001:00001aec       __scrt_dllmain_uninitialize_c 0000000140002aec f   MSVCRT:utility.obj
 0001:00001b1c       __scrt_dllmain_uninitialize_critical 0000000140002b1c f   MSVCRT:utility.obj
 0001:00001b30       __scrt_initialize_crt      0000000140002b30 f   MSVCRT:utility.obj
 0001:00001b7c       __scrt_initialize_onexit_tables 0000000140002b7c f   MSVCRT:utility.obj
 0001:00001c5c       __scrt_is_nonwritable_in_current_image 0000000140002c5c f   MSVCRT:utility.obj
 0001:00001cf8       __scrt_release_startup_lock 0000000140002cf8 f   MSVCRT:utility.obj
 0001:00001d1c       __scrt_uninitialize_crt    0000000140002d1c f   MSVCRT:utility.obj
 0001:00001d48       _onexit                    0000000140002d48 f   MSVCRT:utility.obj
 0001:00001d98       at_quick_exit              0000000140002d98 f   MSVCRT:utility.obj
 0001:00001dd0       atexit                     0000000140002dd0 f   MSVCRT:utility.obj
 0001:00001e54       __security_init_cookie     0000000140002e54 f   MSVCRT:gs_support.obj
 0001:00001f04       _matherr                   0000000140002f04 f   MSVCRT:matherr.obj
 0001:00001f08       _get_startup_argv_mode     0000000140002f08 f   MSVCRT:argv_mode.obj
 0001:00001f10       _get_startup_commit_mode   0000000140002f10 f   MSVCRT:commit_mode.obj
 0001:00001f14       _get_startup_file_mode     0000000140002f14 f   MSVCRT:file_mode.obj
 0001:00001f1c       _get_startup_new_mode      0000000140002f1c f   MSVCRT:new_mode.obj
 0001:00001f20       _get_startup_thread_locale_mode 0000000140002f20 f   MSVCRT:thread_locale.obj
 0001:00001f24       ?__scrt_initialize_type_info@@YAXXZ 0000000140002f24 f   MSVCRT:tncleanup.obj
 0001:00001f34       ?__scrt_uninitialize_type_info@@YAXXZ 0000000140002f34 f   MSVCRT:tncleanup.obj
 0001:00001f40       _should_initialize_environment 0000000140002f40 f   MSVCRT:env_mode.obj
 0001:00001f44       _initialize_invalid_parameter_handler 0000000140002f44 f   MSVCRT:invalid_parameter_handler.obj
 0001:00001f48       _initialize_denormal_control 0000000140002f48 f   MSVCRT:denormal_control.obj
 0001:00001f4c       __local_stdio_printf_options 0000000140002f4c f i MSVCRT:default_local_stdio_options.obj
 0001:00001f54       __local_stdio_scanf_options 0000000140002f54 f i MSVCRT:default_local_stdio_options.obj
 0001:00001f5c       __scrt_initialize_default_local_stdio_options 0000000140002f5c f   MSVCRT:default_local_stdio_options.obj
 0001:00001f78       __scrt_is_user_matherr_present 0000000140002f78 f   MSVCRT:matherr_detection.obj
 0001:00001f84       __scrt_get_dyn_tls_init_callback 0000000140002f84 f   MSVCRT:dyn_tls_init.obj
 0001:00001f8c       __scrt_get_dyn_tls_dtor_callback 0000000140002f8c f   MSVCRT:dyn_tls_dtor.obj
 0001:00001f94       __crt_debugger_hook        0000000140002f94 f   MSVCRT:utility_desktop.obj
 0001:00001f9c       __scrt_fastfail            0000000140002f9c f   MSVCRT:utility_desktop.obj
 0001:000020e8       __scrt_get_show_window_mode 00000001400030e8 f   MSVCRT:utility_desktop.obj
 0001:00002124       __scrt_initialize_winrt    0000000140003124 f   MSVCRT:utility_desktop.obj
 0001:00002128       __scrt_is_managed_app      0000000140003128 f   MSVCRT:utility_desktop.obj
 0001:0000217c       __scrt_set_unhandled_exception_filter 000000014000317c f   MSVCRT:utility_desktop.obj
 0001:0000218c       __scrt_unhandled_exception_filter 000000014000318c f   MSVCRT:utility_desktop.obj
 0001:000021c4       _RTC_Initialize            00000001400031c4 f   MSVCRT:_initsect_.obj
 0001:00002210       _RTC_Terminate             0000000140003210 f   MSVCRT:_initsect_.obj
 0001:0000225c       _guard_check_icall         000000014000325c f i MSVCRT:checkcfg.obj
 0001:00002264       ??0bad_alloc@std@@AEAA@QEBD@Z 0000000140003264 f i MSVCRT:throw_bad_alloc.obj
 0001:0000227c       ??0bad_alloc@std@@QEAA@AEBV01@@Z 000000014000327c f i MSVCRT:throw_bad_alloc.obj
 0001:000022bc       ??0bad_alloc@std@@QEAA@XZ  00000001400032bc f i MSVCRT:throw_bad_alloc.obj
 0001:000022dc       ??0bad_array_new_length@std@@QEAA@AEBV01@@Z 00000001400032dc f i MSVCRT:throw_bad_alloc.obj
 0001:0000231c       ??0bad_array_new_length@std@@QEAA@XZ 000000014000331c f i MSVCRT:throw_bad_alloc.obj
 0001:0000233c       ??0exception@std@@QEAA@AEBV01@@Z 000000014000333c f i MSVCRT:throw_bad_alloc.obj
 0001:00002374       ??0exception@std@@QEAA@QEBDH@Z 0000000140003374 f i MSVCRT:throw_bad_alloc.obj
 0001:0000238c       ??1bad_alloc@std@@UEAA@XZ  000000014000338c f i MSVCRT:throw_bad_alloc.obj
 0001:000023a0       ??1bad_array_new_length@std@@UEAA@XZ 00000001400033a0 f i MSVCRT:throw_bad_alloc.obj
 0001:000023b4       ??1exception@std@@UEAA@XZ  00000001400033b4 f i MSVCRT:throw_bad_alloc.obj
 0001:000023c8       ??_Ebad_alloc@std@@UEAAPEAXI@Z 00000001400033c8 f i MSVCRT:throw_bad_alloc.obj
 0001:000023c8       ??_Gbad_alloc@std@@UEAAPEAXI@Z 00000001400033c8 f i MSVCRT:throw_bad_alloc.obj
 0001:0000240c       ??_Ebad_array_new_length@std@@UEAAPEAXI@Z 000000014000340c f i MSVCRT:throw_bad_alloc.obj
 0001:0000240c       ??_Gbad_array_new_length@std@@UEAAPEAXI@Z 000000014000340c f i MSVCRT:throw_bad_alloc.obj
 0001:00002450       ??_Eexception@std@@UEAAPEAXI@Z 0000000140003450 f i MSVCRT:throw_bad_alloc.obj
 0001:00002450       ??_Gexception@std@@UEAAPEAXI@Z 0000000140003450 f i MSVCRT:throw_bad_alloc.obj
 0001:00002494       ?__scrt_throw_std_bad_alloc@@YAXXZ 0000000140003494 f   MSVCRT:throw_bad_alloc.obj
 0001:000024b4       ?__scrt_throw_std_bad_array_new_length@@YAXXZ 00000001400034b4 f   MSVCRT:throw_bad_alloc.obj
 0001:000024d4       ?what@exception@std@@UEBAPEBDXZ 00000001400034d4 f i MSVCRT:throw_bad_alloc.obj
 0001:000024e8       ??3@YAXPEAX@Z              00000001400034e8 f   MSVCRT:delete_scalar.obj
 0001:000024f0       __raise_securityfailure    00000001400034f0 f   MSVCRT:gs_report.obj
 0001:00002524       __report_gsfailure         0000000140003524 f   MSVCRT:gs_report.obj
 0001:000025f8       __report_rangecheckfailure 00000001400035f8 f   MSVCRT:gs_report.obj
 0001:0000260c       __report_securityfailure   000000014000360c f   MSVCRT:gs_report.obj
 0001:000026a8       __report_securityfailureEx 00000001400036a8 f   MSVCRT:gs_report.obj
 0001:0000289c       __isa_available_init       000000014000389c f   MSVCRT:_cpu_disp_.obj
 0001:00002a58       __scrt_is_ucrt_dll_in_use  0000000140003a58 f   MSVCRT:ucrt_detection.obj
 0001:00002a64       _guard_check_icall_nop     0000000140003a64 f i MSVCRT:guard_support.obj
 0001:00002a68       ReadNoFence64              0000000140003a68 f i MSVCRT:guard_support.obj
 0001:00002a6c       ReadPointerNoFence         0000000140003a6c f i MSVCRT:guard_support.obj
 0001:00002a70       __guard_ss_common_verify_stub 0000000140003a70 f i MSVCRT:guard_support.obj
 0001:00002a74       _guard_icall_checks_enforced 0000000140003a74 f i MSVCRT:guard_support.obj
 0001:00002a8c       _guard_rf_checks_enforced  0000000140003a8c f i MSVCRT:guard_support.obj
 0001:00002aa4       ??1type_info@@UEAA@XZ      0000000140003aa4 f   MSVCRT:std_type_info_static.obj
 0001:00002ab0       ??_Gtype_info@@UEAAPEAXI@Z 0000000140003ab0 f i MSVCRT:std_type_info_static.obj
 0001:00002ab0       ??_Etype_info@@UEAAPEAXI@Z 0000000140003ab0 f i MSVCRT:std_type_info_static.obj
 0001:00002ae0       __std_terminate            0000000140003ae0 f   vcruntime:VCRUNTIME140.dll
 0001:00002ae6       __CxxFrameHandler3         0000000140003ae6 f   vcruntime:VCRUNTIME140.dll
 0001:00002aec       memcpy                     0000000140003aec f   vcruntime:VCRUNTIME140.dll
 0001:00002af2       memset                     0000000140003af2 f   vcruntime:VCRUNTIME140.dll
 0001:00002af8       _purecall                  0000000140003af8 f   vcruntime:VCRUNTIME140.dll
 0001:00002afe       __C_specific_handler       0000000140003afe f   vcruntime:VCRUNTIME140.dll
 0001:00002b04       __std_type_info_destroy_list 0000000140003b04 f   vcruntime:VCRUNTIME140.dll
 0001:00002b0a       __std_exception_copy       0000000140003b0a f   vcruntime:VCRUNTIME140.dll
 0001:00002b10       __std_exception_destroy    0000000140003b10 f   vcruntime:VCRUNTIME140.dll
 0001:00002b16       _CxxThrowException         0000000140003b16 f   vcruntime:VCRUNTIME140.dll
 0001:00002b1c       _invalid_parameter_noinfo_noreturn 0000000140003b1c f   ucrt:api-ms-win-crt-runtime-l1-1-0.dll
 0001:00002b22       _aligned_free              0000000140003b22 f   ucrt:api-ms-win-crt-heap-l1-1-0.dll
 0001:00002b28       _aligned_malloc            0000000140003b28 f   ucrt:api-ms-win-crt-heap-l1-1-0.dll
 0001:00002b2e       _seh_filter_exe            0000000140003b2e f   ucrt:api-ms-win-crt-runtime-l1-1-0.dll
 0001:00002b34       _set_app_type              0000000140003b34 f   ucrt:api-ms-win-crt-runtime-l1-1-0.dll
 0001:00002b3a       __setusermatherr           0000000140003b3a f   ucrt:api-ms-win-crt-math-l1-1-0.dll
 0001:00002b40       _configure_narrow_argv     0000000140003b40 f   ucrt:api-ms-win-crt-runtime-l1-1-0.dll
 0001:00002b46       _initialize_narrow_environment 0000000140003b46 f   ucrt:api-ms-win-crt-runtime-l1-1-0.dll
 0001:00002b4c       _get_initial_narrow_environment 0000000140003b4c f   ucrt:api-ms-win-crt-runtime-l1-1-0.dll
 0001:00002b52       _initterm                  0000000140003b52 f   ucrt:api-ms-win-crt-runtime-l1-1-0.dll
 0001:00002b58       _initterm_e                0000000140003b58 f   ucrt:api-ms-win-crt-runtime-l1-1-0.dll
 0001:00002b5e       exit                       0000000140003b5e f   ucrt:api-ms-win-crt-runtime-l1-1-0.dll
 0001:00002b64       _exit                      0000000140003b64 f   ucrt:api-ms-win-crt-runtime-l1-1-0.dll
 0001:00002b6a       _set_fmode                 0000000140003b6a f   ucrt:api-ms-win-crt-stdio-l1-1-0.dll
 0001:00002b70       __p___argc                 0000000140003b70 f   ucrt:api-ms-win-crt-runtime-l1-1-0.dll
 0001:00002b76       __p___argv                 0000000140003b76 f   ucrt:api-ms-win-crt-runtime-l1-1-0.dll
 0001:00002b7c       _cexit                     0000000140003b7c f   ucrt:api-ms-win-crt-runtime-l1-1-0.dll
 0001:00002b82       _c_exit                    0000000140003b82 f   ucrt:api-ms-win-crt-runtime-l1-1-0.dll
 0001:00002b88       _register_thread_local_exe_atexit_callback 0000000140003b88 f   ucrt:api-ms-win-crt-runtime-l1-1-0.dll
 0001:00002b8e       _configthreadlocale        0000000140003b8e f   ucrt:api-ms-win-crt-locale-l1-1-0.dll
 0001:00002b94       _set_new_mode              0000000140003b94 f   ucrt:api-ms-win-crt-heap-l1-1-0.dll
 0001:00002b9a       __p__commode               0000000140003b9a f   ucrt:api-ms-win-crt-stdio-l1-1-0.dll
 0001:00002ba0       _callnewh                  0000000140003ba0 f   ucrt:api-ms-win-crt-heap-l1-1-0.dll
 0001:00002ba6       malloc                     0000000140003ba6 f   ucrt:api-ms-win-crt-heap-l1-1-0.dll
 0001:00002bac       _seh_filter_dll            0000000140003bac f   ucrt:api-ms-win-crt-runtime-l1-1-0.dll
 0001:00002bb2       _initialize_onexit_table   0000000140003bb2 f   ucrt:api-ms-win-crt-runtime-l1-1-0.dll
 0001:00002bb8       _register_onexit_function  0000000140003bb8 f   ucrt:api-ms-win-crt-runtime-l1-1-0.dll
 0001:00002bbe       _execute_onexit_table      0000000140003bbe f   ucrt:api-ms-win-crt-runtime-l1-1-0.dll
 0001:00002bc4       _crt_atexit                0000000140003bc4 f   ucrt:api-ms-win-crt-runtime-l1-1-0.dll
 0001:00002bca       _crt_at_quick_exit         0000000140003bca f   ucrt:api-ms-win-crt-runtime-l1-1-0.dll
 0001:00002bd0       terminate                  0000000140003bd0 f   ucrt:api-ms-win-crt-runtime-l1-1-0.dll
 0001:00002bd6       free                       0000000140003bd6 f   ucrt:api-ms-win-crt-heap-l1-1-0.dll
 0001:00002bdc       QueryPerformanceCounter    0000000140003bdc f   kernel32:KERNEL32.dll
 0001:00002be2       GetCurrentProcessId        0000000140003be2 f   kernel32:KERNEL32.dll
 0001:00002be8       GetCurrentThreadId         0000000140003be8 f   kernel32:KERNEL32.dll
 0001:00002bee       GetSystemTimeAsFileTime    0000000140003bee f   kernel32:KERNEL32.dll
 0001:00002bf4       InitializeSListHead        0000000140003bf4 f   kernel32:KERNEL32.dll
 0001:00002bfa       RtlCaptureContext          0000000140003bfa f   kernel32:KERNEL32.dll
 0001:00002c00       RtlLookupFunctionEntry     0000000140003c00 f   kernel32:KERNEL32.dll
 0001:00002c06       RtlVirtualUnwind           0000000140003c06 f   kernel32:KERNEL32.dll
 0001:00002c0c       IsDebuggerPresent          0000000140003c0c f   kernel32:KERNEL32.dll
 0001:00002c12       UnhandledExceptionFilter   0000000140003c12 f   kernel32:KERNEL32.dll
 0001:00002c18       SetUnhandledExceptionFilter 0000000140003c18 f   kernel32:KERNEL32.dll
 0001:00002c1e       GetStartupInfoW            0000000140003c1e f   kernel32:KERNEL32.dll
 0001:00002c24       IsProcessorFeaturePresent  0000000140003c24 f   kernel32:KERNEL32.dll
 0001:00002c2a       GetModuleHandleW           0000000140003c2a f   kernel32:KERNEL32.dll
 0001:00002c30       GetCurrentProcess          0000000140003c30 f   kernel32:KERNEL32.dll
 0001:00002c36       TerminateProcess           0000000140003c36 f   kernel32:KERNEL32.dll
 0001:00002c3c       __vcrt_initialize          0000000140003c3c f   MSVCRT:ucrt_stubs.obj
 0001:00002c3c       __acrt_initialize          0000000140003c3c f   MSVCRT:ucrt_stubs.obj
 0001:00002c3c       __scrt_stub_for_acrt_initialize 0000000140003c3c f   MSVCRT:ucrt_stubs.obj
 0001:00002c40       __scrt_stub_for_acrt_thread_attach 0000000140003c40 f   MSVCRT:ucrt_stubs.obj
 0001:00002c40       __acrt_thread_attach       0000000140003c40 f   MSVCRT:ucrt_stubs.obj
 0001:00002c40       __vcrt_thread_attach       0000000140003c40 f   MSVCRT:ucrt_stubs.obj
 0001:00002c44       __acrt_thread_detach       0000000140003c44 f   MSVCRT:ucrt_stubs.obj
 0001:00002c44       __scrt_stub_for_acrt_thread_detach 0000000140003c44 f   MSVCRT:ucrt_stubs.obj
 0001:00002c44       __vcrt_thread_detach       0000000140003c44 f   MSVCRT:ucrt_stubs.obj
 0001:00002c48       __scrt_stub_for_acrt_uninitialize 0000000140003c48 f   MSVCRT:ucrt_stubs.obj
 0001:00002c48       __acrt_uninitialize        0000000140003c48 f   MSVCRT:ucrt_stubs.obj
 0001:00002c48       __vcrt_uninitialize        0000000140003c48 f   MSVCRT:ucrt_stubs.obj
 0001:00002c4c       __acrt_uninitialize_critical 0000000140003c4c f   MSVCRT:ucrt_stubs.obj
 0001:00002c4c       __scrt_stub_for_acrt_uninitialize_critical 0000000140003c4c f   MSVCRT:ucrt_stubs.obj
 0001:00002c4c       __vcrt_uninitialize_critical 0000000140003c4c f   MSVCRT:ucrt_stubs.obj
 0001:00002c50       _is_c_termination_complete 0000000140003c50 f   MSVCRT:ucrt_stubs.obj
 0001:00002c50       __scrt_stub_for_is_c_termination_complete 0000000140003c50 f   MSVCRT:ucrt_stubs.obj
 0001:00002c70       _guard_dispatch_icall_nop  0000000140003c70 f   MSVCRT:_guard_dispatch_.obj
 0001:00002c90       __guard_ss_verify_failure  0000000140003c90 f   MSVCRT:_rfgfailure_.obj
 0001:00002c9b       __guard_ss_verify_failure_rcx 0000000140003c9b     MSVCRT:_rfgfailure_.obj
 0001:00002ca1       __guard_ss_verify_failure_rdx 0000000140003ca1     MSVCRT:_rfgfailure_.obj
 0001:00002ca7       __guard_ss_verify_failure_r8 0000000140003ca7     MSVCRT:_rfgfailure_.obj
 0001:00002cad       __guard_ss_verify_failure_r9 0000000140003cad     MSVCRT:_rfgfailure_.obj
 0001:00002cb3       __guard_ss_verify_failure_r10 0000000140003cb3     MSVCRT:_rfgfailure_.obj
 0001:00002cc0       __guard_ss_verify_failure_default 0000000140003cc0 f   MSVCRT:_rfgfailure_.obj
 0001:00002d20       __guard_ss_verify_sp       0000000140003d20 f   MSVCRT:_rfgfailure_.obj
 0001:00002d30       __guard_ss_verify_sp_default 0000000140003d30 f   MSVCRT:_rfgfailure_.obj
 0002:00000000       __imp_QueryPerformanceCounter 0000000140004000     kernel32:KERNEL32.dll
 0002:00000008       __imp_GetCurrentProcessId  0000000140004008     kernel32:KERNEL32.dll
 0002:00000010       __imp_GetCurrentThreadId   0000000140004010     kernel32:KERNEL32.dll
 0002:00000018       __imp_GetSystemTimeAsFileTime 0000000140004018     kernel32:KERNEL32.dll
 0002:00000020       __imp_InitializeSListHead  0000000140004020     kernel32:KERNEL32.dll
 0002:00000028       __imp_RtlCaptureContext    0000000140004028     kernel32:KERNEL32.dll
 0002:00000030       __imp_RtlLookupFunctionEntry 0000000140004030     kernel32:KERNEL32.dll
 0002:00000038       __imp_RtlVirtualUnwind     0000000140004038     kernel32:KERNEL32.dll
 0002:00000040       __imp_IsDebuggerPresent    0000000140004040     kernel32:KERNEL32.dll
 0002:00000048       __imp_UnhandledExceptionFilter 0000000140004048     kernel32:KERNEL32.dll
 0002:00000050       __imp_SetUnhandledExceptionFilter 0000000140004050     kernel32:KERNEL32.dll
 0002:00000058       __imp_GetStartupInfoW      0000000140004058     kernel32:KERNEL32.dll
 0002:00000060       __imp_IsProcessorFeaturePresent 0000000140004060     kernel32:KERNEL32.dll
 0002:00000068       __imp_GetModuleHandleW     0000000140004068     kernel32:KERNEL32.dll
 0002:00000070       __imp_GetCurrentProcess    0000000140004070     kernel32:KERNEL32.dll
 0002:00000078       __imp_TerminateProcess     0000000140004078     kernel32:KERNEL32.dll
 0002:00000080       \177KERNEL32_NULL_THUNK_DATA 0000000140004080     kernel32:KERNEL32.dll
 0002:00000088       __imp_?_Xlength_error@std@@YAXPEBD@Z 0000000140004088     msvcprt:MSVCP140.dll
 0002:00000090       __imp_?cout@std@@3V?$basic_ostream@DU?$char_traits@D@std@@@1@A 0000000140004090     msvcprt:MSVCP140.dll
 0002:00000098       __imp_?flush@?$basic_ostream@DU?$char_traits@D@std@@@std@@QEAAAEAV12@XZ 0000000140004098     msvcprt:MSVCP140.dll
 0002:000000a0       __imp_?_Osfx@?$basic_ostream@DU?$char_traits@D@std@@@std@@QEAAXXZ 00000001400040a0     msvcprt:MSVCP140.dll
 0002:000000a8       __imp_?_Xbad_alloc@std@@YAXXZ 00000001400040a8     msvcprt:MSVCP140.dll
 0002:000000b0       __imp_?setstate@?$basic_ios@DU?$char_traits@D@std@@@std@@QEAAXH_N@Z 00000001400040b0     msvcprt:MSVCP140.dll
 0002:000000b8       __imp_?sputc@?$basic_streambuf@DU?$char_traits@D@std@@@std@@QEAAHD@Z 00000001400040b8     msvcprt:MSVCP140.dll
 0002:000000c0       __imp_?sputn@?$basic_streambuf@DU?$char_traits@D@std@@@std@@QEAA_JPEBD_J@Z 00000001400040c0     msvcprt:MSVCP140.dll
 0002:000000c8       \177MSVCP140_NULL_THUNK_DATA 00000001400040c8     msvcprt:MSVCP140.dll
 0002:000000d0       __imp_clEnqueueNDRangeKernel 00000001400040d0     OpenCL:OpenCL.dll
 0002:000000d8       __imp_clEnqueueWriteBuffer 00000001400040d8     OpenCL:OpenCL.dll
 0002:000000e0       __imp_clFinish             00000001400040e0     OpenCL:OpenCL.dll
 0002:000000e8       __imp_clSetKernelArg       00000001400040e8     OpenCL:OpenCL.dll
 0002:000000f0       __imp_clReleaseKernel      00000001400040f0     OpenCL:OpenCL.dll
 0002:000000f8       __imp_clCreateKernel       00000001400040f8     OpenCL:OpenCL.dll
 0002:00000100       __imp_clGetProgramBuildInfo 0000000140004100     OpenCL:OpenCL.dll
 0002:00000108       __imp_clBuildProgram       0000000140004108     OpenCL:OpenCL.dll
 0002:00000110       __imp_clReleaseProgram     0000000140004110     OpenCL:OpenCL.dll
 0002:00000118       __imp_clCreateProgramWithSource 0000000140004118     OpenCL:OpenCL.dll
 0002:00000120       __imp_clReleaseMemObject   0000000140004120     OpenCL:OpenCL.dll
 0002:00000128       __imp_clCreateBuffer       0000000140004128     OpenCL:OpenCL.dll
 0002:00000130       __imp_clReleaseCommandQueue 0000000140004130     OpenCL:OpenCL.dll
 0002:00000138       __imp_clCreateCommandQueueWithProperties 0000000140004138     OpenCL:OpenCL.dll
 0002:00000140       __imp_clReleaseContext     0000000140004140     OpenCL:OpenCL.dll
 0002:00000148       __imp_clCreateContext      0000000140004148     OpenCL:OpenCL.dll
 0002:00000150       __imp_clGetDeviceInfo      0000000140004150     OpenCL:OpenCL.dll
 0002:00000158       __imp_clGetDeviceIDs       0000000140004158     OpenCL:OpenCL.dll
 0002:00000160       __imp_clEnqueueReadBuffer  0000000140004160     OpenCL:OpenCL.dll
 0002:00000168       __imp_clGetPlatformIDs     0000000140004168     OpenCL:OpenCL.dll
 0002:00000170       \177OpenCL_NULL_THUNK_DATA 0000000140004170     OpenCL:OpenCL.dll
 0002:00000178       __imp__purecall            0000000140004178     vcruntime:VCRUNTIME140.dll
 0002:00000180       __imp___C_specific_handler 0000000140004180     vcruntime:VCRUNTIME140.dll
 0002:00000188       __imp___std_type_info_destroy_list 0000000140004188     vcruntime:VCRUNTIME140.dll
 0002:00000190       __imp___std_exception_copy 0000000140004190     vcruntime:VCRUNTIME140.dll
 0002:00000198       __imp___std_exception_destroy 0000000140004198     vcruntime:VCRUNTIME140.dll
 0002:000001a0       __imp__CxxThrowException   00000001400041a0     vcruntime:VCRUNTIME140.dll
 0002:000001a8       __imp_memcpy               00000001400041a8     vcruntime:VCRUNTIME140.dll
 0002:000001b0       __imp_memset               00000001400041b0     vcruntime:VCRUNTIME140.dll
 0002:000001b8       __imp___CxxFrameHandler3   00000001400041b8     vcruntime:VCRUNTIME140.dll
 0002:000001c0       __imp___std_terminate      00000001400041c0     vcruntime:VCRUNTIME140.dll
 0002:000001c8       \177VCRUNTIME140_NULL_THUNK_DATA 00000001400041c8     vcruntime:VCRUNTIME140.dll
 0002:000001d0       __imp_malloc               00000001400041d0     ucrt:api-ms-win-crt-heap-l1-1-0.dll
 0002:000001d8       __imp__callnewh            00000001400041d8     ucrt:api-ms-win-crt-heap-l1-1-0.dll
 0002:000001e0       __imp__set_new_mode        00000001400041e0     ucrt:api-ms-win-crt-heap-l1-1-0.dll
 0002:000001e8       __imp__aligned_free        00000001400041e8     ucrt:api-ms-win-crt-heap-l1-1-0.dll
 0002:000001f0       __imp__aligned_malloc      00000001400041f0     ucrt:api-ms-win-crt-heap-l1-1-0.dll
 0002:000001f8       __imp_free                 00000001400041f8     ucrt:api-ms-win-crt-heap-l1-1-0.dll
 0002:00000200       \177api-ms-win-crt-heap-l1-1-0_NULL_THUNK_DATA 0000000140004200     ucrt:api-ms-win-crt-heap-l1-1-0.dll
 0002:00000208       __imp__configthreadlocale  0000000140004208     ucrt:api-ms-win-crt-locale-l1-1-0.dll
 0002:00000210       \177api-ms-win-crt-locale-l1-1-0_NULL_THUNK_DATA 0000000140004210     ucrt:api-ms-win-crt-locale-l1-1-0.dll
 0002:00000218       __imp___setusermatherr     0000000140004218     ucrt:api-ms-win-crt-math-l1-1-0.dll
 0002:00000220       \177api-ms-win-crt-math-l1-1-0_NULL_THUNK_DATA 0000000140004220     ucrt:api-ms-win-crt-math-l1-1-0.dll
 0002:00000228       __imp__crt_at_quick_exit   0000000140004228     ucrt:api-ms-win-crt-runtime-l1-1-0.dll
 0002:00000230       __imp_terminate            0000000140004230     ucrt:api-ms-win-crt-runtime-l1-1-0.dll
 0002:00000238       __imp__initialize_onexit_table 0000000140004238     ucrt:api-ms-win-crt-runtime-l1-1-0.dll
 0002:00000240       __imp__seh_filter_dll      0000000140004240     ucrt:api-ms-win-crt-runtime-l1-1-0.dll
 0002:00000248       __imp__register_thread_local_exe_atexit_callback 0000000140004248     ucrt:api-ms-win-crt-runtime-l1-1-0.dll
 0002:00000250       __imp__crt_atexit          0000000140004250     ucrt:api-ms-win-crt-runtime-l1-1-0.dll
 0002:00000258       __imp__register_onexit_function 0000000140004258     ucrt:api-ms-win-crt-runtime-l1-1-0.dll
 0002:00000260       __imp__c_exit              0000000140004260     ucrt:api-ms-win-crt-runtime-l1-1-0.dll
 0002:00000268       __imp__cexit               0000000140004268     ucrt:api-ms-win-crt-runtime-l1-1-0.dll
 0002:00000270       __imp__seh_filter_exe      0000000140004270     ucrt:api-ms-win-crt-runtime-l1-1-0.dll
 0002:00000278       __imp___p___argv           0000000140004278     ucrt:api-ms-win-crt-runtime-l1-1-0.dll
 0002:00000280       __imp___p___argc           0000000140004280     ucrt:api-ms-win-crt-runtime-l1-1-0.dll
 0002:00000288       __imp__invalid_parameter_noinfo_noreturn 0000000140004288     ucrt:api-ms-win-crt-runtime-l1-1-0.dll
 0002:00000290       __imp__exit                0000000140004290     ucrt:api-ms-win-crt-runtime-l1-1-0.dll
 0002:00000298       __imp_exit                 0000000140004298     ucrt:api-ms-win-crt-runtime-l1-1-0.dll
 0002:000002a0       __imp__initterm_e          00000001400042a0     ucrt:api-ms-win-crt-runtime-l1-1-0.dll
 0002:000002a8       __imp__initterm            00000001400042a8     ucrt:api-ms-win-crt-runtime-l1-1-0.dll
 0002:000002b0       __imp__get_initial_narrow_environment 00000001400042b0     ucrt:api-ms-win-crt-runtime-l1-1-0.dll
 0002:000002b8       __imp__initialize_narrow_environment 00000001400042b8     ucrt:api-ms-win-crt-runtime-l1-1-0.dll
 0002:000002c0       __imp__set_app_type        00000001400042c0     ucrt:api-ms-win-crt-runtime-l1-1-0.dll
 0002:000002c8       __imp__execute_onexit_table 00000001400042c8     ucrt:api-ms-win-crt-runtime-l1-1-0.dll
 0002:000002d0       __imp__configure_narrow_argv 00000001400042d0     ucrt:api-ms-win-crt-runtime-l1-1-0.dll
 0002:000002d8       \177api-ms-win-crt-runtime-l1-1-0_NULL_THUNK_DATA 00000001400042d8     ucrt:api-ms-win-crt-runtime-l1-1-0.dll
 0002:000002e0       __imp__set_fmode           00000001400042e0     ucrt:api-ms-win-crt-stdio-l1-1-0.dll
 0002:000002e8       __imp___p__commode         00000001400042e8     ucrt:api-ms-win-crt-stdio-l1-1-0.dll
 0002:000002f0       \177api-ms-win-crt-stdio-l1-1-0_NULL_THUNK_DATA 00000001400042f0     ucrt:api-ms-win-crt-stdio-l1-1-0.dll
 0002:000002f8       __guard_check_icall_fptr   00000001400042f8     MSVCRT:guard_support.obj
 0002:00000300       __guard_dispatch_icall_fptr 0000000140004300     MSVCRT:guard_support.obj
 0002:00000308       __guard_ss_verify_failure_fptr 0000000140004308     MSVCRT:guard_support.obj
 0002:00000310       __guard_ss_verify_sp_fptr  0000000140004310     MSVCRT:guard_support.obj
 0002:00000318       __xc_a                     0000000140004318     MSVCRT:initializers.obj
 0002:00000338       __xc_z                     0000000140004338     MSVCRT:initializers.obj
 0002:00000340       __xi_a                     0000000140004340     MSVCRT:initializers.obj
 0002:00000358       __xi_z                     0000000140004358     MSVCRT:initializers.obj
 0002:00000360       __xp_a                     0000000140004360     MSVCRT:initializers.obj
 0002:00000368       __xp_z                     0000000140004368     MSVCRT:initializers.obj
 0002:00000370       __xt_a                     0000000140004370     MSVCRT:initializers.obj
 0002:00000378       __xt_z                     0000000140004378     MSVCRT:initializers.obj
 0002:00000380       ??_C@_0OG@DMPBJKOA@__kernel?5void?5process?$CI__global?5f@ 0000000140004380     testSquare.obj
 0002:000004b8       ??_C@_00CNPNBAHC@?$AA@     00000001400044b8     testSquare.obj
 0002:000004c0       ??_C@_07DEBHDLBL@process?$AA@ 00000001400044c0     testSquare.obj
 0002:000004c8       ??_C@_0DE@FKAJMCGM@D?3?2code?2Git?2personal?2noiseless?2t@ 00000001400044c8     testSquare.obj
 0002:00000500       __xmm@00000003000000020000000100000000 0000000140004500     testSquare.obj
 0002:00000540       ??_C@_0ED@JMHKEEDE@D?3?2code?2Git?2personal?2noiseless?2s@ 0000000140004540     noiseless_sdk:compute_api.obj
 0002:00000588       ??_C@_0BE@MLMDKKBF@Can?8t?5fetch?5devices?$AA@ 0000000140004588     noiseless_sdk:compute_api.obj
 0002:000005a0       ??_C@_0BF@DLKPNOOG@Can?8t?5create?5context?$AA@ 00000001400045a0     noiseless_sdk:compute_api.obj
 0002:000005b8       ??_C@_0BL@LLPIACLO@Can?8t?5create?5command?5queue?$AA@ 00000001400045b8     noiseless_sdk:compute_api.obj
 0002:000005d8       ??_C@_0CB@IAGEKLPC@Can?8t?5create?5program?5with?5source@ 00000001400045d8     noiseless_sdk:compute_api.obj
 0002:00000600       ??_C@_0BE@LAPIOMCJ@Can?8t?5create?5kernel?$AA@ 0000000140004600     noiseless_sdk:compute_api.obj
 0002:00000618       ??_C@_0BF@ENIAPGEL@Can?8t?5execute?5kernel?$AA@ 0000000140004618     noiseless_sdk:compute_api.obj
 0002:00000630       ??_C@_0BE@KCCDINBD@Can?8t?5create?5buffer?$AA@ 0000000140004630     noiseless_sdk:compute_api.obj
 0002:00000648       ??_C@_0BC@EFNEDNGM@Can?8t?5read?5buffer?$AA@ 0000000140004648     noiseless_sdk:compute_api.obj
 0002:00000660       ??_C@_0BD@HCNAHOEB@Can?8t?5write?5buffer?$AA@ 0000000140004660     noiseless_sdk:compute_api.obj
 0002:00000678       ??_C@_0BK@GDLHKOBC@Can?8t?5set?5kernel?5argument?$AA@ 0000000140004678     noiseless_sdk:compute_api.obj
 0002:00000698       ??_C@_0BD@OLBABOEK@vector?$DMT?$DO?5too?5long?$AA@ 0000000140004698     noiseless_sdk:compute_api.obj
 0002:000006b0       ??_C@_07DMOCMFND@FAILURE?$AA@ 00000001400046b0     bento_sdk:security.obj
 0002:000006b8       ??_7SystemAllocator@bento@@6B@ 00000001400046b8     bento_sdk:system_allocator.obj
 0002:00000750       ??_7ILogger@bento@@6B@     0000000140004750     bento_sdk:system_logger.obj
 0002:00000760       ??_7SystemLogger@bento@@6B@ 0000000140004760     bento_sdk:system_logger.obj
 0002:00000770       ??_C@_07NJGAEJFG@?$FLDEBUG?$FN?$AA@ 0000000140004770     bento_sdk:system_logger.obj
 0002:00000778       ??_C@_06EGHJMOEF@?$FLINFO?$FN?$AA@ 0000000140004778     bento_sdk:system_logger.obj
 0002:00000780       ??_C@_09HLHFDKBC@?$FLWARNING?$FN?$AA@ 0000000140004780     bento_sdk:system_logger.obj
 0002:00000790       ??_C@_07CEGNDBCD@?$FLERROR?$FN?$AA@ 0000000140004790     bento_sdk:system_logger.obj
 0002:00000798       ??_C@_01EEMJAFIK@?6?$AA@   0000000140004798     bento_sdk:system_logger.obj
 0002:0000079c       ??_C@_01LBDDMOBJ@?$FN?$AA@ 000000014000479c     bento_sdk:system_logger.obj
 0002:000007a0       ??_C@_01OHGJGJJP@?$FL?$AA@ 00000001400047a0     bento_sdk:system_logger.obj
 0002:000007a8       ??_7IAllocator@bento@@6B@  00000001400047a8     bento_sdk:allocator.obj
 0002:000007d0       ??_7exception@std@@6B@     00000001400047d0     MSVCRT:throw_bad_alloc.obj
 0002:000007e0       ??_C@_0BC@EOODALEL@Unknown?5exception?$AA@ 00000001400047e0     MSVCRT:throw_bad_alloc.obj
 0002:00000800       ??_7bad_alloc@std@@6B@     0000000140004800     MSVCRT:throw_bad_alloc.obj
 0002:00000810       ??_C@_0P@GHFPNOJB@bad?5allocation?$AA@ 0000000140004810     MSVCRT:throw_bad_alloc.obj
 0002:00000828       ??_7bad_array_new_length@std@@6B@ 0000000140004828     MSVCRT:throw_bad_alloc.obj
 0002:00000838       ??_C@_0BF@KINCDENJ@bad?5array?5new?5length?$AA@ 0000000140004838     MSVCRT:throw_bad_alloc.obj
 0002:00000868       ??_7type_info@@6B@         0000000140004868     MSVCRT:std_type_info_static.obj
 0002:000008d0       _load_config_used          00000001400048d0     MSVCRT:loadcfg.obj
 0002:000009d0       ??_R4exception@std@@6B@    00000001400049d0     MSVCRT:throw_bad_alloc.obj
 0002:000009f8       ??_R3exception@std@@8      00000001400049f8     MSVCRT:throw_bad_alloc.obj
 0002:00000a10       ??_R2exception@std@@8      0000000140004a10     MSVCRT:throw_bad_alloc.obj
 0002:00000a20       ??_R1A@?0A@EA@exception@std@@8 0000000140004a20     MSVCRT:throw_bad_alloc.obj
 0002:00000a48       ??_R4bad_alloc@std@@6B@    0000000140004a48     MSVCRT:throw_bad_alloc.obj
 0002:00000a70       ??_R3bad_alloc@std@@8      0000000140004a70     MSVCRT:throw_bad_alloc.obj
 0002:00000a88       ??_R2bad_alloc@std@@8      0000000140004a88     MSVCRT:throw_bad_alloc.obj
 0002:00000aa0       ??_R1A@?0A@EA@bad_alloc@std@@8 0000000140004aa0     MSVCRT:throw_bad_alloc.obj
 0002:00000ac8       ??_R4bad_array_new_length@std@@6B@ 0000000140004ac8     MSVCRT:throw_bad_alloc.obj
 0002:00000af0       ??_R3bad_array_new_length@std@@8 0000000140004af0     MSVCRT:throw_bad_alloc.obj
 0002:00000b08       ??_R2bad_array_new_length@std@@8 0000000140004b08     MSVCRT:throw_bad_alloc.obj
 0002:00000b28       ??_R1A@?0A@EA@bad_array_new_length@std@@8 0000000140004b28     MSVCRT:throw_bad_alloc.obj
 0002:00000b50       ??_R4type_info@@6B@        0000000140004b50     MSVCRT:std_type_info_static.obj
 0002:00000b78       ??_R3type_info@@8          0000000140004b78     MSVCRT:std_type_info_static.obj
 0002:00000b90       ??_R2type_info@@8          0000000140004b90     MSVCRT:std_type_info_static.obj
 0002:00000ba0       ??_R1A@?0A@EA@type_info@@8 0000000140004ba0     MSVCRT:std_type_info_static.obj
 0002:00000f18       __rtc_iaa                  0000000140004f18     MSVCRT:_initsect_.obj
 0002:00000f20       __rtc_izz                  0000000140004f20     MSVCRT:_initsect_.obj
 0002:00000f28       __rtc_taa                  0000000140004f28     MSVCRT:_initsect_.obj
 0002:00000f30       __rtc_tzz                  0000000140004f30     MSVCRT:_initsect_.obj
 0002:00001498       _TI2?AVbad_alloc@std@@     0000000140005498     MSVCRT:throw_bad_alloc.obj
 0002:000014b8       _CTA2?AVbad_alloc@std@@    00000001400054b8     MSVCRT:throw_bad_alloc.obj
 0002:000014d0       _CT??_R0?AVbad_alloc@std@@@8??0bad_alloc@std@@QEAA@AEBV01@@Z24 00000001400054d0     MSVCRT:throw_bad_alloc.obj
 0002:000014f8       _CT??_R0?AVexception@std@@@8??0exception@std@@QEAA@AEBV01@@Z24 00000001400054f8     MSVCRT:throw_bad_alloc.obj
 0002:00001520       _TI3?AVbad_array_new_length@std@@ 0000000140005520     MSVCRT:throw_bad_alloc.obj
 0002:00001540       _CTA3?AVbad_array_new_length@std@@ 0000000140005540     MSVCRT:throw_bad_alloc.obj
 0002:00001560       _CT??_R0?AVbad_array_new_length@std@@@8??0bad_array_new_length@std@@QEAA@AEBV01@@Z24 0000000140005560     MSVCRT:throw_bad_alloc.obj
 0002:00001584       __IMPORT_DESCRIPTOR_OpenCL 0000000140005584     OpenCL:OpenCL.dll
 0002:00001598       __IMPORT_DESCRIPTOR_MSVCP140 0000000140005598     msvcprt:MSVCP140.dll
 0002:000015ac       __IMPORT_DESCRIPTOR_VCRUNTIME140 00000001400055ac     vcruntime:VCRUNTIME140.dll
 0002:000015c0       __IMPORT_DESCRIPTOR_api-ms-win-crt-runtime-l1-1-0 00000001400055c0     ucrt:api-ms-win-crt-runtime-l1-1-0.dll
 0002:000015d4       __IMPORT_DESCRIPTOR_api-ms-win-crt-heap-l1-1-0 00000001400055d4     ucrt:api-ms-win-crt-heap-l1-1-0.dll
 0002:000015e8       __IMPORT_DESCRIPTOR_api-ms-win-crt-math-l1-1-0 00000001400055e8     ucrt:api-ms-win-crt-math-l1-1-0.dll
 0002:000015fc       __IMPORT_DESCRIPTOR_api-ms-win-crt-stdio-l1-1-0 00000001400055fc     ucrt:api-ms-win-crt-stdio-l1-1-0.dll
 0002:00001610       __IMPORT_DESCRIPTOR_api-ms-win-crt-locale-l1-1-0 0000000140005610     ucrt:api-ms-win-crt-locale-l1-1-0.dll
 0002:00001624       __IMPORT_DESCRIPTOR_KERNEL32 0000000140005624     kernel32:KERNEL32.dll
 0002:00001638       __NULL_IMPORT_DESCRIPTOR   0000000140005638     OpenCL:OpenCL.dll
 0003:00000000       ?squareKernel@@3PEBDEB     0000000140007000     testSquare.obj
 0003:00000008       ?__default_logger@bento@@3PEAVILogger@1@EA 0000000140007008     bento_sdk:log.obj
 0003:00000010       _fltused                   0000000140007010     MSVCRT:fltused.obj
 0003:00000020       __security_cookie          0000000140007020     MSVCRT:gs_cookie.obj
 0003:00000028       __security_cookie_complement 0000000140007028     MSVCRT:gs_cookie.obj
 0003:00000030       __scrt_native_dllmain_reason 0000000140007030     MSVCRT:utility.obj
 0003:00000034       __scrt_default_matherr     0000000140007034     MSVCRT:matherr.obj
 0003:00000038       __isa_available            0000000140007038     MSVCRT:_cpu_disp_.obj
 0003:0000003c       __isa_enabled              000000014000703c     MSVCRT:_cpu_disp_.obj
 0003:00000040       __memcpy_nt_iters          0000000140007040     MSVCRT:_cpu_disp_.obj
 0003:00000050       __scrt_ucrt_dll_is_in_use  0000000140007050     MSVCRT:ucrt_stubs.obj
 0003:00000058       ??_R0?AVbad_alloc@std@@@8  0000000140007058     MSVCRT:throw_bad_alloc.obj
 0003:00000080       ??_R0?AVexception@std@@@8  0000000140007080     MSVCRT:throw_bad_alloc.obj
 0003:000000a8       ??_R0?AVbad_array_new_length@std@@@8 00000001400070a8     MSVCRT:throw_bad_alloc.obj
 0003:000000d8       ??_R0?AVtype_info@@@8      00000001400070d8     MSVCRT:std_type_info_static.obj
 0003:00000108       ?__default_system_logger@bento@@3VSystemLogger@1@A 0000000140007108     bento_sdk:log.obj
 0003:00000110       __scrt_current_native_startup_state 0000000140007110     MSVCRT:utility.obj
 0003:00000118       __scrt_native_startup_lock 0000000140007118     MSVCRT:utility.obj
 0003:00000160       ?__type_info_root_node@@3U__type_info_node@@A 0000000140007160     MSVCRT:tncleanup.obj
 0003:00000170       ?_OptionsStorage@?1??__local_stdio_printf_options@@9@4_KA 0000000140007170     MSVCRT:default_local_stdio_options.obj
 0003:00000178       ?_OptionsStorage@?1??__local_stdio_scanf_options@@9@4_KA 0000000140007178     MSVCRT:default_local_stdio_options.obj
 0003:00000180       __scrt_debugger_hook_flag  0000000140007180     MSVCRT:utility_desktop.obj
 0003:00000700       __favor                    0000000140007700     MSVCRT:_cpu_disp_.obj
 0003:00000708       __dyn_tls_dtor_callback    0000000140007708     <common>
 0003:00000710       __dyn_tls_init_callback    0000000140007710     <common>

 entry point at        0001:000017ec

 Static symbols

 0000:ffff5000       .debug$S                   0000000140000000     OpenCL:OpenCL.dll
 0002:ffffc000       __guard_fids__guard_icall_checks_enforced 0000000140000000     MSVCRT:guard_support.obj
 0000:ffff5000       .debug$S                   0000000140000000     ucrt:api-ms-win-crt-heap-l1-1-0.dll
 0002:ffffc000       __guard_fids__             0000000140000000     MSVCRT:std_type_info_static.obj
 0000:ffff5000       .debug$S                   0000000140000000     ucrt:api-ms-win-crt-math-l1-1-0.dll
 0000:ffff5000       .debug$S                   0000000140000000     ucrt:api-ms-win-crt-locale-l1-1-0.dll
 0002:ffffc000       __guard_fids__             0000000140000000     MSVCRT:throw_bad_alloc.obj
 0002:ffffc000       __guard_fids__             0000000140000000     MSVCRT:throw_bad_alloc.obj
 0000:ffff5000       .debug$S                   0000000140000000     ucrt:api-ms-win-crt-heap-l1-1-0.dll
 0002:ffffc000       __guard_fids__             0000000140000000     MSVCRT:throw_bad_alloc.obj
 0000:ffff5000       .debug$S                   0000000140000000     ucrt:api-ms-win-crt-heap-l1-1-0.dll
 0000:ffff5000       .debug$S                   0000000140000000     ucrt:api-ms-win-crt-runtime-l1-1-0.dll
 0000:ffff5000       .debug$S                   0000000140000000     ucrt:api-ms-win-crt-heap-l1-1-0.dll
 0000:ffff5000       .debug$S                   0000000140000000     ucrt:api-ms-win-crt-heap-l1-1-0.dll
 0002:ffffc000       __guard_fids__             0000000140000000     MSVCRT:exe_main.obj
 0000:ffff5000       .debug$S                   0000000140000000     ucrt:api-ms-win-crt-runtime-l1-1-0.dll
 0002:ffffc000       $unwind$?configure_argv@__scrt_narrow_argv_policy@@SAHXZ 0000000140000000     MSVCRT:utility.obj
 0000:ffff5000       .debug$S                   0000000140000000     ucrt:api-ms-win-crt-runtime-l1-1-0.dll
 0004:ffff8000       $pdata$?configure_argv@__scrt_narrow_argv_policy@@SAHXZ 0000000140000000     MSVCRT:utility.obj
 0000:ffff5000       .debug$S                   0000000140000000     ucrt:api-ms-win-crt-runtime-l1-1-0.dll
 0000:ffff5000       .debug$S                   0000000140000000     kernel32:KERNEL32.dll
 0000:ffff5000       .debug$S                   0000000140000000     kernel32:KERNEL32.dll
 0000:ffff5000       .debug$S                   0000000140000000     kernel32:KERNEL32.dll
 0000:ffff5000       .debug$S                   0000000140000000     kernel32:KERNEL32.dll
 0000:ffff5000       .debug$S                   0000000140000000     kernel32:KERNEL32.dll
 0000:ffff5000       .debug$S                   0000000140000000     kernel32:KERNEL32.dll
 0000:ffff5000       .debug$S                   0000000140000000     kernel32:KERNEL32.dll
 0000:ffff5000       .debug$S                   0000000140000000     kernel32:KERNEL32.dll
 0000:ffff5000       .debug$S                   0000000140000000     kernel32:KERNEL32.dll
 0000:ffff5000       .debug$S                   0000000140000000     kernel32:KERNEL32.dll
 0000:ffff5000       .debug$S                   0000000140000000     kernel32:KERNEL32.dll
 0000:ffff5000       .debug$S                   0000000140000000     kernel32:KERNEL32.dll
 0000:ffff5000       .debug$S                   0000000140000000     kernel32:KERNEL32.dll
 0000:ffff5000       .debug$S                   0000000140000000     kernel32:KERNEL32.dll
 0000:ffff5000       .debug$S                   0000000140000000     kernel32:KERNEL32.dll
 0000:ffff5000       .debug$S                   0000000140000000     kernel32:KERNEL32.dll
 0000:ffff5000       .debug$S                   0000000140000000     ucrt:api-ms-win-crt-runtime-l1-1-0.dll
 0002:ffffc000       __guard_fids___scrt_set_unhandled_exception_filter 0000000140000000     MSVCRT:utility_desktop.obj
 0000:ffff5000       .debug$S                   0000000140000000     ucrt:api-ms-win-crt-heap-l1-1-0.dll
 0000:ffff5000       .debug$S                   0000000140000000     ucrt:api-ms-win-crt-runtime-l1-1-0.dll
 0000:ffff5000       .debug$S                   0000000140000000     msvcprt:MSVCP140.dll
 0000:ffff5000       .debug$S                   0000000140000000     msvcprt:MSVCP140.dll
 0000:ffff5000       .debug$S                   0000000140000000     msvcprt:MSVCP140.dll
 0000:ffff5000       .debug$S                   0000000140000000     msvcprt:MSVCP140.dll
 0000:ffff5000       .debug$S                   0000000140000000     ucrt:api-ms-win-crt-runtime-l1-1-0.dll
 0000:ffff5000       .debug$S                   0000000140000000     msvcprt:MSVCP140.dll
 0000:ffff5000       .debug$S                   0000000140000000     ucrt:api-ms-win-crt-runtime-l1-1-0.dll
 0000:ffff5000       .debug$S                   0000000140000000     msvcprt:MSVCP140.dll
 0000:ffff5000       .debug$S                   0000000140000000     ucrt:api-ms-win-crt-runtime-l1-1-0.dll
 0000:ffff5000       .debug$S                   0000000140000000     msvcprt:MSVCP140.dll
 0000:ffff5000       .debug$S                   0000000140000000     ucrt:api-ms-win-crt-runtime-l1-1-0.dll
 0000:ffff5000       .debug$S                   0000000140000000     msvcprt:MSVCP140.dll
 0000:ffff5000       .debug$S                   0000000140000000     ucrt:api-ms-win-crt-runtime-l1-1-0.dll
 0000:ffff5000       .debug$S                   0000000140000000     OpenCL:OpenCL.dll
 0000:ffff5000       .debug$S                   0000000140000000     ucrt:api-ms-win-crt-runtime-l1-1-0.dll
 0000:ffff5000       .debug$S                   0000000140000000     OpenCL:OpenCL.dll
 0000:ffff5000       .debug$S                   0000000140000000     ucrt:api-ms-win-crt-runtime-l1-1-0.dll
 0000:ffff5000       .debug$S                   0000000140000000     OpenCL:OpenCL.dll
 0000:ffff5000       .debug$S                   0000000140000000     ucrt:api-ms-win-crt-runtime-l1-1-0.dll
 0000:ffff5000       .debug$S                   0000000140000000     OpenCL:OpenCL.dll
 0000:ffff5000       .debug$S                   0000000140000000     ucrt:api-ms-win-crt-runtime-l1-1-0.dll
 0000:ffff5000       .debug$S                   0000000140000000     OpenCL:OpenCL.dll
 0000:ffff5000       .debug$S                   0000000140000000     ucrt:api-ms-win-crt-runtime-l1-1-0.dll
 0000:ffff5000       .debug$S                   0000000140000000     OpenCL:OpenCL.dll
 0000:ffff5000       .debug$S                   0000000140000000     ucrt:api-ms-win-crt-runtime-l1-1-0.dll
 0000:ffff5000       .debug$S                   0000000140000000     OpenCL:OpenCL.dll
 0000:ffff5000       .debug$S                   0000000140000000     ucrt:api-ms-win-crt-runtime-l1-1-0.dll
 0000:ffff5000       .debug$S                   0000000140000000     OpenCL:OpenCL.dll
 0000:ffff5000       .debug$S                   0000000140000000     ucrt:api-ms-win-crt-runtime-l1-1-0.dll
 0000:ffff5000       .debug$S                   0000000140000000     OpenCL:OpenCL.dll
 0000:ffff5000       .debug$S                   0000000140000000     ucrt:api-ms-win-crt-runtime-l1-1-0.dll
 0000:ffff5000       .debug$S                   0000000140000000     OpenCL:OpenCL.dll
 0000:ffff5000       .debug$S                   0000000140000000     ucrt:api-ms-win-crt-runtime-l1-1-0.dll
 0000:ffff5000       .debug$S                   0000000140000000     OpenCL:OpenCL.dll
 0000:ffff5000       .debug$S                   0000000140000000     ucrt:api-ms-win-crt-runtime-l1-1-0.dll
 0000:ffff5000       .debug$S                   0000000140000000     OpenCL:OpenCL.dll
 0000:ffff5000       .debug$S                   0000000140000000     ucrt:api-ms-win-crt-stdio-l1-1-0.dll
 0000:ffff5000       .debug$S                   0000000140000000     OpenCL:OpenCL.dll
 0000:ffff5000       .debug$S                   0000000140000000     OpenCL:OpenCL.dll
 0000:ffff5000       .debug$S                   0000000140000000     OpenCL:OpenCL.dll
 0000:ffff5000       .debug$S                   0000000140000000     ucrt:api-ms-win-crt-stdio-l1-1-0.dll
 0000:ffff5000       .debug$S                   0000000140000000     OpenCL:OpenCL.dll
 0000:ffff5000       .debug$S                   0000000140000000     OpenCL:OpenCL.dll
 0000:ffff5000       .debug$S                   0000000140000000     OpenCL:OpenCL.dll
 0000:ffff5000       .debug$S                   0000000140000000     OpenCL:OpenCL.dll
 0002:ffffc000       __guard_fids_?pre_c_initialization@@YAHXZ 0000000140000000     MSVCRT:exe_main.obj
 0000:ffff5000       .debug$S                   0000000140000000     vcruntime:VCRUNTIME140.dll
 0000:ffff5000       .debug$S                   0000000140000000     vcruntime:VCRUNTIME140.dll
 0000:ffff5000       .debug$S                   0000000140000000     vcruntime:VCRUNTIME140.dll
 0000:ffff5000       .debug$S                   0000000140000000     vcruntime:VCRUNTIME140.dll
 0000:ffff5000       .debug$S                   0000000140000000     vcruntime:VCRUNTIME140.dll
 0000:ffff5000       .debug$S                   0000000140000000     vcruntime:VCRUNTIME140.dll
 0000:ffff5000       .debug$S                   0000000140000000     vcruntime:VCRUNTIME140.dll
 0000:ffff5000       .debug$S                   0000000140000000     vcruntime:VCRUNTIME140.dll
 0000:ffff5000       .debug$S                   0000000140000000     vcruntime:VCRUNTIME140.dll
 0002:ffffc000       __guard_fids__             0000000140000000     MSVCRT:guard_support.obj
 0000:ffff5000       .debug$S                   0000000140000000     vcruntime:VCRUNTIME140.dll
 0002:ffffc004       __guard_fids__             0000000140000004     MSVCRT:exe_main.obj
 0002:ffffc008       __guard_fids__             0000000140000008     MSVCRT:exe_main.obj
 0001:00000000       ??__E__common_allocator@bento@@YAXXZ 0000000140001000 f   bento_sdk:common.obj
 0001:00000020       ??__E__default_system_logger@bento@@YAXXZ 0000000140001020 f   bento_sdk:log.obj
 0001:000014e0       ?pre_c_initialization@@YAHXZ 00000001400024e0 f   MSVCRT:exe_main.obj
 0001:0000159c       ?post_pgo_initialization@@YAHXZ 000000014000259c f   MSVCRT:exe_main.obj
 0001:000015ac       ?pre_cpp_initialization@@YAXXZ 00000001400025ac f   MSVCRT:exe_main.obj
 0001:000015c8       ?__scrt_common_main@@YAHXZ 00000001400025c8 f   MSVCRT:exe_main.obj
 0001:000015dc       ?__scrt_common_main_seh@@YAHXZ 00000001400025dc f   MSVCRT:exe_main.obj
 0001:00001778       ?invoke_main@@YAHXZ        0000000140002778 f   MSVCRT:exe_main.obj
 0001:000018c0       $$000000                   00000001400028c0     MSVCRT:_amdsecgs_.obj
 0001:00001938       ?find_pe_section@@YAPEAU_IMAGE_SECTION_HEADER@@QEAE_K@Z 0000000140002938 f   MSVCRT:utility.obj
 0001:00001984       ?is_potentially_valid_image_base@@YA_NQEAX@Z 0000000140002984 f   MSVCRT:utility.obj
 0001:00001de8       __get_entropy              0000000140002de8 f   MSVCRT:gs_support.obj
 0001:000027b8       capture_current_context    00000001400037b8 f   MSVCRT:gs_report.obj
 0001:00002828       capture_previous_context   0000000140003828 f   MSVCRT:gs_report.obj
 0001:00002c60       $$000000                   0000000140003c60     MSVCRT:_guard_dispatch_.obj
 0001:00002c80       $$000000                   0000000140003c80     MSVCRT:_rfgfailure_.obj
 0001:00002d40       main$dtor$0                0000000140003d40 f   testSquare.obj
 0001:00002d4c       main$dtor$1                0000000140003d4c f   testSquare.obj
 0001:00002d60       ?dtor$0@?0??create_compute_context@noiseless@@YA_KXZ@4HA 0000000140003d60 f   noiseless_sdk:compute_api.obj
 0001:00002d70       ?dtor$2@?0???$?6U?$char_traits@D@std@@@std@@YAAEAV?$basic_ostream@DU?$char_traits@D@std@@@0@AEAV10@PEBD@Z@4HA 0000000140003d70 f   bento_sdk:system_logger.obj
 0001:00002d7c       ?dtor$0@?0???$?6U?$char_traits@D@std@@@std@@YAAEAV?$basic_ostream@DU?$char_traits@D@std@@@0@AEAV10@PEBD@Z@4HA 0000000140003d7c f   bento_sdk:system_logger.obj
 0001:00002d88       ?filt$0@?0??__scrt_common_main_seh@@YAHXZ@4HA 0000000140003d88 f   MSVCRT:exe_main.obj
 0001:00002da6       __scrt_is_nonwritable_in_current_image$filt$0 0000000140003da6 f   MSVCRT:utility.obj
 0001:00002dc0       ??__F__common_allocator@bento@@YAXXZ 0000000140003dc0 f   bento_sdk:common.obj
 0001:00002dd0       ??__F__default_system_logger@bento@@YAXXZ 0000000140003dd0 f   bento_sdk:log.obj
 0002:00000320       ?pre_cpp_initializer@@3P6AXXZEA 0000000140004320     MSVCRT:exe_main.obj
 0002:00000328       ?__common_allocator$initializer$@bento@@3P6AXXZEA 0000000140004328     bento_sdk:common.obj
 0002:00000330       ?__default_system_logger$initializer$@bento@@3P6AXXZEA 0000000140004330     bento_sdk:log.obj
 0002:00000348       ?pre_c_initializer@@3P6AHXZEA 0000000140004348     MSVCRT:exe_main.obj
 0002:00000350       ?post_pgo_initializer@@3P6AHXZEA 0000000140004350     MSVCRT:exe_main.obj
 0002:00000468       $cppxdata$main             0000000140004468     testSquare.obj
 0002:00000490       $cppxdata$??1?$Vector@M@bento@@QEAA@XZ 0000000140004490     testSquare.obj
 0002:00000510       $cppxdata$?create_compute_context@noiseless@@YA_KXZ 0000000140004510     noiseless_sdk:compute_api.obj
 0002:000006d8       $cppxdata$??$?6U?$char_traits@D@std@@@std@@YAAEAV?$basic_ostream@DU?$char_traits@D@std@@@0@AEAV10@PEBD@Z 00000001400046d8     bento_sdk:system_logger.obj
 0002:00000700       $cppxdata$??1_Sentry_base@?$basic_ostream@DU?$char_traits@D@std@@@std@@QEAA@XZ 0000000140004700     bento_sdk:system_logger.obj
 0002:00000728       $cppxdata$??1sentry@?$basic_ostream@DU?$char_traits@D@std@@@std@@QEAA@XZ 0000000140004728     bento_sdk:system_logger.obj
 0002:00000850       GS_ExceptionPointers       0000000140004850     MSVCRT:gs_report.obj
 0002:00000f38       $unwind$main               0000000140004f38     testSquare.obj
 0002:00000f58       $stateUnwindMap$main       0000000140004f58     testSquare.obj
 0002:00000f78       $ip2state$main             0000000140004f78     testSquare.obj
 0002:00000fa8       $unwind$??0?$Vector@M@bento@@QEAA@AEAVIAllocator@1@I@Z 0000000140004fa8     testSquare.obj
 0002:00000fb8       $unwind$??1?$Vector@M@bento@@QEAA@XZ 0000000140004fb8     testSquare.obj
 0002:00000fc8       $ip2state$??1?$Vector@M@bento@@QEAA@XZ 0000000140004fc8     testSquare.obj
 0002:00000fd0       $unwind$?resize@?$Vector@M@bento@@QEAAXI@Z 0000000140004fd0     testSquare.obj
 0002:00000fe0       $unwind$?free@?$Vector@M@bento@@QEAAXXZ 0000000140004fe0     testSquare.obj
 0002:00000fe8       $unwind$?reserve@?$Vector@M@bento@@QEAAXI@Z 0000000140004fe8     testSquare.obj
 0002:00000ff8       $unwind$?create_compute_context@noiseless@@YA_KXZ 0000000140004ff8     noiseless_sdk:compute_api.obj
 0002:00001018       $stateUnwindMap$?create_compute_context@noiseless@@YA_KXZ 0000000140005018     noiseless_sdk:compute_api.obj
 0002:00001020       $ip2state$?create_compute_context@noiseless@@YA_KXZ 0000000140005020     noiseless_sdk:compute_api.obj
 0002:00001038       $unwind$?destroy_compute_context@noiseless@@YAX_K@Z 0000000140005038     noiseless_sdk:compute_api.obj
 0002:00001040       $unwind$?create_program_source@noiseless@@YA_K_KPEBD@Z 0000000140005040     noiseless_sdk:compute_api.obj
 0002:00001058       $unwind$?create_kernel@noiseless@@YA_K_KPEBD@Z 0000000140005058     noiseless_sdk:compute_api.obj
 0002:00001060       $unwind$?launch_kernel_1D@noiseless@@YA_N_K00@Z 0000000140005060     noiseless_sdk:compute_api.obj
 0002:00001068       $unwind$?launch_kernel_2D@noiseless@@YA_N_K000@Z 0000000140005068     noiseless_sdk:compute_api.obj
 0002:00001070       $unwind$?create_buffer@noiseless@@YA_K_K0W4Type@ComputeBufferType@1@@Z 0000000140005070     noiseless_sdk:compute_api.obj
 0002:00001084       $unwind$?read_buffer@noiseless@@YA_N_K0PEAE@Z 0000000140005084     noiseless_sdk:compute_api.obj
 0002:0000108c       $unwind$?write_buffer@noiseless@@YA_N_K0PEAE@Z 000000014000508c     noiseless_sdk:compute_api.obj
 0002:00001094       $unwind$?destroy_buffer@noiseless@@YAX_K@Z 0000000140005094     noiseless_sdk:compute_api.obj
 0002:0000109c       $unwind$?kernel_argument@noiseless@@YA_N_KH0@Z 000000014000509c     noiseless_sdk:compute_api.obj
 0002:000010a4       $unwind$?kernel_argument@noiseless@@YA_N_KHIPEAE@Z 00000001400050a4     noiseless_sdk:compute_api.obj
 0002:000010ac       $unwind$?evaluate_platforms@noiseless@@YA_KAEAV?$vector@PEAU_cl_platform_id@@V?$allocator@PEAU_cl_platform_id@@@std@@@std@@@Z 00000001400050ac     noiseless_sdk:compute_api.obj
 0002:000010c0       $chain$0$?evaluate_platforms@noiseless@@YA_KAEAV?$vector@PEAU_cl_platform_id@@V?$allocator@PEAU_cl_platform_id@@@std@@@std@@@Z 00000001400050c0     noiseless_sdk:compute_api.obj
 0002:000010d4       $chain$1$?evaluate_platforms@noiseless@@YA_KAEAV?$vector@PEAU_cl_platform_id@@V?$allocator@PEAU_cl_platform_id@@@std@@@std@@@Z 00000001400050d4     noiseless_sdk:compute_api.obj
 0002:000010e4       $unwind$?_Tidy@?$vector@PEAU_cl_platform_id@@V?$allocator@PEAU_cl_platform_id@@@std@@@std@@AEAAXXZ 00000001400050e4     noiseless_sdk:compute_api.obj
 0002:000010ec       $unwind$??$_Allocate@U?$_Default_allocate_traits@$00@std@@@std@@YAPEAX_K0_K@Z 00000001400050ec     noiseless_sdk:compute_api.obj
 0002:000010f4       $unwind$?_Fail@?$_Default_allocate_traits@$00@std@@SAXXZ 00000001400050f4     noiseless_sdk:compute_api.obj
 0002:000010fc       $unwind$?__handle_fail@bento@@YAXPEBD0H@Z 00000001400050fc     bento_sdk:security.obj
 0002:00001108       $unwind$??__E__common_allocator@bento@@YAXXZ 0000000140005108     bento_sdk:common.obj
 0002:00001110       $unwind$??__E__default_system_logger@bento@@YAXXZ 0000000140005110     bento_sdk:log.obj
 0002:00001118       $unwind$??0SystemAllocator@bento@@QEAA@XZ 0000000140005118     bento_sdk:system_allocator.obj
 0002:00001120       $unwind$?reallocate@SystemAllocator@bento@@UEAAPEAXPEAX_K11@Z 0000000140005120     bento_sdk:system_allocator.obj
 0002:00001138       $unwind$??_GSystemAllocator@bento@@UEAAPEAXI@Z 0000000140005138     bento_sdk:system_allocator.obj
 0002:00001144       $unwind$??_GILogger@bento@@UEAAPEAXI@Z 0000000140005144     bento_sdk:system_logger.obj
 0002:0000114c       $unwind$?log@SystemLogger@bento@@UEAAXW4Type@LogLevel@2@PEBD1@Z 000000014000514c     bento_sdk:system_logger.obj
 0002:00001158       $unwind$??_GSystemLogger@bento@@UEAAPEAXI@Z 0000000140005158     bento_sdk:system_logger.obj
 0002:00001160       $unwind$??$?6U?$char_traits@D@std@@@std@@YAAEAV?$basic_ostream@DU?$char_traits@D@std@@@0@AEAV10@PEBD@Z 0000000140005160     bento_sdk:system_logger.obj
 0002:00001180       $stateUnwindMap$??$?6U?$char_traits@D@std@@@std@@YAAEAV?$basic_ostream@DU?$char_traits@D@std@@@0@AEAV10@PEBD@Z 0000000140005180     bento_sdk:system_logger.obj
 0002:000011a0       $ip2state$??$?6U?$char_traits@D@std@@@std@@YAAEAV?$basic_ostream@DU?$char_traits@D@std@@@0@AEAV10@PEBD@Z 00000001400051a0     bento_sdk:system_logger.obj
 0002:000011d0       $unwind$??1_Sentry_base@?$basic_ostream@DU?$char_traits@D@std@@@std@@QEAA@XZ 00000001400051d0     bento_sdk:system_logger.obj
 0002:000011e0       $ip2state$??1_Sentry_base@?$basic_ostream@DU?$char_traits@D@std@@@std@@QEAA@XZ 00000001400051e0     bento_sdk:system_logger.obj
 0002:000011e8       $unwind$??1sentry@?$basic_ostream@DU?$char_traits@D@std@@@std@@QEAA@XZ 00000001400051e8     bento_sdk:system_logger.obj
 0002:000011f8       $stateUnwindMap$??1sentry@?$basic_ostream@DU?$char_traits@D@std@@@std@@QEAA@XZ 00000001400051f8     bento_sdk:system_logger.obj
 0002:00001200       $ip2state$??1sentry@?$basic_ostream@DU?$char_traits@D@std@@@std@@QEAA@XZ 0000000140005200     bento_sdk:system_logger.obj
 0002:00001218       $unwind$??_GIAllocator@bento@@UEAAPEAXI@Z 0000000140005218     bento_sdk:allocator.obj
 0002:00001220       $unwind$?configure_argv@__scrt_narrow_argv_policy@@SAHXZ 0000000140005220     MSVCRT:exe_main.obj
 0002:00001228       $unwind$?set_fmode@__scrt_file_policy@@SAXXZ 0000000140005228     MSVCRT:exe_main.obj
 0002:00001230       $unwind$?set_commode@__scrt_file_policy@@SAXXZ 0000000140005230     MSVCRT:exe_main.obj
 0002:00001238       $unwind$?invoke_main@@YAHXZ 0000000140005238     MSVCRT:exe_main.obj
 0002:00001244       $unwind$?pre_c_initialization@@YAHXZ 0000000140005244     MSVCRT:exe_main.obj
 0002:0000124c       $unwind$?post_pgo_initialization@@YAHXZ 000000014000524c     MSVCRT:exe_main.obj
 0002:00001254       $unwind$?pre_cpp_initialization@@YAXXZ 0000000140005254     MSVCRT:exe_main.obj
 0002:0000125c       $unwind$?__scrt_common_main_seh@@YAHXZ 000000014000525c     MSVCRT:exe_main.obj
 0002:00001294       $unwind$?filt$0@?0??__scrt_common_main_seh@@YAHXZ@4HA 0000000140005294     MSVCRT:exe_main.obj
 0002:0000129c       $unwind$?__scrt_common_main@@YAHXZ 000000014000529c     MSVCRT:exe_main.obj
 0002:000012a4       $unwind$mainCRTStartup     00000001400052a4     MSVCRT:exe_main.obj
 0002:000012ac       $unwind$??2@YAPEAX_K@Z     00000001400052ac     MSVCRT:new_scalar.obj
 0002:000012b4       $unwind$__GSHandlerCheckCommon 00000001400052b4     MSVCRT:_gshandler_.obj
 0002:000012bc       $unwind$__GSHandlerCheck   00000001400052bc     MSVCRT:_gshandler_.obj
 0002:000012c8       $xdatasym                  00000001400052c8     MSVCRT:_amdsecgs_.obj
 0002:000012cc       $unwind$atexit             00000001400052cc     MSVCRT:utility.obj
 0002:000012d4       $unwind$_onexit            00000001400052d4     MSVCRT:utility.obj
 0002:000012dc       $unwind$__scrt_is_nonwritable_in_current_image 00000001400052dc     MSVCRT:utility.obj
 0002:000012fc       $unwind$__scrt_is_nonwritable_in_current_image$filt$0 00000001400052fc     MSVCRT:utility.obj
 0002:00001304       $unwind$__scrt_acquire_startup_lock 0000000140005304     MSVCRT:utility.obj
 0002:0000130c       $unwind$__scrt_release_startup_lock 000000014000530c     MSVCRT:utility.obj
 0002:00001314       $unwind$__scrt_initialize_crt 0000000140005314     MSVCRT:utility.obj
 0002:0000131c       $unwind$__scrt_uninitialize_crt 000000014000531c     MSVCRT:utility.obj
 0002:00001324       $unwind$__scrt_initialize_onexit_tables 0000000140005324     MSVCRT:utility.obj
 0002:00001330       $unwind$__scrt_dllmain_exception_filter 0000000140005330     MSVCRT:utility.obj
 0002:00001344       $unwind$__scrt_dllmain_before_initialize_c 0000000140005344     MSVCRT:utility.obj
 0002:0000134c       $unwind$__scrt_dllmain_after_initialize_c 000000014000534c     MSVCRT:utility.obj
 0002:00001354       $unwind$__scrt_dllmain_uninitialize_c 0000000140005354     MSVCRT:utility.obj
 0002:0000135c       $unwind$__scrt_dllmain_uninitialize_critical 000000014000535c     MSVCRT:utility.obj
 0002:00001364       $unwind$__scrt_dllmain_crt_thread_attach 0000000140005364     MSVCRT:utility.obj
 0002:0000136c       $unwind$__scrt_dllmain_crt_thread_detach 000000014000536c     MSVCRT:utility.obj
 0002:00001374       $unwind$__security_init_cookie 0000000140005374     MSVCRT:gs_support.obj
 0002:00001380       $unwind$__get_entropy      0000000140005380     MSVCRT:gs_support.obj
 0002:00001388       $unwind$__scrt_initialize_default_local_stdio_options 0000000140005388     MSVCRT:default_local_stdio_options.obj
 0002:00001390       $unwind$__scrt_get_show_window_mode 0000000140005390     MSVCRT:utility_desktop.obj
 0002:00001398       $unwind$__scrt_is_managed_app 0000000140005398     MSVCRT:utility_desktop.obj
 0002:000013a0       $unwind$__scrt_fastfail    00000001400053a0     MSVCRT:utility_desktop.obj
 0002:000013b0       $unwind$__scrt_unhandled_exception_filter 00000001400053b0     MSVCRT:utility_desktop.obj
 0002:000013b8       $unwind$_RTC_Initialize    00000001400053b8     MSVCRT:_initsect_.obj
 0002:000013c8       $unwind$_RTC_Terminate     00000001400053c8     MSVCRT:_initsect_.obj
 0002:000013d8       $unwind$??0exception@std@@QEAA@AEBV01@@Z 00000001400053d8     MSVCRT:throw_bad_alloc.obj
 0002:000013e0       $unwind$??_Gexception@std@@UEAAPEAXI@Z 00000001400053e0     MSVCRT:throw_bad_alloc.obj
 0002:000013ec       $unwind$??0bad_alloc@std@@QEAA@AEBV01@@Z 00000001400053ec     MSVCRT:throw_bad_alloc.obj
 0002:000013f4       $unwind$??_Gbad_alloc@std@@UEAAPEAXI@Z 00000001400053f4     MSVCRT:throw_bad_alloc.obj
 0002:00001400       $unwind$??0bad_array_new_length@std@@QEAA@AEBV01@@Z 0000000140005400     MSVCRT:throw_bad_alloc.obj
 0002:00001408       $unwind$??_Gbad_array_new_length@std@@UEAAPEAXI@Z 0000000140005408     MSVCRT:throw_bad_alloc.obj
 0002:00001414       $unwind$?__scrt_throw_std_bad_alloc@@YAXXZ 0000000140005414     MSVCRT:throw_bad_alloc.obj
 0002:0000141c       $unwind$?__scrt_throw_std_bad_array_new_length@@YAXXZ 000000014000541c     MSVCRT:throw_bad_alloc.obj
 0002:00001424       $unwind$__report_securityfailure 0000000140005424     MSVCRT:gs_report.obj
 0002:0000142c       $unwind$__report_securityfailureEx 000000014000542c     MSVCRT:gs_report.obj
 0002:00001434       $unwind$__report_rangecheckfailure 0000000140005434     MSVCRT:gs_report.obj
 0002:0000143c       $unwind$__report_gsfailure 000000014000543c     MSVCRT:gs_report.obj
 0002:00001444       $unwind$capture_current_context 0000000140005444     MSVCRT:gs_report.obj
 0002:00001450       $unwind$capture_previous_context 0000000140005450     MSVCRT:gs_report.obj
 0002:0000145c       $unwind$__raise_securityfailure 000000014000545c     MSVCRT:gs_report.obj
 0002:00001464       $unwind$__isa_available_init 0000000140005464     MSVCRT:_cpu_disp_.obj
 0002:00001478       $unwind$??_Gtype_info@@UEAAPEAXI@Z 0000000140005478     MSVCRT:std_type_info_static.obj
 0002:00001480       $xdatasym                  0000000140005480     MSVCRT:_guard_dispatch_.obj
 0002:00001488       $xdatasym                  0000000140005488     MSVCRT:_rfgfailure_.obj
 0002:00001af0       .idata$6                   0000000140005af0     OpenCL:OpenCL.dll
 0002:00001cc0       .idata$6                   0000000140005cc0     msvcprt:MSVCP140.dll
 0002:00001d96       .idata$6                   0000000140005d96     vcruntime:VCRUNTIME140.dll
 0002:00002000       .idata$6                   0000000140006000     ucrt:api-ms-win-crt-runtime-l1-1-0.dll
 0002:00002022       .idata$6                   0000000140006022     ucrt:api-ms-win-crt-heap-l1-1-0.dll
 0002:00002042       .idata$6                   0000000140006042     ucrt:api-ms-win-crt-math-l1-1-0.dll
 0002:00002062       .idata$6                   0000000140006062     ucrt:api-ms-win-crt-stdio-l1-1-0.dll
 0002:00002082       .idata$6                   0000000140006082     ucrt:api-ms-win-crt-locale-l1-1-0.dll
 0002:00002214       .idata$6                   0000000140006214     kernel32:KERNEL32.dll
 0003:00000100       ?__common_allocator@bento@@3VSystemAllocator@1@A 0000000140007100     bento_sdk:common.obj
 0003:00000114       ?module_local_atexit_table_initialized@@3_NA 0000000140007114     MSVCRT:utility.obj
 0003:00000120       ?module_local_atexit_table@@3U_onexit_table_t@@A 0000000140007120     MSVCRT:utility.obj
 0003:00000138       ?module_local_at_quick_exit_table@@3U_onexit_table_t@@A 0000000140007138     MSVCRT:utility.obj
 0003:00000150       ?is_initialized_as_dll@@3_NA 0000000140007150     MSVCRT:utility.obj
 0003:00000190       GS_ExceptionRecord         0000000140007190     MSVCRT:gs_report.obj
 0003:00000230       GS_ContextRecord           0000000140007230     MSVCRT:gs_report.obj
 0004:00000000       $pdata$??__E__common_allocator@bento@@YAXXZ 0000000140008000     bento_sdk:common.obj
 0004:0000000c       $pdata$??__E__default_system_logger@bento@@YAXXZ 000000014000800c     bento_sdk:log.obj
 0004:00000018       $pdata$??0?$Vector@M@bento@@QEAA@AEAVIAllocator@1@I@Z 0000000140008018     testSquare.obj
 0004:00000024       $pdata$??1?$Vector@M@bento@@QEAA@XZ 0000000140008024     testSquare.obj
 0004:00000030       $pdata$?free@?$Vector@M@bento@@QEAAXXZ 0000000140008030     testSquare.obj
 0004:0000003c       $pdata$?reserve@?$Vector@M@bento@@QEAAXI@Z 000000014000803c     testSquare.obj
 0004:00000048       $pdata$?resize@?$Vector@M@bento@@QEAAXI@Z 0000000140008048     testSquare.obj
 0004:00000054       $pdata$main                0000000140008054     testSquare.obj
 0004:00000060       $pdata$??$_Allocate@U?$_Default_allocate_traits@$00@std@@@std@@YAPEAX_K0_K@Z 0000000140008060     noiseless_sdk:compute_api.obj
 0004:0000006c       $pdata$?_Fail@?$_Default_allocate_traits@$00@std@@SAXXZ 000000014000806c     noiseless_sdk:compute_api.obj
 0004:00000078       $pdata$?_Tidy@?$vector@PEAU_cl_platform_id@@V?$allocator@PEAU_cl_platform_id@@@std@@@std@@AEAAXXZ 0000000140008078     noiseless_sdk:compute_api.obj
 0004:00000084       $pdata$?create_buffer@noiseless@@YA_K_K0W4Type@ComputeBufferType@1@@Z 0000000140008084     noiseless_sdk:compute_api.obj
 0004:00000090       $pdata$?create_compute_context@noiseless@@YA_KXZ 0000000140008090     noiseless_sdk:compute_api.obj
 0004:0000009c       $pdata$?create_kernel@noiseless@@YA_K_KPEBD@Z 000000014000809c     noiseless_sdk:compute_api.obj
 0004:000000a8       $pdata$?create_program_source@noiseless@@YA_K_KPEBD@Z 00000001400080a8     noiseless_sdk:compute_api.obj
 0004:000000b4       $pdata$?destroy_buffer@noiseless@@YAX_K@Z 00000001400080b4     noiseless_sdk:compute_api.obj
 0004:000000c0       $pdata$?destroy_compute_context@noiseless@@YAX_K@Z 00000001400080c0     noiseless_sdk:compute_api.obj
 0004:000000cc       $pdata$?evaluate_platforms@noiseless@@YA_KAEAV?$vector@PEAU_cl_platform_id@@V?$allocator@PEAU_cl_platform_id@@@std@@@std@@@Z 00000001400080cc     noiseless_sdk:compute_api.obj
 0004:000000d8       $pdata$0$?evaluate_platforms@noiseless@@YA_KAEAV?$vector@PEAU_cl_platform_id@@V?$allocator@PEAU_cl_platform_id@@@std@@@std@@@Z 00000001400080d8     noiseless_sdk:compute_api.obj
 0004:000000e4       $pdata$1$?evaluate_platforms@noiseless@@YA_KAEAV?$vector@PEAU_cl_platform_id@@V?$allocator@PEAU_cl_platform_id@@@std@@@std@@@Z 00000001400080e4     noiseless_sdk:compute_api.obj
 0004:000000f0       $pdata$?kernel_argument@noiseless@@YA_N_KH0@Z 00000001400080f0     noiseless_sdk:compute_api.obj
 0004:000000fc       $pdata$?kernel_argument@noiseless@@YA_N_KHIPEAE@Z 00000001400080fc     noiseless_sdk:compute_api.obj
 0004:00000108       $pdata$?launch_kernel_1D@noiseless@@YA_N_K00@Z 0000000140008108     noiseless_sdk:compute_api.obj
 0004:00000114       $pdata$?launch_kernel_2D@noiseless@@YA_N_K000@Z 0000000140008114     noiseless_sdk:compute_api.obj
 0004:00000120       $pdata$?read_buffer@noiseless@@YA_N_K0PEAE@Z 0000000140008120     noiseless_sdk:compute_api.obj
 0004:0000012c       $pdata$?write_buffer@noiseless@@YA_N_K0PEAE@Z 000000014000812c     noiseless_sdk:compute_api.obj
 0004:00000138       $pdata$?__handle_fail@bento@@YAXPEBD0H@Z 0000000140008138     bento_sdk:security.obj
 0004:00000144       $pdata$??0SystemAllocator@bento@@QEAA@XZ 0000000140008144     bento_sdk:system_allocator.obj
 0004:00000150       $pdata$??_GSystemAllocator@bento@@UEAAPEAXI@Z 0000000140008150     bento_sdk:system_allocator.obj
 0004:0000015c       $pdata$?reallocate@SystemAllocator@bento@@UEAAPEAXPEAX_K11@Z 000000014000815c     bento_sdk:system_allocator.obj
 0004:00000168       $pdata$??$?6U?$char_traits@D@std@@@std@@YAAEAV?$basic_ostream@DU?$char_traits@D@std@@@0@AEAV10@PEBD@Z 0000000140008168     bento_sdk:system_logger.obj
 0004:00000174       $pdata$??1_Sentry_base@?$basic_ostream@DU?$char_traits@D@std@@@std@@QEAA@XZ 0000000140008174     bento_sdk:system_logger.obj
 0004:00000180       $pdata$??1sentry@?$basic_ostream@DU?$char_traits@D@std@@@std@@QEAA@XZ 0000000140008180     bento_sdk:system_logger.obj
 0004:0000018c       $pdata$??_GILogger@bento@@UEAAPEAXI@Z 000000014000818c     bento_sdk:system_logger.obj
 0004:00000198       $pdata$??_GSystemLogger@bento@@UEAAPEAXI@Z 0000000140008198     bento_sdk:system_logger.obj
 0004:000001a4       $pdata$?log@SystemLogger@bento@@UEAAXW4Type@LogLevel@2@PEBD1@Z 00000001400081a4     bento_sdk:system_logger.obj
 0004:000001b0       $pdata$??_GIAllocator@bento@@UEAAPEAXI@Z 00000001400081b0     bento_sdk:allocator.obj
 0004:000001bc       $pdata$?pre_c_initialization@@YAHXZ 00000001400081bc     MSVCRT:exe_main.obj
 0004:000001c8       $pdata$?post_pgo_initialization@@YAHXZ 00000001400081c8     MSVCRT:exe_main.obj
 0004:000001d4       $pdata$?pre_cpp_initialization@@YAXXZ 00000001400081d4     MSVCRT:exe_main.obj
 0004:000001e0       $pdata$?__scrt_common_main@@YAHXZ 00000001400081e0     MSVCRT:exe_main.obj
 0004:000001ec       $pdata$?__scrt_common_main_seh@@YAHXZ 00000001400081ec     MSVCRT:exe_main.obj
 0004:000001f8       $pdata$?configure_argv@__scrt_narrow_argv_policy@@SAHXZ 00000001400081f8     MSVCRT:exe_main.obj
 0004:00000204       $pdata$?invoke_main@@YAHXZ 0000000140008204     MSVCRT:exe_main.obj
 0004:00000210       $pdata$?set_commode@__scrt_file_policy@@SAXXZ 0000000140008210     MSVCRT:exe_main.obj
 0004:0000021c       $pdata$?set_fmode@__scrt_file_policy@@SAXXZ 000000014000821c     MSVCRT:exe_main.obj
 0004:00000228       $pdata$mainCRTStartup      0000000140008228     MSVCRT:exe_main.obj
 0004:00000234       $pdata$??2@YAPEAX_K@Z      0000000140008234     MSVCRT:new_scalar.obj
 0004:00000240       $pdata$__GSHandlerCheck    0000000140008240     MSVCRT:_gshandler_.obj
 0004:0000024c       $pdata$__GSHandlerCheckCommon 000000014000824c     MSVCRT:_gshandler_.obj
 0004:00000264       $pdata$__scrt_acquire_startup_lock 0000000140008264     MSVCRT:utility.obj
 0004:00000270       $pdata$__scrt_dllmain_after_initialize_c 0000000140008270     MSVCRT:utility.obj
 0004:0000027c       $pdata$__scrt_dllmain_before_initialize_c 000000014000827c     MSVCRT:utility.obj
 0004:00000288       $pdata$__scrt_dllmain_crt_thread_attach 0000000140008288     MSVCRT:utility.obj
 0004:00000294       $pdata$__scrt_dllmain_crt_thread_detach 0000000140008294     MSVCRT:utility.obj
 0004:000002a0       $pdata$__scrt_dllmain_exception_filter 00000001400082a0     MSVCRT:utility.obj
 0004:000002ac       $pdata$__scrt_dllmain_uninitialize_c 00000001400082ac     MSVCRT:utility.obj
 0004:000002b8       $pdata$__scrt_dllmain_uninitialize_critical 00000001400082b8     MSVCRT:utility.obj
 0004:000002c4       $pdata$__scrt_initialize_crt 00000001400082c4     MSVCRT:utility.obj
 0004:000002d0       $pdata$__scrt_initialize_onexit_tables 00000001400082d0     MSVCRT:utility.obj
 0004:000002dc       $pdata$__scrt_is_nonwritable_in_current_image 00000001400082dc     MSVCRT:utility.obj
 0004:000002e8       $pdata$__scrt_release_startup_lock 00000001400082e8     MSVCRT:utility.obj
 0004:000002f4       $pdata$__scrt_uninitialize_crt 00000001400082f4     MSVCRT:utility.obj
 0004:00000300       $pdata$_onexit             0000000140008300     MSVCRT:utility.obj
 0004:0000030c       $pdata$atexit              000000014000830c     MSVCRT:utility.obj
 0004:00000318       $pdata$__get_entropy       0000000140008318     MSVCRT:gs_support.obj
 0004:00000324       $pdata$__security_init_cookie 0000000140008324     MSVCRT:gs_support.obj
 0004:00000330       $pdata$__scrt_initialize_default_local_stdio_options 0000000140008330     MSVCRT:default_local_stdio_options.obj
 0004:0000033c       $pdata$__scrt_fastfail     000000014000833c     MSVCRT:utility_desktop.obj
 0004:00000348       $pdata$__scrt_get_show_window_mode 0000000140008348     MSVCRT:utility_desktop.obj
 0004:00000354       $pdata$__scrt_is_managed_app 0000000140008354     MSVCRT:utility_desktop.obj
 0004:00000360       $pdata$__scrt_unhandled_exception_filter 0000000140008360     MSVCRT:utility_desktop.obj
 0004:0000036c       $pdata$_RTC_Initialize     000000014000836c     MSVCRT:_initsect_.obj
 0004:00000378       $pdata$_RTC_Terminate      0000000140008378     MSVCRT:_initsect_.obj
 0004:00000384       $pdata$??0bad_alloc@std@@QEAA@AEBV01@@Z 0000000140008384     MSVCRT:throw_bad_alloc.obj
 0004:00000390       $pdata$??0bad_array_new_length@std@@QEAA@AEBV01@@Z 0000000140008390     MSVCRT:throw_bad_alloc.obj
 0004:0000039c       $pdata$??0exception@std@@QEAA@AEBV01@@Z 000000014000839c     MSVCRT:throw_bad_alloc.obj
 0004:000003a8       $pdata$??_Gbad_alloc@std@@UEAAPEAXI@Z 00000001400083a8     MSVCRT:throw_bad_alloc.obj
 0004:000003b4       $pdata$??_Gbad_array_new_length@std@@UEAAPEAXI@Z 00000001400083b4     MSVCRT:throw_bad_alloc.obj
 0004:000003c0       $pdata$??_Gexception@std@@UEAAPEAXI@Z 00000001400083c0     MSVCRT:throw_bad_alloc.obj
 0004:000003cc       $pdata$?__scrt_throw_std_bad_alloc@@YAXXZ 00000001400083cc     MSVCRT:throw_bad_alloc.obj
 0004:000003d8       $pdata$?__scrt_throw_std_bad_array_new_length@@YAXXZ 00000001400083d8     MSVCRT:throw_bad_alloc.obj
 0004:000003e4       $pdata$__raise_securityfailure 00000001400083e4     MSVCRT:gs_report.obj
 0004:000003f0       $pdata$__report_gsfailure  00000001400083f0     MSVCRT:gs_report.obj
 0004:000003fc       $pdata$__report_rangecheckfailure 00000001400083fc     MSVCRT:gs_report.obj
 0004:00000408       $pdata$__report_securityfailure 0000000140008408     MSVCRT:gs_report.obj
 0004:00000414       $pdata$__report_securityfailureEx 0000000140008414     MSVCRT:gs_report.obj
 0004:00000420       $pdata$capture_current_context 0000000140008420     MSVCRT:gs_report.obj
 0004:0000042c       $pdata$capture_previous_context 000000014000842c     MSVCRT:gs_report.obj
 0004:00000438       $pdata$__isa_available_init 0000000140008438     MSVCRT:_cpu_disp_.obj
 0004:00000444       $pdata$??_Gtype_info@@UEAAPEAXI@Z 0000000140008444     MSVCRT:std_type_info_static.obj
 0004:0000048c       $pdata$?filt$0@?0??__scrt_common_main_seh@@YAHXZ@4HA 000000014000848c     MSVCRT:exe_main.obj
 0004:00000498       $pdata$__scrt_is_nonwritable_in_current_image$filt$0 0000000140008498     MSVCRT:utility.obj
 0005:00000060       $R000000                   0000000140009060     * linker generated manifest res *
