 testSquare

 Timestamp is 5bd7628c (Mon Oct 29 20:42:04 2018)

 Preferred load address is 0000000140000000

 Start         Length     Name                   Class
 0001:00000000 00000080H .text$di                CODE
 0001:00000080 00007140H .text$mn                CODE
 0001:000071c0 000000e0H .text$mn$00             CODE
 0001:000072a0 000001d0H .text$x                 CODE
 0001:00007470 00000057H .text$yd                CODE
 0002:00000000 000003e0H .idata$5                DATA
 0002:000003e0 00000020H .00cfg                  DATA
 0002:00000400 00000008H .CRT$XCA                DATA
 0002:00000408 00000008H .CRT$XCAA               DATA
 0002:00000410 00000010H .CRT$XCU                DATA
 0002:00000420 00000008H .CRT$XCZ                DATA
 0002:00000428 00000008H .CRT$XIA                DATA
 0002:00000430 00000008H .CRT$XIAA               DATA
 0002:00000438 00000008H .CRT$XIAC               DATA
 0002:00000440 00000008H .CRT$XIZ                DATA
 0002:00000448 00000008H .CRT$XPA                DATA
 0002:00000450 00000008H .CRT$XPZ                DATA
 0002:00000458 00000008H .CRT$XTA                DATA
 0002:00000460 00000010H .CRT$XTZ                DATA
 0002:00000468 00000000H .gfids$y                DATA
 0002:00000470 00001c80H .rdata                  DATA
 0002:000020f0 000001f4H .rdata$r                DATA
 0002:000022e4 00000374H .rdata$zzzdbg           DATA
 0002:00002658 00000008H .rtc$IAA                DATA
 0002:00002660 00000040H .rtc$IMZ                DATA
 0002:000026a0 00000008H .rtc$IZZ                DATA
 0002:000026a8 00000008H .rtc$TAA                DATA
 0002:000026b0 00000040H .rtc$TMZ                DATA
 0002:000026f0 00000010H .rtc$TZZ                DATA
 0002:00002700 00000ba8H .xdata                  DATA
 0002:000032a8 000000ecH .xdata$x                DATA
 0002:00003394 00000000H .edata                  DATA
 0002:00003394 00000064H .idata$2                DATA
 0002:000033f8 00000018H .idata$3                DATA
 0002:00003410 000003e0H .idata$4                DATA
 0002:000037f0 00000bacH .idata$6                DATA
 0003:00000000 00000068H .data                   DATA
 0003:00000068 000000a8H .data$r                 DATA
 0003:00000110 00000638H .bss                    DATA
 0004:00000000 00000a2cH .pdata                  DATA
 0005:00000000 00000060H .rsrc$01                DATA
 0005:00000060 00000180H .rsrc$02                DATA

  Address         Publics by Value              Rva+Base               Lib:Object

 0000:00000000       __guard_fids_table         0000000000000000     <absolute>
 0000:00000000       __hybrid_code_map_count    0000000000000000     <absolute>
 0000:00000000       __enclave_config           0000000000000000     <absolute>
 0000:00000000       ___safe_se_handler_count   0000000000000000     <absolute>
 0000:00000000       __hybrid_code_map          0000000000000000     <absolute>
 0000:00000000       ___safe_se_handler_table   0000000000000000     <absolute>
 0000:00000000       __guard_iat_table          0000000000000000     <absolute>
 0000:00000000       __hybrid_auxiliary_iat     0000000000000000     <absolute>
 0000:00000000       __dynamic_value_reloc_table 0000000000000000     <absolute>
 0000:00000000       __guard_fids_count         0000000000000000     <absolute>
 0000:00000000       __guard_iat_count          0000000000000000     <absolute>
 0000:00000000       __guard_longjmp_count      0000000000000000     <absolute>
 0000:00000000       __guard_longjmp_table      0000000000000000     <absolute>
 0000:00000100       __guard_flags              0000000000000100     <absolute>
 0000:00000000       __ImageBase                0000000140000000     <linker-defined>
 0001:00000080       ??0?$Vector@M@bento@@QEAA@AEAVIAllocator@1@I@Z 0000000140001080 f i testSquare.obj
 0001:00000100       ??1?$Vector@M@bento@@QEAA@XZ 0000000140001100 f i testSquare.obj
 0001:00000140       ?clear@?$Vector@M@bento@@QEAAXXZ 0000000140001140 f i testSquare.obj
 0001:000001a0       ?free@?$Vector@M@bento@@QEAAXXZ 00000001400011a0 f i testSquare.obj
 0001:00000210       ?reserve@?$Vector@M@bento@@QEAAXI@Z 0000000140001210 f i testSquare.obj
 0001:00000300       ?resize@?$Vector@M@bento@@QEAAXI@Z 0000000140001300 f i testSquare.obj
 0001:00000530       main                       0000000140001530 f   testSquare.obj
 0001:00000820       ??$?0AEBV?$allocator@PEAU_cl_platform_id@@@std@@X@?$_Vector_alloc@U?$_Vec_base_types@PEAU_cl_platform_id@@V?$allocator@PEAU_cl_platform_id@@@std@@@std@@@std@@QEAA@AEBV?$allocator@PEAU_cl_platform_id@@@1@@Z 0000000140001820 f i noiseless_sdk:compute_api.obj
 0001:000008d0       ??$_Allocate@U?$_Default_allocate_traits@$00@std@@@std@@YAPEAX_K0_K@Z 00000001400018d0 f i noiseless_sdk:compute_api.obj
 0001:00000a60       ??$_Debug_lt_pred@U?$less@X@std@@AEB_KAEB_K@std@@YA_N$$QEAU?$less@X@0@AEB_K1PEB_WI@Z 0000000140001a60 f i noiseless_sdk:compute_api.obj
 0001:00000b60       ??0?$vector@PEAU_cl_platform_id@@V?$allocator@PEAU_cl_platform_id@@@std@@@std@@QEAA@_KAEBV?$allocator@PEAU_cl_platform_id@@@1@@Z 0000000140001b60 f i noiseless_sdk:compute_api.obj
 0001:00000d20       ??1?$_Compressed_pair@V?$allocator@PEAU_cl_platform_id@@@std@@V?$_Vector_val@U?$_Simple_types@PEAU_cl_platform_id@@@std@@@2@$00@std@@QEAA@XZ 0000000140001d20 f i noiseless_sdk:compute_api.obj
 0001:00000d60       ??1?$_Vector_alloc@U?$_Vec_base_types@PEAU_cl_platform_id@@V?$allocator@PEAU_cl_platform_id@@@std@@@std@@@std@@QEAA@XZ 0000000140001d60 f i noiseless_sdk:compute_api.obj
 0001:00000dc0       ??1?$vector@PEAU_cl_platform_id@@V?$allocator@PEAU_cl_platform_id@@@std@@@std@@QEAA@XZ 0000000140001dc0 f i noiseless_sdk:compute_api.obj
 0001:00000e30       ??A?$vector@PEAU_cl_platform_id@@V?$allocator@PEAU_cl_platform_id@@@std@@@std@@QEAAAEAPEAU_cl_platform_id@@_K@Z 0000000140001e30 f i noiseless_sdk:compute_api.obj
 0001:00000f00       ?_Alloc_proxy@?$_Vector_alloc@U?$_Vec_base_types@PEAU_cl_platform_id@@V?$allocator@PEAU_cl_platform_id@@@std@@@std@@@std@@QEAAXXZ 0000000140001f00 f i noiseless_sdk:compute_api.obj
 0001:000010a0       ?_Buy@?$vector@PEAU_cl_platform_id@@V?$allocator@PEAU_cl_platform_id@@@std@@@std@@AEAA_N_K@Z 00000001400020a0 f i noiseless_sdk:compute_api.obj
 0001:000013d0       ?_Deallocate@std@@YAXPEAX_K1_K@Z 00000001400023d0 f i noiseless_sdk:compute_api.obj
 0001:00001560       ?_Fail@?$_Default_allocate_traits@$00@std@@SAXXZ 0000000140002560 f i noiseless_sdk:compute_api.obj
 0001:00001580       ?_Free_proxy@?$_Vector_alloc@U?$_Vec_base_types@PEAU_cl_platform_id@@V?$allocator@PEAU_cl_platform_id@@@std@@@std@@@std@@QEAAXXZ 0000000140002580 f i noiseless_sdk:compute_api.obj
 0001:000016b0       ?_Get_bytes@?$_Default_allocate_traits@$00@std@@SAPEAX_K0@Z 00000001400026b0 f i noiseless_sdk:compute_api.obj
 0001:00001780       ?_Orphan_all@_Container_base12@std@@QEAAXXZ 0000000140002780 f i noiseless_sdk:compute_api.obj
 0001:00001840       ?_Tidy@?$vector@PEAU_cl_platform_id@@V?$allocator@PEAU_cl_platform_id@@@std@@@std@@AEAAXXZ 0000000140002840 f i noiseless_sdk:compute_api.obj
 0001:00001b30       ?_Xlength@?$vector@PEAU_cl_platform_id@@V?$allocator@PEAU_cl_platform_id@@@std@@@std@@CAXXZ 0000000140002b30 f i noiseless_sdk:compute_api.obj
 0001:00001b60       ?__empty_global_delete@@YAXPEAX@Z 0000000140002b60 f i noiseless_sdk:compute_api.obj
 0001:00001b70       ?__empty_global_delete@@YAXPEAX_K@Z 0000000140002b70 f i noiseless_sdk:compute_api.obj
 0001:00001b80       ?create_buffer@noiseless@@YA_K_K0W4Type@ComputeBufferType@1@@Z 0000000140002b80 f   noiseless_sdk:compute_api.obj
 0001:00001cb0       ?create_compute_context@noiseless@@YA_KXZ 0000000140002cb0 f   noiseless_sdk:compute_api.obj
 0001:00002080       ?create_kernel@noiseless@@YA_K_KPEBD@Z 0000000140003080 f   noiseless_sdk:compute_api.obj
 0001:00002110       ?create_program_source@noiseless@@YA_K_KPEBD@Z 0000000140003110 f   noiseless_sdk:compute_api.obj
 0001:00002280       ?destroy_buffer@noiseless@@YAX_K@Z 0000000140003280 f   noiseless_sdk:compute_api.obj
 0001:000022e0       ?destroy_compute_context@noiseless@@YAX_K@Z 00000001400032e0 f   noiseless_sdk:compute_api.obj
 0001:00002350       ?destroy_kernel@noiseless@@YAX_K@Z 0000000140003350 f   noiseless_sdk:compute_api.obj
 0001:00002380       ?destroy_program@noiseless@@YAX_K@Z 0000000140003380 f   noiseless_sdk:compute_api.obj
 0001:000023b0       ?evaluate_platforms@noiseless@@YA_KAEAV?$vector@PEAU_cl_platform_id@@V?$allocator@PEAU_cl_platform_id@@@std@@@std@@@Z 00000001400033b0 f   noiseless_sdk:compute_api.obj
 0001:000024b0       ?kernel_argument@noiseless@@YA_N_KH0@Z 00000001400034b0 f   noiseless_sdk:compute_api.obj
 0001:00002530       ?kernel_argument@noiseless@@YA_N_KHIPEAE@Z 0000000140003530 f   noiseless_sdk:compute_api.obj
 0001:000025b0       ?launch_kernel_1D@noiseless@@YA_N_K00@Z 00000001400035b0 f   noiseless_sdk:compute_api.obj
 0001:00002720       ?launch_kernel_2D@noiseless@@YA_N_K000@Z 0000000140003720 f   noiseless_sdk:compute_api.obj
 0001:000029a0       ?read_buffer@noiseless@@YA_N_K0PEAE@Z 00000001400039a0 f   noiseless_sdk:compute_api.obj
 0001:00002a70       ?size@?$vector@PEAU_cl_platform_id@@V?$allocator@PEAU_cl_platform_id@@@std@@@std@@QEBA_KXZ 0000000140003a70 f i noiseless_sdk:compute_api.obj
 0001:00002af0       ?wait_command_queue@noiseless@@YAX_K@Z 0000000140003af0 f   noiseless_sdk:compute_api.obj
 0001:00002b30       ?write_buffer@noiseless@@YA_N_K0PEAE@Z 0000000140003b30 f   noiseless_sdk:compute_api.obj
 0001:00002c00       ?__handle_fail@bento@@YAXPEBD0H@Z 0000000140003c00 f   bento_sdk:security.obj
 0001:00002cb0       ?print_trace@bento@@YAXXZ  0000000140003cb0 f   bento_sdk:security.obj
 0001:00002cc0       ?common_allocator@bento@@YAPEAVIAllocator@1@XZ 0000000140003cc0 f   bento_sdk:common.obj
 0001:00002cd0       ?default_logger@bento@@YAPEAVILogger@1@XZ 0000000140003cd0 f   bento_sdk:log.obj
 0001:00002ce0       ?reset_logger@bento@@YAXXZ 0000000140003ce0 f   bento_sdk:log.obj
 0001:00002d00       ?set_default_logger@bento@@YAXPEAVILogger@1@@Z 0000000140003d00 f   bento_sdk:log.obj
 0001:00002d20       ??0SystemAllocator@bento@@QEAA@XZ 0000000140003d20 f   bento_sdk:system_allocator.obj
 0001:00002d70       ??1SystemAllocator@bento@@UEAA@XZ 0000000140003d70 f   bento_sdk:system_allocator.obj
 0001:00002db0       ??_GSystemAllocator@bento@@UEAAPEAXI@Z 0000000140003db0 f i bento_sdk:system_allocator.obj
 0001:00002db0       ??_ESystemAllocator@bento@@UEAAPEAXI@Z 0000000140003db0 f i bento_sdk:system_allocator.obj
 0001:00002e10       ?allocate@SystemAllocator@bento@@UEAAPEAX_K0@Z 0000000140003e10 f   bento_sdk:system_allocator.obj
 0001:00002e50       ?deallocate@SystemAllocator@bento@@UEAAXPEAX@Z 0000000140003e50 f   bento_sdk:system_allocator.obj
 0001:00002e90       ?reallocate@SystemAllocator@bento@@UEAAPEAXPEAX_K11@Z 0000000140003e90 f   bento_sdk:system_allocator.obj
 0001:00002f40       ??$?6U?$char_traits@D@std@@@std@@YAAEAV?$basic_ostream@DU?$char_traits@D@std@@@0@AEAV10@PEBD@Z 0000000140003f40 f i bento_sdk:system_logger.obj
 0001:00003370       ??0SystemLogger@bento@@QEAA@XZ 0000000140004370 f   bento_sdk:system_logger.obj
 0001:000033a0       ??0_Sentry_base@?$basic_ostream@DU?$char_traits@D@std@@@std@@QEAA@AEAV12@@Z 00000001400043a0 f i bento_sdk:system_logger.obj
 0001:00003450       ??0sentry@?$basic_ostream@DU?$char_traits@D@std@@@std@@QEAA@AEAV12@@Z 0000000140004450 f i bento_sdk:system_logger.obj
 0001:00003560       ??1SystemLogger@bento@@UEAA@XZ 0000000140004560 f   bento_sdk:system_logger.obj
 0001:00003590       ??1_Sentry_base@?$basic_ostream@DU?$char_traits@D@std@@@std@@QEAA@XZ 0000000140004590 f i bento_sdk:system_logger.obj
 0001:00003640       ??1sentry@?$basic_ostream@DU?$char_traits@D@std@@@std@@QEAA@XZ 0000000140004640 f i bento_sdk:system_logger.obj
 0001:00003690       ??_EILogger@bento@@UEAAPEAXI@Z 0000000140004690 f i bento_sdk:system_logger.obj
 0001:00003690       ??_GILogger@bento@@UEAAPEAXI@Z 0000000140004690 f i bento_sdk:system_logger.obj
 0001:000036f0       ??_ESystemLogger@bento@@UEAAPEAXI@Z 00000001400046f0 f i bento_sdk:system_logger.obj
 0001:000036f0       ??_GSystemLogger@bento@@UEAAPEAXI@Z 00000001400046f0 f i bento_sdk:system_logger.obj
 0001:00003750       ?level_to_string@bento@@YAPEBDW4Type@LogLevel@1@@Z 0000000140004750 f   bento_sdk:system_logger.obj
 0001:000037c0       ?log@SystemLogger@bento@@UEAAXW4Type@LogLevel@2@PEBD1@Z 00000001400047c0 f   bento_sdk:system_logger.obj
 0001:00003860       ??0IAllocator@bento@@QEAA@XZ 0000000140004860 f   bento_sdk:allocator.obj
 0001:00003880       ??1IAllocator@bento@@UEAA@XZ 0000000140004880 f   bento_sdk:allocator.obj
 0001:000038a0       ??_EIAllocator@bento@@UEAAPEAXI@Z 00000001400048a0 f i bento_sdk:allocator.obj
 0001:000038a0       ??_GIAllocator@bento@@UEAAPEAXI@Z 00000001400048a0 f i bento_sdk:allocator.obj
 0001:000038f1       clGetPlatformIDs           00000001400048f1 f   OpenCL:OpenCL.dll
 0001:000038f7       clGetDeviceIDs             00000001400048f7 f   OpenCL:OpenCL.dll
 0001:000038fd       clGetDeviceInfo            00000001400048fd f   OpenCL:OpenCL.dll
 0001:00003903       clCreateContext            0000000140004903 f   OpenCL:OpenCL.dll
 0001:00003909       clReleaseContext           0000000140004909 f   OpenCL:OpenCL.dll
 0001:0000390f       clCreateCommandQueueWithProperties 000000014000490f f   OpenCL:OpenCL.dll
 0001:00003915       clReleaseCommandQueue      0000000140004915 f   OpenCL:OpenCL.dll
 0001:0000391b       clCreateBuffer             000000014000491b f   OpenCL:OpenCL.dll
 0001:00003921       clReleaseMemObject         0000000140004921 f   OpenCL:OpenCL.dll
 0001:00003927       clCreateProgramWithSource  0000000140004927 f   OpenCL:OpenCL.dll
 0001:0000392d       clReleaseProgram           000000014000492d f   OpenCL:OpenCL.dll
 0001:00003933       clBuildProgram             0000000140004933 f   OpenCL:OpenCL.dll
 0001:00003939       clGetProgramBuildInfo      0000000140004939 f   OpenCL:OpenCL.dll
 0001:0000393f       clCreateKernel             000000014000493f f   OpenCL:OpenCL.dll
 0001:00003945       clReleaseKernel            0000000140004945 f   OpenCL:OpenCL.dll
 0001:0000394b       clSetKernelArg             000000014000494b f   OpenCL:OpenCL.dll
 0001:00003951       clFinish                   0000000140004951 f   OpenCL:OpenCL.dll
 0001:00003957       clEnqueueReadBuffer        0000000140004957 f   OpenCL:OpenCL.dll
 0001:0000395d       clEnqueueWriteBuffer       000000014000495d f   OpenCL:OpenCL.dll
 0001:00003963       clEnqueueNDRangeKernel     0000000140004963 f   OpenCL:OpenCL.dll
 0001:00003969       ??0_Lockit@std@@QEAA@H@Z   0000000140004969 f   msvcprtd:MSVCP140D.dll
 0001:0000396f       ??1_Lockit@std@@QEAA@XZ    000000014000496f f   msvcprtd:MSVCP140D.dll
 0001:00003975       ?_Debug_message@std@@YAXPEB_W0I@Z 0000000140004975 f   msvcprtd:MSVCP140D.dll
 0001:0000397b       ?_Xbad_alloc@std@@YAXXZ    000000014000497b f   msvcprtd:MSVCP140D.dll
 0001:00003981       ?_Xlength_error@std@@YAXPEBD@Z 0000000140004981 f   msvcprtd:MSVCP140D.dll
 0001:00003987       ?good@ios_base@std@@QEBA_NXZ 0000000140004987 f   msvcprtd:MSVCP140D.dll
 0001:0000398d       ?flags@ios_base@std@@QEBAHXZ 000000014000498d f   msvcprtd:MSVCP140D.dll
 0001:00003993       ?width@ios_base@std@@QEBA_JXZ 0000000140004993 f   msvcprtd:MSVCP140D.dll
 0001:00003999       ?width@ios_base@std@@QEAA_J_J@Z 0000000140004999 f   msvcprtd:MSVCP140D.dll
 0001:0000399f       ?sputc@?$basic_streambuf@DU?$char_traits@D@std@@@std@@QEAAHD@Z 000000014000499f f   msvcprtd:MSVCP140D.dll
 0001:000039a5       ?sputn@?$basic_streambuf@DU?$char_traits@D@std@@@std@@QEAA_JPEBD_J@Z 00000001400049a5 f   msvcprtd:MSVCP140D.dll
 0001:000039ab       ?setstate@?$basic_ios@DU?$char_traits@D@std@@@std@@QEAAXH_N@Z 00000001400049ab f   msvcprtd:MSVCP140D.dll
 0001:000039b1       ?tie@?$basic_ios@DU?$char_traits@D@std@@@std@@QEBAPEAV?$basic_ostream@DU?$char_traits@D@std@@@2@XZ 00000001400049b1 f   msvcprtd:MSVCP140D.dll
 0001:000039b7       ?rdbuf@?$basic_ios@DU?$char_traits@D@std@@@std@@QEBAPEAV?$basic_streambuf@DU?$char_traits@D@std@@@2@XZ 00000001400049b7 f   msvcprtd:MSVCP140D.dll
 0001:000039bd       ?fill@?$basic_ios@DU?$char_traits@D@std@@@std@@QEBADXZ 00000001400049bd f   msvcprtd:MSVCP140D.dll
 0001:000039c3       ?_Osfx@?$basic_ostream@DU?$char_traits@D@std@@@std@@QEAAXXZ 00000001400049c3 f   msvcprtd:MSVCP140D.dll
 0001:000039c9       ?flush@?$basic_ostream@DU?$char_traits@D@std@@@std@@QEAAAEAV12@XZ 00000001400049c9 f   msvcprtd:MSVCP140D.dll
 0001:000039d0       _RTC_AllocaHelper          00000001400049d0 f   MSVCRTD:_stack_.obj
 0001:00003a10       _RTC_CheckStackVars        0000000140004a10 f   MSVCRTD:_stack_.obj
 0001:00003aa0       _RTC_CheckStackVars2       0000000140004aa0 f   MSVCRTD:_stack_.obj
 0001:00003bb0       _CRT_RTC_INIT              0000000140004bb0 f   MSVCRTD:_init_.obj
 0001:00003bc0       _CRT_RTC_INITW             0000000140004bc0 f   MSVCRTD:_init_.obj
 0001:00003bd0       _RTC_InitBase              0000000140004bd0 f   MSVCRTD:_init_.obj
 0001:00003c10       _RTC_Shutdown              0000000140004c10 f   MSVCRTD:_init_.obj
 0001:00003ed0       ?configure_argv@__scrt_narrow_argv_policy@@SAHXZ 0000000140004ed0 f i MSVCRTD:exe_main.obj
 0001:00003ef0       ?initialize_environment@__scrt_narrow_environment_policy@@SAHXZ 0000000140004ef0 f i MSVCRTD:exe_main.obj
 0001:00003f40       ?set_app_type@__scrt_main_policy@@SAXXZ 0000000140004f40 f i MSVCRTD:exe_main.obj
 0001:00003f60       ?set_commode@__scrt_file_policy@@SAXXZ 0000000140004f60 f i MSVCRTD:exe_main.obj
 0001:00003f80       ?set_fmode@__scrt_file_policy@@SAXXZ 0000000140004f80 f i MSVCRTD:exe_main.obj
 0001:00003fa0       mainCRTStartup             0000000140004fa0 f   MSVCRTD:exe_main.obj
 0001:00003fb0       ??2@YAPEAX_K@Z             0000000140004fb0 f   MSVCRTD:new_scalar.obj
 0001:00004000       ??3@YAXPEAX_K@Z            0000000140005000 f   MSVCRTD:delete_scalar_size.obj
 0001:00004020       __GSHandlerCheck           0000000140005020 f   MSVCRTD:_gshandler_.obj
 0001:00004060       __GSHandlerCheckCommon     0000000140005060 f   MSVCRTD:_gshandler_.obj
 0001:00004170       __security_check_cookie    0000000140005170 f   MSVCRTD:_amdsecgs_.obj
 0001:000041a0       ??$__crt_fast_decode_pointer@PEAP6AXXZ@@YAPEAP6AXXZQEAP6AXXZ@Z 00000001400051a0 f i MSVCRTD:utility.obj
 0001:000041e0       ??$__crt_fast_encode_pointer@PEAP6AXXZ@@YAPEAP6AXXZQEAP6AXXZ@Z 00000001400051e0 f i MSVCRTD:utility.obj
 0001:00004220       ?__crt_rotate_pointer_value@@YA_K_KH@Z 0000000140005220 f i MSVCRTD:utility.obj
 0001:000043a0       NtCurrentTeb               00000001400053a0 f i MSVCRTD:utility.obj
 0001:000043b0       __scrt_acquire_startup_lock 00000001400053b0 f   MSVCRTD:utility.obj
 0001:00004420       __scrt_dllmain_after_initialize_c 0000000140005420 f   MSVCRTD:utility.obj
 0001:00004450       __scrt_dllmain_before_initialize_c 0000000140005450 f   MSVCRTD:utility.obj
 0001:00004470       __scrt_dllmain_crt_thread_attach 0000000140005470 f   MSVCRTD:utility.obj
 0001:000044a0       __scrt_dllmain_crt_thread_detach 00000001400054a0 f   MSVCRTD:utility.obj
 0001:000044c0       __scrt_dllmain_exception_filter 00000001400054c0 f   MSVCRTD:utility.obj
 0001:00004520       __scrt_dllmain_uninitialize_c 0000000140005520 f   MSVCRTD:utility.obj
 0001:00004550       __scrt_dllmain_uninitialize_critical 0000000140005550 f   MSVCRTD:utility.obj
 0001:00004570       __scrt_initialize_crt      0000000140005570 f   MSVCRTD:utility.obj
 0001:000045c0       __scrt_initialize_onexit_tables 00000001400055c0 f   MSVCRTD:utility.obj
 0001:000046d0       __scrt_is_nonwritable_in_current_image 00000001400056d0 f   MSVCRTD:utility.obj
 0001:00004760       __scrt_release_startup_lock 0000000140005760 f   MSVCRTD:utility.obj
 0001:00004790       __scrt_uninitialize_crt    0000000140005790 f   MSVCRTD:utility.obj
 0001:000047d0       _onexit                    00000001400057d0 f   MSVCRTD:utility.obj
 0001:00004860       at_quick_exit              0000000140005860 f   MSVCRTD:utility.obj
 0001:000048b0       atexit                     00000001400058b0 f   MSVCRTD:utility.obj
 0001:000048f0       ??$__vcrt_va_start_verify_argument_type@QEBD@@YAXXZ 00000001400058f0 f i MSVCRTD:_error_.obj
 0001:00004990       ?_RTC_AllocaFailure@@YAXPEAXPEAU_RTC_ALLOCA_NODE@@H@Z 0000000140005990 f   MSVCRTD:_error_.obj
 0001:00004af0       ?_RTC_Failure@@YAXPEAXH@Z  0000000140005af0 f   MSVCRTD:_error_.obj
 0001:00004b40       ?_RTC_StackFailure@@YAXPEAXPEBD@Z 0000000140005b40 f   MSVCRTD:_error_.obj
 0001:00004f80       _RTC_UninitUse             0000000140005f80 f   MSVCRTD:_error_.obj
 0001:00005050       __local_stdio_printf_options 0000000140006050 f i MSVCRTD:_error_.obj
 0001:00005060       _vsprintf_s_l              0000000140006060 f i MSVCRTD:_error_.obj
 0001:000050d0       sprintf_s                  00000001400060d0 f i MSVCRTD:_error_.obj
 0001:00005110       ?_RTC_GetErrorFunc@@YAP6AHHPEBDH00ZZPEBX@Z 0000000140006110 f   MSVCRTD:_userapi_.obj
 0001:00005120       ?_RTC_GetErrorFuncW@@YAP6AHHPEB_WH00ZZPEBX@Z 0000000140006120 f   MSVCRTD:_userapi_.obj
 0001:00005130       _RTC_GetErrDesc            0000000140006130 f   MSVCRTD:_userapi_.obj
 0001:00005150       _RTC_NumErrors             0000000140006150 f   MSVCRTD:_userapi_.obj
 0001:00005160       _RTC_SetErrorFunc          0000000140006160 f   MSVCRTD:_userapi_.obj
 0001:00005180       _RTC_SetErrorFuncW         0000000140006180 f   MSVCRTD:_userapi_.obj
 0001:000051a0       _RTC_SetErrorType          00000001400061a0 f   MSVCRTD:_userapi_.obj
 0001:00005280       __security_init_cookie     0000000140006280 f   MSVCRTD:gs_support.obj
 0001:00005300       _matherr                   0000000140006300 f   MSVCRTD:matherr.obj
 0001:00005310       _get_startup_argv_mode     0000000140006310 f   MSVCRTD:argv_mode.obj
 0001:00005320       _get_startup_commit_mode   0000000140006320 f   MSVCRTD:commit_mode.obj
 0001:00005330       _get_startup_file_mode     0000000140006330 f   MSVCRTD:file_mode.obj
 0001:00005340       _get_startup_new_mode      0000000140006340 f   MSVCRTD:new_mode.obj
 0001:00005350       _get_startup_thread_locale_mode 0000000140006350 f   MSVCRTD:thread_locale.obj
 0001:00005360       ?__scrt_initialize_type_info@@YAXXZ 0000000140006360 f   MSVCRTD:tncleanup.obj
 0001:00005380       ?__scrt_uninitialize_type_info@@YAXXZ 0000000140006380 f   MSVCRTD:tncleanup.obj
 0001:000053a0       _should_initialize_environment 00000001400063a0 f   MSVCRTD:env_mode.obj
 0001:000053b0       _initialize_invalid_parameter_handler 00000001400063b0 f   MSVCRTD:invalid_parameter_handler.obj
 0001:000053c0       _initialize_denormal_control 00000001400063c0 f   MSVCRTD:denormal_control.obj
 0001:000053d0       __local_stdio_scanf_options 00000001400063d0 f i MSVCRTD:default_local_stdio_options.obj
 0001:000053e0       __scrt_initialize_default_local_stdio_options 00000001400063e0 f   MSVCRTD:default_local_stdio_options.obj
 0001:00005430       __scrt_is_user_matherr_present 0000000140006430 f   MSVCRTD:matherr_detection.obj
 0001:00005460       __scrt_get_dyn_tls_init_callback 0000000140006460 f   MSVCRTD:dyn_tls_init.obj
 0001:00005470       __scrt_get_dyn_tls_dtor_callback 0000000140006470 f   MSVCRTD:dyn_tls_dtor.obj
 0001:00005480       __crt_debugger_hook        0000000140006480 f   MSVCRTD:utility_desktop.obj
 0001:00005490       __scrt_fastfail            0000000140006490 f   MSVCRTD:utility_desktop.obj
 0001:00005630       __scrt_get_show_window_mode 0000000140006630 f   MSVCRTD:utility_desktop.obj
 0001:00005690       __scrt_initialize_winrt    0000000140006690 f   MSVCRTD:utility_desktop.obj
 0001:000056a0       __scrt_is_managed_app      00000001400066a0 f   MSVCRTD:utility_desktop.obj
 0001:00005750       __scrt_set_unhandled_exception_filter 0000000140006750 f   MSVCRTD:utility_desktop.obj
 0001:00005770       __scrt_unhandled_exception_filter 0000000140006770 f   MSVCRTD:utility_desktop.obj
 0001:000057f0       _RTC_Initialize            00000001400067f0 f   MSVCRTD:_initsect_.obj
 0001:00005840       _RTC_Terminate             0000000140006840 f   MSVCRTD:_initsect_.obj
 0001:00005890       _guard_check_icall         0000000140006890 f i MSVCRTD:checkcfg.obj
 0001:000058b0       ??0bad_alloc@std@@AEAA@QEBD@Z 00000001400068b0 f i MSVCRTD:throw_bad_alloc.obj
 0001:000058f0       ??0bad_alloc@std@@QEAA@AEBV01@@Z 00000001400068f0 f i MSVCRTD:throw_bad_alloc.obj
 0001:00005930       ??0bad_alloc@std@@QEAA@XZ  0000000140006930 f i MSVCRTD:throw_bad_alloc.obj
 0001:00005970       ??0bad_array_new_length@std@@QEAA@AEBV01@@Z 0000000140006970 f i MSVCRTD:throw_bad_alloc.obj
 0001:000059b0       ??0bad_array_new_length@std@@QEAA@XZ 00000001400069b0 f i MSVCRTD:throw_bad_alloc.obj
 0001:000059f0       ??0exception@std@@QEAA@AEBV01@@Z 00000001400069f0 f i MSVCRTD:throw_bad_alloc.obj
 0001:00005a50       ??0exception@std@@QEAA@QEBDH@Z 0000000140006a50 f i MSVCRTD:throw_bad_alloc.obj
 0001:00005aa0       ??1bad_alloc@std@@UEAA@XZ  0000000140006aa0 f i MSVCRTD:throw_bad_alloc.obj
 0001:00005ac0       ??1bad_array_new_length@std@@UEAA@XZ 0000000140006ac0 f i MSVCRTD:throw_bad_alloc.obj
 0001:00005ae0       ??1exception@std@@UEAA@XZ  0000000140006ae0 f i MSVCRTD:throw_bad_alloc.obj
 0001:00005b10       ??_Ebad_alloc@std@@UEAAPEAXI@Z 0000000140006b10 f i MSVCRTD:throw_bad_alloc.obj
 0001:00005b10       ??_Gbad_alloc@std@@UEAAPEAXI@Z 0000000140006b10 f i MSVCRTD:throw_bad_alloc.obj
 0001:00005b50       ??_Gbad_array_new_length@std@@UEAAPEAXI@Z 0000000140006b50 f i MSVCRTD:throw_bad_alloc.obj
 0001:00005b50       ??_Ebad_array_new_length@std@@UEAAPEAXI@Z 0000000140006b50 f i MSVCRTD:throw_bad_alloc.obj
 0001:00005b90       ??_Gexception@std@@UEAAPEAXI@Z 0000000140006b90 f i MSVCRTD:throw_bad_alloc.obj
 0001:00005b90       ??_Eexception@std@@UEAAPEAXI@Z 0000000140006b90 f i MSVCRTD:throw_bad_alloc.obj
 0001:00005bd0       ?__scrt_throw_std_bad_alloc@@YAXXZ 0000000140006bd0 f   MSVCRTD:throw_bad_alloc.obj
 0001:00005c00       ?__scrt_throw_std_bad_array_new_length@@YAXXZ 0000000140006c00 f   MSVCRTD:throw_bad_alloc.obj
 0001:00005c30       ?what@exception@std@@UEBAPEBDXZ 0000000140006c30 f i MSVCRTD:throw_bad_alloc.obj
 0001:00005c70       ??3@YAXPEAX@Z              0000000140006c70 f   MSVCRTD:delete_scalar.obj
 0001:00005c90       __raise_securityfailure    0000000140006c90 f   MSVCRTD:gs_report.obj
 0001:00005cd0       __report_gsfailure         0000000140006cd0 f   MSVCRTD:gs_report.obj
 0001:00005db0       __report_rangecheckfailure 0000000140006db0 f   MSVCRTD:gs_report.obj
 0001:00005dd0       __report_securityfailure   0000000140006dd0 f   MSVCRTD:gs_report.obj
 0001:00005e70       __report_securityfailureEx 0000000140006e70 f   MSVCRTD:gs_report.obj
 0001:000060e0       __isa_available_init       00000001400070e0 f   MSVCRTD:_cpu_disp_.obj
 0001:00006450       __scrt_is_ucrt_dll_in_use  0000000140007450 f   MSVCRTD:ucrt_detection.obj
 0001:000069b0       ?_RTC_GetSrcLine@@YAHPEAEPEA_WKPEAH1K@Z 00000001400079b0 f   MSVCRTD:_pdblkup_.obj
 0001:00006e30       _guard_check_icall_nop     0000000140007e30 f i MSVCRTD:guard_support.obj
 0001:00006e40       ReadNoFence64              0000000140007e40 f i MSVCRTD:guard_support.obj
 0001:00006e60       ReadPointerNoFence         0000000140007e60 f i MSVCRTD:guard_support.obj
 0001:00006e80       __guard_ss_common_verify_stub 0000000140007e80 f i MSVCRTD:guard_support.obj
 0001:00006e90       _guard_icall_checks_enforced 0000000140007e90 f i MSVCRTD:guard_support.obj
 0001:00006ed0       _guard_rf_checks_enforced  0000000140007ed0 f i MSVCRTD:guard_support.obj
 0001:00006f10       ??1type_info@@UEAA@XZ      0000000140007f10 f   MSVCRTD:std_type_info_static.obj
 0001:00006f30       ??_Etype_info@@UEAAPEAXI@Z 0000000140007f30 f i MSVCRTD:std_type_info_static.obj
 0001:00006f30       ??_Gtype_info@@UEAAPEAXI@Z 0000000140007f30 f i MSVCRTD:std_type_info_static.obj
 0001:00006f70       memcpy                     0000000140007f70 f   vcruntimed:VCRUNTIME140D.dll
 0001:00006f76       __CxxFrameHandler3         0000000140007f76 f   vcruntimed:VCRUNTIME140D.dll
 0001:00006f7c       __std_terminate            0000000140007f7c f   vcruntimed:VCRUNTIME140D.dll
 0001:00006f82       memset                     0000000140007f82 f   vcruntimed:VCRUNTIME140D.dll
 0001:00006f88       _purecall                  0000000140007f88 f   vcruntimed:VCRUNTIME140D.dll
 0001:00006f8e       __C_specific_handler       0000000140007f8e f   vcruntimed:VCRUNTIME140D.dll
 0001:00006f94       __std_type_info_destroy_list 0000000140007f94 f   vcruntimed:VCRUNTIME140D.dll
 0001:00006f9a       __std_exception_copy       0000000140007f9a f   vcruntimed:VCRUNTIME140D.dll
 0001:00006fa0       __std_exception_destroy    0000000140007fa0 f   vcruntimed:VCRUNTIME140D.dll
 0001:00006fa6       _CxxThrowException         0000000140007fa6 f   vcruntimed:VCRUNTIME140D.dll
 0001:00006fac       __vcrt_GetModuleFileNameW  0000000140007fac f   vcruntimed:VCRUNTIME140D.dll
 0001:00006fb2       __vcrt_GetModuleHandleW    0000000140007fb2 f   vcruntimed:VCRUNTIME140D.dll
 0001:00006fb8       __vcrt_LoadLibraryExW      0000000140007fb8 f   vcruntimed:VCRUNTIME140D.dll
 0001:00006fbe       _invalid_parameter         0000000140007fbe f   ucrtd:ucrtbased.dll
 0001:00006fc4       _CrtDbgReportW             0000000140007fc4 f   ucrtd:ucrtbased.dll
 0001:00006fca       _wassert                   0000000140007fca f   ucrtd:ucrtbased.dll
 0001:00006fd0       _aligned_free              0000000140007fd0 f   ucrtd:ucrtbased.dll
 0001:00006fd6       _aligned_malloc            0000000140007fd6 f   ucrtd:ucrtbased.dll
 0001:00006fdc       strlen                     0000000140007fdc f   ucrtd:ucrtbased.dll
 0001:00006fe2       _CrtDbgReport              0000000140007fe2 f   ucrtd:ucrtbased.dll
 0001:00006fe8       _seh_filter_exe            0000000140007fe8 f   ucrtd:ucrtbased.dll
 0001:00006fee       _set_app_type              0000000140007fee f   ucrtd:ucrtbased.dll
 0001:00006ff4       __setusermatherr           0000000140007ff4 f   ucrtd:ucrtbased.dll
 0001:00006ffa       _configure_narrow_argv     0000000140007ffa f   ucrtd:ucrtbased.dll
 0001:00007000       _initialize_narrow_environment 0000000140008000 f   ucrtd:ucrtbased.dll
 0001:00007006       _get_initial_narrow_environment 0000000140008006 f   ucrtd:ucrtbased.dll
 0001:0000700c       _initterm                  000000014000800c f   ucrtd:ucrtbased.dll
 0001:00007012       _initterm_e                0000000140008012 f   ucrtd:ucrtbased.dll
 0001:00007018       exit                       0000000140008018 f   ucrtd:ucrtbased.dll
 0001:0000701e       _exit                      000000014000801e f   ucrtd:ucrtbased.dll
 0001:00007024       _set_fmode                 0000000140008024 f   ucrtd:ucrtbased.dll
 0001:0000702a       __p___argc                 000000014000802a f   ucrtd:ucrtbased.dll
 0001:00007030       __p___argv                 0000000140008030 f   ucrtd:ucrtbased.dll
 0001:00007036       _cexit                     0000000140008036 f   ucrtd:ucrtbased.dll
 0001:0000703c       _c_exit                    000000014000803c f   ucrtd:ucrtbased.dll
 0001:00007042       _register_thread_local_exe_atexit_callback 0000000140008042 f   ucrtd:ucrtbased.dll
 0001:00007048       _configthreadlocale        0000000140008048 f   ucrtd:ucrtbased.dll
 0001:0000704e       _set_new_mode              000000014000804e f   ucrtd:ucrtbased.dll
 0001:00007054       __p__commode               0000000140008054 f   ucrtd:ucrtbased.dll
 0001:0000705a       _callnewh                  000000014000805a f   ucrtd:ucrtbased.dll
 0001:00007060       malloc                     0000000140008060 f   ucrtd:ucrtbased.dll
 0001:00007066       _seh_filter_dll            0000000140008066 f   ucrtd:ucrtbased.dll
 0001:0000706c       _initialize_onexit_table   000000014000806c f   ucrtd:ucrtbased.dll
 0001:00007072       _register_onexit_function  0000000140008072 f   ucrtd:ucrtbased.dll
 0001:00007078       _execute_onexit_table      0000000140008078 f   ucrtd:ucrtbased.dll
 0001:0000707e       _crt_atexit                000000014000807e f   ucrtd:ucrtbased.dll
 0001:00007084       _crt_at_quick_exit         0000000140008084 f   ucrtd:ucrtbased.dll
 0001:0000708a       strcpy_s                   000000014000808a f   ucrtd:ucrtbased.dll
 0001:00007090       strcat_s                   0000000140008090 f   ucrtd:ucrtbased.dll
 0001:00007096       __stdio_common_vsprintf_s  0000000140008096 f   ucrtd:ucrtbased.dll
 0001:0000709c       terminate                  000000014000809c f   ucrtd:ucrtbased.dll
 0001:000070a2       _free_dbg                  00000001400080a2 f   ucrtd:ucrtbased.dll
 0001:000070a8       _wmakepath_s               00000001400080a8 f   ucrtd:ucrtbased.dll
 0001:000070ae       _wsplitpath_s              00000001400080ae f   ucrtd:ucrtbased.dll
 0001:000070b4       wcscpy_s                   00000001400080b4 f   ucrtd:ucrtbased.dll
 0001:000070ba       IsDebuggerPresent          00000001400080ba f   kernel32:KERNEL32.dll
 0001:000070c0       RaiseException             00000001400080c0 f   kernel32:KERNEL32.dll
 0001:000070c6       MultiByteToWideChar        00000001400080c6 f   kernel32:KERNEL32.dll
 0001:000070cc       WideCharToMultiByte        00000001400080cc f   kernel32:KERNEL32.dll
 0001:000070d2       QueryPerformanceCounter    00000001400080d2 f   kernel32:KERNEL32.dll
 0001:000070d8       GetCurrentProcessId        00000001400080d8 f   kernel32:KERNEL32.dll
 0001:000070de       GetCurrentThreadId         00000001400080de f   kernel32:KERNEL32.dll
 0001:000070e4       GetSystemTimeAsFileTime    00000001400080e4 f   kernel32:KERNEL32.dll
 0001:000070ea       InitializeSListHead        00000001400080ea f   kernel32:KERNEL32.dll
 0001:000070f0       RtlCaptureContext          00000001400080f0 f   kernel32:KERNEL32.dll
 0001:000070f6       RtlLookupFunctionEntry     00000001400080f6 f   kernel32:KERNEL32.dll
 0001:000070fc       RtlVirtualUnwind           00000001400080fc f   kernel32:KERNEL32.dll
 0001:00007102       UnhandledExceptionFilter   0000000140008102 f   kernel32:KERNEL32.dll
 0001:00007108       SetUnhandledExceptionFilter 0000000140008108 f   kernel32:KERNEL32.dll
 0001:0000710e       GetStartupInfoW            000000014000810e f   kernel32:KERNEL32.dll
 0001:00007114       IsProcessorFeaturePresent  0000000140008114 f   kernel32:KERNEL32.dll
 0001:0000711a       GetModuleHandleW           000000014000811a f   kernel32:KERNEL32.dll
 0001:00007120       GetCurrentProcess          0000000140008120 f   kernel32:KERNEL32.dll
 0001:00007126       TerminateProcess           0000000140008126 f   kernel32:KERNEL32.dll
 0001:0000712c       GetLastError               000000014000812c f   kernel32:KERNEL32.dll
 0001:00007132       HeapAlloc                  0000000140008132 f   kernel32:KERNEL32.dll
 0001:00007138       HeapFree                   0000000140008138 f   kernel32:KERNEL32.dll
 0001:0000713e       GetProcessHeap             000000014000813e f   kernel32:KERNEL32.dll
 0001:00007144       VirtualQuery               0000000140008144 f   kernel32:KERNEL32.dll
 0001:0000714a       FreeLibrary                000000014000814a f   kernel32:KERNEL32.dll
 0001:00007150       GetProcAddress             0000000140008150 f   kernel32:KERNEL32.dll
 0001:00007160       __scrt_stub_for_acrt_initialize 0000000140008160 f   MSVCRTD:ucrt_stubs.obj
 0001:00007160       __vcrt_initialize          0000000140008160 f   MSVCRTD:ucrt_stubs.obj
 0001:00007160       __acrt_initialize          0000000140008160 f   MSVCRTD:ucrt_stubs.obj
 0001:00007170       __scrt_stub_for_acrt_thread_attach 0000000140008170 f   MSVCRTD:ucrt_stubs.obj
 0001:00007170       __acrt_thread_attach       0000000140008170 f   MSVCRTD:ucrt_stubs.obj
 0001:00007170       __vcrt_thread_attach       0000000140008170 f   MSVCRTD:ucrt_stubs.obj
 0001:00007180       __vcrt_thread_detach       0000000140008180 f   MSVCRTD:ucrt_stubs.obj
 0001:00007180       __scrt_stub_for_acrt_thread_detach 0000000140008180 f   MSVCRTD:ucrt_stubs.obj
 0001:00007180       __acrt_thread_detach       0000000140008180 f   MSVCRTD:ucrt_stubs.obj
 0001:00007190       __vcrt_uninitialize        0000000140008190 f   MSVCRTD:ucrt_stubs.obj
 0001:00007190       __scrt_stub_for_acrt_uninitialize 0000000140008190 f   MSVCRTD:ucrt_stubs.obj
 0001:00007190       __acrt_uninitialize        0000000140008190 f   MSVCRTD:ucrt_stubs.obj
 0001:000071a0       __acrt_uninitialize_critical 00000001400081a0 f   MSVCRTD:ucrt_stubs.obj
 0001:000071a0       __scrt_stub_for_acrt_uninitialize_critical 00000001400081a0 f   MSVCRTD:ucrt_stubs.obj
 0001:000071a0       __vcrt_uninitialize_critical 00000001400081a0 f   MSVCRTD:ucrt_stubs.obj
 0001:000071b0       _is_c_termination_complete 00000001400081b0 f   MSVCRTD:ucrt_stubs.obj
 0001:000071b0       __scrt_stub_for_is_c_termination_complete 00000001400081b0 f   MSVCRTD:ucrt_stubs.obj
 0001:000071d0       _guard_dispatch_icall_nop  00000001400081d0 f   MSVCRTD:_guard_dispatch_.obj
 0001:000071f0       __guard_ss_verify_failure  00000001400081f0 f   MSVCRTD:_rfgfailure_.obj
 0001:000071fb       __guard_ss_verify_failure_rcx 00000001400081fb     MSVCRTD:_rfgfailure_.obj
 0001:00007201       __guard_ss_verify_failure_rdx 0000000140008201     MSVCRTD:_rfgfailure_.obj
 0001:00007207       __guard_ss_verify_failure_r8 0000000140008207     MSVCRTD:_rfgfailure_.obj
 0001:0000720d       __guard_ss_verify_failure_r9 000000014000820d     MSVCRTD:_rfgfailure_.obj
 0001:00007213       __guard_ss_verify_failure_r10 0000000140008213     MSVCRTD:_rfgfailure_.obj
 0001:00007220       __guard_ss_verify_failure_default 0000000140008220 f   MSVCRTD:_rfgfailure_.obj
 0001:00007280       __guard_ss_verify_sp       0000000140008280 f   MSVCRTD:_rfgfailure_.obj
 0001:00007290       __guard_ss_verify_sp_default 0000000140008290 f   MSVCRTD:_rfgfailure_.obj
 0002:00000000       __imp_IsDebuggerPresent    0000000140009000     kernel32:KERNEL32.dll
 0002:00000008       __imp_RaiseException       0000000140009008     kernel32:KERNEL32.dll
 0002:00000010       __imp_MultiByteToWideChar  0000000140009010     kernel32:KERNEL32.dll
 0002:00000018       __imp_WideCharToMultiByte  0000000140009018     kernel32:KERNEL32.dll
 0002:00000020       __imp_QueryPerformanceCounter 0000000140009020     kernel32:KERNEL32.dll
 0002:00000028       __imp_GetCurrentProcessId  0000000140009028     kernel32:KERNEL32.dll
 0002:00000030       __imp_GetCurrentThreadId   0000000140009030     kernel32:KERNEL32.dll
 0002:00000038       __imp_GetSystemTimeAsFileTime 0000000140009038     kernel32:KERNEL32.dll
 0002:00000040       __imp_InitializeSListHead  0000000140009040     kernel32:KERNEL32.dll
 0002:00000048       __imp_RtlCaptureContext    0000000140009048     kernel32:KERNEL32.dll
 0002:00000050       __imp_RtlLookupFunctionEntry 0000000140009050     kernel32:KERNEL32.dll
 0002:00000058       __imp_RtlVirtualUnwind     0000000140009058     kernel32:KERNEL32.dll
 0002:00000060       __imp_UnhandledExceptionFilter 0000000140009060     kernel32:KERNEL32.dll
 0002:00000068       __imp_SetUnhandledExceptionFilter 0000000140009068     kernel32:KERNEL32.dll
 0002:00000070       __imp_GetStartupInfoW      0000000140009070     kernel32:KERNEL32.dll
 0002:00000078       __imp_IsProcessorFeaturePresent 0000000140009078     kernel32:KERNEL32.dll
 0002:00000080       __imp_GetModuleHandleW     0000000140009080     kernel32:KERNEL32.dll
 0002:00000088       __imp_GetCurrentProcess    0000000140009088     kernel32:KERNEL32.dll
 0002:00000090       __imp_TerminateProcess     0000000140009090     kernel32:KERNEL32.dll
 0002:00000098       __imp_GetLastError         0000000140009098     kernel32:KERNEL32.dll
 0002:000000a0       __imp_GetProcAddress       00000001400090a0     kernel32:KERNEL32.dll
 0002:000000a8       __imp_HeapAlloc            00000001400090a8     kernel32:KERNEL32.dll
 0002:000000b0       __imp_HeapFree             00000001400090b0     kernel32:KERNEL32.dll
 0002:000000b8       __imp_GetProcessHeap       00000001400090b8     kernel32:KERNEL32.dll
 0002:000000c0       __imp_VirtualQuery         00000001400090c0     kernel32:KERNEL32.dll
 0002:000000c8       __imp_FreeLibrary          00000001400090c8     kernel32:KERNEL32.dll
 0002:000000d0       \177KERNEL32_NULL_THUNK_DATA 00000001400090d0     kernel32:KERNEL32.dll
 0002:000000d8       __imp_?flags@ios_base@std@@QEBAHXZ 00000001400090d8     msvcprtd:MSVCP140D.dll
 0002:000000e0       __imp_?width@ios_base@std@@QEBA_JXZ 00000001400090e0     msvcprtd:MSVCP140D.dll
 0002:000000e8       __imp_?width@ios_base@std@@QEAA_J_J@Z 00000001400090e8     msvcprtd:MSVCP140D.dll
 0002:000000f0       __imp_?sputc@?$basic_streambuf@DU?$char_traits@D@std@@@std@@QEAAHD@Z 00000001400090f0     msvcprtd:MSVCP140D.dll
 0002:000000f8       __imp_?sputn@?$basic_streambuf@DU?$char_traits@D@std@@@std@@QEAA_JPEBD_J@Z 00000001400090f8     msvcprtd:MSVCP140D.dll
 0002:00000100       __imp_?setstate@?$basic_ios@DU?$char_traits@D@std@@@std@@QEAAXH_N@Z 0000000140009100     msvcprtd:MSVCP140D.dll
 0002:00000108       __imp_?good@ios_base@std@@QEBA_NXZ 0000000140009108     msvcprtd:MSVCP140D.dll
 0002:00000110       __imp_?rdbuf@?$basic_ios@DU?$char_traits@D@std@@@std@@QEBAPEAV?$basic_streambuf@DU?$char_traits@D@std@@@2@XZ 0000000140009110     msvcprtd:MSVCP140D.dll
 0002:00000118       __imp_?fill@?$basic_ios@DU?$char_traits@D@std@@@std@@QEBADXZ 0000000140009118     msvcprtd:MSVCP140D.dll
 0002:00000120       __imp_?_Osfx@?$basic_ostream@DU?$char_traits@D@std@@@std@@QEAAXXZ 0000000140009120     msvcprtd:MSVCP140D.dll
 0002:00000128       __imp_?flush@?$basic_ostream@DU?$char_traits@D@std@@@std@@QEAAAEAV12@XZ 0000000140009128     msvcprtd:MSVCP140D.dll
 0002:00000130       __imp_?cout@std@@3V?$basic_ostream@DU?$char_traits@D@std@@@1@A 0000000140009130     msvcprtd:MSVCP140D.dll
 0002:00000138       __imp_?tie@?$basic_ios@DU?$char_traits@D@std@@@std@@QEBAPEAV?$basic_ostream@DU?$char_traits@D@std@@@2@XZ 0000000140009138     msvcprtd:MSVCP140D.dll
 0002:00000140       __imp_?_Xlength_error@std@@YAXPEBD@Z 0000000140009140     msvcprtd:MSVCP140D.dll
 0002:00000148       __imp_?_Xbad_alloc@std@@YAXXZ 0000000140009148     msvcprtd:MSVCP140D.dll
 0002:00000150       __imp_?_Debug_message@std@@YAXPEB_W0I@Z 0000000140009150     msvcprtd:MSVCP140D.dll
 0002:00000158       __imp_??1_Lockit@std@@QEAA@XZ 0000000140009158     msvcprtd:MSVCP140D.dll
 0002:00000160       __imp_??0_Lockit@std@@QEAA@H@Z 0000000140009160     msvcprtd:MSVCP140D.dll
 0002:00000168       \177MSVCP140D_NULL_THUNK_DATA 0000000140009168     msvcprtd:MSVCP140D.dll
 0002:00000170       __imp_clEnqueueNDRangeKernel 0000000140009170     OpenCL:OpenCL.dll
 0002:00000178       __imp_clEnqueueReadBuffer  0000000140009178     OpenCL:OpenCL.dll
 0002:00000180       __imp_clFinish             0000000140009180     OpenCL:OpenCL.dll
 0002:00000188       __imp_clSetKernelArg       0000000140009188     OpenCL:OpenCL.dll
 0002:00000190       __imp_clReleaseKernel      0000000140009190     OpenCL:OpenCL.dll
 0002:00000198       __imp_clCreateKernel       0000000140009198     OpenCL:OpenCL.dll
 0002:000001a0       __imp_clGetProgramBuildInfo 00000001400091a0     OpenCL:OpenCL.dll
 0002:000001a8       __imp_clBuildProgram       00000001400091a8     OpenCL:OpenCL.dll
 0002:000001b0       __imp_clReleaseProgram     00000001400091b0     OpenCL:OpenCL.dll
 0002:000001b8       __imp_clCreateProgramWithSource 00000001400091b8     OpenCL:OpenCL.dll
 0002:000001c0       __imp_clReleaseMemObject   00000001400091c0     OpenCL:OpenCL.dll
 0002:000001c8       __imp_clCreateBuffer       00000001400091c8     OpenCL:OpenCL.dll
 0002:000001d0       __imp_clReleaseCommandQueue 00000001400091d0     OpenCL:OpenCL.dll
 0002:000001d8       __imp_clCreateCommandQueueWithProperties 00000001400091d8     OpenCL:OpenCL.dll
 0002:000001e0       __imp_clReleaseContext     00000001400091e0     OpenCL:OpenCL.dll
 0002:000001e8       __imp_clCreateContext      00000001400091e8     OpenCL:OpenCL.dll
 0002:000001f0       __imp_clGetPlatformIDs     00000001400091f0     OpenCL:OpenCL.dll
 0002:000001f8       __imp_clGetDeviceInfo      00000001400091f8     OpenCL:OpenCL.dll
 0002:00000200       __imp_clGetDeviceIDs       0000000140009200     OpenCL:OpenCL.dll
 0002:00000208       __imp_clEnqueueWriteBuffer 0000000140009208     OpenCL:OpenCL.dll
 0002:00000210       \177OpenCL_NULL_THUNK_DATA 0000000140009210     OpenCL:OpenCL.dll
 0002:00000218       __imp___std_terminate      0000000140009218     vcruntimed:VCRUNTIME140D.dll
 0002:00000220       __imp_memset               0000000140009220     vcruntimed:VCRUNTIME140D.dll
 0002:00000228       __imp__purecall            0000000140009228     vcruntimed:VCRUNTIME140D.dll
 0002:00000230       __imp___C_specific_handler 0000000140009230     vcruntimed:VCRUNTIME140D.dll
 0002:00000238       __imp___std_type_info_destroy_list 0000000140009238     vcruntimed:VCRUNTIME140D.dll
 0002:00000240       __imp___std_exception_copy 0000000140009240     vcruntimed:VCRUNTIME140D.dll
 0002:00000248       __imp___std_exception_destroy 0000000140009248     vcruntimed:VCRUNTIME140D.dll
 0002:00000250       __imp__CxxThrowException   0000000140009250     vcruntimed:VCRUNTIME140D.dll
 0002:00000258       __imp___vcrt_GetModuleFileNameW 0000000140009258     vcruntimed:VCRUNTIME140D.dll
 0002:00000260       __imp___vcrt_GetModuleHandleW 0000000140009260     vcruntimed:VCRUNTIME140D.dll
 0002:00000268       __imp___vcrt_LoadLibraryExW 0000000140009268     vcruntimed:VCRUNTIME140D.dll
 0002:00000270       __imp_memcpy               0000000140009270     vcruntimed:VCRUNTIME140D.dll
 0002:00000278       __imp___CxxFrameHandler3   0000000140009278     vcruntimed:VCRUNTIME140D.dll
 0002:00000280       \177VCRUNTIME140D_NULL_THUNK_DATA 0000000140009280     vcruntimed:VCRUNTIME140D.dll
 0002:00000288       __imp_malloc               0000000140009288     ucrtd:ucrtbased.dll
 0002:00000290       __imp__seh_filter_dll      0000000140009290     ucrtd:ucrtbased.dll
 0002:00000298       __imp__initialize_onexit_table 0000000140009298     ucrtd:ucrtbased.dll
 0002:000002a0       __imp__register_onexit_function 00000001400092a0     ucrtd:ucrtbased.dll
 0002:000002a8       __imp__execute_onexit_table 00000001400092a8     ucrtd:ucrtbased.dll
 0002:000002b0       __imp__crt_atexit          00000001400092b0     ucrtd:ucrtbased.dll
 0002:000002b8       __imp__crt_at_quick_exit   00000001400092b8     ucrtd:ucrtbased.dll
 0002:000002c0       __imp_strcpy_s             00000001400092c0     ucrtd:ucrtbased.dll
 0002:000002c8       __imp_strcat_s             00000001400092c8     ucrtd:ucrtbased.dll
 0002:000002d0       __imp___stdio_common_vsprintf_s 00000001400092d0     ucrtd:ucrtbased.dll
 0002:000002d8       __imp_terminate            00000001400092d8     ucrtd:ucrtbased.dll
 0002:000002e0       __imp__free_dbg            00000001400092e0     ucrtd:ucrtbased.dll
 0002:000002e8       __imp___p__commode         00000001400092e8     ucrtd:ucrtbased.dll
 0002:000002f0       __imp__wsplitpath_s        00000001400092f0     ucrtd:ucrtbased.dll
 0002:000002f8       __imp_wcscpy_s             00000001400092f8     ucrtd:ucrtbased.dll
 0002:00000300       __imp__set_new_mode        0000000140009300     ucrtd:ucrtbased.dll
 0002:00000308       __imp__initialize_narrow_environment 0000000140009308     ucrtd:ucrtbased.dll
 0002:00000310       __imp__configure_narrow_argv 0000000140009310     ucrtd:ucrtbased.dll
 0002:00000318       __imp___setusermatherr     0000000140009318     ucrtd:ucrtbased.dll
 0002:00000320       __imp__seh_filter_exe      0000000140009320     ucrtd:ucrtbased.dll
 0002:00000328       __imp__CrtDbgReport        0000000140009328     ucrtd:ucrtbased.dll
 0002:00000330       __imp_strlen               0000000140009330     ucrtd:ucrtbased.dll
 0002:00000338       __imp__aligned_malloc      0000000140009338     ucrtd:ucrtbased.dll
 0002:00000340       __imp__aligned_free        0000000140009340     ucrtd:ucrtbased.dll
 0002:00000348       __imp__wassert             0000000140009348     ucrtd:ucrtbased.dll
 0002:00000350       __imp__CrtDbgReportW       0000000140009350     ucrtd:ucrtbased.dll
 0002:00000358       __imp__invalid_parameter   0000000140009358     ucrtd:ucrtbased.dll
 0002:00000360       __imp__callnewh            0000000140009360     ucrtd:ucrtbased.dll
 0002:00000368       __imp__configthreadlocale  0000000140009368     ucrtd:ucrtbased.dll
 0002:00000370       __imp__register_thread_local_exe_atexit_callback 0000000140009370     ucrtd:ucrtbased.dll
 0002:00000378       __imp__c_exit              0000000140009378     ucrtd:ucrtbased.dll
 0002:00000380       __imp__cexit               0000000140009380     ucrtd:ucrtbased.dll
 0002:00000388       __imp___p___argv           0000000140009388     ucrtd:ucrtbased.dll
 0002:00000390       __imp___p___argc           0000000140009390     ucrtd:ucrtbased.dll
 0002:00000398       __imp__set_fmode           0000000140009398     ucrtd:ucrtbased.dll
 0002:000003a0       __imp__exit                00000001400093a0     ucrtd:ucrtbased.dll
 0002:000003a8       __imp_exit                 00000001400093a8     ucrtd:ucrtbased.dll
 0002:000003b0       __imp__initterm_e          00000001400093b0     ucrtd:ucrtbased.dll
 0002:000003b8       __imp__initterm            00000001400093b8     ucrtd:ucrtbased.dll
 0002:000003c0       __imp__wmakepath_s         00000001400093c0     ucrtd:ucrtbased.dll
 0002:000003c8       __imp__get_initial_narrow_environment 00000001400093c8     ucrtd:ucrtbased.dll
 0002:000003d0       __imp__set_app_type        00000001400093d0     ucrtd:ucrtbased.dll
 0002:000003d8       \177ucrtbased_NULL_THUNK_DATA 00000001400093d8     ucrtd:ucrtbased.dll
 0002:000003e0       __guard_check_icall_fptr   00000001400093e0     MSVCRTD:guard_support.obj
 0002:000003e8       __guard_dispatch_icall_fptr 00000001400093e8     MSVCRTD:guard_support.obj
 0002:000003f0       __guard_ss_verify_failure_fptr 00000001400093f0     MSVCRTD:guard_support.obj
 0002:000003f8       __guard_ss_verify_sp_fptr  00000001400093f8     MSVCRTD:guard_support.obj
 0002:00000400       __xc_a                     0000000140009400     MSVCRTD:initializers.obj
 0002:00000420       __xc_z                     0000000140009420     MSVCRTD:initializers.obj
 0002:00000428       __xi_a                     0000000140009428     MSVCRTD:initializers.obj
 0002:00000440       __xi_z                     0000000140009440     MSVCRTD:initializers.obj
 0002:00000448       __xp_a                     0000000140009448     MSVCRTD:initializers.obj
 0002:00000450       __xp_z                     0000000140009450     MSVCRTD:initializers.obj
 0002:00000458       __xt_a                     0000000140009458     MSVCRTD:initializers.obj
 0002:00000460       __xt_z                     0000000140009460     MSVCRTD:initializers.obj
 0002:00000470       ??_C@_0OG@DMPBJKOA@__kernel?5void?5process?$CI__global?5f@ 0000000140009470     testSquare.obj
 0002:000006b0       ??_C@_00CNPNBAHC@?$AA@     00000001400096b0     testSquare.obj
 0002:000006b8       ??_C@_07DEBHDLBL@process?$AA@ 00000001400096b8     testSquare.obj
 0002:000006c0       ??_C@_0DE@FKAJMCGM@D?3?2code?2Git?2personal?2noiseless?2t@ 00000001400096c0     testSquare.obj
 0002:00000bd0       ??_C@_1NC@INAFNAHO@?$AAC?$AA?3?$AA?2?$AAP?$AAr?$AAo?$AAg?$AAr?$AAa?$AAm?$AA?5?$AAF?$AAi?$AAl?$AAe?$AAs?$AA?5?$AA?$CI?$AAx?$AA8?$AA6?$AA?$CJ?$AA?2?$AAM?$AAi?$AAc?$AAr?$AAo?$AAs?$AAo?$AAf?$AAt@ 0000000140009bd0     noiseless_sdk:compute_api.obj
 0002:00000cb0       ??_C@_1NC@HAOOAFNN@?$AAC?$AA?3?$AA?2?$AAP?$AAr?$AAo?$AAg?$AAr?$AAa?$AAm?$AA?5?$AAF?$AAi?$AAl?$AAe?$AAs?$AA?5?$AA?$CI?$AAx?$AA8?$AA6?$AA?$CJ?$AA?2?$AAM?$AAi?$AAc?$AAr?$AAo?$AAs?$AAo?$AAf?$AAt@ 0000000140009cb0     noiseless_sdk:compute_api.obj
 0002:00000d88       ??_C@_1CC@LOFJFFDB@?$AAs?$AAt?$AAd?$AA?3?$AA?3?$AA_?$AAD?$AAe?$AAa?$AAl?$AAl?$AAo?$AAc?$AAa?$AAt?$AAe?$AA?$AA@ 0000000140009d88     noiseless_sdk:compute_api.obj
 0002:00000db0       ??_C@_1CG@JNLFBNGN@?$AA?$CC?$AAi?$AAn?$AAv?$AAa?$AAl?$AAi?$AAd?$AA?5?$AAa?$AAr?$AAg?$AAu?$AAm?$AAe?$AAn?$AAt?$AA?$CC?$AA?$AA@ 0000000140009db0     noiseless_sdk:compute_api.obj
 0002:00000de0       ??_C@_0ED@JMHKEEDE@D?3?2code?2Git?2personal?2noiseless?2s@ 0000000140009de0     noiseless_sdk:compute_api.obj
 0002:00000e28       ??_C@_0BE@MLMDKKBF@Can?8t?5fetch?5devices?$AA@ 0000000140009e28     noiseless_sdk:compute_api.obj
 0002:00000e40       ??_C@_0BF@DLKPNOOG@Can?8t?5create?5context?$AA@ 0000000140009e40     noiseless_sdk:compute_api.obj
 0002:00000e58       ??_C@_0BL@LLPIACLO@Can?8t?5create?5command?5queue?$AA@ 0000000140009e58     noiseless_sdk:compute_api.obj
 0002:00000e78       ??_C@_0CB@IAGEKLPC@Can?8t?5create?5program?5with?5source@ 0000000140009e78     noiseless_sdk:compute_api.obj
 0002:00000ea0       ??_C@_0BE@LAPIOMCJ@Can?8t?5create?5kernel?$AA@ 0000000140009ea0     noiseless_sdk:compute_api.obj
 0002:00000eb8       ??_C@_0BF@ENIAPGEL@Can?8t?5execute?5kernel?$AA@ 0000000140009eb8     noiseless_sdk:compute_api.obj
 0002:00000ed0       ??_C@_0BE@KCCDINBD@Can?8t?5create?5buffer?$AA@ 0000000140009ed0     noiseless_sdk:compute_api.obj
 0002:00000ee8       ??_C@_0BC@EFNEDNGM@Can?8t?5read?5buffer?$AA@ 0000000140009ee8     noiseless_sdk:compute_api.obj
 0002:00000f00       ??_C@_0BD@HCNAHOEB@Can?8t?5write?5buffer?$AA@ 0000000140009f00     noiseless_sdk:compute_api.obj
 0002:00000f18       ??_C@_0BK@GDLHKOBC@Can?8t?5set?5kernel?5argument?$AA@ 0000000140009f18     noiseless_sdk:compute_api.obj
 0002:00000f40       ??_C@_1MO@HILGINAC@?$AAC?$AA?3?$AA?2?$AAP?$AAr?$AAo?$AAg?$AAr?$AAa?$AAm?$AA?5?$AAF?$AAi?$AAl?$AAe?$AAs?$AA?5?$AA?$CI?$AAx?$AA8?$AA6?$AA?$CJ?$AA?2?$AAM?$AAi?$AAc?$AAr?$AAo?$AAs?$AAo?$AAf?$AAt@ 0000000140009f40     noiseless_sdk:compute_api.obj
 0002:00001010       ??_C@_1DM@LHGCHCBA@?$AAv?$AAe?$AAc?$AAt?$AAo?$AAr?$AA?5?$AAs?$AAu?$AAb?$AAs?$AAc?$AAr?$AAi?$AAp?$AAt?$AA?5?$AAo?$AAu?$AAt?$AA?5?$AAo?$AAf?$AA?5?$AAr?$AAa?$AAn?$AAg?$AAe?$AA?$AA@ 000000014000a010     noiseless_sdk:compute_api.obj
 0002:00001050       ??_C@_1MG@HLNPDHGI@?$AAs?$AAt?$AAd?$AA?3?$AA?3?$AAv?$AAe?$AAc?$AAt?$AAo?$AAr?$AA?$DM?$AAs?$AAt?$AAr?$AAu?$AAc?$AAt?$AA?5?$AA_?$AAc?$AAl?$AA_?$AAp?$AAl?$AAa?$AAt?$AAf?$AAo?$AAr?$AAm?$AA_@ 000000014000a050     noiseless_sdk:compute_api.obj
 0002:00001120       ??_C@_1EA@LEKOKFNB@?$AA?$CC?$AAv?$AAe?$AAc?$AAt?$AAo?$AAr?$AA?5?$AAs?$AAu?$AAb?$AAs?$AAc?$AAr?$AAi?$AAp?$AAt?$AA?5?$AAo?$AAu?$AAt?$AA?5?$AAo?$AAf?$AA?5?$AAr?$AAa?$AAn?$AAg?$AAe?$AA?$CC?$AA?$AA@ 000000014000a120     noiseless_sdk:compute_api.obj
 0002:00001160       ??_C@_0BD@OLBABOEK@vector?$DMT?$DO?5too?5long?$AA@ 000000014000a160     noiseless_sdk:compute_api.obj
 0002:00001180       ??_C@_1NE@CKHHAIFF@?$AAC?$AA?3?$AA?2?$AAP?$AAr?$AAo?$AAg?$AAr?$AAa?$AAm?$AA?5?$AAF?$AAi?$AAl?$AAe?$AAs?$AA?5?$AA?$CI?$AAx?$AA8?$AA6?$AA?$CJ?$AA?2?$AAM?$AAi?$AAc?$AAr?$AAo?$AAs?$AAo?$AAf?$AAt@ 000000014000a180     noiseless_sdk:compute_api.obj
 0002:00001258       ??_C@_0BE@LMNLACIC@_Ptr_container?5?$CB?$DN?50?$AA@ 000000014000a258     noiseless_sdk:compute_api.obj
 0002:00001270       ??_C@_1DG@HGDKEBPG@?$AA?$CC?$AA_?$AAP?$AAt?$AAr?$AA_?$AAc?$AAo?$AAn?$AAt?$AAa?$AAi?$AAn?$AAe?$AAr?$AA?5?$AA?$CB?$AA?$DN?$AA?5?$AA0?$AA?$CC?$AA?5?$AA?$CG?$AA?$CG?$AA?5?$AA0?$AA?$AA@ 000000014000a270     noiseless_sdk:compute_api.obj
 0002:000012a8       ??_C@_17CNPHIMPH@?$AA?$CF?$AAl?$AAs?$AA?$AA@ 000000014000a2a8     noiseless_sdk:compute_api.obj
 0002:000012b0       ??_C@_1BO@NKFMJPA@?$AAs?$AAt?$AAd?$AA?3?$AA?3?$AA_?$AAA?$AAl?$AAl?$AAo?$AAc?$AAa?$AAt?$AAe?$AA?$AA@ 000000014000a2b0     noiseless_sdk:compute_api.obj
 0002:000012d0       ??_C@_0BA@MPNBGJJP@_Ptr?5?$CB?$DN?5nullptr?$AA@ 000000014000a2d0     noiseless_sdk:compute_api.obj
 0002:000012e0       ??_C@_1CO@DCCKKOEA@?$AA?$CC?$AA_?$AAP?$AAt?$AAr?$AA?5?$AA?$CB?$AA?$DN?$AA?5?$AAn?$AAu?$AAl?$AAl?$AAp?$AAt?$AAr?$AA?$CC?$AA?5?$AA?$CG?$AA?$CG?$AA?5?$AA0?$AA?$AA@ 000000014000a2e0     noiseless_sdk:compute_api.obj
 0002:00001310       ??_C@_1FK@PMIPGFGC@?$AAs?$AAt?$AAd?$AA?3?$AA?3?$AA_?$AAD?$AAe?$AAf?$AAa?$AAu?$AAl?$AAt?$AA_?$AAa?$AAl?$AAl?$AAo?$AAc?$AAa?$AAt?$AAe?$AA_?$AAt?$AAr?$AAa?$AAi?$AAt?$AAs?$AA?$DM?$AA1?$AA?$DO@ 000000014000a310     noiseless_sdk:compute_api.obj
 0002:00001370       ??_C@_1CG@LEJCKCBB@?$AAi?$AAn?$AAv?$AAa?$AAl?$AAi?$AAd?$AA?5?$AAc?$AAo?$AAm?$AAp?$AAa?$AAr?$AAa?$AAt?$AAo?$AAr?$AA?$AA@ 000000014000a370     noiseless_sdk:compute_api.obj
 0002:00001398       ??_C@_1CI@JONCLBEJ@?$AAs?$AAt?$AAd?$AA?3?$AA?3?$AA_?$AAD?$AAe?$AAb?$AAu?$AAg?$AA_?$AAl?$AAt?$AA_?$AAp?$AAr?$AAe?$AAd?$AA?$AA@ 000000014000a398     noiseless_sdk:compute_api.obj
 0002:000013c0       ??_C@_1CK@NDNHPKPI@?$AA?$CC?$AAi?$AAn?$AAv?$AAa?$AAl?$AAi?$AAd?$AA?5?$AAc?$AAo?$AAm?$AAp?$AAa?$AAr?$AAa?$AAt?$AAo?$AAr?$AA?$CC?$AA?$AA@ 000000014000a3c0     noiseless_sdk:compute_api.obj
 0002:000013f0       ??_C@_07DMOCMFND@FAILURE?$AA@ 000000014000a3f0     bento_sdk:security.obj
 0002:00001400       ??_C@_1IC@GAPODKKJ@?$AAD?$AA?3?$AA?2?$AAc?$AAo?$AAd?$AAe?$AA?2?$AAG?$AAi?$AAt?$AA?2?$AAp?$AAe?$AAr?$AAs?$AAo?$AAn?$AAa?$AAl?$AA?2?$AAn?$AAo?$AAi?$AAs?$AAe?$AAl?$AAe?$AAs?$AAs?$AA?2?$AAb@ 000000014000a400     bento_sdk:security.obj
 0002:00001488       ??_C@_1M@HLGKFCJM@?$AAf?$AAa?$AAl?$AAs?$AAe?$AA?$AA@ 000000014000a488     bento_sdk:security.obj
 0002:00001498       ??_7SystemAllocator@bento@@6B@ 000000014000a498     bento_sdk:system_allocator.obj
 0002:000015c0       ??_7ILogger@bento@@6B@     000000014000a5c0     bento_sdk:system_logger.obj
 0002:000015d0       ??_7SystemLogger@bento@@6B@ 000000014000a5d0     bento_sdk:system_logger.obj
 0002:000015e0       ??_C@_07NJGAEJFG@?$FLDEBUG?$FN?$AA@ 000000014000a5e0     bento_sdk:system_logger.obj
 0002:000015e8       ??_C@_06EGHJMOEF@?$FLINFO?$FN?$AA@ 000000014000a5e8     bento_sdk:system_logger.obj
 0002:000015f0       ??_C@_09HLHFDKBC@?$FLWARNING?$FN?$AA@ 000000014000a5f0     bento_sdk:system_logger.obj
 0002:00001600       ??_C@_07CEGNDBCD@?$FLERROR?$FN?$AA@ 000000014000a600     bento_sdk:system_logger.obj
 0002:00001608       ??_C@_01EEMJAFIK@?6?$AA@   000000014000a608     bento_sdk:system_logger.obj
 0002:0000160c       ??_C@_01LBDDMOBJ@?$FN?$AA@ 000000014000a60c     bento_sdk:system_logger.obj
 0002:00001610       ??_C@_01OHGJGJJP@?$FL?$AA@ 000000014000a610     bento_sdk:system_logger.obj
 0002:00001618       ??_7IAllocator@bento@@6B@  000000014000a618     bento_sdk:allocator.obj
 0002:00001700       ??_C@_0NN@NGPKDKPD@The?5value?5of?5ESP?5was?5not?5properl@ 000000014000a700     MSVCRTD:_error_.obj
 0002:000017e0       ??_C@_0BBN@GPMLNJCF@A?5cast?5to?5a?5smaller?5data?5type?5ha@ 000000014000a7e0     MSVCRTD:_error_.obj
 0002:00001900       ??_C@_0BN@FFOINMNJ@Stack?5memory?5was?5corrupted?6?$AN?$AA@ 000000014000a900     MSVCRTD:_error_.obj
 0002:00001920       ??_C@_0DG@HKJMLLLP@A?5local?5variable?5was?5used?5before@ 000000014000a920     MSVCRTD:_error_.obj
 0002:00001958       ??_C@_0CM@NGINOKPC@Stack?5memory?5around?5_alloca?5was?5@ 000000014000a958     MSVCRTD:_error_.obj
 0002:00001988       ??_C@_0BO@GNIAFIKK@Unknown?5Runtime?5Check?5Error?6?$AN?$AA@ 000000014000a988     MSVCRTD:_error_.obj
 0002:000019b0       ??_C@_1GM@OLMCBDMB@?$AAR?$AAu?$AAn?$AAt?$AAi?$AAm?$AAe?$AA?5?$AAC?$AAh?$AAe?$AAc?$AAk?$AA?5?$AAE?$AAr?$AAr?$AAo?$AAr?$AA?4?$AA?6?$AA?$AN?$AA?5?$AAU?$AAn?$AAa?$AAb?$AAl?$AAe?$AA?5?$AAt?$AAo@ 000000014000a9b0     MSVCRTD:_error_.obj
 0002:00001a20       ??_C@_1EA@NFKNIFJP@?$AAR?$AAu?$AAn?$AA?9?$AAT?$AAi?$AAm?$AAe?$AA?5?$AAC?$AAh?$AAe?$AAc?$AAk?$AA?5?$AAF?$AAa?$AAi?$AAl?$AAu?$AAr?$AAe?$AA?5?$AA?$CD?$AA?$CF?$AAd?$AA?5?$AA?9?$AA?5?$AA?$CF?$AAs?$AA?$AA@ 000000014000aa20     MSVCRTD:_error_.obj
 0002:00001a60       ??_C@_0BB@PFFGGCJP@Unknown?5Filename?$AA@ 000000014000aa60     MSVCRTD:_error_.obj
 0002:00001a78       ??_C@_0BE@GNBOBNCK@Unknown?5Module?5Name?$AA@ 000000014000aa78     MSVCRTD:_error_.obj
 0002:00001a90       ??_C@_0CA@IODNCDPG@Run?9Time?5Check?5Failure?5?$CD?$CFd?5?9?5?$CFs?$AA@ 000000014000aa90     MSVCRTD:_error_.obj
 0002:00001ab0       ??_C@_0CG@IAFNJNEE@Stack?5corrupted?5near?5unknown?5var@ 000000014000aab0     MSVCRTD:_error_.obj
 0002:00001ad8       ??_C@_05MKKEDADM@?$CF?42X?5?$AA@ 000000014000aad8     MSVCRTD:_error_.obj
 0002:00001ae0       ??_C@_0EJ@LJKNEOLN@Stack?5area?5around?5_alloca?5memory@ 000000014000aae0     MSVCRTD:_error_.obj
 0002:00001b2c       ??_C@_02LLMPMKNF@?$DO?5?$AA@ 000000014000ab2c     MSVCRTD:_error_.obj
 0002:00001b30       ??_C@_08OMAHNMHJ@?6Data?3?5?$DM?$AA@ 000000014000ab30     MSVCRTD:_error_.obj
 0002:00001b40       ??_C@_0CK@DKGBICFE@?6Allocation?5number?5within?5this?5f@ 000000014000ab40     MSVCRTD:_error_.obj
 0002:00001b70       ??_C@_07DFDJCKFN@?6Size?3?5?$AA@ 000000014000ab70     MSVCRTD:_error_.obj
 0002:00001b78       ??_C@_0N@MHFFIMFG@?6Address?3?50x?$AA@ 000000014000ab78     MSVCRTD:_error_.obj
 0002:00001b90       ??_C@_0EI@CLEPFNGI@Stack?5area?5around?5_alloca?5memory@ 000000014000ab90     MSVCRTD:_error_.obj
 0002:00001bd8       ??_C@_0BK@ODNDAGKB@?$CFs?$CFs?$CFp?$CFs?$CFzd?$CFs?$CFd?$CFs?$CFs?$CFs?$CFs?$CFs?$AA@ 000000014000abd8     MSVCRTD:_error_.obj
 0002:00001bf8       ??_C@_0DE@OHJBPMBP@A?5variable?5is?5being?5used?5without@ 000000014000abf8     MSVCRTD:_error_.obj
 0002:00001c58       ??_C@_0BJ@HEGAHDFO@Stack?5pointer?5corruption?$AA@ 000000014000ac58     MSVCRTD:_userapi_.obj
 0002:00001c78       ??_C@_0CK@FEGOIOPB@Cast?5to?5smaller?5type?5causing?5los@ 000000014000ac78     MSVCRTD:_userapi_.obj
 0002:00001ca8       ??_C@_0BI@CIGMDCBH@Stack?5memory?5corruption?$AA@ 000000014000aca8     MSVCRTD:_userapi_.obj
 0002:00001cc0       ??_C@_0CK@CNLNOEPB@Local?5variable?5used?5before?5initi@ 000000014000acc0     MSVCRTD:_userapi_.obj
 0002:00001cf0       ??_C@_0BP@OGBCLIBO@Stack?5around?5_alloca?5corrupted?$AA@ 000000014000acf0     MSVCRTD:_userapi_.obj
 0002:00001d18       ??_7exception@std@@6B@     000000014000ad18     MSVCRTD:throw_bad_alloc.obj
 0002:00001d28       ??_C@_0BC@EOODALEL@Unknown?5exception?$AA@ 000000014000ad28     MSVCRTD:throw_bad_alloc.obj
 0002:00001d48       ??_7bad_alloc@std@@6B@     000000014000ad48     MSVCRTD:throw_bad_alloc.obj
 0002:00001d58       ??_C@_0P@GHFPNOJB@bad?5allocation?$AA@ 000000014000ad58     MSVCRTD:throw_bad_alloc.obj
 0002:00001d70       ??_7bad_array_new_length@std@@6B@ 000000014000ad70     MSVCRTD:throw_bad_alloc.obj
 0002:00001d80       ??_C@_0BF@KINCDENJ@bad?5array?5new?5length?$AA@ 000000014000ad80     MSVCRTD:throw_bad_alloc.obj
 0002:00001e00       ??_C@_1EI@MLPKHBGE@?$AAa?$AAp?$AAi?$AA?9?$AAm?$AAs?$AA?9?$AAw?$AAi?$AAn?$AA?9?$AAc?$AAo?$AAr?$AAe?$AA?9?$AAr?$AAe?$AAg?$AAi?$AAs?$AAt?$AAr?$AAy?$AA?9?$AAl?$AA1?$AA?9?$AA1?$AA?9?$AA0?$AA?4@ 000000014000ae00     MSVCRTD:_pdblkup_.obj
 0002:00001e48       ??_C@_1BK@JHLNAEJL@?$AAa?$AAd?$AAv?$AAa?$AAp?$AAi?$AA3?$AA2?$AA?4?$AAd?$AAl?$AAl?$AA?$AA@ 000000014000ae48     MSVCRTD:_pdblkup_.obj
 0002:00001e68       ??_C@_0O@COHOBMLB@RegOpenKeyExW?$AA@ 000000014000ae68     MSVCRTD:_pdblkup_.obj
 0002:00001e78       ??_C@_0BB@GLNAEDBD@RegQueryValueExW?$AA@ 000000014000ae78     MSVCRTD:_pdblkup_.obj
 0002:00001e90       ??_C@_0M@HLOHPNFA@RegCloseKey?$AA@ 000000014000ae90     MSVCRTD:_pdblkup_.obj
 0002:00001ea0       ??_C@_1HE@EBEAGLFB@?$AAS?$AAO?$AAF?$AAT?$AAW?$AAA?$AAR?$AAE?$AA?2?$AAW?$AAo?$AAw?$AA6?$AA4?$AA3?$AA2?$AAN?$AAo?$AAd?$AAe?$AA?2?$AAM?$AAi?$AAc?$AAr?$AAo?$AAs?$AAo?$AAf?$AAt?$AA?2?$AAV@ 000000014000aea0     MSVCRTD:_pdblkup_.obj
 0002:00001f18       ??_C@_1BG@EABPBLLF@?$AAP?$AAr?$AAo?$AAd?$AAu?$AAc?$AAt?$AAD?$AAi?$AAr?$AA?$AA@ 000000014000af18     MSVCRTD:_pdblkup_.obj
 0002:00001f50       ??_C@_1BC@JINFINNJ@?$AAM?$AAS?$AAP?$AAD?$AAB?$AA1?$AA4?$AA0?$AA?$AA@ 000000014000af50     MSVCRTD:_pdblkup_.obj
 0002:00001f68       ??_C@_0BB@KCIACLNC@PDBOpenValidate5?$AA@ 000000014000af68     MSVCRTD:_pdblkup_.obj
 0002:00001f7c       ??_C@_01KDCPPGHE@r?$AA@    000000014000af7c     MSVCRTD:_pdblkup_.obj
 0002:00001f88       ??_7type_info@@6B@         000000014000af88     MSVCRTD:std_type_info_static.obj
 0002:00001ff0       _load_config_used          000000014000aff0     MSVCRTD:loadcfg.obj
 0002:000020f0       ??_R4exception@std@@6B@    000000014000b0f0     MSVCRTD:throw_bad_alloc.obj
 0002:00002118       ??_R3exception@std@@8      000000014000b118     MSVCRTD:throw_bad_alloc.obj
 0002:00002130       ??_R2exception@std@@8      000000014000b130     MSVCRTD:throw_bad_alloc.obj
 0002:00002140       ??_R1A@?0A@EA@exception@std@@8 000000014000b140     MSVCRTD:throw_bad_alloc.obj
 0002:00002168       ??_R4bad_alloc@std@@6B@    000000014000b168     MSVCRTD:throw_bad_alloc.obj
 0002:00002190       ??_R3bad_alloc@std@@8      000000014000b190     MSVCRTD:throw_bad_alloc.obj
 0002:000021a8       ??_R2bad_alloc@std@@8      000000014000b1a8     MSVCRTD:throw_bad_alloc.obj
 0002:000021c0       ??_R1A@?0A@EA@bad_alloc@std@@8 000000014000b1c0     MSVCRTD:throw_bad_alloc.obj
 0002:000021e8       ??_R4bad_array_new_length@std@@6B@ 000000014000b1e8     MSVCRTD:throw_bad_alloc.obj
 0002:00002210       ??_R3bad_array_new_length@std@@8 000000014000b210     MSVCRTD:throw_bad_alloc.obj
 0002:00002228       ??_R2bad_array_new_length@std@@8 000000014000b228     MSVCRTD:throw_bad_alloc.obj
 0002:00002248       ??_R1A@?0A@EA@bad_array_new_length@std@@8 000000014000b248     MSVCRTD:throw_bad_alloc.obj
 0002:00002270       ??_R4type_info@@6B@        000000014000b270     MSVCRTD:std_type_info_static.obj
 0002:00002298       ??_R3type_info@@8          000000014000b298     MSVCRTD:std_type_info_static.obj
 0002:000022b0       ??_R2type_info@@8          000000014000b2b0     MSVCRTD:std_type_info_static.obj
 0002:000022c0       ??_R1A@?0A@EA@type_info@@8 000000014000b2c0     MSVCRTD:std_type_info_static.obj
 0002:00002658       __rtc_iaa                  000000014000b658     MSVCRTD:_initsect_.obj
 0002:000026a0       __rtc_izz                  000000014000b6a0     MSVCRTD:_initsect_.obj
 0002:000026a8       __rtc_taa                  000000014000b6a8     MSVCRTD:_initsect_.obj
 0002:000026f0       __rtc_tzz                  000000014000b6f0     MSVCRTD:_initsect_.obj
 0002:000032a8       _TI2?AVbad_alloc@std@@     000000014000c2a8     MSVCRTD:throw_bad_alloc.obj
 0002:000032c8       _CTA2?AVbad_alloc@std@@    000000014000c2c8     MSVCRTD:throw_bad_alloc.obj
 0002:000032e0       _CT??_R0?AVbad_alloc@std@@@8??0bad_alloc@std@@QEAA@AEBV01@@Z24 000000014000c2e0     MSVCRTD:throw_bad_alloc.obj
 0002:00003308       _CT??_R0?AVexception@std@@@8??0exception@std@@QEAA@AEBV01@@Z24 000000014000c308     MSVCRTD:throw_bad_alloc.obj
 0002:00003330       _TI3?AVbad_array_new_length@std@@ 000000014000c330     MSVCRTD:throw_bad_alloc.obj
 0002:00003350       _CTA3?AVbad_array_new_length@std@@ 000000014000c350     MSVCRTD:throw_bad_alloc.obj
 0002:00003370       _CT??_R0?AVbad_array_new_length@std@@@8??0bad_array_new_length@std@@QEAA@AEBV01@@Z24 000000014000c370     MSVCRTD:throw_bad_alloc.obj
 0002:00003394       __IMPORT_DESCRIPTOR_OpenCL 000000014000c394     OpenCL:OpenCL.dll
 0002:000033a8       __IMPORT_DESCRIPTOR_MSVCP140D 000000014000c3a8     msvcprtd:MSVCP140D.dll
 0002:000033bc       __IMPORT_DESCRIPTOR_VCRUNTIME140D 000000014000c3bc     vcruntimed:VCRUNTIME140D.dll
 0002:000033d0       __IMPORT_DESCRIPTOR_ucrtbased 000000014000c3d0     ucrtd:ucrtbased.dll
 0002:000033e4       __IMPORT_DESCRIPTOR_KERNEL32 000000014000c3e4     kernel32:KERNEL32.dll
 0002:000033f8       __NULL_IMPORT_DESCRIPTOR   000000014000c3f8     OpenCL:OpenCL.dll
 0003:00000000       ?squareKernel@@3PEBDEB     000000014000e000     testSquare.obj
 0003:00000008       ?__default_logger@bento@@3PEAVILogger@1@EA 000000014000e008     bento_sdk:log.obj
 0003:00000010       _fltused                   000000014000e010     MSVCRTD:fltused.obj
 0003:00000020       __security_cookie          000000014000e020     MSVCRTD:gs_cookie.obj
 0003:00000028       __security_cookie_complement 000000014000e028     MSVCRTD:gs_cookie.obj
 0003:00000030       __scrt_native_dllmain_reason 000000014000e030     MSVCRTD:utility.obj
 0003:00000038       ?_RTC_ErrorLevels@@3PAHA   000000014000e038     MSVCRTD:_error_.obj
 0003:0000004c       __scrt_default_matherr     000000014000e04c     MSVCRTD:matherr.obj
 0003:00000050       __isa_available            000000014000e050     MSVCRTD:_cpu_disp_.obj
 0003:00000054       __isa_enabled              000000014000e054     MSVCRTD:_cpu_disp_.obj
 0003:00000058       __memcpy_nt_iters          000000014000e058     MSVCRTD:_cpu_disp_.obj
 0003:00000060       __scrt_ucrt_dll_is_in_use  000000014000e060     MSVCRTD:ucrt_stubs.obj
 0003:00000068       ??_R0?AVbad_alloc@std@@@8  000000014000e068     MSVCRTD:throw_bad_alloc.obj
 0003:00000090       ??_R0?AVexception@std@@@8  000000014000e090     MSVCRTD:throw_bad_alloc.obj
 0003:000000b8       ??_R0?AVbad_array_new_length@std@@@8 000000014000e0b8     MSVCRTD:throw_bad_alloc.obj
 0003:000000e8       ??_R0?AVtype_info@@@8      000000014000e0e8     MSVCRTD:std_type_info_static.obj
 0003:00000118       ?__default_system_logger@bento@@3VSystemLogger@1@A 000000014000e118     bento_sdk:log.obj
 0003:0000015c       __scrt_current_native_startup_state 000000014000e15c     MSVCRTD:utility.obj
 0003:00000160       __scrt_native_startup_lock 000000014000e160     MSVCRTD:utility.obj
 0003:00000170       ?_OptionsStorage@?1??__local_stdio_printf_options@@9@4_KA 000000014000e170     MSVCRTD:_error_.obj
 0003:00000190       ?__type_info_root_node@@3U__type_info_node@@A 000000014000e190     MSVCRTD:tncleanup.obj
 0003:000001a0       ?_OptionsStorage@?1??__local_stdio_scanf_options@@9@4_KA 000000014000e1a0     MSVCRTD:default_local_stdio_options.obj
 0003:000001a8       __scrt_debugger_hook_flag  000000014000e1a8     MSVCRTD:utility_desktop.obj
 0003:00000720       __favor                    000000014000e720     MSVCRTD:_cpu_disp_.obj
 0003:00000738       __dyn_tls_dtor_callback    000000014000e738     <common>
 0003:00000740       __dyn_tls_init_callback    000000014000e740     <common>

 entry point at        0001:00003fa0

 Static symbols

 0002:ffff7000       $unwind$?__empty_global_delete@@YAXPEAX@Z 0000000140000000     bento_sdk:system_logger.obj
 0002:ffff7000       __guard_fids__             0000000140000000     MSVCRTD:throw_bad_alloc.obj
 0002:ffff7000       __guard_fids__             0000000140000000     MSVCRTD:throw_bad_alloc.obj
 0002:ffff7000       __guard_fids__             0000000140000000     MSVCRTD:exe_main.obj
 0002:ffff7000       __guard_fids__CRT_RTC_INITW 0000000140000000     MSVCRTD:_init_.obj
 0002:ffff7000       __guard_fids__CRT_RTC_INIT 0000000140000000     MSVCRTD:_init_.obj
 0002:ffff7000       __guard_fids_?pre_c_initialization@@YAHXZ 0000000140000000     MSVCRTD:exe_main.obj
 0000:fffee000       .debug$S                   0000000140000000     msvcprtd:MSVCP140D.dll
 0000:fffee000       .debug$S                   0000000140000000     msvcprtd:MSVCP140D.dll
 0000:fffee000       .debug$S                   0000000140000000     ucrtd:ucrtbased.dll
 0000:fffee000       .debug$S                   0000000140000000     msvcprtd:MSVCP140D.dll
 0000:fffee000       .debug$S                   0000000140000000     msvcprtd:MSVCP140D.dll
 0000:fffee000       .debug$S                   0000000140000000     msvcprtd:MSVCP140D.dll
 0000:fffee000       .debug$S                   0000000140000000     msvcprtd:MSVCP140D.dll
 0000:fffee000       .debug$S                   0000000140000000     ucrtd:ucrtbased.dll
 0000:fffee000       .debug$S                   0000000140000000     msvcprtd:MSVCP140D.dll
 0000:fffee000       .debug$S                   0000000140000000     ucrtd:ucrtbased.dll
 0000:fffee000       .debug$S                   0000000140000000     msvcprtd:MSVCP140D.dll
 0000:fffee000       .debug$S                   0000000140000000     ucrtd:ucrtbased.dll
 0000:fffee000       .debug$S                   0000000140000000     msvcprtd:MSVCP140D.dll
 0000:fffee000       .debug$S                   0000000140000000     ucrtd:ucrtbased.dll
 0000:fffee000       .debug$S                   0000000140000000     msvcprtd:MSVCP140D.dll
 0000:fffee000       .debug$S                   0000000140000000     msvcprtd:MSVCP140D.dll
 0000:fffee000       .debug$S                   0000000140000000     msvcprtd:MSVCP140D.dll
 0000:fffee000       .debug$S                   0000000140000000     ucrtd:ucrtbased.dll
 0000:fffee000       .debug$S                   0000000140000000     msvcprtd:MSVCP140D.dll
 0000:fffee000       .debug$S                   0000000140000000     ucrtd:ucrtbased.dll
 0000:fffee000       .debug$S                   0000000140000000     msvcprtd:MSVCP140D.dll
 0000:fffee000       .debug$S                   0000000140000000     ucrtd:ucrtbased.dll
 0000:fffee000       .debug$S                   0000000140000000     msvcprtd:MSVCP140D.dll
 0000:fffee000       .debug$S                   0000000140000000     ucrtd:ucrtbased.dll
 0000:fffee000       .debug$S                   0000000140000000     msvcprtd:MSVCP140D.dll
 0000:fffee000       .debug$S                   0000000140000000     msvcprtd:MSVCP140D.dll
 0000:fffee000       .debug$S                   0000000140000000     kernel32:KERNEL32.dll
 0000:fffee000       .debug$S                   0000000140000000     kernel32:KERNEL32.dll
 0000:fffee000       .debug$S                   0000000140000000     kernel32:KERNEL32.dll
 0000:fffee000       .debug$S                   0000000140000000     kernel32:KERNEL32.dll
 0000:fffee000       .debug$S                   0000000140000000     kernel32:KERNEL32.dll
 0000:fffee000       .debug$S                   0000000140000000     kernel32:KERNEL32.dll
 0000:fffee000       .debug$S                   0000000140000000     kernel32:KERNEL32.dll
 0000:fffee000       .debug$S                   0000000140000000     kernel32:KERNEL32.dll
 0000:fffee000       .debug$S                   0000000140000000     kernel32:KERNEL32.dll
 0000:fffee000       .debug$S                   0000000140000000     kernel32:KERNEL32.dll
 0000:fffee000       .debug$S                   0000000140000000     kernel32:KERNEL32.dll
 0000:fffee000       .debug$S                   0000000140000000     kernel32:KERNEL32.dll
 0000:fffee000       .debug$S                   0000000140000000     kernel32:KERNEL32.dll
 0000:fffee000       .debug$S                   0000000140000000     kernel32:KERNEL32.dll
 0000:fffee000       .debug$S                   0000000140000000     kernel32:KERNEL32.dll
 0000:fffee000       .debug$S                   0000000140000000     kernel32:KERNEL32.dll
 0000:fffee000       .debug$S                   0000000140000000     kernel32:KERNEL32.dll
 0000:fffee000       .debug$S                   0000000140000000     kernel32:KERNEL32.dll
 0000:fffee000       .debug$S                   0000000140000000     kernel32:KERNEL32.dll
 0000:fffee000       .debug$S                   0000000140000000     kernel32:KERNEL32.dll
 0000:fffee000       .debug$S                   0000000140000000     kernel32:KERNEL32.dll
 0000:fffee000       .debug$S                   0000000140000000     kernel32:KERNEL32.dll
 0000:fffee000       .debug$S                   0000000140000000     kernel32:KERNEL32.dll
 0000:fffee000       .debug$S                   0000000140000000     kernel32:KERNEL32.dll
 0000:fffee000       .debug$S                   0000000140000000     kernel32:KERNEL32.dll
 0000:fffee000       .debug$S                   0000000140000000     kernel32:KERNEL32.dll
 0000:fffee000       .debug$S                   0000000140000000     ucrtd:ucrtbased.dll
 0000:fffee000       .debug$S                   0000000140000000     msvcprtd:MSVCP140D.dll
 0002:ffff7000       __guard_fids__             0000000140000000     MSVCRTD:std_type_info_static.obj
 0000:fffee000       .debug$S                   0000000140000000     OpenCL:OpenCL.dll
 0000:fffee000       .debug$S                   0000000140000000     OpenCL:OpenCL.dll
 0000:fffee000       .debug$S                   0000000140000000     ucrtd:ucrtbased.dll
 0000:fffee000       .debug$S                   0000000140000000     OpenCL:OpenCL.dll
 0000:fffee000       .debug$S                   0000000140000000     ucrtd:ucrtbased.dll
 0000:fffee000       .debug$S                   0000000140000000     OpenCL:OpenCL.dll
 0000:fffee000       .debug$S                   0000000140000000     OpenCL:OpenCL.dll
 0000:fffee000       .debug$S                   0000000140000000     OpenCL:OpenCL.dll
 0000:fffee000       .debug$S                   0000000140000000     OpenCL:OpenCL.dll
 0000:fffee000       .debug$S                   0000000140000000     ucrtd:ucrtbased.dll
 0000:fffee000       .debug$S                   0000000140000000     OpenCL:OpenCL.dll
 0000:fffee000       .debug$S                   0000000140000000     OpenCL:OpenCL.dll
 0000:fffee000       .debug$S                   0000000140000000     OpenCL:OpenCL.dll
 0000:fffee000       .debug$S                   0000000140000000     OpenCL:OpenCL.dll
 0000:fffee000       .debug$S                   0000000140000000     ucrtd:ucrtbased.dll
 0000:fffee000       .debug$S                   0000000140000000     OpenCL:OpenCL.dll
 0000:fffee000       .debug$S                   0000000140000000     ucrtd:ucrtbased.dll
 0000:fffee000       .debug$S                   0000000140000000     OpenCL:OpenCL.dll
 0000:fffee000       .debug$S                   0000000140000000     OpenCL:OpenCL.dll
 0000:fffee000       .debug$S                   0000000140000000     OpenCL:OpenCL.dll
 0000:fffee000       .debug$S                   0000000140000000     OpenCL:OpenCL.dll
 0000:fffee000       .debug$S                   0000000140000000     OpenCL:OpenCL.dll
 0000:fffee000       .debug$S                   0000000140000000     OpenCL:OpenCL.dll
 0000:fffee000       .debug$S                   0000000140000000     ucrtd:ucrtbased.dll
 0000:fffee000       .debug$S                   0000000140000000     OpenCL:OpenCL.dll
 0000:fffee000       .debug$S                   0000000140000000     ucrtd:ucrtbased.dll
 0000:fffee000       .debug$S                   0000000140000000     OpenCL:OpenCL.dll
 0002:ffff7000       $unwind$?configure_argv@__scrt_narrow_argv_policy@@SAHXZ 0000000140000000     MSVCRTD:utility.obj
 0004:ffff1000       $pdata$?configure_argv@__scrt_narrow_argv_policy@@SAHXZ 0000000140000000     MSVCRTD:utility.obj
 0002:ffff7000       $unwind$?initialize_environment@__scrt_narrow_environment_policy@@SAHXZ 0000000140000000     MSVCRTD:utility.obj
 0000:fffee000       .debug$S                   0000000140000000     ucrtd:ucrtbased.dll
 0004:ffff1000       $pdata$?initialize_environment@__scrt_narrow_environment_policy@@SAHXZ 0000000140000000     MSVCRTD:utility.obj
 0000:fffee000       .debug$S                   0000000140000000     ucrtd:ucrtbased.dll
 0002:ffff7000       __guard_fids___scrt_set_unhandled_exception_filter 0000000140000000     MSVCRTD:utility_desktop.obj
 0002:ffff7000       __guard_fids__guard_icall_checks_enforced 0000000140000000     MSVCRTD:guard_support.obj
 0004:ffff1000       $pdata$?__empty_global_delete@@YAXPEAX_K@Z 0000000140000000     bento_sdk:system_logger.obj
 0002:ffff7000       $unwind$?__empty_global_delete@@YAXPEAX_K@Z 0000000140000000     bento_sdk:system_logger.obj
 0000:fffee000       .debug$S                   0000000140000000     ucrtd:ucrtbased.dll
 0004:ffff1000       $pdata$?__empty_global_delete@@YAXPEAX@Z 0000000140000000     bento_sdk:system_logger.obj
 0000:fffee000       .debug$S                   0000000140000000     ucrtd:ucrtbased.dll
 0002:ffff7000       __guard_fids__             0000000140000000     MSVCRTD:throw_bad_alloc.obj
 0000:fffee000       .debug$S                   0000000140000000     ucrtd:ucrtbased.dll
 0000:fffee000       .debug$S                   0000000140000000     vcruntimed:VCRUNTIME140D.dll
[...]
 0004:00000180       $pdata$?destroy_buffer@noiseless@@YAX_K@Z 000000014000f180     noiseless_sdk:compute_api.obj
 0004:0000018c       $pdata$?destroy_compute_context@noiseless@@YAX_K@Z 000000014000f18c     noiseless_sdk:compute_api.obj
 0004:00000198       $pdata$?destroy_kernel@noiseless@@YAX_K@Z 000000014000f198     noiseless_sdk:compute_api.obj
 0004:000001a4       $pdata$?destroy_program@noiseless@@YAX_K@Z 000000014000f1a4     noiseless_sdk:compute_api.obj
 0004:000001b0       $pdata$?evaluate_platforms@noiseless@@YA_KAEAV?$vector@PEAU_cl_platform_id@@V?$allocator@PEAU_cl_platform_id@@@std@@@std@@@Z 000000014000f1b0     noiseless_sdk:compute_api.obj
 0004:000001bc       $pdata$?kernel_argument@noiseless@@YA_N_KH0@Z 000000014000f1bc     noiseless_sdk:compute_api.obj
 0004:000001c8       $pdata$?kernel_argument@noiseless@@YA_N_KHIPEAE@Z 000000014000f1c8     noiseless_sdk:compute_api.obj
 0004:000001d4       $pdata$?launch_kernel_1D@noiseless@@YA_N_K00@Z 000000014000f1d4     noiseless_sdk:compute_api.obj
 0004:000001e0       $pdata$?launch_kernel_2D@noiseless@@YA_N_K000@Z 000000014000f1e0     noiseless_sdk:compute_api.obj
 0004:000001ec       $pdata$?read_buffer@noiseless@@YA_N_K0PEAE@Z 000000014000f1ec     noiseless_sdk:compute_api.obj
 0004:000001f8       $pdata$?size@?$vector@PEAU_cl_platform_id@@V?$allocator@PEAU_cl_platform_id@@@std@@@std@@QEBA_KXZ 000000014000f1f8     noiseless_sdk:compute_api.obj
 0004:00000204       $pdata$?wait_command_queue@noiseless@@YAX_K@Z 000000014000f204     noiseless_sdk:compute_api.obj
 0004:00000210       $pdata$?write_buffer@noiseless@@YA_N_K0PEAE@Z 000000014000f210     noiseless_sdk:compute_api.obj
 0004:0000021c       $pdata$?__handle_fail@bento@@YAXPEBD0H@Z 000000014000f21c     bento_sdk:security.obj
 0004:00000228       $pdata$?print_trace@bento@@YAXXZ 000000014000f228     bento_sdk:security.obj
 0004:00000234       $pdata$?common_allocator@bento@@YAPEAVIAllocator@1@XZ 000000014000f234     bento_sdk:common.obj
 0004:00000240       $pdata$?default_logger@bento@@YAPEAVILogger@1@XZ 000000014000f240     bento_sdk:log.obj
 0004:0000024c       $pdata$?reset_logger@bento@@YAXXZ 000000014000f24c     bento_sdk:log.obj
 0004:00000258       $pdata$?set_default_logger@bento@@YAXPEAVILogger@1@@Z 000000014000f258     bento_sdk:log.obj
 0004:00000264       $pdata$??0SystemAllocator@bento@@QEAA@XZ 000000014000f264     bento_sdk:system_allocator.obj
 0004:00000270       $pdata$??1SystemAllocator@bento@@UEAA@XZ 000000014000f270     bento_sdk:system_allocator.obj
 0004:0000027c       $pdata$??_GSystemAllocator@bento@@UEAAPEAXI@Z 000000014000f27c     bento_sdk:system_allocator.obj
 0004:00000288       $pdata$?allocate@SystemAllocator@bento@@UEAAPEAX_K0@Z 000000014000f288     bento_sdk:system_allocator.obj
 0004:00000294       $pdata$?deallocate@SystemAllocator@bento@@UEAAXPEAX@Z 000000014000f294     bento_sdk:system_allocator.obj
 0004:000002a0       $pdata$?reallocate@SystemAllocator@bento@@UEAAPEAXPEAX_K11@Z 000000014000f2a0     bento_sdk:system_allocator.obj
 0004:000002ac       $pdata$??$?6U?$char_traits@D@std@@@std@@YAAEAV?$basic_ostream@DU?$char_traits@D@std@@@0@AEAV10@PEBD@Z 000000014000f2ac     bento_sdk:system_logger.obj
 0004:000002b8       $pdata$??0SystemLogger@bento@@QEAA@XZ 000000014000f2b8     bento_sdk:system_logger.obj
 0004:000002c4       $pdata$??0_Sentry_base@?$basic_ostream@DU?$char_traits@D@std@@@std@@QEAA@AEAV12@@Z 000000014000f2c4     bento_sdk:system_logger.obj
 0004:000002d0       $pdata$??0sentry@?$basic_ostream@DU?$char_traits@D@std@@@std@@QEAA@AEAV12@@Z 000000014000f2d0     bento_sdk:system_logger.obj
 0004:000002dc       $pdata$??1SystemLogger@bento@@UEAA@XZ 000000014000f2dc     bento_sdk:system_logger.obj
 0004:000002e8       $pdata$??1_Sentry_base@?$basic_ostream@DU?$char_traits@D@std@@@std@@QEAA@XZ 000000014000f2e8     bento_sdk:system_logger.obj
 0004:000002f4       $pdata$??1sentry@?$basic_ostream@DU?$char_traits@D@std@@@std@@QEAA@XZ 000000014000f2f4     bento_sdk:system_logger.obj
 0004:00000300       $pdata$??_GILogger@bento@@UEAAPEAXI@Z 000000014000f300     bento_sdk:system_logger.obj
 0004:0000030c       $pdata$??_GSystemLogger@bento@@UEAAPEAXI@Z 000000014000f30c     bento_sdk:system_logger.obj
 0004:00000318       $pdata$?level_to_string@bento@@YAPEBDW4Type@LogLevel@1@@Z 000000014000f318     bento_sdk:system_logger.obj
 0004:00000324       $pdata$?log@SystemLogger@bento@@UEAAXW4Type@LogLevel@2@PEBD1@Z 000000014000f324     bento_sdk:system_logger.obj
 0004:00000330       $pdata$??0IAllocator@bento@@QEAA@XZ 000000014000f330     bento_sdk:allocator.obj
 0004:0000033c       $pdata$??1IAllocator@bento@@UEAA@XZ 000000014000f33c     bento_sdk:allocator.obj
 0004:00000348       $pdata$??_GIAllocator@bento@@UEAAPEAXI@Z 000000014000f348     bento_sdk:allocator.obj
 0004:00000354       $pdata$_RTC_AllocaHelper   000000014000f354     MSVCRTD:_stack_.obj
 0004:00000360       $pdata$0$_RTC_AllocaHelper 000000014000f360     MSVCRTD:_stack_.obj
 0004:0000036c       $pdata$1$_RTC_AllocaHelper 000000014000f36c     MSVCRTD:_stack_.obj
 0004:00000378       $pdata$_RTC_CheckStackVars 000000014000f378     MSVCRTD:_stack_.obj
 0004:00000384       $pdata$0$_RTC_CheckStackVars 000000014000f384     MSVCRTD:_stack_.obj
 0004:00000390       $pdata$1$_RTC_CheckStackVars 000000014000f390     MSVCRTD:_stack_.obj
 0004:0000039c       $pdata$_RTC_CheckStackVars2 000000014000f39c     MSVCRTD:_stack_.obj
 0004:000003a8       $pdata$1$_RTC_CheckStackVars2 000000014000f3a8     MSVCRTD:_stack_.obj
 0004:000003b4       $pdata$2$_RTC_CheckStackVars2 000000014000f3b4     MSVCRTD:_stack_.obj
 0004:000003c0       $pdata$3$_RTC_CheckStackVars2 000000014000f3c0     MSVCRTD:_stack_.obj
 0004:000003cc       $pdata$4$_RTC_CheckStackVars2 000000014000f3cc     MSVCRTD:_stack_.obj
 0004:000003d8       $pdata$5$_RTC_CheckStackVars2 000000014000f3d8     MSVCRTD:_stack_.obj
 0004:000003e4       $pdata$6$_RTC_CheckStackVars2 000000014000f3e4     MSVCRTD:_stack_.obj
 0004:000003f0       $pdata$_RTC_InitBase       000000014000f3f0     MSVCRTD:_init_.obj
 0004:000003fc       $pdata$_RTC_Shutdown       000000014000f3fc     MSVCRTD:_init_.obj
 0004:00000408       $pdata$?pre_c_initialization@@YAHXZ 000000014000f408     MSVCRTD:exe_main.obj
 0004:00000414       $pdata$?post_pgo_initialization@@YAHXZ 000000014000f414     MSVCRTD:exe_main.obj
 0004:00000420       $pdata$?pre_cpp_initialization@@YAXXZ 000000014000f420     MSVCRTD:exe_main.obj
 0004:0000042c       $pdata$?__scrt_common_main@@YAHXZ 000000014000f42c     MSVCRTD:exe_main.obj
 0004:00000438       $pdata$?__scrt_common_main_seh@@YAHXZ 000000014000f438     MSVCRTD:exe_main.obj
 0004:00000444       $pdata$?configure_argv@__scrt_narrow_argv_policy@@SAHXZ 000000014000f444     MSVCRTD:exe_main.obj
 0004:00000450       $pdata$?initialize_environment@__scrt_narrow_environment_policy@@SAHXZ 000000014000f450     MSVCRTD:exe_main.obj
 0004:0000045c       $pdata$?invoke_main@@YAHXZ 000000014000f45c     MSVCRTD:exe_main.obj
 0004:00000468       $pdata$?set_app_type@__scrt_main_policy@@SAXXZ 000000014000f468     MSVCRTD:exe_main.obj
 0004:00000474       $pdata$?set_commode@__scrt_file_policy@@SAXXZ 000000014000f474     MSVCRTD:exe_main.obj
 0004:00000480       $pdata$?set_fmode@__scrt_file_policy@@SAXXZ 000000014000f480     MSVCRTD:exe_main.obj
 0004:0000048c       $pdata$mainCRTStartup      000000014000f48c     MSVCRTD:exe_main.obj
 0004:00000498       $pdata$??2@YAPEAX_K@Z      000000014000f498     MSVCRTD:new_scalar.obj
 0004:000004a4       $pdata$??3@YAXPEAX_K@Z     000000014000f4a4     MSVCRTD:delete_scalar_size.obj
 0004:000004b0       $pdata$__GSHandlerCheck    000000014000f4b0     MSVCRTD:_gshandler_.obj
 0004:000004bc       $pdata$__GSHandlerCheckCommon 000000014000f4bc     MSVCRTD:_gshandler_.obj
 0004:000004d4       $pdata$??$__crt_fast_decode_pointer@PEAP6AXXZ@@YAPEAP6AXXZQEAP6AXXZ@Z 000000014000f4d4     MSVCRTD:utility.obj
 0004:000004e0       $pdata$??$__crt_fast_encode_pointer@PEAP6AXXZ@@YAPEAP6AXXZQEAP6AXXZ@Z 000000014000f4e0     MSVCRTD:utility.obj
 0004:000004ec       $pdata$?find_pe_section@@YAPEAU_IMAGE_SECTION_HEADER@@QEAE_K@Z 000000014000f4ec     MSVCRTD:utility.obj
 0004:000004f8       $pdata$?is_potentially_valid_image_base@@YA_NQEAX@Z 000000014000f4f8     MSVCRTD:utility.obj
 0004:00000504       $pdata$__scrt_acquire_startup_lock 000000014000f504     MSVCRTD:utility.obj
 0004:00000510       $pdata$__scrt_dllmain_after_initialize_c 000000014000f510     MSVCRTD:utility.obj
 0004:0000051c       $pdata$__scrt_dllmain_before_initialize_c 000000014000f51c     MSVCRTD:utility.obj
 0004:00000528       $pdata$__scrt_dllmain_crt_thread_attach 000000014000f528     MSVCRTD:utility.obj
 0004:00000534       $pdata$__scrt_dllmain_crt_thread_detach 000000014000f534     MSVCRTD:utility.obj
 0004:00000540       $pdata$__scrt_dllmain_exception_filter 000000014000f540     MSVCRTD:utility.obj
 0004:0000054c       $pdata$__scrt_dllmain_uninitialize_c 000000014000f54c     MSVCRTD:utility.obj
 0004:00000558       $pdata$__scrt_dllmain_uninitialize_critical 000000014000f558     MSVCRTD:utility.obj
 0004:00000564       $pdata$__scrt_initialize_crt 000000014000f564     MSVCRTD:utility.obj
 0004:00000570       $pdata$__scrt_initialize_onexit_tables 000000014000f570     MSVCRTD:utility.obj
 0004:0000057c       $pdata$__scrt_is_nonwritable_in_current_image 000000014000f57c     MSVCRTD:utility.obj
 0004:00000588       $pdata$__scrt_release_startup_lock 000000014000f588     MSVCRTD:utility.obj
 0004:00000594       $pdata$__scrt_uninitialize_crt 000000014000f594     MSVCRTD:utility.obj
 0004:000005a0       $pdata$_onexit             000000014000f5a0     MSVCRTD:utility.obj
 0004:000005ac       $pdata$at_quick_exit       000000014000f5ac     MSVCRTD:utility.obj
 0004:000005b8       $pdata$atexit              000000014000f5b8     MSVCRTD:utility.obj
 0004:000005c4       $pdata$?DebuggerProbe@@YA_NK@Z 000000014000f5c4     MSVCRTD:_error_.obj
 0004:000005d0       $pdata$?DebuggerRuntime@@YA_NKHPEAXPEB_W@Z 000000014000f5d0     MSVCRTD:_error_.obj
 0004:000005dc       $pdata$?_RTC_AllocaFailure@@YAXPEAXPEAU_RTC_ALLOCA_NODE@@H@Z 000000014000f5dc     MSVCRTD:_error_.obj
 0004:000005e8       $pdata$0$?_RTC_AllocaFailure@@YAXPEAXPEAU_RTC_ALLOCA_NODE@@H@Z 000000014000f5e8     MSVCRTD:_error_.obj
 0004:000005f4       $pdata$1$?_RTC_AllocaFailure@@YAXPEAXPEAU_RTC_ALLOCA_NODE@@H@Z 000000014000f5f4     MSVCRTD:_error_.obj
 0004:00000600       $pdata$?_RTC_StackFailure@@YAXPEAXPEBD@Z 000000014000f600     MSVCRTD:_error_.obj
 0004:0000060c       $pdata$?_getMemBlockDataString@@YAXPEAD0PEBD_K@Z 000000014000f60c     MSVCRTD:_error_.obj
 0004:00000618       $pdata$3$?_getMemBlockDataString@@YAXPEAD0PEBD_K@Z 000000014000f618     MSVCRTD:_error_.obj
 0004:00000624       $pdata$4$?_getMemBlockDataString@@YAXPEAD0PEBD_K@Z 000000014000f624     MSVCRTD:_error_.obj
 0004:00000630       $pdata$?failwithmessage@@YAXPEAXHHPEBD@Z 000000014000f630     MSVCRTD:_error_.obj
 0004:0000063c       $pdata$?notify_debugger@@YAXAEBUtagEXCEPTION_VISUALCPP_DEBUG_INFO@@@Z 000000014000f63c     MSVCRTD:_error_.obj
 0004:00000648       $pdata$_RTC_UninitUse      000000014000f648     MSVCRTD:_error_.obj
 0004:00000654       $pdata$_vsprintf_s_l       000000014000f654     MSVCRTD:_error_.obj
 0004:00000660       $pdata$sprintf_s           000000014000f660     MSVCRTD:_error_.obj
 0004:0000066c       $pdata$__get_entropy       000000014000f66c     MSVCRTD:gs_support.obj
 0004:00000678       $pdata$__security_init_cookie 000000014000f678     MSVCRTD:gs_support.obj
 0004:00000684       $pdata$?__scrt_initialize_type_info@@YAXXZ 000000014000f684     MSVCRTD:tncleanup.obj
 0004:00000690       $pdata$?__scrt_uninitialize_type_info@@YAXXZ 000000014000f690     MSVCRTD:tncleanup.obj
 0004:0000069c       $pdata$__scrt_initialize_default_local_stdio_options 000000014000f69c     MSVCRTD:default_local_stdio_options.obj
 0004:000006a8       $pdata$__scrt_is_user_matherr_present 000000014000f6a8     MSVCRTD:matherr_detection.obj
 0004:000006b4       $pdata$__scrt_fastfail     000000014000f6b4     MSVCRTD:utility_desktop.obj
 0004:000006c0       $pdata$__scrt_get_show_window_mode 000000014000f6c0     MSVCRTD:utility_desktop.obj
 0004:000006cc       $pdata$__scrt_is_managed_app 000000014000f6cc     MSVCRTD:utility_desktop.obj
 0004:000006d8       $pdata$__scrt_set_unhandled_exception_filter 000000014000f6d8     MSVCRTD:utility_desktop.obj
 0004:000006e4       $pdata$__scrt_unhandled_exception_filter 000000014000f6e4     MSVCRTD:utility_desktop.obj
 0004:000006f0       $pdata$_RTC_Initialize     000000014000f6f0     MSVCRTD:_initsect_.obj
 0004:000006fc       $pdata$0$_RTC_Initialize   000000014000f6fc     MSVCRTD:_initsect_.obj
 0004:00000708       $pdata$1$_RTC_Initialize   000000014000f708     MSVCRTD:_initsect_.obj
 0004:00000714       $pdata$_RTC_Terminate      000000014000f714     MSVCRTD:_initsect_.obj
 0004:00000720       $pdata$0$_RTC_Terminate    000000014000f720     MSVCRTD:_initsect_.obj
 0004:0000072c       $pdata$1$_RTC_Terminate    000000014000f72c     MSVCRTD:_initsect_.obj
 0004:00000738       $pdata$_guard_check_icall  000000014000f738     MSVCRTD:checkcfg.obj
 0004:00000744       $pdata$??0bad_alloc@std@@AEAA@QEBD@Z 000000014000f744     MSVCRTD:throw_bad_alloc.obj
 0004:00000750       $pdata$??0bad_alloc@std@@QEAA@AEBV01@@Z 000000014000f750     MSVCRTD:throw_bad_alloc.obj
 0004:0000075c       $pdata$??0bad_alloc@std@@QEAA@XZ 000000014000f75c     MSVCRTD:throw_bad_alloc.obj
 0004:00000768       $pdata$??0bad_array_new_length@std@@QEAA@AEBV01@@Z 000000014000f768     MSVCRTD:throw_bad_alloc.obj
 0004:00000774       $pdata$??0bad_array_new_length@std@@QEAA@XZ 000000014000f774     MSVCRTD:throw_bad_alloc.obj
 0004:00000780       $pdata$??0exception@std@@QEAA@AEBV01@@Z 000000014000f780     MSVCRTD:throw_bad_alloc.obj
 0004:0000078c       $pdata$??0exception@std@@QEAA@QEBDH@Z 000000014000f78c     MSVCRTD:throw_bad_alloc.obj
 0004:00000798       $pdata$??1bad_alloc@std@@UEAA@XZ 000000014000f798     MSVCRTD:throw_bad_alloc.obj
 0004:000007a4       $pdata$??1bad_array_new_length@std@@UEAA@XZ 000000014000f7a4     MSVCRTD:throw_bad_alloc.obj
 0004:000007b0       $pdata$??1exception@std@@UEAA@XZ 000000014000f7b0     MSVCRTD:throw_bad_alloc.obj
 0004:000007bc       $pdata$??_Gbad_alloc@std@@UEAAPEAXI@Z 000000014000f7bc     MSVCRTD:throw_bad_alloc.obj
 0004:000007c8       $pdata$??_Gbad_array_new_length@std@@UEAAPEAXI@Z 000000014000f7c8     MSVCRTD:throw_bad_alloc.obj
 0004:000007d4       $pdata$??_Gexception@std@@UEAAPEAXI@Z 000000014000f7d4     MSVCRTD:throw_bad_alloc.obj
 0004:000007e0       $pdata$?__scrt_throw_std_bad_alloc@@YAXXZ 000000014000f7e0     MSVCRTD:throw_bad_alloc.obj
 0004:000007ec       $pdata$?__scrt_throw_std_bad_array_new_length@@YAXXZ 000000014000f7ec     MSVCRTD:throw_bad_alloc.obj
 0004:000007f8       $pdata$?what@exception@std@@UEBAPEBDXZ 000000014000f7f8     MSVCRTD:throw_bad_alloc.obj
 0004:00000804       $pdata$??3@YAXPEAX@Z       000000014000f804     MSVCRTD:delete_scalar.obj
 0004:00000810       $pdata$__raise_securityfailure 000000014000f810     MSVCRTD:gs_report.obj
 0004:0000081c       $pdata$__report_gsfailure  000000014000f81c     MSVCRTD:gs_report.obj
 0004:00000828       $pdata$__report_rangecheckfailure 000000014000f828     MSVCRTD:gs_report.obj
 0004:00000834       $pdata$__report_securityfailure 000000014000f834     MSVCRTD:gs_report.obj
 0004:00000840       $pdata$__report_securityfailureEx 000000014000f840     MSVCRTD:gs_report.obj
 0004:0000084c       $pdata$capture_current_context 000000014000f84c     MSVCRTD:gs_report.obj
 0004:00000858       $pdata$capture_previous_context 000000014000f858     MSVCRTD:gs_report.obj
 0004:00000864       $pdata$__isa_available_init 000000014000f864     MSVCRTD:_cpu_disp_.obj
 0004:00000870       $pdata$__scrt_is_ucrt_dll_in_use 000000014000f870     MSVCRTD:ucrt_detection.obj
 0004:0000087c       $pdata$?GetPdbDll@@YAPEAUHINSTANCE__@@XZ 000000014000f87c     MSVCRTD:_pdblkup_.obj
 0004:00000888       $pdata$?GetPdbDllFromInstallPath@@YAPEAUHINSTANCE__@@XZ 000000014000f888     MSVCRTD:_pdblkup_.obj
 0004:00000894       $pdata$0$?GetPdbDllFromInstallPath@@YAPEAUHINSTANCE__@@XZ 000000014000f894     MSVCRTD:_pdblkup_.obj
 0004:000008a0       $pdata$1$?GetPdbDllFromInstallPath@@YAPEAUHINSTANCE__@@XZ 000000014000f8a0     MSVCRTD:_pdblkup_.obj
 0004:000008ac       $pdata$2$?GetPdbDllFromInstallPath@@YAPEAUHINSTANCE__@@XZ 000000014000f8ac     MSVCRTD:_pdblkup_.obj
 0004:000008b8       $pdata$3$?GetPdbDllFromInstallPath@@YAPEAUHINSTANCE__@@XZ 000000014000f8b8     MSVCRTD:_pdblkup_.obj
 0004:000008c4       $pdata$4$?GetPdbDllFromInstallPath@@YAPEAUHINSTANCE__@@XZ 000000014000f8c4     MSVCRTD:_pdblkup_.obj
 0004:000008d0       $pdata$5$?GetPdbDllFromInstallPath@@YAPEAUHINSTANCE__@@XZ 000000014000f8d0     MSVCRTD:_pdblkup_.obj
 0004:000008dc       $pdata$?GetPdbDllPathFromFilePath@@YAHPEB_WPEA_W_K@Z 000000014000f8dc     MSVCRTD:_pdblkup_.obj
 0004:000008e8       $pdata$?_RTC_GetSrcLine@@YAHPEAEPEA_WKPEAH1K@Z 000000014000f8e8     MSVCRTD:_pdblkup_.obj
 0004:000008f4       $pdata$2$?_RTC_GetSrcLine@@YAHPEAEPEA_WKPEAH1K@Z 000000014000f8f4     MSVCRTD:_pdblkup_.obj
 0004:00000900       $pdata$3$?_RTC_GetSrcLine@@YAHPEAEPEA_WKPEAH1K@Z 000000014000f900     MSVCRTD:_pdblkup_.obj
 0004:0000090c       $pdata$4$?_RTC_GetSrcLine@@YAHPEAEPEA_WKPEAH1K@Z 000000014000f90c     MSVCRTD:_pdblkup_.obj
 0004:00000918       $pdata$5$?_RTC_GetSrcLine@@YAHPEAEPEA_WKPEAH1K@Z 000000014000f918     MSVCRTD:_pdblkup_.obj
 0004:00000924       $pdata$ReadNoFence64       000000014000f924     MSVCRTD:guard_support.obj
 0004:00000930       $pdata$ReadPointerNoFence  000000014000f930     MSVCRTD:guard_support.obj
 0004:0000093c       $pdata$_guard_icall_checks_enforced 000000014000f93c     MSVCRTD:guard_support.obj
 0004:00000948       $pdata$_guard_rf_checks_enforced 000000014000f948     MSVCRTD:guard_support.obj
 0004:00000954       $pdata$??_Gtype_info@@UEAAPEAXI@Z 000000014000f954     MSVCRTD:std_type_info_static.obj
 0004:0000099c       $pdata$main$dtor$0         000000014000f99c     testSquare.obj
 0004:000009a8       $pdata$main$dtor$1         000000014000f9a8     testSquare.obj
 0004:000009b4       $pdata$?dtor$0@?0???$?0AEBV?$allocator@PEAU_cl_platform_id@@@std@@X@?$_Vector_alloc@U?$_Vec_base_types@PEAU_cl_platform_id@@V?$allocator@PEAU_cl_platform_id@@@std@@@std@@@std@@QEAA@AEBV?$allocator@PEAU_cl_platform_id@@@1@@Z@4HA 000000014000f9b4     noiseless_sdk:compute_api.obj
 0004:000009c0       $pdata$?dtor$0@?0???0?$vector@PEAU_cl_platform_id@@V?$allocator@PEAU_cl_platform_id@@@std@@@std@@QEAA@_KAEBV?$allocator@PEAU_cl_platform_id@@@1@@Z@4HA 000000014000f9c0     noiseless_sdk:compute_api.obj
 0004:000009cc       $pdata$?dtor$0@?0??create_compute_context@noiseless@@YA_KXZ@4HA 000000014000f9cc     noiseless_sdk:compute_api.obj
 0004:000009d8       $pdata$?dtor$0@?0???$?6U?$char_traits@D@std@@@std@@YAAEAV?$basic_ostream@DU?$char_traits@D@std@@@0@AEAV10@PEBD@Z@4HA 000000014000f9d8     bento_sdk:system_logger.obj
 0004:000009e4       $pdata$?dtor$0@?0???0sentry@?$basic_ostream@DU?$char_traits@D@std@@@std@@QEAA@AEAV12@@Z@4HA 000000014000f9e4     bento_sdk:system_logger.obj
 0004:000009f0       $pdata$?filt$0@?0??__scrt_common_main_seh@@YAHXZ@4HA 000000014000f9f0     MSVCRTD:exe_main.obj
 0004:000009fc       $pdata$__scrt_is_nonwritable_in_current_image$filt$0 000000014000f9fc     MSVCRTD:utility.obj
 0004:00000a08       $pdata$?filt$0@?0??notify_debugger@@YAXAEBUtagEXCEPTION_VISUALCPP_DEBUG_INFO@@@Z@4HA 000000014000fa08     MSVCRTD:_error_.obj
 0004:00000a14       $pdata$??__F__common_allocator@bento@@YAXXZ 000000014000fa14     bento_sdk:common.obj
 0004:00000a20       $pdata$??__F__default_system_logger@bento@@YAXXZ 000000014000fa20     bento_sdk:log.obj
 0005:00000060       $R000000                   0000000140010060     * linker generated manifest res *
